WARNING: A terminally deprecated method in sun.misc.Unsafe has been called
WARNING: sun.misc.Unsafe::objectFieldOffset has been called by com.google.common.util.concurrent.AbstractFuture$UnsafeAtomicHelper (file:/usr/share/maven/lib/guava.jar)
WARNING: Please consider reporting this to the maintainers of class com.google.common.util.concurrent.AbstractFuture$UnsafeAtomicHelper
WARNING: sun.misc.Unsafe::objectFieldOffset will be removed in a future release
[[1;34mINFO[m] Scanning for projects...
Downloading from central: https://repo.maven.apache.org/maven2/org/springframework/boot/spring-boot-starter-parent/3.5.15/spring-boot-starter-parent-3.5.15.pom
Progress (1): 4.1 kBProgress (1): 8.2 kBProgress (1): 12 kB Progress (1): 13 kB                   Downloaded from central: https://repo.maven.apache.org/maven2/org/springframework/boot/spring-boot-starter-parent/3.5.15/spring-boot-starter-parent-3.5.15.pom (13 kB at 27 kB/s)
Downloading from central: https://repo.maven.apache.org/maven2/org/springframework/boot/spring-boot-dependencies/3.5.15/spring-boot-dependencies-3.5.15.pom
Progress (1): 4.1 kBProgress (1): 8.2 kBProgress (1): 12 kB Progress (1): 16 kBProgress (1): 20 kBProgress (1): 25 kBProgress (1): 29 kBProgress (1): 33 kBProgress (1): 37 kBProgress (1): 41 kBProgress (1): 45 kBProgress (1): 49 kBProgress (1): 53 kBProgress (1): 57 kBProgress (1): 61 kBProgress (1): 66 kBProgress (1): 70 kBProgress (1): 74 kBProgress (1): 78 kBProgress (1): 82 kBProgress (1): 86 kBProgress (1): 90 kBProgress (1): 94 kBProgress (1): 97 kB                   Downloaded from central: https://repo.maven.apache.org/maven2/org/springframework/boot/spring-boot-dependencies/3.5.15/spring-boot-dependencies-3.5.15.pom (97 kB at 927 kB/s)
Downloading from central: https://repo.maven.apache.org/maven2/org/apache/activemq/activemq-bom/6.1.8/activemq-bom-6.1.8.pom
Progress (1): 4.1 kBProgress (1): 7.9 kB                    Downloaded from central: https://repo.maven.apache.org/maven2/org/apache/activemq/activemq-bom/6.1.8/activemq-bom-6.1.8.pom (7.9 kB at 81 kB/s)
Downloading from central: https://repo.maven.apache.org/maven2/org/apache/activemq/artemis-bom/2.40.0/artemis-bom-2.40.0.pom
Progress (1): 4.1 kBProgress (1): 8.2 kBProgress (1): 9.6 kB                    Downloaded from central: https://repo.maven.apache.org/maven2/org/apache/activemq/artemis-bom/2.40.0/artemis-bom-2.40.0.pom (9.6 kB at 73 kB/s)
Downloading from central: https://repo.maven.apache.org/maven2/org/apache/activemq/artemis-project/2.40.0/artemis-project-2.40.0.pom
Progress (1): 4.1 kBProgress (1): 8.2 kBProgress (1): 12 kB Progress (1): 16 kBProgress (1): 20 kBProgress (1): 25 kBProgress (1): 29 kBProgress (1): 33 kBProgress (1): 37 kBProgress (1): 41 kBProgress (1): 45 kBProgress (1): 49 kBProgress (1): 53 kBProgress (1): 56 kB                   Downloaded from central: https://repo.maven.apache.org/maven2/org/apache/activemq/artemis-project/2.40.0/artemis-project-2.40.0.pom (56 kB at 553 kB/s)
Downloading from central: https://repo.maven.apache.org/maven2/org/apache/apache/33/apache-33.pom
Progress (1): 4.1 kBProgress (1): 8.2 kBProgress (1): 12 kB Progress (1): 16 kBProgress (1): 20 kBProgress (1): 24 kB                   Downloaded from central: https://repo.maven.apache.org/maven2/org/apache/apache/33/apache-33.pom (24 kB at 252 kB/s)
Downloading from central: https://repo.maven.apache.org/maven2/org/assertj/assertj-bom/3.27.7/assertj-bom-3.27.7.pom
Progress (1): 3.3 kB                    Downloaded from central: https://repo.maven.apache.org/maven2/org/assertj/assertj-bom/3.27.7/assertj-bom-3.27.7.pom (3.3 kB at 35 kB/s)
Downloading from central: https://repo.maven.apache.org/maven2/io/zipkin/reporter2/zipkin-reporter-bom/3.5.3/zipkin-reporter-bom-3.5.3.pom
Progress (1): 4.1 kBProgress (1): 6.1 kB                    Downloaded from central: https://repo.maven.apache.org/maven2/io/zipkin/reporter2/zipkin-reporter-bom/3.5.3/zipkin-reporter-bom-3.5.3.pom (6.1 kB at 62 kB/s)
Downloading from central: https://repo.maven.apache.org/maven2/io/zipkin/brave/brave-bom/6.1.0/brave-bom-6.1.0.pom
Progress (1): 4.1 kBProgress (1): 8.2 kBProgress (1): 11 kB                    Downloaded from central: https://repo.maven.apache.org/maven2/io/zipkin/brave/brave-bom/6.1.0/brave-bom-6.1.0.pom (11 kB at 80 kB/s)
Downloading from central: https://repo.maven.apache.org/maven2/org/apache/cassandra/java-driver-bom/4.19.3/java-driver-bom-4.19.3.pom
Progress (1): 4.1 kBProgress (1): 5.5 kB                    Downloaded from central: https://repo.maven.apache.org/maven2/org/apache/cassandra/java-driver-bom/4.19.3/java-driver-bom-4.19.3.pom (5.5 kB at 44 kB/s)
Downloading from central: https://repo.maven.apache.org/maven2/org/glassfish/jaxb/jaxb-bom/4.0.9/jaxb-bom-4.0.9.pom
Progress (1): 4.1 kBProgress (1): 8.2 kBProgress (1): 12 kB Progress (1): 13 kB                   Downloaded from central: https://repo.maven.apache.org/maven2/org/glassfish/jaxb/jaxb-bom/4.0.9/jaxb-bom-4.0.9.pom (13 kB at 139 kB/s)
Downloading from central: https://repo.maven.apache.org/maven2/org/eclipse/ee4j/project/2.0.4/project-2.0.4.pom
Progress (1): 4.1 kBProgress (1): 8.2 kBProgress (1): 12 kB Progress (1): 16 kBProgress (1): 20 kBProgress (1): 25 kBProgress (1): 27 kB                   Downloaded from central: https://repo.maven.apache.org/maven2/org/eclipse/ee4j/project/2.0.4/project-2.0.4.pom (27 kB at 278 kB/s)
Downloading from central: https://repo.maven.apache.org/maven2/org/apache/groovy/groovy-bom/4.0.32/groovy-bom-4.0.32.pom
Progress (1): 4.1 kBProgress (1): 8.2 kBProgress (1): 12 kB Progress (1): 16 kBProgress (1): 20 kBProgress (1): 25 kBProgress (1): 27 kB                   Downloaded from central: https://repo.maven.apache.org/maven2/org/apache/groovy/groovy-bom/4.0.32/groovy-bom-4.0.32.pom (27 kB at 281 kB/s)
Downloading from central: https://repo.maven.apache.org/maven2/org/infinispan/infinispan-bom/15.2.6.Final/infinispan-bom-15.2.6.Final.pom
Progress (1): 4.1 kBProgress (1): 8.2 kBProgress (1): 12 kB Progress (1): 16 kBProgress (1): 17 kB                   Downloaded from central: https://repo.maven.apache.org/maven2/org/infinispan/infinispan-bom/15.2.6.Final/infinispan-bom-15.2.6.Final.pom (17 kB at 189 kB/s)
Downloading from central: https://repo.maven.apache.org/maven2/org/infinispan/infinispan-build-configuration-parent/15.2.6.Final/infinispan-build-configuration-parent-15.2.6.Final.pom
Progress (1): 4.1 kBProgress (1): 8.2 kBProgress (1): 12 kB Progress (1): 16 kBProgress (1): 17 kB                   Downloaded from central: https://repo.maven.apache.org/maven2/org/infinispan/infinispan-build-configuration-parent/15.2.6.Final/infinispan-build-configuration-parent-15.2.6.Final.pom (17 kB at 165 kB/s)
Downloading from central: https://repo.maven.apache.org/maven2/com/fasterxml/jackson/jackson-bom/2.21.4/jackson-bom-2.21.4.pom
Progress (1): 4.1 kBProgress (1): 8.2 kBProgress (1): 12 kB Progress (1): 16 kBProgress (1): 20 kB                   Downloaded from central: https://repo.maven.apache.org/maven2/com/fasterxml/jackson/jackson-bom/2.21.4/jackson-bom-2.21.4.pom (20 kB at 182 kB/s)
Downloading from central: https://repo.maven.apache.org/maven2/com/fasterxml/jackson/jackson-parent/2.21/jackson-parent-2.21.pom
Progress (1): 4.1 kBProgress (1): 6.9 kB                    Downloaded from central: https://repo.maven.apache.org/maven2/com/fasterxml/jackson/jackson-parent/2.21/jackson-parent-2.21.pom (6.9 kB at 72 kB/s)
Downloading from central: https://repo.maven.apache.org/maven2/com/fasterxml/oss-parent/75/oss-parent-75.pom
Progress (1): 4.1 kBProgress (1): 8.2 kBProgress (1): 12 kB Progress (1): 16 kBProgress (1): 20 kBProgress (1): 24 kB                   Downloaded from central: https://repo.maven.apache.org/maven2/com/fasterxml/oss-parent/75/oss-parent-75.pom (24 kB at 241 kB/s)
Downloading from central: https://repo.maven.apache.org/maven2/org/glassfish/jersey/jersey-bom/3.1.11/jersey-bom-3.1.11.pom
Progress (1): 4.1 kBProgress (1): 8.2 kBProgress (1): 12 kB Progress (1): 16 kBProgress (1): 20 kBProgress (1): 21 kB                   Downloaded from central: https://repo.maven.apache.org/maven2/org/glassfish/jersey/jersey-bom/3.1.11/jersey-bom-3.1.11.pom (21 kB at 208 kB/s)
Downloading from central: https://repo.maven.apache.org/maven2/org/eclipse/ee4j/project/1.0.9/project-1.0.9.pom
Progress (1): 4.1 kBProgress (1): 8.2 kBProgress (1): 12 kB Progress (1): 16 kB                   Downloaded from central: https://repo.maven.apache.org/maven2/org/eclipse/ee4j/project/1.0.9/project-1.0.9.pom (16 kB at 154 kB/s)
Downloading from central: https://repo.maven.apache.org/maven2/org/eclipse/jetty/ee10/jetty-ee10-bom/12.0.36/jetty-ee10-bom-12.0.36.pom
Progress (1): 4.1 kBProgress (1): 8.2 kBProgress (1): 9.6 kB                    Downloaded from central: https://repo.maven.apache.org/maven2/org/eclipse/jetty/ee10/jetty-ee10-bom/12.0.36/jetty-ee10-bom-12.0.36.pom (9.6 kB at 101 kB/s)
Downloading from central: https://repo.maven.apache.org/maven2/org/eclipse/jetty/jetty-bom/12.0.36/jetty-bom-12.0.36.pom
Progress (1): 4.1 kBProgress (1): 8.2 kBProgress (1): 12 kB Progress (1): 15 kB                   Downloaded from central: https://repo.maven.apache.org/maven2/org/eclipse/jetty/jetty-bom/12.0.36/jetty-bom-12.0.36.pom (15 kB at 157 kB/s)
Downloading from central: https://repo.maven.apache.org/maven2/org/junit/junit-bom/5.12.2/junit-bom-5.12.2.pom
Progress (1): 4.1 kBProgress (1): 5.6 kB                    Downloaded from central: https://repo.maven.apache.org/maven2/org/junit/junit-bom/5.12.2/junit-bom-5.12.2.pom (5.6 kB at 58 kB/s)
Downloading from central: https://repo.maven.apache.org/maven2/org/jetbrains/kotlin/kotlin-bom/1.9.25/kotlin-bom-1.9.25.pom
Progress (1): 4.1 kBProgress (1): 8.2 kBProgress (1): 9.1 kB                    Downloaded from central: https://repo.maven.apache.org/maven2/org/jetbrains/kotlin/kotlin-bom/1.9.25/kotlin-bom-1.9.25.pom (9.1 kB at 98 kB/s)
Downloading from central: https://repo.maven.apache.org/maven2/org/jetbrains/kotlinx/kotlinx-coroutines-bom/1.8.1/kotlinx-coroutines-bom-1.8.1.pom
Progress (1): 4.1 kBProgress (1): 4.3 kB                    Downloaded from central: https://repo.maven.apache.org/maven2/org/jetbrains/kotlinx/kotlinx-coroutines-bom/1.8.1/kotlinx-coroutines-bom-1.8.1.pom (4.3 kB at 46 kB/s)
Downloading from central: https://repo.maven.apache.org/maven2/org/jetbrains/kotlinx/kotlinx-serialization-bom/1.6.3/kotlinx-serialization-bom-1.6.3.pom
Progress (1): 3.7 kB                    Downloaded from central: https://repo.maven.apache.org/maven2/org/jetbrains/kotlinx/kotlinx-serialization-bom/1.6.3/kotlinx-serialization-bom-1.6.3.pom (3.7 kB at 41 kB/s)
Downloading from central: https://repo.maven.apache.org/maven2/org/apache/logging/log4j/log4j-bom/2.24.3/log4j-bom-2.24.3.pom
Progress (1): 4.1 kBProgress (1): 8.2 kBProgress (1): 12 kB                    Downloaded from central: https://repo.maven.apache.org/maven2/org/apache/logging/log4j/log4j-bom/2.24.3/log4j-bom-2.24.3.pom (12 kB at 129 kB/s)
Downloading from central: https://repo.maven.apache.org/maven2/org/apache/logging/logging-parent/11.3.0/logging-parent-11.3.0.pom
Progress (1): 4.1 kBProgress (1): 8.2 kBProgress (1): 12 kB Progress (1): 16 kBProgress (1): 20 kBProgress (1): 25 kBProgress (1): 29 kBProgress (1): 33 kBProgress (1): 37 kBProgress (1): 41 kBProgress (1): 45 kBProgress (1): 49 kBProgress (1): 53 kB                   Downloaded from central: https://repo.maven.apache.org/maven2/org/apache/logging/logging-parent/11.3.0/logging-parent-11.3.0.pom (53 kB at 502 kB/s)
Downloading from central: https://repo.maven.apache.org/maven2/io/micrometer/micrometer-bom/1.15.12/micrometer-bom-1.15.12.pom
Progress (1): 4.1 kBProgress (1): 8.2 kBProgress (1): 8.6 kB                    Downloaded from central: https://repo.maven.apache.org/maven2/io/micrometer/micrometer-bom/1.15.12/micrometer-bom-1.15.12.pom (8.6 kB at 92 kB/s)
Downloading from central: https://repo.maven.apache.org/maven2/org/mockito/mockito-bom/5.17.0/mockito-bom-5.17.0.pom
Progress (1): 3.0 kB                    Downloaded from central: https://repo.maven.apache.org/maven2/org/mockito/mockito-bom/5.17.0/mockito-bom-5.17.0.pom (3.0 kB at 31 kB/s)
Downloading from central: https://repo.maven.apache.org/maven2/org/mongodb/mongodb-driver-bom/5.5.2/mongodb-driver-bom-5.5.2.pom
Progress (1): 4.1 kBProgress (1): 4.2 kB                    Downloaded from central: https://repo.maven.apache.org/maven2/org/mongodb/mongodb-driver-bom/5.5.2/mongodb-driver-bom-5.5.2.pom (4.2 kB at 33 kB/s)
Downloading from central: https://repo.maven.apache.org/maven2/io/netty/netty-bom/4.1.135.Final/netty-bom-4.1.135.Final.pom
Progress (1): 4.1 kBProgress (1): 8.2 kBProgress (1): 12 kB Progress (1): 15 kB                   Downloaded from central: https://repo.maven.apache.org/maven2/io/netty/netty-bom/4.1.135.Final/netty-bom-4.1.135.Final.pom (15 kB at 145 kB/s)
Downloading from central: https://repo.maven.apache.org/maven2/org/sonatype/oss/oss-parent/7/oss-parent-7.pom
Progress (1): 4.1 kBProgress (1): 4.8 kB                    Downloaded from central: https://repo.maven.apache.org/maven2/org/sonatype/oss/oss-parent/7/oss-parent-7.pom (4.8 kB at 46 kB/s)
Downloading from central: https://repo.maven.apache.org/maven2/io/opentelemetry/opentelemetry-bom/1.49.0/opentelemetry-bom-1.49.0.pom
Progress (1): 4.1 kBProgress (1): 5.9 kB                    Downloaded from central: https://repo.maven.apache.org/maven2/io/opentelemetry/opentelemetry-bom/1.49.0/opentelemetry-bom-1.49.0.pom (5.9 kB at 61 kB/s)
Downloading from central: https://repo.maven.apache.org/maven2/io/prometheus/prometheus-metrics-bom/1.3.10/prometheus-metrics-bom-1.3.10.pom
Progress (1): 4.1 kBProgress (1): 5.8 kB                    Downloaded from central: https://repo.maven.apache.org/maven2/io/prometheus/prometheus-metrics-bom/1.3.10/prometheus-metrics-bom-1.3.10.pom (5.8 kB at 60 kB/s)
Downloading from central: https://repo.maven.apache.org/maven2/io/prometheus/client_java_parent/1.3.10/client_java_parent-1.3.10.pom
Progress (1): 4.1 kBProgress (1): 4.4 kB                    Downloaded from central: https://repo.maven.apache.org/maven2/io/prometheus/client_java_parent/1.3.10/client_java_parent-1.3.10.pom (4.4 kB at 48 kB/s)
Downloading from central: https://repo.maven.apache.org/maven2/io/prometheus/simpleclient_bom/0.16.0/simpleclient_bom-0.16.0.pom
Progress (1): 4.1 kBProgress (1): 6.0 kB                    Downloaded from central: https://repo.maven.apache.org/maven2/io/prometheus/simpleclient_bom/0.16.0/simpleclient_bom-0.16.0.pom (6.0 kB at 57 kB/s)
Downloading from central: https://repo.maven.apache.org/maven2/io/prometheus/parent/0.16.0/parent-0.16.0.pom
Progress (1): 4.1 kBProgress (1): 8.2 kBProgress (1): 12 kB Progress (1): 13 kB                   Downloaded from central: https://repo.maven.apache.org/maven2/io/prometheus/parent/0.16.0/parent-0.16.0.pom (13 kB at 125 kB/s)
Downloading from central: https://repo.maven.apache.org/maven2/org/apache/pulsar/pulsar-bom/4.0.11/pulsar-bom-4.0.11.pom
Progress (1): 4.1 kBProgress (1): 8.2 kBProgress (1): 12 kB Progress (1): 16 kBProgress (1): 20 kBProgress (1): 25 kBProgress (1): 25 kB                   Downloaded from central: https://repo.maven.apache.org/maven2/org/apache/pulsar/pulsar-bom/4.0.11/pulsar-bom-4.0.11.pom (25 kB at 174 kB/s)
Downloading from central: https://repo.maven.apache.org/maven2/org/apache/apache/35/apache-35.pom
Progress (1): 4.1 kBProgress (1): 8.2 kBProgress (1): 12 kB Progress (1): 16 kBProgress (1): 20 kBProgress (1): 24 kB                   Downloaded from central: https://repo.maven.apache.org/maven2/org/apache/apache/35/apache-35.pom (24 kB at 173 kB/s)
Downloading from central: https://repo.maven.apache.org/maven2/org/apache/pulsar/pulsar-client-reactive-bom/0.6.0/pulsar-client-reactive-bom-0.6.0.pom
Progress (1): 2.8 kB                    Downloaded from central: https://repo.maven.apache.org/maven2/org/apache/pulsar/pulsar-client-reactive-bom/0.6.0/pulsar-client-reactive-bom-0.6.0.pom (2.8 kB at 25 kB/s)
Downloading from central: https://repo.maven.apache.org/maven2/com/querydsl/querydsl-bom/5.1.0/querydsl-bom-5.1.0.pom
Progress (1): 4.1 kBProgress (1): 7.2 kB                    Downloaded from central: https://repo.maven.apache.org/maven2/com/querydsl/querydsl-bom/5.1.0/querydsl-bom-5.1.0.pom (7.2 kB at 76 kB/s)
Downloading from central: https://repo.maven.apache.org/maven2/io/projectreactor/reactor-bom/2024.0.18/reactor-bom-2024.0.18.pom
Progress (1): 4.1 kBProgress (1): 4.8 kB                    Downloaded from central: https://repo.maven.apache.org/maven2/io/projectreactor/reactor-bom/2024.0.18/reactor-bom-2024.0.18.pom (4.8 kB at 49 kB/s)
Downloading from central: https://repo.maven.apache.org/maven2/io/rest-assured/rest-assured-bom/5.5.7/rest-assured-bom-5.5.7.pom
Progress (1): 4.1 kBProgress (1): 4.7 kB                    Downloaded from central: https://repo.maven.apache.org/maven2/io/rest-assured/rest-assured-bom/5.5.7/rest-assured-bom-5.5.7.pom (4.7 kB at 36 kB/s)
Downloading from central: https://repo.maven.apache.org/maven2/io/rsocket/rsocket-bom/1.1.5/rsocket-bom-1.1.5.pom
Progress (1): 2.4 kB                    Downloaded from central: https://repo.maven.apache.org/maven2/io/rsocket/rsocket-bom/1.1.5/rsocket-bom-1.1.5.pom (2.4 kB at 14 kB/s)
Downloading from central: https://repo.maven.apache.org/maven2/org/seleniumhq/selenium/selenium-bom/4.31.0/selenium-bom-4.31.0.pom
Progress (1): 4.1 kBProgress (1): 5.8 kB                    Downloaded from central: https://repo.maven.apache.org/maven2/org/seleniumhq/selenium/selenium-bom/4.31.0/selenium-bom-4.31.0.pom (5.8 kB at 37 kB/s)
Downloading from central: https://repo.maven.apache.org/maven2/org/springframework/amqp/spring-amqp-bom/3.2.11/spring-amqp-bom-3.2.11.pom
Progress (1): 3.9 kB                    Downloaded from central: https://repo.maven.apache.org/maven2/org/springframework/amqp/spring-amqp-bom/3.2.11/spring-amqp-bom-3.2.11.pom (3.9 kB at 27 kB/s)
Downloading from central: https://repo.maven.apache.org/maven2/org/springframework/batch/spring-batch-bom/5.2.6/spring-batch-bom-5.2.6.pom
Progress (1): 3.2 kB                    Downloaded from central: https://repo.maven.apache.org/maven2/org/springframework/batch/spring-batch-bom/5.2.6/spring-batch-bom-5.2.6.pom (3.2 kB at 26 kB/s)
Downloading from central: https://repo.maven.apache.org/maven2/org/springframework/data/spring-data-bom/2025.0.12/spring-data-bom-2025.0.12.pom
Progress (1): 4.1 kBProgress (1): 5.5 kB                    Downloaded from central: https://repo.maven.apache.org/maven2/org/springframework/data/spring-data-bom/2025.0.12/spring-data-bom-2025.0.12.pom (5.5 kB at 61 kB/s)
Downloading from central: https://repo.maven.apache.org/maven2/org/springframework/spring-framework-bom/6.2.19/spring-framework-bom-6.2.19.pom
Progress (1): 4.1 kBProgress (1): 5.8 kB                    Downloaded from central: https://repo.maven.apache.org/maven2/org/springframework/spring-framework-bom/6.2.19/spring-framework-bom-6.2.19.pom (5.8 kB at 67 kB/s)
Downloading from central: https://repo.maven.apache.org/maven2/org/springframework/integration/spring-integration-bom/6.5.9/spring-integration-bom-6.5.9.pom
Progress (1): 4.1 kBProgress (1): 8.2 kBProgress (1): 10 kB                    Downloaded from central: https://repo.maven.apache.org/maven2/org/springframework/integration/spring-integration-bom/6.5.9/spring-integration-bom-6.5.9.pom (10 kB at 113 kB/s)
Downloading from central: https://repo.maven.apache.org/maven2/org/springframework/pulsar/spring-pulsar-bom/1.2.18/spring-pulsar-bom-1.2.18.pom
Progress (1): 2.9 kB                    Downloaded from central: https://repo.maven.apache.org/maven2/org/springframework/pulsar/spring-pulsar-bom/1.2.18/spring-pulsar-bom-1.2.18.pom (2.9 kB at 30 kB/s)
Downloading from central: https://repo.maven.apache.org/maven2/org/springframework/restdocs/spring-restdocs-bom/3.0.6/spring-restdocs-bom-3.0.6.pom
Progress (1): 2.6 kB                    Downloaded from central: https://repo.maven.apache.org/maven2/org/springframework/restdocs/spring-restdocs-bom/3.0.6/spring-restdocs-bom-3.0.6.pom (2.6 kB at 28 kB/s)
Downloading from central: https://repo.maven.apache.org/maven2/org/springframework/security/spring-security-bom/6.5.11/spring-security-bom-6.5.11.pom
Progress (1): 4.1 kBProgress (1): 5.3 kB                    Downloaded from central: https://repo.maven.apache.org/maven2/org/springframework/security/spring-security-bom/6.5.11/spring-security-bom-6.5.11.pom (5.3 kB at 47 kB/s)
Downloading from central: https://repo.maven.apache.org/maven2/org/springframework/session/spring-session-bom/3.5.7/spring-session-bom-3.5.7.pom
Progress (1): 2.9 kB                    Downloaded from central: https://repo.maven.apache.org/maven2/org/springframework/session/spring-session-bom/3.5.7/spring-session-bom-3.5.7.pom (2.9 kB at 25 kB/s)
Downloading from central: https://repo.maven.apache.org/maven2/org/springframework/ws/spring-ws-bom/4.1.4/spring-ws-bom-4.1.4.pom
Progress (1): 2.3 kB                    Downloaded from central: https://repo.maven.apache.org/maven2/org/springframework/ws/spring-ws-bom/4.1.4/spring-ws-bom-4.1.4.pom (2.3 kB at 21 kB/s)
Downloading from central: https://repo.maven.apache.org/maven2/org/testcontainers/testcontainers-bom/1.21.4/testcontainers-bom-1.21.4.pom
Progress (1): 4.1 kBProgress (1): 8.2 kBProgress (1): 12 kB                    Downloaded from central: https://repo.maven.apache.org/maven2/org/testcontainers/testcontainers-bom/1.21.4/testcontainers-bom-1.21.4.pom (12 kB at 127 kB/s)
[[1;34mINFO[m] 
[[1;34mINFO[m] [1m----------------------< [0;36mcom.exam:id-card-manager[0;1m >----------------------[m
[[1;34mINFO[m] [1mBuilding  0.0.1-SNAPSHOT[m
[[1;34mINFO[m] [1m--------------------------------[ jar ]---------------------------------[m
Downloading from central: https://repo.maven.apache.org/maven2/org/springframework/boot/spring-boot-maven-plugin/3.5.15/spring-boot-maven-plugin-3.5.15.pom
Progress (1): 4.0 kB                    Downloaded from central: https://repo.maven.apache.org/maven2/org/springframework/boot/spring-boot-maven-plugin/3.5.15/spring-boot-maven-plugin-3.5.15.pom (4.0 kB at 44 kB/s)
Downloading from central: https://repo.maven.apache.org/maven2/org/springframework/boot/spring-boot-maven-plugin/3.5.15/spring-boot-maven-plugin-3.5.15.jar
Progress (1): 4.1/138 kBProgress (1): 8.2/138 kBProgress (1): 12/138 kB Progress (1): 16/138 kBProgress (1): 20/138 kBProgress (1): 25/138 kBProgress (1): 29/138 kBProgress (1): 33/138 kBProgress (1): 37/138 kBProgress (1): 41/138 kBProgress (1): 45/138 kBProgress (1): 49/138 kBProgress (1): 53/138 kBProgress (1): 57/138 kBProgress (1): 61/138 kBProgress (1): 66/138 kBProgress (1): 70/138 kBProgress (1): 74/138 kBProgress (1): 78/138 kBProgress (1): 82/138 kBProgress (1): 86/138 kBProgress (1): 90/138 kBProgress (1): 94/138 kBProgress (1): 98/138 kBProgress (1): 102/138 kBProgress (1): 106/138 kBProgress (1): 111/138 kBProgress (1): 115/138 kBProgress (1): 119/138 kBProgress (1): 123/138 kBProgress (1): 127/138 kBProgress (1): 131/138 kBProgress (1): 135/138 kBProgress (1): 138 kB                        Downloaded from central: https://repo.maven.apache.org/maven2/org/springframework/boot/spring-boot-maven-plugin/3.5.15/spring-boot-maven-plugin-3.5.15.jar (138 kB at 632 kB/s)
Downloading from central: https://repo.maven.apache.org/maven2/org/apache/maven/plugins/maven-clean-plugin/3.4.1/maven-clean-plugin-3.4.1.pom
Progress (1): 4.1 kBProgress (1): 5.6 kB                    Downloaded from central: https://repo.maven.apache.org/maven2/org/apache/maven/plugins/maven-clean-plugin/3.4.1/maven-clean-plugin-3.4.1.pom (5.6 kB at 59 kB/s)
Downloading from central: https://repo.maven.apache.org/maven2/org/apache/maven/plugins/maven-plugins/43/maven-plugins-43.pom
Progress (1): 4.1 kBProgress (1): 7.5 kB                    Downloaded from central: https://repo.maven.apache.org/maven2/org/apache/maven/plugins/maven-plugins/43/maven-plugins-43.pom (7.5 kB at 73 kB/s)
Downloading from central: https://repo.maven.apache.org/maven2/org/apache/maven/maven-parent/43/maven-parent-43.pom
Progress (1): 4.1 kBProgress (1): 8.2 kBProgress (1): 12 kB Progress (1): 16 kBProgress (1): 20 kBProgress (1): 25 kBProgress (1): 29 kBProgress (1): 33 kBProgress (1): 37 kBProgress (1): 41 kBProgress (1): 45 kBProgress (1): 49 kBProgress (1): 50 kB                   Downloaded from central: https://repo.maven.apache.org/maven2/org/apache/maven/maven-parent/43/maven-parent-43.pom (50 kB at 379 kB/s)
Downloading from central: https://repo.maven.apache.org/maven2/org/junit/junit-bom/5.10.3/junit-bom-5.10.3.pom
Progress (1): 4.1 kBProgress (1): 5.6 kB                    Downloaded from central: https://repo.maven.apache.org/maven2/org/junit/junit-bom/5.10.3/junit-bom-5.10.3.pom (5.6 kB at 66 kB/s)
Downloading from central: https://repo.maven.apache.org/maven2/org/apache/maven/plugins/maven-clean-plugin/3.4.1/maven-clean-plugin-3.4.1.jar
Progress (1): 4.1/36 kBProgress (1): 7.7/36 kBProgress (1): 11/36 kB Progress (1): 15/36 kBProgress (1): 20/36 kBProgress (1): 24/36 kBProgress (1): 28/36 kBProgress (1): 32/36 kBProgress (1): 36/36 kBProgress (1): 36 kB                      Downloaded from central: https://repo.maven.apache.org/maven2/org/apache/maven/plugins/maven-clean-plugin/3.4.1/maven-clean-plugin-3.4.1.jar (36 kB at 311 kB/s)
Downloading from central: https://repo.maven.apache.org/maven2/org/apache/maven/plugins/maven-resources-plugin/3.3.1/maven-resources-plugin-3.3.1.pom
Progress (1): 4.1 kBProgress (1): 8.2 kB                    Downloaded from central: https://repo.maven.apache.org/maven2/org/apache/maven/plugins/maven-resources-plugin/3.3.1/maven-resources-plugin-3.3.1.pom (8.2 kB at 84 kB/s)
Downloading from central: https://repo.maven.apache.org/maven2/org/apache/maven/plugins/maven-plugins/39/maven-plugins-39.pom
Progress (1): 4.1 kBProgress (1): 8.1 kB                    Downloaded from central: https://repo.maven.apache.org/maven2/org/apache/maven/plugins/maven-plugins/39/maven-plugins-39.pom (8.1 kB at 65 kB/s)
Downloading from central: https://repo.maven.apache.org/maven2/org/apache/maven/maven-parent/39/maven-parent-39.pom
Progress (1): 4.1 kBProgress (1): 8.2 kBProgress (1): 12 kB Progress (1): 16 kBProgress (1): 20 kBProgress (1): 25 kBProgress (1): 29 kBProgress (1): 33 kBProgress (1): 37 kBProgress (1): 41 kBProgress (1): 45 kBProgress (1): 48 kB                   Downloaded from central: https://repo.maven.apache.org/maven2/org/apache/maven/maven-parent/39/maven-parent-39.pom (48 kB at 500 kB/s)
Downloading from central: https://repo.maven.apache.org/maven2/org/apache/apache/29/apache-29.pom
Progress (1): 4.1 kBProgress (1): 8.2 kBProgress (1): 12 kB Progress (1): 16 kBProgress (1): 20 kBProgress (1): 21 kB                   Downloaded from central: https://repo.maven.apache.org/maven2/org/apache/apache/29/apache-29.pom (21 kB at 216 kB/s)
Downloading from central: https://repo.maven.apache.org/maven2/org/apache/maven/plugins/maven-resources-plugin/3.3.1/maven-resources-plugin-3.3.1.jar
Progress (1): 4.1/31 kBProgress (1): 7.7/31 kBProgress (1): 11/31 kB Progress (1): 15/31 kBProgress (1): 20/31 kBProgress (1): 24/31 kBProgress (1): 28/31 kBProgress (1): 31 kB                      Downloaded from central: https://repo.maven.apache.org/maven2/org/apache/maven/plugins/maven-resources-plugin/3.3.1/maven-resources-plugin-3.3.1.jar (31 kB at 269 kB/s)
Downloading from central: https://repo.maven.apache.org/maven2/org/apache/maven/plugins/maven-compiler-plugin/3.14.1/maven-compiler-plugin-3.14.1.pom
Progress (1): 4.1 kBProgress (1): 8.2 kBProgress (1): 9.9 kB                    Downloaded from central: https://repo.maven.apache.org/maven2/org/apache/maven/plugins/maven-compiler-plugin/3.14.1/maven-compiler-plugin-3.14.1.pom (9.9 kB at 94 kB/s)
Downloading from central: https://repo.maven.apache.org/maven2/org/apache/maven/plugins/maven-plugins/45/maven-plugins-45.pom
Progress (1): 4.1 kBProgress (1): 8.2 kBProgress (1): 8.4 kB                    Downloaded from central: https://repo.maven.apache.org/maven2/org/apache/maven/plugins/maven-plugins/45/maven-plugins-45.pom (8.4 kB at 84 kB/s)
Downloading from central: https://repo.maven.apache.org/maven2/org/apache/maven/maven-parent/45/maven-parent-45.pom
Progress (1): 4.1 kBProgress (1): 8.2 kBProgress (1): 12 kB Progress (1): 16 kBProgress (1): 20 kBProgress (1): 25 kBProgress (1): 29 kBProgress (1): 33 kBProgress (1): 37 kBProgress (1): 41 kBProgress (1): 45 kBProgress (1): 49 kBProgress (1): 53 kB                   Downloaded from central: https://repo.maven.apache.org/maven2/org/apache/maven/maven-parent/45/maven-parent-45.pom (53 kB at 523 kB/s)
Downloading from central: https://repo.maven.apache.org/maven2/org/junit/junit-bom/5.13.1/junit-bom-5.13.1.pom
Progress (1): 4.1 kBProgress (1): 5.6 kB                    Downloaded from central: https://repo.maven.apache.org/maven2/org/junit/junit-bom/5.13.1/junit-bom-5.13.1.pom (5.6 kB at 65 kB/s)
Downloading from central: https://repo.maven.apache.org/maven2/org/apache/maven/plugins/maven-compiler-plugin/3.14.1/maven-compiler-plugin-3.14.1.jar
Progress (1): 3.2/84 kBProgress (1): 7.3/84 kBProgress (1): 11/84 kB Progress (1): 15/84 kBProgress (1): 20/84 kBProgress (1): 24/84 kBProgress (1): 28/84 kBProgress (1): 32/84 kBProgress (1): 36/84 kBProgress (1): 40/84 kBProgress (1): 44/84 kBProgress (1): 48/84 kBProgress (1): 52/84 kBProgress (1): 56/84 kBProgress (1): 61/84 kBProgress (1): 65/84 kBProgress (1): 69/84 kBProgress (1): 73/84 kBProgress (1): 77/84 kBProgress (1): 81/84 kBProgress (1): 84 kB                      Downloaded from central: https://repo.maven.apache.org/maven2/org/apache/maven/plugins/maven-compiler-plugin/3.14.1/maven-compiler-plugin-3.14.1.jar (84 kB at 532 kB/s)
Downloading from central: https://repo.maven.apache.org/maven2/org/apache/maven/plugins/maven-surefire-plugin/3.5.6/maven-surefire-plugin-3.5.6.pom
Progress (1): 4.1 kBProgress (1): 4.9 kB                    Downloaded from central: https://repo.maven.apache.org/maven2/org/apache/maven/plugins/maven-surefire-plugin/3.5.6/maven-surefire-plugin-3.5.6.pom (4.9 kB at 52 kB/s)
Downloading from central: https://repo.maven.apache.org/maven2/org/apache/maven/surefire/surefire/3.5.6/surefire-3.5.6.pom
Progress (1): 4.1 kBProgress (1): 8.2 kBProgress (1): 12 kB Progress (1): 16 kBProgress (1): 19 kB                   Downloaded from central: https://repo.maven.apache.org/maven2/org/apache/maven/surefire/surefire/3.5.6/surefire-3.5.6.pom (19 kB at 196 kB/s)
Downloading from central: https://repo.maven.apache.org/maven2/org/apache/maven/maven-parent/47/maven-parent-47.pom
Progress (1): 4.1 kBProgress (1): 8.2 kBProgress (1): 12 kB Progress (1): 16 kBProgress (1): 20 kBProgress (1): 25 kBProgress (1): 29 kBProgress (1): 33 kBProgress (1): 37 kBProgress (1): 41 kBProgress (1): 45 kBProgress (1): 49 kBProgress (1): 53 kBProgress (1): 54 kB                   Downloaded from central: https://repo.maven.apache.org/maven2/org/apache/maven/maven-parent/47/maven-parent-47.pom (54 kB at 487 kB/s)
Downloading from central: https://repo.maven.apache.org/maven2/org/apache/apache/37/apache-37.pom
Progress (1): 4.1 kBProgress (1): 8.2 kBProgress (1): 12 kB Progress (1): 16 kBProgress (1): 20 kBProgress (1): 25 kBProgress (1): 26 kB                   Downloaded from central: https://repo.maven.apache.org/maven2/org/apache/apache/37/apache-37.pom (26 kB at 178 kB/s)
Downloading from central: https://repo.maven.apache.org/maven2/org/apache/maven/plugins/maven-surefire-plugin/3.5.6/maven-surefire-plugin-3.5.6.jar
Progress (1): 4.1/47 kBProgress (1): 7.7/47 kBProgress (1): 12/47 kB Progress (1): 15/47 kBProgress (1): 20/47 kBProgress (1): 24/47 kBProgress (1): 28/47 kBProgress (1): 32/47 kBProgress (1): 36/47 kBProgress (1): 40/47 kBProgress (1): 44/47 kBProgress (1): 47 kB                      Downloaded from central: https://repo.maven.apache.org/maven2/org/apache/maven/plugins/maven-surefire-plugin/3.5.6/maven-surefire-plugin-3.5.6.jar (47 kB at 167 kB/s)
Downloading from central: https://repo.maven.apache.org/maven2/org/apache/maven/plugins/maven-jar-plugin/3.4.2/maven-jar-plugin-3.4.2.pom
Progress (1): 4.1 kBProgress (1): 7.7 kB                    Downloaded from central: https://repo.maven.apache.org/maven2/org/apache/maven/plugins/maven-jar-plugin/3.4.2/maven-jar-plugin-3.4.2.pom (7.7 kB at 87 kB/s)
Downloading from central: https://repo.maven.apache.org/maven2/org/apache/maven/plugins/maven-plugins/42/maven-plugins-42.pom
Progress (1): 4.1 kBProgress (1): 7.7 kB                    Downloaded from central: https://repo.maven.apache.org/maven2/org/apache/maven/plugins/maven-plugins/42/maven-plugins-42.pom (7.7 kB at 78 kB/s)
Downloading from central: https://repo.maven.apache.org/maven2/org/apache/maven/maven-parent/42/maven-parent-42.pom
Progress (1): 4.1 kBProgress (1): 8.2 kBProgress (1): 12 kB Progress (1): 16 kBProgress (1): 20 kBProgress (1): 25 kBProgress (1): 29 kBProgress (1): 33 kBProgress (1): 37 kBProgress (1): 41 kBProgress (1): 45 kBProgress (1): 49 kBProgress (1): 50 kB                   Downloaded from central: https://repo.maven.apache.org/maven2/org/apache/maven/maven-parent/42/maven-parent-42.pom (50 kB at 504 kB/s)
Downloading from central: https://repo.maven.apache.org/maven2/org/apache/apache/32/apache-32.pom
Progress (1): 4.1 kBProgress (1): 8.2 kBProgress (1): 12 kB Progress (1): 16 kBProgress (1): 20 kBProgress (1): 24 kB                   Downloaded from central: https://repo.maven.apache.org/maven2/org/apache/apache/32/apache-32.pom (24 kB at 255 kB/s)
Downloading from central: https://repo.maven.apache.org/maven2/org/junit/junit-bom/5.10.2/junit-bom-5.10.2.pom
Progress (1): 4.1 kBProgress (1): 5.6 kB                    Downloaded from central: https://repo.maven.apache.org/maven2/org/junit/junit-bom/5.10.2/junit-bom-5.10.2.pom (5.6 kB at 61 kB/s)
Downloading from central: https://repo.maven.apache.org/maven2/org/apache/maven/plugins/maven-jar-plugin/3.4.2/maven-jar-plugin-3.4.2.jar
Progress (1): 4.1/34 kBProgress (1): 7.7/34 kBProgress (1): 12/34 kB Progress (1): 16/34 kBProgress (1): 20/34 kBProgress (1): 24/34 kBProgress (1): 28/34 kBProgress (1): 32/34 kBProgress (1): 34 kB                      Downloaded from central: https://repo.maven.apache.org/maven2/org/apache/maven/plugins/maven-jar-plugin/3.4.2/maven-jar-plugin-3.4.2.jar (34 kB at 281 kB/s)
Downloading from central: https://repo.maven.apache.org/maven2/org/springframework/boot/spring-boot-starter-data-jpa/3.5.15/spring-boot-starter-data-jpa-3.5.15.pom
Progress (1): 2.9 kB                    Downloaded from central: https://repo.maven.apache.org/maven2/org/springframework/boot/spring-boot-starter-data-jpa/3.5.15/spring-boot-starter-data-jpa-3.5.15.pom (2.9 kB at 32 kB/s)
Downloading from central: https://repo.maven.apache.org/maven2/org/springframework/boot/spring-boot-starter/3.5.15/spring-boot-starter-3.5.15.pom
Progress (1): 3.0 kB                    Downloaded from central: https://repo.maven.apache.org/maven2/org/springframework/boot/spring-boot-starter/3.5.15/spring-boot-starter-3.5.15.pom (3.0 kB at 36 kB/s)
Downloading from central: https://repo.maven.apache.org/maven2/org/springframework/boot/spring-boot/3.5.15/spring-boot-3.5.15.pom
Progress (1): 2.2 kB                    Downloaded from central: https://repo.maven.apache.org/maven2/org/springframework/boot/spring-boot/3.5.15/spring-boot-3.5.15.pom (2.2 kB at 25 kB/s)
Downloading from central: https://repo.maven.apache.org/maven2/org/springframework/spring-core/6.2.19/spring-core-6.2.19.pom
Progress (1): 2.0 kB                    Downloaded from central: https://repo.maven.apache.org/maven2/org/springframework/spring-core/6.2.19/spring-core-6.2.19.pom (2.0 kB at 21 kB/s)
Downloading from central: https://repo.maven.apache.org/maven2/org/springframework/spring-jcl/6.2.19/spring-jcl-6.2.19.pom
Progress (1): 1.8 kB                    Downloaded from central: https://repo.maven.apache.org/maven2/org/springframework/spring-jcl/6.2.19/spring-jcl-6.2.19.pom (1.8 kB at 20 kB/s)
Downloading from central: https://repo.maven.apache.org/maven2/org/springframework/spring-context/6.2.19/spring-context-6.2.19.pom
Progress (1): 2.8 kB                    Downloaded from central: https://repo.maven.apache.org/maven2/org/springframework/spring-context/6.2.19/spring-context-6.2.19.pom (2.8 kB at 30 kB/s)
Downloading from central: https://repo.maven.apache.org/maven2/org/springframework/spring-aop/6.2.19/spring-aop-6.2.19.pom
Progress (1): 2.2 kB                    Downloaded from central: https://repo.maven.apache.org/maven2/org/springframework/spring-aop/6.2.19/spring-aop-6.2.19.pom (2.2 kB at 24 kB/s)
Downloading from central: https://repo.maven.apache.org/maven2/org/springframework/spring-beans/6.2.19/spring-beans-6.2.19.pom
Progress (1): 2.0 kB                    Downloaded from central: https://repo.maven.apache.org/maven2/org/springframework/spring-beans/6.2.19/spring-beans-6.2.19.pom (2.0 kB at 22 kB/s)
Downloading from central: https://repo.maven.apache.org/maven2/org/springframework/spring-expression/6.2.19/spring-expression-6.2.19.pom
Progress (1): 2.1 kB                    Downloaded from central: https://repo.maven.apache.org/maven2/org/springframework/spring-expression/6.2.19/spring-expression-6.2.19.pom (2.1 kB at 23 kB/s)
Downloading from central: https://repo.maven.apache.org/maven2/io/micrometer/micrometer-observation/1.15.12/micrometer-observation-1.15.12.pom
Progress (1): 3.8 kB                    Downloaded from central: https://repo.maven.apache.org/maven2/io/micrometer/micrometer-observation/1.15.12/micrometer-observation-1.15.12.pom (3.8 kB at 44 kB/s)
Downloading from central: https://repo.maven.apache.org/maven2/io/micrometer/micrometer-commons/1.15.12/micrometer-commons-1.15.12.pom
Progress (1): 3.4 kB                    Downloaded from central: https://repo.maven.apache.org/maven2/io/micrometer/micrometer-commons/1.15.12/micrometer-commons-1.15.12.pom (3.4 kB at 37 kB/s)
Downloading from central: https://repo.maven.apache.org/maven2/org/springframework/boot/spring-boot-autoconfigure/3.5.15/spring-boot-autoconfigure-3.5.15.pom
Progress (1): 2.1 kB                    Downloaded from central: https://repo.maven.apache.org/maven2/org/springframework/boot/spring-boot-autoconfigure/3.5.15/spring-boot-autoconfigure-3.5.15.pom (2.1 kB at 24 kB/s)
Downloading from central: https://repo.maven.apache.org/maven2/org/springframework/boot/spring-boot-starter-logging/3.5.15/spring-boot-starter-logging-3.5.15.pom
Progress (1): 2.5 kB                    Downloaded from central: https://repo.maven.apache.org/maven2/org/springframework/boot/spring-boot-starter-logging/3.5.15/spring-boot-starter-logging-3.5.15.pom (2.5 kB at 25 kB/s)
Downloading from central: https://repo.maven.apache.org/maven2/ch/qos/logback/logback-classic/1.5.34/logback-classic-1.5.34.pom
Progress (1): 4.1 kBProgress (1): 8.2 kBProgress (1): 12 kB Progress (1): 16 kB                   Downloaded from central: https://repo.maven.apache.org/maven2/ch/qos/logback/logback-classic/1.5.34/logback-classic-1.5.34.pom (16 kB at 135 kB/s)
Downloading from central: https://repo.maven.apache.org/maven2/ch/qos/logback/logback-parent/1.5.34/logback-parent-1.5.34.pom
Progress (1): 4.1 kBProgress (1): 8.2 kBProgress (1): 12 kB Progress (1): 16 kBProgress (1): 20 kB                   Downloaded from central: https://repo.maven.apache.org/maven2/ch/qos/logback/logback-parent/1.5.34/logback-parent-1.5.34.pom (20 kB at 202 kB/s)
Downloading from central: https://repo.maven.apache.org/maven2/ch/qos/logback/logback-core/1.5.34/logback-core-1.5.34.pom
Progress (1): 4.1 kBProgress (1): 8.2 kBProgress (1): 9.4 kB                    Downloaded from central: https://repo.maven.apache.org/maven2/ch/qos/logback/logback-core/1.5.34/logback-core-1.5.34.pom (9.4 kB at 102 kB/s)
Downloading from central: https://repo.maven.apache.org/maven2/org/slf4j/slf4j-api/2.0.18/slf4j-api-2.0.18.pom
Progress (1): 2.8 kB                    Downloaded from central: https://repo.maven.apache.org/maven2/org/slf4j/slf4j-api/2.0.18/slf4j-api-2.0.18.pom (2.8 kB at 33 kB/s)
Downloading from central: https://repo.maven.apache.org/maven2/org/slf4j/slf4j-parent/2.0.18/slf4j-parent-2.0.18.pom
Progress (1): 4.1 kBProgress (1): 8.2 kBProgress (1): 12 kB Progress (1): 13 kB                   Downloaded from central: https://repo.maven.apache.org/maven2/org/slf4j/slf4j-parent/2.0.18/slf4j-parent-2.0.18.pom (13 kB at 144 kB/s)
Downloading from central: https://repo.maven.apache.org/maven2/org/slf4j/slf4j-bom/2.0.18/slf4j-bom-2.0.18.pom
Progress (1): 4.1 kBProgress (1): 7.9 kB                    Downloaded from central: https://repo.maven.apache.org/maven2/org/slf4j/slf4j-bom/2.0.18/slf4j-bom-2.0.18.pom (7.9 kB at 88 kB/s)
Downloading from central: https://repo.maven.apache.org/maven2/org/apache/logging/log4j/log4j-to-slf4j/2.24.3/log4j-to-slf4j-2.24.3.pom
Progress (1): 4.1 kBProgress (1): 5.0 kB                    Downloaded from central: https://repo.maven.apache.org/maven2/org/apache/logging/log4j/log4j-to-slf4j/2.24.3/log4j-to-slf4j-2.24.3.pom (5.0 kB at 59 kB/s)
Downloading from central: https://repo.maven.apache.org/maven2/org/apache/logging/log4j/log4j/2.24.3/log4j-2.24.3.pom
Progress (1): 4.1 kBProgress (1): 8.2 kBProgress (1): 12 kB Progress (1): 16 kBProgress (1): 20 kBProgress (1): 25 kBProgress (1): 29 kBProgress (1): 33 kBProgress (1): 35 kB                   Downloaded from central: https://repo.maven.apache.org/maven2/org/apache/logging/log4j/log4j/2.24.3/log4j-2.24.3.pom (35 kB at 358 kB/s)
Downloading from central: https://repo.maven.apache.org/maven2/org/apache/groovy/groovy-bom/4.0.22/groovy-bom-4.0.22.pom
Progress (1): 4.1 kBProgress (1): 8.2 kBProgress (1): 12 kB Progress (1): 16 kBProgress (1): 20 kBProgress (1): 25 kBProgress (1): 27 kB                   Downloaded from central: https://repo.maven.apache.org/maven2/org/apache/groovy/groovy-bom/4.0.22/groovy-bom-4.0.22.pom (27 kB at 262 kB/s)
Downloading from central: https://repo.maven.apache.org/maven2/com/fasterxml/jackson/jackson-bom/2.17.2/jackson-bom-2.17.2.pom
Progress (1): 4.1 kBProgress (1): 8.2 kBProgress (1): 12 kB Progress (1): 16 kBProgress (1): 19 kB                   Downloaded from central: https://repo.maven.apache.org/maven2/com/fasterxml/jackson/jackson-bom/2.17.2/jackson-bom-2.17.2.pom (19 kB at 201 kB/s)
Downloading from central: https://repo.maven.apache.org/maven2/com/fasterxml/jackson/jackson-parent/2.17/jackson-parent-2.17.pom
Progress (1): 4.1 kBProgress (1): 6.5 kB                    Downloaded from central: https://repo.maven.apache.org/maven2/com/fasterxml/jackson/jackson-parent/2.17/jackson-parent-2.17.pom (6.5 kB at 75 kB/s)
Downloading from central: https://repo.maven.apache.org/maven2/com/fasterxml/oss-parent/58/oss-parent-58.pom
Progress (1): 4.1 kBProgress (1): 8.2 kBProgress (1): 12 kB Progress (1): 16 kBProgress (1): 20 kBProgress (1): 24 kB                   Downloaded from central: https://repo.maven.apache.org/maven2/com/fasterxml/oss-parent/58/oss-parent-58.pom (24 kB at 194 kB/s)
Downloading from central: https://repo.maven.apache.org/maven2/jakarta/platform/jakarta.jakartaee-bom/9.1.0/jakarta.jakartaee-bom-9.1.0.pom
Progress (1): 4.1 kBProgress (1): 8.2 kBProgress (1): 9.6 kB                    Downloaded from central: https://repo.maven.apache.org/maven2/jakarta/platform/jakarta.jakartaee-bom/9.1.0/jakarta.jakartaee-bom-9.1.0.pom (9.6 kB at 105 kB/s)
Downloading from central: https://repo.maven.apache.org/maven2/jakarta/platform/jakartaee-api-parent/9.1.0/jakartaee-api-parent-9.1.0.pom
Progress (1): 4.1 kBProgress (1): 8.2 kBProgress (1): 12 kB Progress (1): 15 kB                   Downloaded from central: https://repo.maven.apache.org/maven2/jakarta/platform/jakartaee-api-parent/9.1.0/jakartaee-api-parent-9.1.0.pom (15 kB at 161 kB/s)
Downloading from central: https://repo.maven.apache.org/maven2/org/eclipse/ee4j/project/1.0.7/project-1.0.7.pom
Progress (1): 4.1 kBProgress (1): 8.2 kBProgress (1): 12 kB Progress (1): 14 kB                   Downloaded from central: https://repo.maven.apache.org/maven2/org/eclipse/ee4j/project/1.0.7/project-1.0.7.pom (14 kB at 161 kB/s)
Downloading from central: https://repo.maven.apache.org/maven2/org/mockito/mockito-bom/4.11.0/mockito-bom-4.11.0.pom
Progress (1): 3.2 kB                    Downloaded from central: https://repo.maven.apache.org/maven2/org/mockito/mockito-bom/4.11.0/mockito-bom-4.11.0.pom (3.2 kB at 34 kB/s)
Downloading from central: https://repo.maven.apache.org/maven2/org/springframework/spring-framework-bom/5.3.39/spring-framework-bom-5.3.39.pom
Progress (1): 4.1 kBProgress (1): 5.7 kB                    Downloaded from central: https://repo.maven.apache.org/maven2/org/springframework/spring-framework-bom/5.3.39/spring-framework-bom-5.3.39.pom (5.7 kB at 64 kB/s)
Downloading from central: https://repo.maven.apache.org/maven2/org/apache/logging/log4j/log4j-api/2.24.3/log4j-api-2.24.3.pom
Progress (1): 4.1 kBProgress (1): 4.4 kB                    Downloaded from central: https://repo.maven.apache.org/maven2/org/apache/logging/log4j/log4j-api/2.24.3/log4j-api-2.24.3.pom (4.4 kB at 48 kB/s)
Downloading from central: https://repo.maven.apache.org/maven2/org/slf4j/jul-to-slf4j/2.0.18/jul-to-slf4j-2.0.18.pom
Progress (1): 1.1 kB                    Downloaded from central: https://repo.maven.apache.org/maven2/org/slf4j/jul-to-slf4j/2.0.18/jul-to-slf4j-2.0.18.pom (1.1 kB at 13 kB/s)
Downloading from central: https://repo.maven.apache.org/maven2/jakarta/annotation/jakarta.annotation-api/2.1.1/jakarta.annotation-api-2.1.1.pom
Progress (1): 4.1 kBProgress (1): 8.2 kBProgress (1): 12 kB Progress (1): 16 kB                   Downloaded from central: https://repo.maven.apache.org/maven2/jakarta/annotation/jakarta.annotation-api/2.1.1/jakarta.annotation-api-2.1.1.pom (16 kB at 149 kB/s)
Downloading from central: https://repo.maven.apache.org/maven2/org/yaml/snakeyaml/2.4/snakeyaml-2.4.pom
Progress (1): 4.1 kBProgress (1): 8.2 kBProgress (1): 12 kB Progress (1): 16 kBProgress (1): 20 kBProgress (1): 22 kB                   Downloaded from central: https://repo.maven.apache.org/maven2/org/yaml/snakeyaml/2.4/snakeyaml-2.4.pom (22 kB at 231 kB/s)
Downloading from central: https://repo.maven.apache.org/maven2/org/springframework/boot/spring-boot-starter-jdbc/3.5.15/spring-boot-starter-jdbc-3.5.15.pom
Progress (1): 2.5 kB                    Downloaded from central: https://repo.maven.apache.org/maven2/org/springframework/boot/spring-boot-starter-jdbc/3.5.15/spring-boot-starter-jdbc-3.5.15.pom (2.5 kB at 22 kB/s)
Downloading from central: https://repo.maven.apache.org/maven2/com/zaxxer/HikariCP/6.3.3/HikariCP-6.3.3.pom
Progress (1): 4.1 kBProgress (1): 8.2 kBProgress (1): 12 kB Progress (1): 16 kBProgress (1): 20 kBProgress (1): 25 kBProgress (1): 29 kB                   Downloaded from central: https://repo.maven.apache.org/maven2/com/zaxxer/HikariCP/6.3.3/HikariCP-6.3.3.pom (29 kB at 280 kB/s)
Downloading from central: https://repo.maven.apache.org/maven2/org/springframework/spring-jdbc/6.2.19/spring-jdbc-6.2.19.pom
Progress (1): 2.4 kB                    Downloaded from central: https://repo.maven.apache.org/maven2/org/springframework/spring-jdbc/6.2.19/spring-jdbc-6.2.19.pom (2.4 kB at 26 kB/s)
Downloading from central: https://repo.maven.apache.org/maven2/org/springframework/spring-tx/6.2.19/spring-tx-6.2.19.pom
Progress (1): 2.2 kB                    Downloaded from central: https://repo.maven.apache.org/maven2/org/springframework/spring-tx/6.2.19/spring-tx-6.2.19.pom (2.2 kB at 24 kB/s)
Downloading from central: https://repo.maven.apache.org/maven2/org/hibernate/orm/hibernate-core/6.6.53.Final/hibernate-core-6.6.53.Final.pom
Progress (1): 4.1 kBProgress (1): 5.8 kB                    Downloaded from central: https://repo.maven.apache.org/maven2/org/hibernate/orm/hibernate-core/6.6.53.Final/hibernate-core-6.6.53.Final.pom (5.8 kB at 44 kB/s)
Downloading from central: https://repo.maven.apache.org/maven2/jakarta/persistence/jakarta.persistence-api/3.1.0/jakarta.persistence-api-3.1.0.pom
Progress (1): 4.1 kBProgress (1): 8.2 kBProgress (1): 12 kB Progress (1): 16 kB                   Downloaded from central: https://repo.maven.apache.org/maven2/jakarta/persistence/jakarta.persistence-api/3.1.0/jakarta.persistence-api-3.1.0.pom (16 kB at 151 kB/s)
Downloading from central: https://repo.maven.apache.org/maven2/jakarta/transaction/jakarta.transaction-api/2.0.1/jakarta.transaction-api-2.0.1.pom
Progress (1): 4.1 kBProgress (1): 8.2 kBProgress (1): 12 kB Progress (1): 14 kB                   Downloaded from central: https://repo.maven.apache.org/maven2/jakarta/transaction/jakarta.transaction-api/2.0.1/jakarta.transaction-api-2.0.1.pom (14 kB at 97 kB/s)
Downloading from central: https://repo.maven.apache.org/maven2/org/eclipse/ee4j/project/1.0.6/project-1.0.6.pom
Progress (1): 4.1 kBProgress (1): 8.2 kBProgress (1): 12 kB Progress (1): 13 kB                   Downloaded from central: https://repo.maven.apache.org/maven2/org/eclipse/ee4j/project/1.0.6/project-1.0.6.pom (13 kB at 91 kB/s)
Downloading from central: https://repo.maven.apache.org/maven2/org/jboss/logging/jboss-logging/3.6.3.Final/jboss-logging-3.6.3.Final.pom
Progress (1): 4.1 kBProgress (1): 8.2 kBProgress (1): 12 kB Progress (1): 16 kBProgress (1): 20 kBProgress (1): 23 kB                   Downloaded from central: https://repo.maven.apache.org/maven2/org/jboss/logging/jboss-logging/3.6.3.Final/jboss-logging-3.6.3.Final.pom (23 kB at 227 kB/s)
Downloading from central: https://repo.maven.apache.org/maven2/org/jboss/jboss-parent/52/jboss-parent-52.pom
Progress (1): 4.1 kBProgress (1): 8.2 kBProgress (1): 12 kB Progress (1): 16 kBProgress (1): 20 kBProgress (1): 25 kBProgress (1): 29 kBProgress (1): 33 kBProgress (1): 37 kBProgress (1): 41 kBProgress (1): 45 kBProgress (1): 49 kBProgress (1): 53 kBProgress (1): 57 kBProgress (1): 61 kBProgress (1): 66 kBProgress (1): 70 kBProgress (1): 74 kBProgress (1): 78 kBProgress (1): 82 kBProgress (1): 86 kBProgress (1): 90 kBProgress (1): 94 kBProgress (1): 98 kBProgress (1): 102 kB                    Downloaded from central: https://repo.maven.apache.org/maven2/org/jboss/jboss-parent/52/jboss-parent-52.pom (102 kB at 973 kB/s)
Downloading from central: https://repo.maven.apache.org/maven2/org/junit/junit-bom/5.13.4/junit-bom-5.13.4.pom
Progress (1): 4.1 kBProgress (1): 5.7 kB                    Downloaded from central: https://repo.maven.apache.org/maven2/org/junit/junit-bom/5.13.4/junit-bom-5.13.4.pom (5.7 kB at 60 kB/s)
Downloading from central: https://repo.maven.apache.org/maven2/org/hibernate/common/hibernate-commons-annotations/7.0.3.Final/hibernate-commons-annotations-7.0.3.Final.pom
Progress (1): 2.0 kB                    Downloaded from central: https://repo.maven.apache.org/maven2/org/hibernate/common/hibernate-commons-annotations/7.0.3.Final/hibernate-commons-annotations-7.0.3.Final.pom (2.0 kB at 21 kB/s)
Downloading from central: https://repo.maven.apache.org/maven2/io/smallrye/jandex/3.2.0/jandex-3.2.0.pom
Progress (1): 4.1 kBProgress (1): 7.0 kB                    Downloaded from central: https://repo.maven.apache.org/maven2/io/smallrye/jandex/3.2.0/jandex-3.2.0.pom (7.0 kB at 77 kB/s)
Downloading from central: https://repo.maven.apache.org/maven2/io/smallrye/jandex-parent/3.2.0/jandex-parent-3.2.0.pom
Progress (1): 4.1 kBProgress (1): 7.2 kB                    Downloaded from central: https://repo.maven.apache.org/maven2/io/smallrye/jandex-parent/3.2.0/jandex-parent-3.2.0.pom (7.2 kB at 81 kB/s)
Downloading from central: https://repo.maven.apache.org/maven2/io/smallrye/smallrye-build-parent/42/smallrye-build-parent-42.pom
Progress (1): 4.1 kBProgress (1): 8.2 kBProgress (1): 12 kB Progress (1): 16 kBProgress (1): 20 kBProgress (1): 25 kBProgress (1): 29 kBProgress (1): 33 kBProgress (1): 37 kBProgress (1): 39 kB                   Downloaded from central: https://repo.maven.apache.org/maven2/io/smallrye/smallrye-build-parent/42/smallrye-build-parent-42.pom (39 kB at 381 kB/s)
Downloading from central: https://repo.maven.apache.org/maven2/com/fasterxml/classmate/1.7.3/classmate-1.7.3.pom
Progress (1): 4.1 kBProgress (1): 6.5 kB                    Downloaded from central: https://repo.maven.apache.org/maven2/com/fasterxml/classmate/1.7.3/classmate-1.7.3.pom (6.5 kB at 72 kB/s)
Downloading from central: https://repo.maven.apache.org/maven2/com/fasterxml/oss-parent/74/oss-parent-74.pom
Progress (1): 4.1 kBProgress (1): 8.2 kBProgress (1): 12 kB Progress (1): 16 kBProgress (1): 20 kBProgress (1): 24 kB                   Downloaded from central: https://repo.maven.apache.org/maven2/com/fasterxml/oss-parent/74/oss-parent-74.pom (24 kB at 241 kB/s)
Downloading from central: https://repo.maven.apache.org/maven2/net/bytebuddy/byte-buddy/1.17.8/byte-buddy-1.17.8.pom
Progress (1): 4.1 kBProgress (1): 8.2 kBProgress (1): 12 kB Progress (1): 16 kBProgress (1): 19 kB                   Downloaded from central: https://repo.maven.apache.org/maven2/net/bytebuddy/byte-buddy/1.17.8/byte-buddy-1.17.8.pom (19 kB at 211 kB/s)
Downloading from central: https://repo.maven.apache.org/maven2/net/bytebuddy/byte-buddy-parent/1.17.8/byte-buddy-parent-1.17.8.pom
Progress (1): 4.1 kBProgress (1): 8.2 kBProgress (1): 12 kB Progress (1): 16 kBProgress (1): 20 kBProgress (1): 25 kBProgress (1): 29 kBProgress (1): 33 kBProgress (1): 37 kBProgress (1): 41 kBProgress (1): 45 kBProgress (1): 49 kBProgress (1): 53 kBProgress (1): 57 kBProgress (1): 61 kBProgress (1): 66 kBProgress (1): 66 kB                   Downloaded from central: https://repo.maven.apache.org/maven2/net/bytebuddy/byte-buddy-parent/1.17.8/byte-buddy-parent-1.17.8.pom (66 kB at 701 kB/s)
Downloading from central: https://repo.maven.apache.org/maven2/jakarta/xml/bind/jakarta.xml.bind-api/4.0.5/jakarta.xml.bind-api-4.0.5.pom
Progress (1): 4.1 kBProgress (1): 8.2 kBProgress (1): 12 kB Progress (1): 13 kB                   Downloaded from central: https://repo.maven.apache.org/maven2/jakarta/xml/bind/jakarta.xml.bind-api/4.0.5/jakarta.xml.bind-api-4.0.5.pom (13 kB at 137 kB/s)
Downloading from central: https://repo.maven.apache.org/maven2/jakarta/xml/bind/jakarta.xml.bind-api-parent/4.0.5/jakarta.xml.bind-api-parent-4.0.5.pom
Progress (1): 4.1 kBProgress (1): 8.2 kBProgress (1): 9.1 kB                    Downloaded from central: https://repo.maven.apache.org/maven2/jakarta/xml/bind/jakarta.xml.bind-api-parent/4.0.5/jakarta.xml.bind-api-parent-4.0.5.pom (9.1 kB at 83 kB/s)
Downloading from central: https://repo.maven.apache.org/maven2/jakarta/activation/jakarta.activation-api/2.1.4/jakarta.activation-api-2.1.4.pom
Progress (1): 4.1 kBProgress (1): 8.2 kBProgress (1): 12 kB Progress (1): 16 kBProgress (1): 19 kB                   Downloaded from central: https://repo.maven.apache.org/maven2/jakarta/activation/jakarta.activation-api/2.1.4/jakarta.activation-api-2.1.4.pom (19 kB at 201 kB/s)
Downloading from central: https://repo.maven.apache.org/maven2/org/glassfish/jaxb/jaxb-runtime/4.0.9/jaxb-runtime-4.0.9.pom
Progress (1): 4.1 kBProgress (1): 8.2 kBProgress (1): 11 kB                    Downloaded from central: https://repo.maven.apache.org/maven2/org/glassfish/jaxb/jaxb-runtime/4.0.9/jaxb-runtime-4.0.9.pom (11 kB at 117 kB/s)
Downloading from central: https://repo.maven.apache.org/maven2/org/glassfish/jaxb/jaxb-runtime-parent/4.0.9/jaxb-runtime-parent-4.0.9.pom
Progress (1): 1.3 kB                    Downloaded from central: https://repo.maven.apache.org/maven2/org/glassfish/jaxb/jaxb-runtime-parent/4.0.9/jaxb-runtime-parent-4.0.9.pom (1.3 kB at 12 kB/s)
Downloading from central: https://repo.maven.apache.org/maven2/org/glassfish/jaxb/jaxb-parent/4.0.9/jaxb-parent-4.0.9.pom
Progress (1): 4.1 kBProgress (1): 8.2 kBProgress (1): 12 kB Progress (1): 16 kBProgress (1): 20 kBProgress (1): 25 kBProgress (1): 29 kBProgress (1): 33 kBProgress (1): 35 kB                   Downloaded from central: https://repo.maven.apache.org/maven2/org/glassfish/jaxb/jaxb-parent/4.0.9/jaxb-parent-4.0.9.pom (35 kB at 354 kB/s)
Downloading from central: https://repo.maven.apache.org/maven2/org/glassfish/jaxb/jaxb-bom-ext/4.0.9/jaxb-bom-ext-4.0.9.pom
Progress (1): 3.6 kB                    Downloaded from central: https://repo.maven.apache.org/maven2/org/glassfish/jaxb/jaxb-bom-ext/4.0.9/jaxb-bom-ext-4.0.9.pom (3.6 kB at 38 kB/s)
Downloading from central: https://repo.maven.apache.org/maven2/org/glassfish/jaxb/jaxb-core/4.0.9/jaxb-core-4.0.9.pom
Progress (1): 3.8 kB                    Downloaded from central: https://repo.maven.apache.org/maven2/org/glassfish/jaxb/jaxb-core/4.0.9/jaxb-core-4.0.9.pom (3.8 kB at 39 kB/s)
Downloading from central: https://repo.maven.apache.org/maven2/org/eclipse/angus/angus-activation/2.0.3/angus-activation-2.0.3.pom
Progress (1): 4.0 kB                    Downloaded from central: https://repo.maven.apache.org/maven2/org/eclipse/angus/angus-activation/2.0.3/angus-activation-2.0.3.pom (4.0 kB at 33 kB/s)
Downloading from central: https://repo.maven.apache.org/maven2/org/eclipse/angus/angus-activation-project/2.0.3/angus-activation-project-2.0.3.pom
Progress (1): 4.1 kBProgress (1): 8.2 kBProgress (1): 12 kB Progress (1): 16 kBProgress (1): 20 kBProgress (1): 21 kB                   Downloaded from central: https://repo.maven.apache.org/maven2/org/eclipse/angus/angus-activation-project/2.0.3/angus-activation-project-2.0.3.pom (21 kB at 205 kB/s)
Downloading from central: https://repo.maven.apache.org/maven2/org/glassfish/jaxb/txw2/4.0.9/txw2-4.0.9.pom
Progress (1): 1.9 kB                    Downloaded from central: https://repo.maven.apache.org/maven2/org/glassfish/jaxb/txw2/4.0.9/txw2-4.0.9.pom (1.9 kB at 20 kB/s)
Downloading from central: https://repo.maven.apache.org/maven2/org/glassfish/jaxb/jaxb-txw-parent/4.0.9/jaxb-txw-parent-4.0.9.pom
Progress (1): 1.3 kB                    Downloaded from central: https://repo.maven.apache.org/maven2/org/glassfish/jaxb/jaxb-txw-parent/4.0.9/jaxb-txw-parent-4.0.9.pom (1.3 kB at 15 kB/s)
Downloading from central: https://repo.maven.apache.org/maven2/com/sun/istack/istack-commons-runtime/4.1.2/istack-commons-runtime-4.1.2.pom
Progress (1): 1.6 kB                    Downloaded from central: https://repo.maven.apache.org/maven2/com/sun/istack/istack-commons-runtime/4.1.2/istack-commons-runtime-4.1.2.pom (1.6 kB at 17 kB/s)
Downloading from central: https://repo.maven.apache.org/maven2/com/sun/istack/istack-commons/4.1.2/istack-commons-4.1.2.pom
Progress (1): 4.1 kBProgress (1): 8.2 kBProgress (1): 12 kB Progress (1): 16 kBProgress (1): 20 kBProgress (1): 25 kBProgress (1): 26 kB                   Downloaded from central: https://repo.maven.apache.org/maven2/com/sun/istack/istack-commons/4.1.2/istack-commons-4.1.2.pom (26 kB at 289 kB/s)
Downloading from central: https://repo.maven.apache.org/maven2/jakarta/inject/jakarta.inject-api/2.0.1/jakarta.inject-api-2.0.1.pom
Progress (1): 4.1 kBProgress (1): 5.9 kB                    Downloaded from central: https://repo.maven.apache.org/maven2/jakarta/inject/jakarta.inject-api/2.0.1/jakarta.inject-api-2.0.1.pom (5.9 kB at 64 kB/s)
Downloading from central: https://repo.maven.apache.org/maven2/org/antlr/antlr4-runtime/4.13.2/antlr4-runtime-4.13.2.pom
Progress (1): 3.6 kB                    Downloaded from central: https://repo.maven.apache.org/maven2/org/antlr/antlr4-runtime/4.13.2/antlr4-runtime-4.13.2.pom (3.6 kB at 37 kB/s)
Downloading from central: https://repo.maven.apache.org/maven2/org/antlr/antlr4-master/4.13.2/antlr4-master-4.13.2.pom
Progress (1): 4.1 kBProgress (1): 4.8 kB                    Downloaded from central: https://repo.maven.apache.org/maven2/org/antlr/antlr4-master/4.13.2/antlr4-master-4.13.2.pom (4.8 kB at 52 kB/s)
Downloading from central: https://repo.maven.apache.org/maven2/org/sonatype/oss/oss-parent/9/oss-parent-9.pom
Progress (1): 4.1 kBProgress (1): 6.6 kB                    Downloaded from central: https://repo.maven.apache.org/maven2/org/sonatype/oss/oss-parent/9/oss-parent-9.pom (6.6 kB at 60 kB/s)
Downloading from central: https://repo.maven.apache.org/maven2/org/springframework/data/spring-data-jpa/3.5.12/spring-data-jpa-3.5.12.pom
Progress (1): 4.1 kBProgress (1): 8.2 kBProgress (1): 12 kB Progress (1): 13 kB                   Downloaded from central: https://repo.maven.apache.org/maven2/org/springframework/data/spring-data-jpa/3.5.12/spring-data-jpa-3.5.12.pom (13 kB at 121 kB/s)
Downloading from central: https://repo.maven.apache.org/maven2/org/springframework/data/spring-data-jpa-parent/3.5.12/spring-data-jpa-parent-3.5.12.pom
Progress (1): 4.1 kBProgress (1): 5.3 kB                    Downloaded from central: https://repo.maven.apache.org/maven2/org/springframework/data/spring-data-jpa-parent/3.5.12/spring-data-jpa-parent-3.5.12.pom (5.3 kB at 44 kB/s)
Downloading from central: https://repo.maven.apache.org/maven2/org/springframework/data/build/spring-data-parent/3.5.12/spring-data-parent-3.5.12.pom
Progress (1): 4.1 kBProgress (1): 8.2 kBProgress (1): 12 kB Progress (1): 16 kBProgress (1): 20 kBProgress (1): 25 kBProgress (1): 29 kBProgress (1): 33 kBProgress (1): 37 kBProgress (1): 41 kBProgress (1): 44 kB                   Downloaded from central: https://repo.maven.apache.org/maven2/org/springframework/data/build/spring-data-parent/3.5.12/spring-data-parent-3.5.12.pom (44 kB at 397 kB/s)
Downloading from central: https://repo.maven.apache.org/maven2/org/springframework/data/build/spring-data-build/3.5.12/spring-data-build-3.5.12.pom
Progress (1): 4.1 kBProgress (1): 7.2 kB                    Downloaded from central: https://repo.maven.apache.org/maven2/org/springframework/data/build/spring-data-build/3.5.12/spring-data-build-3.5.12.pom (7.2 kB at 78 kB/s)
Downloading from central: https://repo.maven.apache.org/maven2/org/testcontainers/testcontainers-bom/1.20.6/testcontainers-bom-1.20.6.pom
Progress (1): 4.1 kBProgress (1): 8.2 kBProgress (1): 12 kB                    Downloaded from central: https://repo.maven.apache.org/maven2/org/testcontainers/testcontainers-bom/1.20.6/testcontainers-bom-1.20.6.pom (12 kB at 133 kB/s)
Downloading from central: https://repo.maven.apache.org/maven2/io/micrometer/micrometer-tracing-bom/1.5.12/micrometer-tracing-bom-1.5.12.pom
Progress (1): 4.1 kBProgress (1): 4.4 kB                    Downloaded from central: https://repo.maven.apache.org/maven2/io/micrometer/micrometer-tracing-bom/1.5.12/micrometer-tracing-bom-1.5.12.pom (4.4 kB at 49 kB/s)
Downloading from central: https://repo.maven.apache.org/maven2/org/jetbrains/kotlinx/kotlinx-coroutines-bom/1.9.0/kotlinx-coroutines-bom-1.9.0.pom
Progress (1): 4.1 kBProgress (1): 4.3 kB                    Downloaded from central: https://repo.maven.apache.org/maven2/org/jetbrains/kotlinx/kotlinx-coroutines-bom/1.9.0/kotlinx-coroutines-bom-1.9.0.pom (4.3 kB at 49 kB/s)
Downloading from central: https://repo.maven.apache.org/maven2/com/fasterxml/jackson/jackson-bom/2.19.4/jackson-bom-2.19.4.pom
Progress (1): 4.1 kBProgress (1): 8.2 kBProgress (1): 12 kB Progress (1): 16 kBProgress (1): 20 kB                   Downloaded from central: https://repo.maven.apache.org/maven2/com/fasterxml/jackson/jackson-bom/2.19.4/jackson-bom-2.19.4.pom (20 kB at 218 kB/s)
Downloading from central: https://repo.maven.apache.org/maven2/com/fasterxml/jackson/jackson-parent/2.19.3/jackson-parent-2.19.3.pom
Progress (1): 4.1 kBProgress (1): 7.2 kB                    Downloaded from central: https://repo.maven.apache.org/maven2/com/fasterxml/jackson/jackson-parent/2.19.3/jackson-parent-2.19.3.pom (7.2 kB at 76 kB/s)
Downloading from central: https://repo.maven.apache.org/maven2/com/fasterxml/oss-parent/69/oss-parent-69.pom
Progress (1): 4.1 kBProgress (1): 8.2 kBProgress (1): 12 kB Progress (1): 16 kBProgress (1): 20 kBProgress (1): 24 kB                   Downloaded from central: https://repo.maven.apache.org/maven2/com/fasterxml/oss-parent/69/oss-parent-69.pom (24 kB at 254 kB/s)
Downloading from central: https://repo.maven.apache.org/maven2/org/springframework/data/spring-data-commons/3.5.12/spring-data-commons-3.5.12.pom
Progress (1): 4.1 kBProgress (1): 8.2 kBProgress (1): 10 kB                    Downloaded from central: https://repo.maven.apache.org/maven2/org/springframework/data/spring-data-commons/3.5.12/spring-data-commons-3.5.12.pom (10 kB at 96 kB/s)
Downloading from central: https://repo.maven.apache.org/maven2/org/springframework/spring-orm/6.2.19/spring-orm-6.2.19.pom
Progress (1): 2.6 kB                    Downloaded from central: https://repo.maven.apache.org/maven2/org/springframework/spring-orm/6.2.19/spring-orm-6.2.19.pom (2.6 kB at 29 kB/s)
Downloading from central: https://repo.maven.apache.org/maven2/org/antlr/antlr4-runtime/4.13.0/antlr4-runtime-4.13.0.pom
Progress (1): 3.6 kB                    Downloaded from central: https://repo.maven.apache.org/maven2/org/antlr/antlr4-runtime/4.13.0/antlr4-runtime-4.13.0.pom (3.6 kB at 36 kB/s)
Downloading from central: https://repo.maven.apache.org/maven2/org/antlr/antlr4-master/4.13.0/antlr4-master-4.13.0.pom
Progress (1): 4.1 kBProgress (1): 4.8 kB                    Downloaded from central: https://repo.maven.apache.org/maven2/org/antlr/antlr4-master/4.13.0/antlr4-master-4.13.0.pom (4.8 kB at 51 kB/s)
Downloading from central: https://repo.maven.apache.org/maven2/org/springframework/spring-aspects/6.2.19/spring-aspects-6.2.19.pom
Progress (1): 2.0 kB                    Downloaded from central: https://repo.maven.apache.org/maven2/org/springframework/spring-aspects/6.2.19/spring-aspects-6.2.19.pom (2.0 kB at 20 kB/s)
Downloading from central: https://repo.maven.apache.org/maven2/org/aspectj/aspectjweaver/1.9.25.1/aspectjweaver-1.9.25.1.pom
Progress (1): 1.7 kB                    Downloaded from central: https://repo.maven.apache.org/maven2/org/aspectj/aspectjweaver/1.9.25.1/aspectjweaver-1.9.25.1.pom (1.7 kB at 14 kB/s)
Downloading from central: https://repo.maven.apache.org/maven2/org/springframework/boot/spring-boot-starter-thymeleaf/3.5.15/spring-boot-starter-thymeleaf-3.5.15.pom
Progress (1): 2.3 kB                    Downloaded from central: https://repo.maven.apache.org/maven2/org/springframework/boot/spring-boot-starter-thymeleaf/3.5.15/spring-boot-starter-thymeleaf-3.5.15.pom (2.3 kB at 25 kB/s)
Downloading from central: https://repo.maven.apache.org/maven2/org/thymeleaf/thymeleaf-spring6/3.1.5.RELEASE/thymeleaf-spring6-3.1.5.RELEASE.pom
Progress (1): 4.1 kBProgress (1): 4.6 kB                    Downloaded from central: https://repo.maven.apache.org/maven2/org/thymeleaf/thymeleaf-spring6/3.1.5.RELEASE/thymeleaf-spring6-3.1.5.RELEASE.pom (4.6 kB at 41 kB/s)
Downloading from central: https://repo.maven.apache.org/maven2/org/thymeleaf/thymeleaf-lib/3.1.5.RELEASE/thymeleaf-lib-3.1.5.RELEASE.pom
Progress (1): 4.1 kBProgress (1): 6.5 kB                    Downloaded from central: https://repo.maven.apache.org/maven2/org/thymeleaf/thymeleaf-lib/3.1.5.RELEASE/thymeleaf-lib-3.1.5.RELEASE.pom (6.5 kB at 72 kB/s)
Downloading from central: https://repo.maven.apache.org/maven2/org/thymeleaf/thymeleaf-parent/3.1.5.RELEASE/thymeleaf-parent-3.1.5.RELEASE.pom
Progress (1): 4.1 kBProgress (1): 8.2 kBProgress (1): 12 kB Progress (1): 16 kBProgress (1): 20 kBProgress (1): 23 kB                   Downloaded from central: https://repo.maven.apache.org/maven2/org/thymeleaf/thymeleaf-parent/3.1.5.RELEASE/thymeleaf-parent-3.1.5.RELEASE.pom (23 kB at 217 kB/s)
Downloading from central: https://repo.maven.apache.org/maven2/org/springframework/spring-framework-bom/6.2.17/spring-framework-bom-6.2.17.pom
Progress (1): 4.1 kBProgress (1): 5.8 kB                    Downloaded from central: https://repo.maven.apache.org/maven2/org/springframework/spring-framework-bom/6.2.17/spring-framework-bom-6.2.17.pom (5.8 kB at 58 kB/s)
Downloading from central: https://repo.maven.apache.org/maven2/com/fasterxml/jackson/jackson-bom/2.18.2/jackson-bom-2.18.2.pom
Progress (1): 4.1 kBProgress (1): 8.2 kBProgress (1): 12 kB Progress (1): 16 kBProgress (1): 19 kB                   Downloaded from central: https://repo.maven.apache.org/maven2/com/fasterxml/jackson/jackson-bom/2.18.2/jackson-bom-2.18.2.pom (19 kB at 203 kB/s)
Downloading from central: https://repo.maven.apache.org/maven2/com/fasterxml/jackson/jackson-parent/2.18.1/jackson-parent-2.18.1.pom
Progress (1): 4.1 kBProgress (1): 6.7 kB                    Downloaded from central: https://repo.maven.apache.org/maven2/com/fasterxml/jackson/jackson-parent/2.18.1/jackson-parent-2.18.1.pom (6.7 kB at 73 kB/s)
Downloading from central: https://repo.maven.apache.org/maven2/com/fasterxml/oss-parent/61/oss-parent-61.pom
Progress (1): 4.1 kBProgress (1): 8.2 kBProgress (1): 12 kB Progress (1): 16 kBProgress (1): 20 kBProgress (1): 23 kB                   Downloaded from central: https://repo.maven.apache.org/maven2/com/fasterxml/oss-parent/61/oss-parent-61.pom (23 kB at 170 kB/s)
Downloading from central: https://repo.maven.apache.org/maven2/io/projectreactor/reactor-bom/2024.0.0/reactor-bom-2024.0.0.pom
Progress (1): 4.1 kBProgress (1): 4.8 kB                    Downloaded from central: https://repo.maven.apache.org/maven2/io/projectreactor/reactor-bom/2024.0.0/reactor-bom-2024.0.0.pom (4.8 kB at 28 kB/s)
Downloading from central: https://repo.maven.apache.org/maven2/org/apache/logging/log4j/log4j-bom/2.25.3/log4j-bom-2.25.3.pom
Progress (1): 4.1 kBProgress (1): 8.2 kBProgress (1): 12 kB                    Downloaded from central: https://repo.maven.apache.org/maven2/org/apache/logging/log4j/log4j-bom/2.25.3/log4j-bom-2.25.3.pom (12 kB at 138 kB/s)
Downloading from central: https://repo.maven.apache.org/maven2/org/junit/junit-bom/5.14.3/junit-bom-5.14.3.pom
Progress (1): 4.1 kBProgress (1): 5.7 kB                    Downloaded from central: https://repo.maven.apache.org/maven2/org/junit/junit-bom/5.14.3/junit-bom-5.14.3.pom (5.7 kB at 62 kB/s)
Downloading from central: https://repo.maven.apache.org/maven2/org/thymeleaf/thymeleaf/3.1.5.RELEASE/thymeleaf-3.1.5.RELEASE.pom
Progress (1): 4.0 kB                    Downloaded from central: https://repo.maven.apache.org/maven2/org/thymeleaf/thymeleaf/3.1.5.RELEASE/thymeleaf-3.1.5.RELEASE.pom (4.0 kB at 34 kB/s)
Downloading from central: https://repo.maven.apache.org/maven2/org/attoparser/attoparser/2.0.7.RELEASE/attoparser-2.0.7.RELEASE.pom
Progress (1): 4.1 kBProgress (1): 8.2 kBProgress (1): 11 kB                    Downloaded from central: https://repo.maven.apache.org/maven2/org/attoparser/attoparser/2.0.7.RELEASE/attoparser-2.0.7.RELEASE.pom (11 kB at 85 kB/s)
Downloading from central: https://repo.maven.apache.org/maven2/org/unbescape/unbescape/1.1.6.RELEASE/unbescape-1.1.6.RELEASE.pom
Progress (1): 4.1 kBProgress (1): 8.2 kBProgress (1): 10.0 kB                     Downloaded from central: https://repo.maven.apache.org/maven2/org/unbescape/unbescape/1.1.6.RELEASE/unbescape-1.1.6.RELEASE.pom (10.0 kB at 103 kB/s)
Downloading from central: https://repo.maven.apache.org/maven2/org/springframework/boot/spring-boot-starter-validation/3.5.15/spring-boot-starter-validation-3.5.15.pom
Progress (1): 2.5 kB                    Downloaded from central: https://repo.maven.apache.org/maven2/org/springframework/boot/spring-boot-starter-validation/3.5.15/spring-boot-starter-validation-3.5.15.pom (2.5 kB at 19 kB/s)
Downloading from central: https://repo.maven.apache.org/maven2/org/apache/tomcat/embed/tomcat-embed-el/10.1.55/tomcat-embed-el-10.1.55.pom
Progress (1): 1.5 kB                    Downloaded from central: https://repo.maven.apache.org/maven2/org/apache/tomcat/embed/tomcat-embed-el/10.1.55/tomcat-embed-el-10.1.55.pom (1.5 kB at 14 kB/s)
Downloading from central: https://repo.maven.apache.org/maven2/org/hibernate/validator/hibernate-validator/8.0.3.Final/hibernate-validator-8.0.3.Final.pom
Progress (1): 4.1 kBProgress (1): 5.3 kB                    Downloaded from central: https://repo.maven.apache.org/maven2/org/hibernate/validator/hibernate-validator/8.0.3.Final/hibernate-validator-8.0.3.Final.pom (5.3 kB at 43 kB/s)
Downloading from central: https://repo.maven.apache.org/maven2/jakarta/validation/jakarta.validation-api/3.0.2/jakarta.validation-api-3.0.2.pom
Progress (1): 4.1 kBProgress (1): 8.2 kBProgress (1): 11 kB                    Downloaded from central: https://repo.maven.apache.org/maven2/jakarta/validation/jakarta.validation-api/3.0.2/jakarta.validation-api-3.0.2.pom (11 kB at 114 kB/s)
Downloading from central: https://repo.maven.apache.org/maven2/org/springframework/boot/spring-boot-starter-web/3.5.15/spring-boot-starter-web-3.5.15.pom
Progress (1): 2.9 kB                    Downloaded from central: https://repo.maven.apache.org/maven2/org/springframework/boot/spring-boot-starter-web/3.5.15/spring-boot-starter-web-3.5.15.pom (2.9 kB at 33 kB/s)
Downloading from central: https://repo.maven.apache.org/maven2/org/springframework/boot/spring-boot-starter-json/3.5.15/spring-boot-starter-json-3.5.15.pom
Progress (1): 3.1 kB                    Downloaded from central: https://repo.maven.apache.org/maven2/org/springframework/boot/spring-boot-starter-json/3.5.15/spring-boot-starter-json-3.5.15.pom (3.1 kB at 32 kB/s)
Downloading from central: https://repo.maven.apache.org/maven2/org/springframework/spring-web/6.2.19/spring-web-6.2.19.pom
Progress (1): 2.4 kB                    Downloaded from central: https://repo.maven.apache.org/maven2/org/springframework/spring-web/6.2.19/spring-web-6.2.19.pom (2.4 kB at 27 kB/s)
Downloading from central: https://repo.maven.apache.org/maven2/com/fasterxml/jackson/core/jackson-databind/2.21.4/jackson-databind-2.21.4.pom
Progress (1): 4.1 kBProgress (1): 8.2 kBProgress (1): 12 kB Progress (1): 16 kBProgress (1): 20 kBProgress (1): 23 kB                   Downloaded from central: https://repo.maven.apache.org/maven2/com/fasterxml/jackson/core/jackson-databind/2.21.4/jackson-databind-2.21.4.pom (23 kB at 235 kB/s)
Downloading from central: https://repo.maven.apache.org/maven2/com/fasterxml/jackson/jackson-base/2.21.4/jackson-base-2.21.4.pom
Progress (1): 4.1 kBProgress (1): 8.2 kBProgress (1): 12 kB Progress (1): 13 kB                   Downloaded from central: https://repo.maven.apache.org/maven2/com/fasterxml/jackson/jackson-base/2.21.4/jackson-base-2.21.4.pom (13 kB at 117 kB/s)
Downloading from central: https://repo.maven.apache.org/maven2/org/junit/junit-bom/5.14.1/junit-bom-5.14.1.pom
Progress (1): 4.1 kBProgress (1): 5.7 kB                    Downloaded from central: https://repo.maven.apache.org/maven2/org/junit/junit-bom/5.14.1/junit-bom-5.14.1.pom (5.7 kB at 53 kB/s)
Downloading from central: https://repo.maven.apache.org/maven2/com/fasterxml/jackson/core/jackson-annotations/2.21/jackson-annotations-2.21.pom
Progress (1): 4.1 kBProgress (1): 7.4 kB                    Downloaded from central: https://repo.maven.apache.org/maven2/com/fasterxml/jackson/core/jackson-annotations/2.21/jackson-annotations-2.21.pom (7.4 kB at 82 kB/s)
Downloading from central: https://repo.maven.apache.org/maven2/com/fasterxml/jackson/core/jackson-core/2.21.4/jackson-core-2.21.4.pom
Progress (1): 4.1 kBProgress (1): 8.2 kBProgress (1): 9.7 kB                    Downloaded from central: https://repo.maven.apache.org/maven2/com/fasterxml/jackson/core/jackson-core/2.21.4/jackson-core-2.21.4.pom (9.7 kB at 80 kB/s)
Downloading from central: https://repo.maven.apache.org/maven2/com/fasterxml/jackson/datatype/jackson-datatype-jdk8/2.21.4/jackson-datatype-jdk8-2.21.4.pom
Progress (1): 2.8 kB                    Downloaded from central: https://repo.maven.apache.org/maven2/com/fasterxml/jackson/datatype/jackson-datatype-jdk8/2.21.4/jackson-datatype-jdk8-2.21.4.pom (2.8 kB at 28 kB/s)
Downloading from central: https://repo.maven.apache.org/maven2/com/fasterxml/jackson/module/jackson-modules-java8/2.21.4/jackson-modules-java8-2.21.4.pom
Progress (1): 3.1 kB                    Downloaded from central: https://repo.maven.apache.org/maven2/com/fasterxml/jackson/module/jackson-modules-java8/2.21.4/jackson-modules-java8-2.21.4.pom (3.1 kB at 30 kB/s)
Downloading from central: https://repo.maven.apache.org/maven2/com/fasterxml/jackson/datatype/jackson-datatype-jsr310/2.21.4/jackson-datatype-jsr310-2.21.4.pom
Progress (1): 4.1 kBProgress (1): 5.3 kB                    Downloaded from central: https://repo.maven.apache.org/maven2/com/fasterxml/jackson/datatype/jackson-datatype-jsr310/2.21.4/jackson-datatype-jsr310-2.21.4.pom (5.3 kB at 60 kB/s)
Downloading from central: https://repo.maven.apache.org/maven2/com/fasterxml/jackson/module/jackson-module-parameter-names/2.21.4/jackson-module-parameter-names-2.21.4.pom
Progress (1): 4.1 kBProgress (1): 4.2 kB                    Downloaded from central: https://repo.maven.apache.org/maven2/com/fasterxml/jackson/module/jackson-module-parameter-names/2.21.4/jackson-module-parameter-names-2.21.4.pom (4.2 kB at 47 kB/s)
Downloading from central: https://repo.maven.apache.org/maven2/org/springframework/boot/spring-boot-starter-tomcat/3.5.15/spring-boot-starter-tomcat-3.5.15.pom
Progress (1): 3.1 kB                    Downloaded from central: https://repo.maven.apache.org/maven2/org/springframework/boot/spring-boot-starter-tomcat/3.5.15/spring-boot-starter-tomcat-3.5.15.pom (3.1 kB at 34 kB/s)
Downloading from central: https://repo.maven.apache.org/maven2/org/apache/tomcat/embed/tomcat-embed-core/10.1.55/tomcat-embed-core-10.1.55.pom
Progress (1): 1.7 kB                    Downloaded from central: https://repo.maven.apache.org/maven2/org/apache/tomcat/embed/tomcat-embed-core/10.1.55/tomcat-embed-core-10.1.55.pom (1.7 kB at 19 kB/s)
Downloading from central: https://repo.maven.apache.org/maven2/org/apache/tomcat/embed/tomcat-embed-websocket/10.1.55/tomcat-embed-websocket-10.1.55.pom
Progress (1): 1.7 kB                    Downloaded from central: https://repo.maven.apache.org/maven2/org/apache/tomcat/embed/tomcat-embed-websocket/10.1.55/tomcat-embed-websocket-10.1.55.pom (1.7 kB at 15 kB/s)
Downloading from central: https://repo.maven.apache.org/maven2/org/springframework/spring-webmvc/6.2.19/spring-webmvc-6.2.19.pom
Progress (1): 3.0 kB                    Downloaded from central: https://repo.maven.apache.org/maven2/org/springframework/spring-webmvc/6.2.19/spring-webmvc-6.2.19.pom (3.0 kB at 32 kB/s)
Downloading from central: https://repo.maven.apache.org/maven2/com/google/zxing/core/3.5.3/core-3.5.3.pom
Progress (1): 2.8 kB                    Downloaded from central: https://repo.maven.apache.org/maven2/com/google/zxing/core/3.5.3/core-3.5.3.pom (2.8 kB at 30 kB/s)
Downloading from central: https://repo.maven.apache.org/maven2/com/google/zxing/zxing-parent/3.5.3/zxing-parent-3.5.3.pom
Progress (1): 4.1 kBProgress (1): 8.2 kBProgress (1): 12 kB Progress (1): 16 kBProgress (1): 20 kBProgress (1): 25 kBProgress (1): 28 kB                   Downloaded from central: https://repo.maven.apache.org/maven2/com/google/zxing/zxing-parent/3.5.3/zxing-parent-3.5.3.pom (28 kB at 272 kB/s)
Downloading from central: https://repo.maven.apache.org/maven2/com/google/zxing/javase/3.5.3/javase-3.5.3.pom
Progress (1): 2.7 kB                    Downloaded from central: https://repo.maven.apache.org/maven2/com/google/zxing/javase/3.5.3/javase-3.5.3.pom (2.7 kB at 30 kB/s)
Downloading from central: https://repo.maven.apache.org/maven2/com/beust/jcommander/1.82/jcommander-1.82.pom
Progress (1): 1.5 kB                    Downloaded from central: https://repo.maven.apache.org/maven2/com/beust/jcommander/1.82/jcommander-1.82.pom (1.5 kB at 16 kB/s)
Downloading from central: https://repo.maven.apache.org/maven2/com/github/jai-imageio/jai-imageio-core/1.4.0/jai-imageio-core-1.4.0.pom
Progress (1): 4.1 kBProgress (1): 8.2 kBProgress (1): 12 kB                    Downloaded from central: https://repo.maven.apache.org/maven2/com/github/jai-imageio/jai-imageio-core/1.4.0/jai-imageio-core-1.4.0.pom (12 kB at 90 kB/s)
Downloading from central: https://repo.maven.apache.org/maven2/com/openhtmltopdf/openhtmltopdf-pdfbox/1.0.10/openhtmltopdf-pdfbox-1.0.10.pom
Progress (1): 4.1 kBProgress (1): 4.3 kB                    Downloaded from central: https://repo.maven.apache.org/maven2/com/openhtmltopdf/openhtmltopdf-pdfbox/1.0.10/openhtmltopdf-pdfbox-1.0.10.pom (4.3 kB at 47 kB/s)
Downloading from central: https://repo.maven.apache.org/maven2/com/openhtmltopdf/openhtmltopdf-parent/1.0.10/openhtmltopdf-parent-1.0.10.pom
Progress (1): 4.1 kBProgress (1): 7.3 kB                    Downloaded from central: https://repo.maven.apache.org/maven2/com/openhtmltopdf/openhtmltopdf-parent/1.0.10/openhtmltopdf-parent-1.0.10.pom (7.3 kB at 74 kB/s)
Downloading from central: https://repo.maven.apache.org/maven2/org/apache/pdfbox/pdfbox/2.0.24/pdfbox-2.0.24.pom
Progress (1): 4.1 kBProgress (1): 8.2 kBProgress (1): 12 kB Progress (1): 16 kBProgress (1): 20 kBProgress (1): 25 kBProgress (1): 29 kBProgress (1): 33 kBProgress (1): 37 kBProgress (1): 41 kBProgress (1): 42 kB                   Downloaded from central: https://repo.maven.apache.org/maven2/org/apache/pdfbox/pdfbox/2.0.24/pdfbox-2.0.24.pom (42 kB at 420 kB/s)
Downloading from central: https://repo.maven.apache.org/maven2/org/apache/pdfbox/pdfbox-parent/2.0.24/pdfbox-parent-2.0.24.pom
Progress (1): 4.1 kBProgress (1): 8.2 kBProgress (1): 12 kB Progress (1): 16 kBProgress (1): 20 kB                   Downloaded from central: https://repo.maven.apache.org/maven2/org/apache/pdfbox/pdfbox-parent/2.0.24/pdfbox-parent-2.0.24.pom (20 kB at 203 kB/s)
Downloading from central: https://repo.maven.apache.org/maven2/org/apache/apache/19/apache-19.pom
Progress (1): 4.1 kBProgress (1): 8.2 kBProgress (1): 12 kB Progress (1): 15 kB                   Downloaded from central: https://repo.maven.apache.org/maven2/org/apache/apache/19/apache-19.pom (15 kB at 168 kB/s)
Downloading from central: https://repo.maven.apache.org/maven2/org/apache/pdfbox/fontbox/2.0.24/fontbox-2.0.24.pom
Progress (1): 4.1 kBProgress (1): 5.2 kB                    Downloaded from central: https://repo.maven.apache.org/maven2/org/apache/pdfbox/fontbox/2.0.24/fontbox-2.0.24.pom (5.2 kB at 57 kB/s)
Downloading from central: https://repo.maven.apache.org/maven2/commons-logging/commons-logging/1.2/commons-logging-1.2.pom
Progress (1): 4.1 kBProgress (1): 8.2 kBProgress (1): 12 kB Progress (1): 16 kBProgress (1): 19 kB                   Downloaded from central: https://repo.maven.apache.org/maven2/commons-logging/commons-logging/1.2/commons-logging-1.2.pom (19 kB at 207 kB/s)
Downloading from central: https://repo.maven.apache.org/maven2/org/apache/commons/commons-parent/34/commons-parent-34.pom
Progress (1): 4.1 kBProgress (1): 8.2 kBProgress (1): 12 kB Progress (1): 16 kBProgress (1): 20 kBProgress (1): 25 kBProgress (1): 29 kBProgress (1): 33 kBProgress (1): 37 kBProgress (1): 41 kBProgress (1): 45 kBProgress (1): 49 kBProgress (1): 53 kBProgress (1): 56 kB                   Downloaded from central: https://repo.maven.apache.org/maven2/org/apache/commons/commons-parent/34/commons-parent-34.pom (56 kB at 538 kB/s)
Downloading from central: https://repo.maven.apache.org/maven2/org/apache/apache/13/apache-13.pom
Progress (1): 4.1 kBProgress (1): 8.2 kBProgress (1): 12 kB Progress (1): 14 kB                   Downloaded from central: https://repo.maven.apache.org/maven2/org/apache/apache/13/apache-13.pom (14 kB at 117 kB/s)
Downloading from central: https://repo.maven.apache.org/maven2/org/apache/pdfbox/xmpbox/2.0.24/xmpbox-2.0.24.pom
Progress (1): 3.8 kB                    Downloaded from central: https://repo.maven.apache.org/maven2/org/apache/pdfbox/xmpbox/2.0.24/xmpbox-2.0.24.pom (3.8 kB at 40 kB/s)
Downloading from central: https://repo.maven.apache.org/maven2/com/openhtmltopdf/openhtmltopdf-core/1.0.10/openhtmltopdf-core-1.0.10.pom
Progress (1): 3.4 kB                    Downloaded from central: https://repo.maven.apache.org/maven2/com/openhtmltopdf/openhtmltopdf-core/1.0.10/openhtmltopdf-core-1.0.10.pom (3.4 kB at 39 kB/s)
Downloading from central: https://repo.maven.apache.org/maven2/de/rototor/pdfbox/graphics2d/0.32/graphics2d-0.32.pom
Progress (1): 692 B                   Downloaded from central: https://repo.maven.apache.org/maven2/de/rototor/pdfbox/graphics2d/0.32/graphics2d-0.32.pom (692 B at 7.3 kB/s)
Downloading from central: https://repo.maven.apache.org/maven2/de/rototor/pdfbox/pdfboxgraphics2d-parent/0.32/pdfboxgraphics2d-parent-0.32.pom
Progress (1): 4.1 kBProgress (1): 5.3 kB                    Downloaded from central: https://repo.maven.apache.org/maven2/de/rototor/pdfbox/pdfboxgraphics2d-parent/0.32/pdfboxgraphics2d-parent-0.32.pom (5.3 kB at 57 kB/s)
Downloading from central: https://repo.maven.apache.org/maven2/com/mysql/mysql-connector-j/9.7.0/mysql-connector-j-9.7.0.pom
Progress (1): 3.2 kB                    Downloaded from central: https://repo.maven.apache.org/maven2/com/mysql/mysql-connector-j/9.7.0/mysql-connector-j-9.7.0.pom (3.2 kB at 29 kB/s)
Downloading from central: https://repo.maven.apache.org/maven2/org/springframework/boot/spring-boot-starter-test/3.5.15/spring-boot-starter-test-3.5.15.pom
Progress (1): 4.1 kBProgress (1): 4.9 kB                    Downloaded from central: https://repo.maven.apache.org/maven2/org/springframework/boot/spring-boot-starter-test/3.5.15/spring-boot-starter-test-3.5.15.pom (4.9 kB at 42 kB/s)
Downloading from central: https://repo.maven.apache.org/maven2/org/springframework/boot/spring-boot-test/3.5.15/spring-boot-test-3.5.15.pom
Progress (1): 2.2 kB                    Downloaded from central: https://repo.maven.apache.org/maven2/org/springframework/boot/spring-boot-test/3.5.15/spring-boot-test-3.5.15.pom (2.2 kB at 23 kB/s)
Downloading from central: https://repo.maven.apache.org/maven2/org/springframework/spring-test/6.2.19/spring-test-6.2.19.pom
Progress (1): 2.1 kB                    Downloaded from central: https://repo.maven.apache.org/maven2/org/springframework/spring-test/6.2.19/spring-test-6.2.19.pom (2.1 kB at 22 kB/s)
Downloading from central: https://repo.maven.apache.org/maven2/org/springframework/boot/spring-boot-test-autoconfigure/3.5.15/spring-boot-test-autoconfigure-3.5.15.pom
Progress (1): 2.5 kB                    Downloaded from central: https://repo.maven.apache.org/maven2/org/springframework/boot/spring-boot-test-autoconfigure/3.5.15/spring-boot-test-autoconfigure-3.5.15.pom (2.5 kB at 23 kB/s)
Downloading from central: https://repo.maven.apache.org/maven2/com/jayway/jsonpath/json-path/2.9.0/json-path-2.9.0.pom
Progress (1): 1.9 kB                    Downloaded from central: https://repo.maven.apache.org/maven2/com/jayway/jsonpath/json-path/2.9.0/json-path-2.9.0.pom (1.9 kB at 20 kB/s)
Downloading from central: https://repo.maven.apache.org/maven2/net/minidev/json-smart/2.5.2/json-smart-2.5.2.pom
Progress (1): 4.1 kBProgress (1): 8.2 kBProgress (1): 10 kB                    Downloaded from central: https://repo.maven.apache.org/maven2/net/minidev/json-smart/2.5.2/json-smart-2.5.2.pom (10 kB at 99 kB/s)
Downloading from central: https://repo.maven.apache.org/maven2/net/minidev/accessors-smart/2.5.2/accessors-smart-2.5.2.pom
Progress (1): 4.1 kBProgress (1): 8.2 kBProgress (1): 12 kB                    Downloaded from central: https://repo.maven.apache.org/maven2/net/minidev/accessors-smart/2.5.2/accessors-smart-2.5.2.pom (12 kB at 125 kB/s)
Downloading from central: https://repo.maven.apache.org/maven2/org/ow2/asm/asm/9.7.1/asm-9.7.1.pom
Progress (1): 2.4 kB                    Downloaded from central: https://repo.maven.apache.org/maven2/org/ow2/asm/asm/9.7.1/asm-9.7.1.pom (2.4 kB at 25 kB/s)
Downloading from central: https://repo.maven.apache.org/maven2/org/ow2/ow2/1.5.1/ow2-1.5.1.pom
Progress (1): 4.1 kBProgress (1): 8.2 kBProgress (1): 11 kB                    Downloaded from central: https://repo.maven.apache.org/maven2/org/ow2/ow2/1.5.1/ow2-1.5.1.pom (11 kB at 120 kB/s)
Downloading from central: https://repo.maven.apache.org/maven2/org/assertj/assertj-core/3.27.7/assertj-core-3.27.7.pom
Progress (1): 3.8 kB                    Downloaded from central: https://repo.maven.apache.org/maven2/org/assertj/assertj-core/3.27.7/assertj-core-3.27.7.pom (3.8 kB at 40 kB/s)
Downloading from central: https://repo.maven.apache.org/maven2/org/awaitility/awaitility/4.2.2/awaitility-4.2.2.pom
Progress (1): 3.5 kB                    Downloaded from central: https://repo.maven.apache.org/maven2/org/awaitility/awaitility/4.2.2/awaitility-4.2.2.pom (3.5 kB at 39 kB/s)
Downloading from central: https://repo.maven.apache.org/maven2/org/awaitility/awaitility-parent/4.2.2/awaitility-parent-4.2.2.pom
Progress (1): 4.1 kBProgress (1): 8.2 kBProgress (1): 11 kB                    Downloaded from central: https://repo.maven.apache.org/maven2/org/awaitility/awaitility-parent/4.2.2/awaitility-parent-4.2.2.pom (11 kB at 71 kB/s)
Downloading from central: https://repo.maven.apache.org/maven2/org/hamcrest/hamcrest/3.0/hamcrest-3.0.pom
Progress (1): 1.6 kB                    Downloaded from central: https://repo.maven.apache.org/maven2/org/hamcrest/hamcrest/3.0/hamcrest-3.0.pom (1.6 kB at 17 kB/s)
Downloading from central: https://repo.maven.apache.org/maven2/org/junit/jupiter/junit-jupiter/5.12.2/junit-jupiter-5.12.2.pom
Progress (1): 3.2 kB                    Downloaded from central: https://repo.maven.apache.org/maven2/org/junit/jupiter/junit-jupiter/5.12.2/junit-jupiter-5.12.2.pom (3.2 kB at 15 kB/s)
Downloading from central: https://repo.maven.apache.org/maven2/org/junit/jupiter/junit-jupiter-api/5.12.2/junit-jupiter-api-5.12.2.pom
Progress (1): 3.2 kB                    Downloaded from central: https://repo.maven.apache.org/maven2/org/junit/jupiter/junit-jupiter-api/5.12.2/junit-jupiter-api-5.12.2.pom (3.2 kB at 35 kB/s)
Downloading from central: https://repo.maven.apache.org/maven2/org/opentest4j/opentest4j/1.3.0/opentest4j-1.3.0.pom
Progress (1): 2.0 kB                    Downloaded from central: https://repo.maven.apache.org/maven2/org/opentest4j/opentest4j/1.3.0/opentest4j-1.3.0.pom (2.0 kB at 23 kB/s)
Downloading from central: https://repo.maven.apache.org/maven2/org/junit/platform/junit-platform-commons/1.12.2/junit-platform-commons-1.12.2.pom
Progress (1): 2.8 kB                    Downloaded from central: https://repo.maven.apache.org/maven2/org/junit/platform/junit-platform-commons/1.12.2/junit-platform-commons-1.12.2.pom (2.8 kB at 30 kB/s)
Downloading from central: https://repo.maven.apache.org/maven2/org/apiguardian/apiguardian-api/1.1.2/apiguardian-api-1.1.2.pom
Progress (1): 1.5 kB                    Downloaded from central: https://repo.maven.apache.org/maven2/org/apiguardian/apiguardian-api/1.1.2/apiguardian-api-1.1.2.pom (1.5 kB at 14 kB/s)
Downloading from central: https://repo.maven.apache.org/maven2/org/junit/jupiter/junit-jupiter-params/5.12.2/junit-jupiter-params-5.12.2.pom
Progress (1): 3.0 kB                    Downloaded from central: https://repo.maven.apache.org/maven2/org/junit/jupiter/junit-jupiter-params/5.12.2/junit-jupiter-params-5.12.2.pom (3.0 kB at 813 B/s)
Downloading from central: https://repo.maven.apache.org/maven2/org/junit/jupiter/junit-jupiter-engine/5.12.2/junit-jupiter-engine-5.12.2.pom
Progress (1): 3.2 kB                    Downloaded from central: https://repo.maven.apache.org/maven2/org/junit/jupiter/junit-jupiter-engine/5.12.2/junit-jupiter-engine-5.12.2.pom (3.2 kB at 32 kB/s)
Downloading from central: https://repo.maven.apache.org/maven2/org/junit/platform/junit-platform-engine/1.12.2/junit-platform-engine-1.12.2.pom
Progress (1): 3.2 kB                    Downloaded from central: https://repo.maven.apache.org/maven2/org/junit/platform/junit-platform-engine/1.12.2/junit-platform-engine-1.12.2.pom (3.2 kB at 25 kB/s)
Downloading from central: https://repo.maven.apache.org/maven2/org/mockito/mockito-core/5.17.0/mockito-core-5.17.0.pom
Progress (1): 2.5 kB                    Downloaded from central: https://repo.maven.apache.org/maven2/org/mockito/mockito-core/5.17.0/mockito-core-5.17.0.pom (2.5 kB at 22 kB/s)
Downloading from central: https://repo.maven.apache.org/maven2/net/bytebuddy/byte-buddy-agent/1.17.8/byte-buddy-agent-1.17.8.pom
Progress (1): 4.1 kBProgress (1): 8.2 kBProgress (1): 12 kB Progress (1): 14 kB                   Downloaded from central: https://repo.maven.apache.org/maven2/net/bytebuddy/byte-buddy-agent/1.17.8/byte-buddy-agent-1.17.8.pom (14 kB at 119 kB/s)
Downloading from central: https://repo.maven.apache.org/maven2/org/objenesis/objenesis/3.3/objenesis-3.3.pom
Progress (1): 3.0 kB                    Downloaded from central: https://repo.maven.apache.org/maven2/org/objenesis/objenesis/3.3/objenesis-3.3.pom (3.0 kB at 29 kB/s)
Downloading from central: https://repo.maven.apache.org/maven2/org/objenesis/objenesis-parent/3.3/objenesis-parent-3.3.pom
Progress (1): 4.1 kBProgress (1): 8.2 kBProgress (1): 12 kB Progress (1): 16 kBProgress (1): 19 kB                   Downloaded from central: https://repo.maven.apache.org/maven2/org/objenesis/objenesis-parent/3.3/objenesis-parent-3.3.pom (19 kB at 194 kB/s)
Downloading from central: https://repo.maven.apache.org/maven2/org/mockito/mockito-junit-jupiter/5.17.0/mockito-junit-jupiter-5.17.0.pom
Progress (1): 2.3 kB                    Downloaded from central: https://repo.maven.apache.org/maven2/org/mockito/mockito-junit-jupiter/5.17.0/mockito-junit-jupiter-5.17.0.pom (2.3 kB at 25 kB/s)
Downloading from central: https://repo.maven.apache.org/maven2/org/skyscreamer/jsonassert/1.5.3/jsonassert-1.5.3.pom
Progress (1): 4.1 kBProgress (1): 7.0 kB                    Downloaded from central: https://repo.maven.apache.org/maven2/org/skyscreamer/jsonassert/1.5.3/jsonassert-1.5.3.pom (7.0 kB at 78 kB/s)
Downloading from central: https://repo.maven.apache.org/maven2/com/vaadin/external/google/android-json/0.0.20131108.vaadin1/android-json-0.0.20131108.vaadin1.pom
Progress (1): 2.8 kB                    Downloaded from central: https://repo.maven.apache.org/maven2/com/vaadin/external/google/android-json/0.0.20131108.vaadin1/android-json-0.0.20131108.vaadin1.pom (2.8 kB at 31 kB/s)
Downloading from central: https://repo.maven.apache.org/maven2/org/xmlunit/xmlunit-core/2.10.4/xmlunit-core-2.10.4.pom
Progress (1): 2.8 kB                    Downloaded from central: https://repo.maven.apache.org/maven2/org/xmlunit/xmlunit-core/2.10.4/xmlunit-core-2.10.4.pom (2.8 kB at 23 kB/s)
Downloading from central: https://repo.maven.apache.org/maven2/org/xmlunit/xmlunit-parent/2.10.4/xmlunit-parent-2.10.4.pom
Progress (1): 4.1 kBProgress (1): 8.2 kBProgress (1): 12 kB Progress (1): 16 kBProgress (1): 20 kBProgress (1): 23 kB                   Downloaded from central: https://repo.maven.apache.org/maven2/org/xmlunit/xmlunit-parent/2.10.4/xmlunit-parent-2.10.4.pom (23 kB at 248 kB/s)
Downloading from central: https://repo.maven.apache.org/maven2/org/xerial/sqlite-jdbc/3.46.1.0/sqlite-jdbc-3.46.1.0.pom
Progress (1): 4.1 kBProgress (1): 8.2 kBProgress (1): 12 kB Progress (1): 16 kBProgress (1): 19 kB                   Downloaded from central: https://repo.maven.apache.org/maven2/org/xerial/sqlite-jdbc/3.46.1.0/sqlite-jdbc-3.46.1.0.pom (19 kB at 193 kB/s)
Downloading from central: https://repo.maven.apache.org/maven2/org/hibernate/orm/hibernate-community-dialects/6.6.53.Final/hibernate-community-dialects-6.6.53.Final.pom
Progress (1): 2.7 kB                    Downloaded from central: https://repo.maven.apache.org/maven2/org/hibernate/orm/hibernate-community-dialects/6.6.53.Final/hibernate-community-dialects-6.6.53.Final.pom (2.7 kB at 29 kB/s)
Downloading from central: https://repo.maven.apache.org/maven2/org/springframework/boot/spring-boot-starter-data-jpa/3.5.15/spring-boot-starter-data-jpa-3.5.15.jar
Downloading from central: https://repo.maven.apache.org/maven2/org/springframework/boot/spring-boot-starter/3.5.15/spring-boot-starter-3.5.15.jar
Downloading from central: https://repo.maven.apache.org/maven2/org/springframework/boot/spring-boot/3.5.15/spring-boot-3.5.15.jar
Downloading from central: https://repo.maven.apache.org/maven2/org/springframework/boot/spring-boot-autoconfigure/3.5.15/spring-boot-autoconfigure-3.5.15.jar
Downloading from central: https://repo.maven.apache.org/maven2/org/springframework/boot/spring-boot-starter-logging/3.5.15/spring-boot-starter-logging-3.5.15.jar
Progress (1): 3.2/4.8 kBProgress (1): 4.8 kB                        Downloaded from central: https://repo.maven.apache.org/maven2/org/springframework/boot/spring-boot-starter-data-jpa/3.5.15/spring-boot-starter-data-jpa-3.5.15.jar (4.8 kB at 53 kB/s)
Downloading from central: https://repo.maven.apache.org/maven2/ch/qos/logback/logback-classic/1.5.34/logback-classic-1.5.34.jar
Progress (1): 2.3/4.8 kBProgress (1): 4.5/4.8 kBProgress (1): 4.8 kB    Progress (2): 4.8 kB | 0/2.1 MBProgress (3): 4.8 kB | 0/2.1 MB | 4.1/287 kBProgress (3): 4.8 kB | 0/2.1 MB | 7.7/287 kBProgress (3): 4.8 kB | 0/2.1 MB | 11/287 kB Progress (3): 4.8 kB | 0/2.1 MB | 11/287 kBProgress (4): 4.8 kB | 0/2.1 MB | 11/287 kB | 2.3/4.8 kBProgress (4): 4.8 kB | 0/2.1 MB | 11/287 kB | 4.8 kB    Progress (4): 4.8 kB | 0/2.1 MB | 15/287 kB | 4.8 kBProgress (4): 4.8 kB | 0/2.1 MB | 20/287 kB | 4.8 kBProgress (4): 4.8 kB | 0/2.1 MB | 24/287 kB | 4.8 kBProgress (4): 4.8 kB | 0/2.1 MB | 28/287 kB | 4.8 kBProgress (4): 4.8 kB | 0/2.1 MB | 28/287 kB | 4.8 kBProgress (4): 4.8 kB | 0/2.1 MB | 28/287 kB | 4.8 kBProgress (4): 4.8 kB | 0/2.1 MB | 32/287 kB | 4.8 kBProgress (4): 4.8 kB | 0/2.1 MB | 36/287 kB | 4.8 kBProgress (4): 4.8 kB | 0/2.1 MB | 40/287 kB | 4.8 kBProgress (4): 4.8 kB | 0/2.1 MB | 44/287 kB | 4.8 kBProgress (4): 4.8 kB | 0/2.1 MB | 48/287 kB | 4.8 kBProgress (4): 4.8 kB | 0.1/2.1 MB | 48/287 kB | 4.8 kBProgress (5): 4.8 kB | 0.1/2.1 MB | 48/287 kB | 4.8 kB | 0/1.9 MBProgress (5): 4.8 kB | 0.1/2.1 MB | 48/287 kB | 4.8 kB | 0/1.9 MBProgress (5): 4.8 kB | 0.1/2.1 MB | 52/287 kB | 4.8 kB | 0/1.9 MBProgress (5): 4.8 kB | 0.1/2.1 MB | 56/287 kB | 4.8 kB | 0/1.9 MBProgress (5): 4.8 kB | 0.1/2.1 MB | 61/287 kB | 4.8 kB | 0/1.9 MBProgress (5): 4.8 kB | 0.1/2.1 MB | 65/287 kB | 4.8 kB | 0/1.9 MBProgress (5): 4.8 kB | 0.1/2.1 MB | 65/287 kB | 4.8 kB | 0/1.9 MBProgress (5): 4.8 kB | 0.1/2.1 MB | 65/287 kB | 4.8 kB | 0/1.9 MBProgress (5): 4.8 kB | 0.1/2.1 MB | 69/287 kB | 4.8 kB | 0/1.9 MBProgress (5): 4.8 kB | 0.1/2.1 MB | 73/287 kB | 4.8 kB | 0/1.9 MBProgress (5): 4.8 kB | 0.1/2.1 MB | 77/287 kB | 4.8 kB | 0/1.9 MBProgress (5): 4.8 kB | 0.1/2.1 MB | 81/287 kB | 4.8 kB | 0/1.9 MBProgress (5): 4.8 kB | 0.1/2.1 MB | 81/287 kB | 4.8 kB | 0/1.9 MBProgress (5): 4.8 kB | 0.1/2.1 MB | 81/287 kB | 4.8 kB | 0/1.9 MBProgress (5): 4.8 kB | 0.1/2.1 MB | 85/287 kB | 4.8 kB | 0/1.9 MBProgress (5): 4.8 kB | 0.1/2.1 MB | 89/287 kB | 4.8 kB | 0/1.9 MBProgress (5): 4.8 kB | 0.1/2.1 MB | 93/287 kB | 4.8 kB | 0/1.9 MBProgress (5): 4.8 kB | 0.1/2.1 MB | 97/287 kB | 4.8 kB | 0/1.9 MBProgress (5): 4.8 kB | 0.1/2.1 MB | 97/287 kB | 4.8 kB | 0.1/1.9 MBProgress (5): 4.8 kB | 0.1/2.1 MB | 97/287 kB | 4.8 kB | 0.1/1.9 MBProgress (5): 4.8 kB | 0.1/2.1 MB | 97/287 kB | 4.8 kB | 0.1/1.9 MBProgress (5): 4.8 kB | 0.1/2.1 MB | 101/287 kB | 4.8 kB | 0.1/1.9 MBProgress (5): 4.8 kB | 0.1/2.1 MB | 106/287 kB | 4.8 kB | 0.1/1.9 MBProgress (5): 4.8 kB | 0.1/2.1 MB | 106/287 kB | 4.8 kB | 0.1/1.9 MBProgress (5): 4.8 kB | 0.1/2.1 MB | 110/287 kB | 4.8 kB | 0.1/1.9 MBProgress (5): 4.8 kB | 0.1/2.1 MB | 114/287 kB | 4.8 kB | 0.1/1.9 MB                                                                    Downloaded from central: https://repo.maven.apache.org/maven2/org/springframework/boot/spring-boot-starter/3.5.15/spring-boot-starter-3.5.15.jar (4.8 kB at 16 kB/s)
Downloading from central: https://repo.maven.apache.org/maven2/ch/qos/logback/logback-core/1.5.34/logback-core-1.5.34.jar
Progress (4): 0.1/2.1 MB | 114/287 kB | 4.8 kB | 0.1/1.9 MBProgress (4): 0.1/2.1 MB | 118/287 kB | 4.8 kB | 0.1/1.9 MBProgress (4): 0.1/2.1 MB | 118/287 kB | 4.8 kB | 0.1/1.9 MBProgress (4): 0.1/2.1 MB | 122/287 kB | 4.8 kB | 0.1/1.9 MBProgress (4): 0.1/2.1 MB | 126/287 kB | 4.8 kB | 0.1/1.9 MBProgress (4): 0.1/2.1 MB | 130/287 kB | 4.8 kB | 0.1/1.9 MB                                                           Downloaded from central: https://repo.maven.apache.org/maven2/org/springframework/boot/spring-boot-starter-logging/3.5.15/spring-boot-starter-logging-3.5.15.jar (4.8 kB at 15 kB/s)
Downloading from central: https://repo.maven.apache.org/maven2/org/apache/logging/log4j/log4j-to-slf4j/2.24.3/log4j-to-slf4j-2.24.3.jar
Progress (3): 0.1/2.1 MB | 130/287 kB | 0.1/1.9 MBProgress (3): 0.1/2.1 MB | 134/287 kB | 0.1/1.9 MBProgress (3): 0.1/2.1 MB | 138/287 kB | 0.1/1.9 MBProgress (3): 0.1/2.1 MB | 142/287 kB | 0.1/1.9 MBProgress (3): 0.1/2.1 MB | 147/287 kB | 0.1/1.9 MBProgress (3): 0.1/2.1 MB | 147/287 kB | 0.1/1.9 MBProgress (3): 0.1/2.1 MB | 147/287 kB | 0.1/1.9 MBProgress (3): 0.1/2.1 MB | 147/287 kB | 0.1/1.9 MBProgress (3): 0.1/2.1 MB | 147/287 kB | 0.1/1.9 MBProgress (3): 0.1/2.1 MB | 151/287 kB | 0.1/1.9 MBProgress (3): 0.1/2.1 MB | 155/287 kB | 0.1/1.9 MBProgress (3): 0.1/2.1 MB | 159/287 kB | 0.1/1.9 MBProgress (3): 0.1/2.1 MB | 163/287 kB | 0.1/1.9 MBProgress (3): 0.1/2.1 MB | 163/287 kB | 0.1/1.9 MBProgress (3): 0.1/2.1 MB | 167/287 kB | 0.1/1.9 MBProgress (3): 0.1/2.1 MB | 167/287 kB | 0.1/1.9 MBProgress (3): 0.1/2.1 MB | 171/287 kB | 0.1/1.9 MBProgress (3): 0.1/2.1 MB | 175/287 kB | 0.1/1.9 MBProgress (3): 0.1/2.1 MB | 179/287 kB | 0.1/1.9 MBProgress (3): 0.1/2.1 MB | 183/287 kB | 0.1/1.9 MBProgress (3): 0.1/2.1 MB | 183/287 kB | 0.1/1.9 MBProgress (3): 0.1/2.1 MB | 187/287 kB | 0.1/1.9 MBProgress (3): 0.1/2.1 MB | 192/287 kB | 0.1/1.9 MBProgress (3): 0.1/2.1 MB | 196/287 kB | 0.1/1.9 MBProgress (3): 0.1/2.1 MB | 200/287 kB | 0.1/1.9 MBProgress (3): 0.1/2.1 MB | 200/287 kB | 0.1/1.9 MBProgress (3): 0.1/2.1 MB | 200/287 kB | 0.1/1.9 MBProgress (3): 0.1/2.1 MB | 200/287 kB | 0.1/1.9 MBProgress (3): 0.1/2.1 MB | 204/287 kB | 0.1/1.9 MBProgress (3): 0.1/2.1 MB | 204/287 kB | 0.1/1.9 MBProgress (3): 0.1/2.1 MB | 208/287 kB | 0.1/1.9 MBProgress (3): 0.1/2.1 MB | 212/287 kB | 0.1/1.9 MBProgress (3): 0.2/2.1 MB | 212/287 kB | 0.1/1.9 MBProgress (3): 0.2/2.1 MB | 216/287 kB | 0.1/1.9 MBProgress (3): 0.2/2.1 MB | 216/287 kB | 0.1/1.9 MBProgress (3): 0.2/2.1 MB | 220/287 kB | 0.1/1.9 MBProgress (3): 0.2/2.1 MB | 224/287 kB | 0.1/1.9 MBProgress (3): 0.2/2.1 MB | 224/287 kB | 0.1/1.9 MBProgress (3): 0.2/2.1 MB | 228/287 kB | 0.1/1.9 MBProgress (3): 0.2/2.1 MB | 228/287 kB | 0.1/1.9 MBProgress (4): 0.2/2.1 MB | 228/287 kB | 0.1/1.9 MB | 2.3/645 kBProgress (4): 0.2/2.1 MB | 228/287 kB | 0.1/1.9 MB | 5.0/645 kBProgress (4): 0.2/2.1 MB | 228/287 kB | 0.1/1.9 MB | 7.7/645 kBProgress (4): 0.2/2.1 MB | 228/287 kB | 0.1/1.9 MB | 10/645 kB Progress (4): 0.2/2.1 MB | 228/287 kB | 0.1/1.9 MB | 13/645 kBProgress (4): 0.2/2.1 MB | 228/287 kB | 0.1/1.9 MB | 16/645 kBProgress (4): 0.2/2.1 MB | 228/287 kB | 0.1/1.9 MB | 19/645 kBProgress (4): 0.2/2.1 MB | 228/287 kB | 0.1/1.9 MB | 21/645 kBProgress (4): 0.2/2.1 MB | 228/287 kB | 0.1/1.9 MB | 24/645 kBProgress (4): 0.2/2.1 MB | 228/287 kB | 0.1/1.9 MB | 27/645 kBProgress (4): 0.2/2.1 MB | 228/287 kB | 0.1/1.9 MB | 30/645 kBProgress (4): 0.2/2.1 MB | 228/287 kB | 0.1/1.9 MB | 32/645 kBProgress (4): 0.2/2.1 MB | 228/287 kB | 0.1/1.9 MB | 36/645 kBProgress (4): 0.2/2.1 MB | 228/287 kB | 0.1/1.9 MB | 38/645 kBProgress (4): 0.2/2.1 MB | 228/287 kB | 0.1/1.9 MB | 41/645 kBProgress (4): 0.2/2.1 MB | 228/287 kB | 0.1/1.9 MB | 44/645 kBProgress (4): 0.2/2.1 MB | 228/287 kB | 0.1/1.9 MB | 46/645 kBProgress (4): 0.2/2.1 MB | 228/287 kB | 0.1/1.9 MB | 49/645 kBProgress (4): 0.2/2.1 MB | 228/287 kB | 0.1/1.9 MB | 53/645 kBProgress (4): 0.2/2.1 MB | 228/287 kB | 0.1/1.9 MB | 57/645 kBProgress (4): 0.2/2.1 MB | 228/287 kB | 0.1/1.9 MB | 61/645 kBProgress (4): 0.2/2.1 MB | 228/287 kB | 0.1/1.9 MB | 66/645 kBProgress (4): 0.2/2.1 MB | 228/287 kB | 0.1/1.9 MB | 70/645 kBProgress (4): 0.2/2.1 MB | 228/287 kB | 0.1/1.9 MB | 74/645 kBProgress (4): 0.2/2.1 MB | 228/287 kB | 0.1/1.9 MB | 78/645 kBProgress (4): 0.2/2.1 MB | 228/287 kB | 0.1/1.9 MB | 78/645 kBProgress (4): 0.2/2.1 MB | 228/287 kB | 0.1/1.9 MB | 82/645 kBProgress (4): 0.2/2.1 MB | 228/287 kB | 0.2/1.9 MB | 82/645 kBProgress (4): 0.2/2.1 MB | 233/287 kB | 0.2/1.9 MB | 82/645 kBProgress (4): 0.2/2.1 MB | 237/287 kB | 0.2/1.9 MB | 82/645 kBProgress (4): 0.2/2.1 MB | 241/287 kB | 0.2/1.9 MB | 82/645 kBProgress (4): 0.2/2.1 MB | 245/287 kB | 0.2/1.9 MB | 82/645 kBProgress (4): 0.2/2.1 MB | 245/287 kB | 0.2/1.9 MB | 86/645 kBProgress (4): 0.2/2.1 MB | 245/287 kB | 0.2/1.9 MB | 86/645 kBProgress (4): 0.2/2.1 MB | 245/287 kB | 0.2/1.9 MB | 90/645 kBProgress (4): 0.2/2.1 MB | 245/287 kB | 0.2/1.9 MB | 90/645 kBProgress (4): 0.2/2.1 MB | 245/287 kB | 0.2/1.9 MB | 90/645 kBProgress (4): 0.2/2.1 MB | 249/287 kB | 0.2/1.9 MB | 90/645 kBProgress (4): 0.2/2.1 MB | 253/287 kB | 0.2/1.9 MB | 90/645 kBProgress (4): 0.2/2.1 MB | 257/287 kB | 0.2/1.9 MB | 90/645 kBProgress (4): 0.2/2.1 MB | 261/287 kB | 0.2/1.9 MB | 90/645 kBProgress (4): 0.2/2.1 MB | 261/287 kB | 0.2/1.9 MB | 90/645 kBProgress (4): 0.2/2.1 MB | 261/287 kB | 0.2/1.9 MB | 90/645 kBProgress (4): 0.2/2.1 MB | 261/287 kB | 0.2/1.9 MB | 90/645 kBProgress (4): 0.2/2.1 MB | 265/287 kB | 0.2/1.9 MB | 90/645 kBProgress (4): 0.2/2.1 MB | 269/287 kB | 0.2/1.9 MB | 90/645 kBProgress (4): 0.2/2.1 MB | 273/287 kB | 0.2/1.9 MB | 90/645 kBProgress (4): 0.2/2.1 MB | 278/287 kB | 0.2/1.9 MB | 90/645 kBProgress (4): 0.2/2.1 MB | 282/287 kB | 0.2/1.9 MB | 90/645 kBProgress (4): 0.2/2.1 MB | 286/287 kB | 0.2/1.9 MB | 90/645 kBProgress (4): 0.2/2.1 MB | 287 kB | 0.2/1.9 MB | 90/645 kB    Progress (4): 0.2/2.1 MB | 287 kB | 0.2/1.9 MB | 90/645 kBProgress (4): 0.2/2.1 MB | 287 kB | 0.2/1.9 MB | 90/645 kBProgress (4): 0.2/2.1 MB | 287 kB | 0.2/1.9 MB | 90/645 kBProgress (4): 0.2/2.1 MB | 287 kB | 0.2/1.9 MB | 90/645 kBProgress (4): 0.3/2.1 MB | 287 kB | 0.2/1.9 MB | 90/645 kBProgress (4): 0.3/2.1 MB | 287 kB | 0.2/1.9 MB | 90/645 kBProgress (4): 0.3/2.1 MB | 287 kB | 0.2/1.9 MB | 94/645 kBProgress (4): 0.3/2.1 MB | 287 kB | 0.2/1.9 MB | 98/645 kBProgress (5): 0.3/2.1 MB | 287 kB | 0.2/1.9 MB | 98/645 kB | 2.3/24 kBProgress (5): 0.3/2.1 MB | 287 kB | 0.2/1.9 MB | 102/645 kB | 2.3/24 kBProgress (5): 0.3/2.1 MB | 287 kB | 0.2/1.9 MB | 102/645 kB | 5.0/24 kBProgress (5): 0.3/2.1 MB | 287 kB | 0.2/1.9 MB | 102/645 kB | 7.7/24 kBProgress (5): 0.3/2.1 MB | 287 kB | 0.2/1.9 MB | 102/645 kB | 10/24 kB Progress (5): 0.3/2.1 MB | 287 kB | 0.2/1.9 MB | 102/645 kB | 14/24 kBProgress (5): 0.3/2.1 MB | 287 kB | 0.2/1.9 MB | 102/645 kB | 16/24 kBProgress (5): 0.3/2.1 MB | 287 kB | 0.2/1.9 MB | 102/645 kB | 19/24 kBProgress (5): 0.3/2.1 MB | 287 kB | 0.2/1.9 MB | 102/645 kB | 22/24 kBProgress (5): 0.3/2.1 MB | 287 kB | 0.2/1.9 MB | 102/645 kB | 24 kB   Progress (5): 0.3/2.1 MB | 287 kB | 0.2/1.9 MB | 106/645 kB | 24 kBProgress (5): 0.3/2.1 MB | 287 kB | 0.2/1.9 MB | 111/645 kB | 24 kBProgress (5): 0.3/2.1 MB | 287 kB | 0.2/1.9 MB | 115/645 kB | 24 kBProgress (5): 0.3/2.1 MB | 287 kB | 0.2/1.9 MB | 119/645 kB | 24 kBProgress (5): 0.3/2.1 MB | 287 kB | 0.2/1.9 MB | 123/645 kB | 24 kBProgress (5): 0.3/2.1 MB | 287 kB | 0.2/1.9 MB | 127/645 kB | 24 kBProgress (5): 0.3/2.1 MB | 287 kB | 0.2/1.9 MB | 131/645 kB | 24 kBProgress (5): 0.3/2.1 MB | 287 kB | 0.2/1.9 MB | 135/645 kB | 24 kBProgress (5): 0.3/2.1 MB | 287 kB | 0.2/1.9 MB | 139/645 kB | 24 kBProgress (5): 0.3/2.1 MB | 287 kB | 0.2/1.9 MB | 143/645 kB | 24 kBProgress (5): 0.3/2.1 MB | 287 kB | 0.2/1.9 MB | 147/645 kB | 24 kBProgress (5): 0.3/2.1 MB | 287 kB | 0.2/1.9 MB | 152/645 kB | 24 kBProgress (5): 0.3/2.1 MB | 287 kB | 0.2/1.9 MB | 152/645 kB | 24 kBProgress (5): 0.3/2.1 MB | 287 kB | 0.2/1.9 MB | 156/645 kB | 24 kBProgress (5): 0.3/2.1 MB | 287 kB | 0.2/1.9 MB | 160/645 kB | 24 kBProgress (5): 0.3/2.1 MB | 287 kB | 0.2/1.9 MB | 164/645 kB | 24 kBProgress (5): 0.3/2.1 MB | 287 kB | 0.2/1.9 MB | 168/645 kB | 24 kBProgress (5): 0.3/2.1 MB | 287 kB | 0.2/1.9 MB | 172/645 kB | 24 kBProgress (5): 0.3/2.1 MB | 287 kB | 0.2/1.9 MB | 176/645 kB | 24 kBProgress (5): 0.3/2.1 MB | 287 kB | 0.2/1.9 MB | 176/645 kB | 24 kBProgress (5): 0.3/2.1 MB | 287 kB | 0.2/1.9 MB | 180/645 kB | 24 kBProgress (5): 0.3/2.1 MB | 287 kB | 0.2/1.9 MB | 180/645 kB | 24 kBProgress (5): 0.3/2.1 MB | 287 kB | 0.2/1.9 MB | 184/645 kB | 24 kBProgress (5): 0.3/2.1 MB | 287 kB | 0.2/1.9 MB | 184/645 kB | 24 kBProgress (5): 0.3/2.1 MB | 287 kB | 0.2/1.9 MB | 188/645 kB | 24 kBProgress (5): 0.3/2.1 MB | 287 kB | 0.2/1.9 MB | 188/645 kB | 24 kBProgress (5): 0.3/2.1 MB | 287 kB | 0.2/1.9 MB | 188/645 kB | 24 kBProgress (5): 0.3/2.1 MB | 287 kB | 0.3/1.9 MB | 188/645 kB | 24 kBProgress (5): 0.3/2.1 MB | 287 kB | 0.3/1.9 MB | 188/645 kB | 24 kBProgress (5): 0.3/2.1 MB | 287 kB | 0.3/1.9 MB | 188/645 kB | 24 kBProgress (5): 0.3/2.1 MB | 287 kB | 0.3/1.9 MB | 188/645 kB | 24 kBProgress (5): 0.3/2.1 MB | 287 kB | 0.3/1.9 MB | 188/645 kB | 24 kBProgress (5): 0.3/2.1 MB | 287 kB | 0.3/1.9 MB | 193/645 kB | 24 kBProgress (5): 0.3/2.1 MB | 287 kB | 0.3/1.9 MB | 193/645 kB | 24 kBProgress (5): 0.3/2.1 MB | 287 kB | 0.3/1.9 MB | 193/645 kB | 24 kB                                                                   Downloaded from central: https://repo.maven.apache.org/maven2/ch/qos/logback/logback-classic/1.5.34/logback-classic-1.5.34.jar (287 kB at 437 kB/s)
Downloading from central: https://repo.maven.apache.org/maven2/org/apache/logging/log4j/log4j-api/2.24.3/log4j-api-2.24.3.jar
Progress (4): 0.3/2.1 MB | 0.3/1.9 MB | 197/645 kB | 24 kBProgress (4): 0.3/2.1 MB | 0.3/1.9 MB | 201/645 kB | 24 kBProgress (4): 0.3/2.1 MB | 0.3/1.9 MB | 201/645 kB | 24 kBProgress (4): 0.3/2.1 MB | 0.3/1.9 MB | 205/645 kB | 24 kBProgress (4): 0.3/2.1 MB | 0.3/1.9 MB | 205/645 kB | 24 kBProgress (4): 0.3/2.1 MB | 0.3/1.9 MB | 209/645 kB | 24 kB                                                          Downloaded from central: https://repo.maven.apache.org/maven2/org/apache/logging/log4j/log4j-to-slf4j/2.24.3/log4j-to-slf4j-2.24.3.jar (24 kB at 36 kB/s)
Downloading from central: https://repo.maven.apache.org/maven2/org/slf4j/jul-to-slf4j/2.0.18/jul-to-slf4j-2.0.18.jar
Progress (3): 0.4/2.1 MB | 0.3/1.9 MB | 209/645 kBProgress (3): 0.4/2.1 MB | 0.3/1.9 MB | 213/645 kBProgress (3): 0.4/2.1 MB | 0.3/1.9 MB | 217/645 kBProgress (3): 0.4/2.1 MB | 0.3/1.9 MB | 221/645 kBProgress (3): 0.4/2.1 MB | 0.3/1.9 MB | 225/645 kBProgress (3): 0.4/2.1 MB | 0.3/1.9 MB | 225/645 kBProgress (3): 0.4/2.1 MB | 0.3/1.9 MB | 225/645 kBProgress (3): 0.4/2.1 MB | 0.3/1.9 MB | 225/645 kBProgress (3): 0.4/2.1 MB | 0.3/1.9 MB | 229/645 kBProgress (3): 0.4/2.1 MB | 0.3/1.9 MB | 233/645 kBProgress (3): 0.4/2.1 MB | 0.3/1.9 MB | 238/645 kBProgress (3): 0.4/2.1 MB | 0.3/1.9 MB | 242/645 kBProgress (3): 0.4/2.1 MB | 0.3/1.9 MB | 242/645 kBProgress (3): 0.4/2.1 MB | 0.3/1.9 MB | 242/645 kBProgress (3): 0.4/2.1 MB | 0.3/1.9 MB | 246/645 kBProgress (3): 0.4/2.1 MB | 0.3/1.9 MB | 250/645 kBProgress (3): 0.4/2.1 MB | 0.3/1.9 MB | 254/645 kBProgress (3): 0.4/2.1 MB | 0.3/1.9 MB | 258/645 kBProgress (3): 0.4/2.1 MB | 0.3/1.9 MB | 258/645 kBProgress (3): 0.4/2.1 MB | 0.3/1.9 MB | 258/645 kBProgress (3): 0.4/2.1 MB | 0.4/1.9 MB | 258/645 kBProgress (3): 0.4/2.1 MB | 0.4/1.9 MB | 262/645 kBProgress (3): 0.4/2.1 MB | 0.4/1.9 MB | 266/645 kBProgress (3): 0.4/2.1 MB | 0.4/1.9 MB | 270/645 kBProgress (3): 0.4/2.1 MB | 0.4/1.9 MB | 274/645 kBProgress (3): 0.4/2.1 MB | 0.4/1.9 MB | 274/645 kBProgress (3): 0.4/2.1 MB | 0.4/1.9 MB | 274/645 kBProgress (3): 0.4/2.1 MB | 0.4/1.9 MB | 274/645 kBProgress (3): 0.4/2.1 MB | 0.4/1.9 MB | 279/645 kBProgress (3): 0.4/2.1 MB | 0.4/1.9 MB | 283/645 kBProgress (3): 0.4/2.1 MB | 0.4/1.9 MB | 287/645 kBProgress (3): 0.4/2.1 MB | 0.4/1.9 MB | 291/645 kBProgress (3): 0.4/2.1 MB | 0.4/1.9 MB | 295/645 kBProgress (3): 0.4/2.1 MB | 0.4/1.9 MB | 295/645 kBProgress (3): 0.4/2.1 MB | 0.4/1.9 MB | 295/645 kBProgress (4): 0.4/2.1 MB | 0.4/1.9 MB | 295/645 kB | 3.2/349 kBProgress (4): 0.4/2.1 MB | 0.4/1.9 MB | 299/645 kB | 3.2/349 kBProgress (4): 0.4/2.1 MB | 0.4/1.9 MB | 303/645 kB | 3.2/349 kBProgress (4): 0.4/2.1 MB | 0.4/1.9 MB | 307/645 kB | 3.2/349 kBProgress (4): 0.4/2.1 MB | 0.4/1.9 MB | 311/645 kB | 3.2/349 kBProgress (4): 0.4/2.1 MB | 0.4/1.9 MB | 311/645 kB | 7.3/349 kBProgress (4): 0.4/2.1 MB | 0.4/1.9 MB | 311/645 kB | 11/349 kB Progress (4): 0.4/2.1 MB | 0.4/1.9 MB | 311/645 kB | 15/349 kBProgress (4): 0.4/2.1 MB | 0.4/1.9 MB | 311/645 kB | 20/349 kBProgress (4): 0.4/2.1 MB | 0.4/1.9 MB | 311/645 kB | 24/349 kBProgress (4): 0.4/2.1 MB | 0.4/1.9 MB | 311/645 kB | 28/349 kBProgress (5): 0.4/2.1 MB | 0.4/1.9 MB | 311/645 kB | 28/349 kB | 2.3/6.3 kBProgress (5): 0.4/2.1 MB | 0.4/1.9 MB | 311/645 kB | 32/349 kB | 2.3/6.3 kBProgress (5): 0.4/2.1 MB | 0.4/1.9 MB | 311/645 kB | 36/349 kB | 2.3/6.3 kBProgress (5): 0.4/2.1 MB | 0.4/1.9 MB | 311/645 kB | 36/349 kB | 4.5/6.3 kBProgress (5): 0.4/2.1 MB | 0.4/1.9 MB | 311/645 kB | 36/349 kB | 6.3 kB    Progress (5): 0.4/2.1 MB | 0.4/1.9 MB | 311/645 kB | 40/349 kB | 6.3 kBProgress (5): 0.4/2.1 MB | 0.4/1.9 MB | 311/645 kB | 44/349 kB | 6.3 kBProgress (5): 0.4/2.1 MB | 0.4/1.9 MB | 311/645 kB | 48/349 kB | 6.3 kBProgress (5): 0.4/2.1 MB | 0.4/1.9 MB | 311/645 kB | 52/349 kB | 6.3 kBProgress (5): 0.4/2.1 MB | 0.4/1.9 MB | 311/645 kB | 56/349 kB | 6.3 kBProgress (5): 0.4/2.1 MB | 0.4/1.9 MB | 311/645 kB | 61/349 kB | 6.3 kBProgress (5): 0.4/2.1 MB | 0.4/1.9 MB | 311/645 kB | 65/349 kB | 6.3 kBProgress (5): 0.4/2.1 MB | 0.4/1.9 MB | 311/645 kB | 69/349 kB | 6.3 kBProgress (5): 0.4/2.1 MB | 0.4/1.9 MB | 311/645 kB | 73/349 kB | 6.3 kBProgress (5): 0.4/2.1 MB | 0.4/1.9 MB | 311/645 kB | 77/349 kB | 6.3 kBProgress (5): 0.4/2.1 MB | 0.4/1.9 MB | 311/645 kB | 81/349 kB | 6.3 kBProgress (5): 0.4/2.1 MB | 0.4/1.9 MB | 311/645 kB | 85/349 kB | 6.3 kBProgress (5): 0.4/2.1 MB | 0.4/1.9 MB | 311/645 kB | 89/349 kB | 6.3 kBProgress (5): 0.4/2.1 MB | 0.4/1.9 MB | 311/645 kB | 93/349 kB | 6.3 kBProgress (5): 0.4/2.1 MB | 0.4/1.9 MB | 311/645 kB | 97/349 kB | 6.3 kBProgress (5): 0.4/2.1 MB | 0.4/1.9 MB | 311/645 kB | 101/349 kB | 6.3 kBProgress (5): 0.4/2.1 MB | 0.4/1.9 MB | 311/645 kB | 101/349 kB | 6.3 kBProgress (5): 0.4/2.1 MB | 0.4/1.9 MB | 315/645 kB | 101/349 kB | 6.3 kBProgress (5): 0.4/2.1 MB | 0.4/1.9 MB | 319/645 kB | 101/349 kB | 6.3 kBProgress (5): 0.4/2.1 MB | 0.4/1.9 MB | 324/645 kB | 101/349 kB | 6.3 kBProgress (5): 0.4/2.1 MB | 0.4/1.9 MB | 328/645 kB | 101/349 kB | 6.3 kBProgress (5): 0.4/2.1 MB | 0.4/1.9 MB | 332/645 kB | 101/349 kB | 6.3 kBProgress (5): 0.4/2.1 MB | 0.4/1.9 MB | 336/645 kB | 101/349 kB | 6.3 kBProgress (5): 0.4/2.1 MB | 0.4/1.9 MB | 340/645 kB | 101/349 kB | 6.3 kBProgress (5): 0.4/2.1 MB | 0.4/1.9 MB | 344/645 kB | 101/349 kB | 6.3 kBProgress (5): 0.4/2.1 MB | 0.4/1.9 MB | 344/645 kB | 101/349 kB | 6.3 kBProgress (5): 0.4/2.1 MB | 0.4/1.9 MB | 344/645 kB | 101/349 kB | 6.3 kBProgress (5): 0.4/2.1 MB | 0.4/1.9 MB | 348/645 kB | 101/349 kB | 6.3 kBProgress (5): 0.4/2.1 MB | 0.4/1.9 MB | 352/645 kB | 101/349 kB | 6.3 kBProgress (5): 0.4/2.1 MB | 0.4/1.9 MB | 356/645 kB | 101/349 kB | 6.3 kBProgress (5): 0.4/2.1 MB | 0.4/1.9 MB | 360/645 kB | 101/349 kB | 6.3 kBProgress (5): 0.4/2.1 MB | 0.4/1.9 MB | 360/645 kB | 101/349 kB | 6.3 kBProgress (5): 0.4/2.1 MB | 0.4/1.9 MB | 360/645 kB | 101/349 kB | 6.3 kBProgress (5): 0.4/2.1 MB | 0.4/1.9 MB | 365/645 kB | 101/349 kB | 6.3 kBProgress (5): 0.4/2.1 MB | 0.4/1.9 MB | 369/645 kB | 101/349 kB | 6.3 kBProgress (5): 0.4/2.1 MB | 0.4/1.9 MB | 373/645 kB | 101/349 kB | 6.3 kBProgress (5): 0.4/2.1 MB | 0.4/1.9 MB | 377/645 kB | 101/349 kB | 6.3 kBProgress (5): 0.4/2.1 MB | 0.4/1.9 MB | 377/645 kB | 101/349 kB | 6.3 kBProgress (5): 0.4/2.1 MB | 0.4/1.9 MB | 377/645 kB | 101/349 kB | 6.3 kBProgress (5): 0.4/2.1 MB | 0.4/1.9 MB | 381/645 kB | 101/349 kB | 6.3 kBProgress (5): 0.4/2.1 MB | 0.4/1.9 MB | 385/645 kB | 101/349 kB | 6.3 kBProgress (5): 0.4/2.1 MB | 0.4/1.9 MB | 389/645 kB | 101/349 kB | 6.3 kBProgress (5): 0.4/2.1 MB | 0.4/1.9 MB | 393/645 kB | 101/349 kB | 6.3 kBProgress (5): 0.4/2.1 MB | 0.4/1.9 MB | 393/645 kB | 101/349 kB | 6.3 kBProgress (5): 0.4/2.1 MB | 0.5/1.9 MB | 393/645 kB | 101/349 kB | 6.3 kBProgress (5): 0.4/2.1 MB | 0.5/1.9 MB | 397/645 kB | 101/349 kB | 6.3 kBProgress (5): 0.4/2.1 MB | 0.5/1.9 MB | 401/645 kB | 101/349 kB | 6.3 kBProgress (5): 0.4/2.1 MB | 0.5/1.9 MB | 406/645 kB | 101/349 kB | 6.3 kBProgress (5): 0.4/2.1 MB | 0.5/1.9 MB | 410/645 kB | 101/349 kB | 6.3 kBProgress (5): 0.5/2.1 MB | 0.5/1.9 MB | 410/645 kB | 101/349 kB | 6.3 kBProgress (5): 0.5/2.1 MB | 0.5/1.9 MB | 410/645 kB | 101/349 kB | 6.3 kBProgress (5): 0.5/2.1 MB | 0.5/1.9 MB | 410/645 kB | 101/349 kB | 6.3 kBProgress (5): 0.5/2.1 MB | 0.5/1.9 MB | 414/645 kB | 101/349 kB | 6.3 kBProgress (5): 0.5/2.1 MB | 0.5/1.9 MB | 418/645 kB | 101/349 kB | 6.3 kBProgress (5): 0.5/2.1 MB | 0.5/1.9 MB | 422/645 kB | 101/349 kB | 6.3 kBProgress (5): 0.5/2.1 MB | 0.5/1.9 MB | 426/645 kB | 101/349 kB | 6.3 kBProgress (5): 0.5/2.1 MB | 0.5/1.9 MB | 426/645 kB | 106/349 kB | 6.3 kBProgress (5): 0.5/2.1 MB | 0.5/1.9 MB | 426/645 kB | 110/349 kB | 6.3 kBProgress (5): 0.5/2.1 MB | 0.5/1.9 MB | 426/645 kB | 114/349 kB | 6.3 kBProgress (5): 0.5/2.1 MB | 0.5/1.9 MB | 426/645 kB | 118/349 kB | 6.3 kBProgress (5): 0.5/2.1 MB | 0.5/1.9 MB | 426/645 kB | 118/349 kB | 6.3 kBProgress (5): 0.5/2.1 MB | 0.5/1.9 MB | 426/645 kB | 122/349 kB | 6.3 kBProgress (5): 0.5/2.1 MB | 0.5/1.9 MB | 426/645 kB | 126/349 kB | 6.3 kBProgress (5): 0.5/2.1 MB | 0.5/1.9 MB | 426/645 kB | 126/349 kB | 6.3 kB                                                                        Downloaded from central: https://repo.maven.apache.org/maven2/org/slf4j/jul-to-slf4j/2.0.18/jul-to-slf4j-2.0.18.jar (6.3 kB at 6.6 kB/s)
Downloading from central: https://repo.maven.apache.org/maven2/jakarta/annotation/jakarta.annotation-api/2.1.1/jakarta.annotation-api-2.1.1.jar
Progress (4): 0.5/2.1 MB | 0.5/1.9 MB | 426/645 kB | 126/349 kBProgress (4): 0.5/2.1 MB | 0.5/1.9 MB | 426/645 kB | 126/349 kBProgress (4): 0.5/2.1 MB | 0.5/1.9 MB | 426/645 kB | 126/349 kBProgress (4): 0.6/2.1 MB | 0.5/1.9 MB | 426/645 kB | 126/349 kBProgress (4): 0.6/2.1 MB | 0.5/1.9 MB | 430/645 kB | 126/349 kBProgress (4): 0.6/2.1 MB | 0.5/1.9 MB | 434/645 kB | 126/349 kBProgress (4): 0.6/2.1 MB | 0.5/1.9 MB | 438/645 kB | 126/349 kBProgress (4): 0.6/2.1 MB | 0.5/1.9 MB | 442/645 kB | 126/349 kBProgress (4): 0.6/2.1 MB | 0.5/1.9 MB | 446/645 kB | 126/349 kBProgress (4): 0.6/2.1 MB | 0.5/1.9 MB | 451/645 kB | 126/349 kBProgress (4): 0.6/2.1 MB | 0.5/1.9 MB | 455/645 kB | 126/349 kBProgress (4): 0.6/2.1 MB | 0.5/1.9 MB | 459/645 kB | 126/349 kBProgress (4): 0.6/2.1 MB | 0.5/1.9 MB | 463/645 kB | 126/349 kBProgress (4): 0.6/2.1 MB | 0.5/1.9 MB | 467/645 kB | 126/349 kBProgress (4): 0.6/2.1 MB | 0.5/1.9 MB | 471/645 kB | 126/349 kBProgress (4): 0.6/2.1 MB | 0.5/1.9 MB | 475/645 kB | 126/349 kBProgress (4): 0.6/2.1 MB | 0.5/1.9 MB | 479/645 kB | 126/349 kBProgress (4): 0.6/2.1 MB | 0.5/1.9 MB | 483/645 kB | 126/349 kBProgress (4): 0.6/2.1 MB | 0.5/1.9 MB | 487/645 kB | 126/349 kBProgress (4): 0.6/2.1 MB | 0.5/1.9 MB | 492/645 kB | 126/349 kBProgress (4): 0.6/2.1 MB | 0.5/1.9 MB | 492/645 kB | 126/349 kBProgress (4): 0.6/2.1 MB | 0.5/1.9 MB | 496/645 kB | 126/349 kBProgress (4): 0.6/2.1 MB | 0.5/1.9 MB | 500/645 kB | 126/349 kBProgress (4): 0.6/2.1 MB | 0.5/1.9 MB | 504/645 kB | 126/349 kBProgress (4): 0.6/2.1 MB | 0.5/1.9 MB | 508/645 kB | 126/349 kBProgress (4): 0.6/2.1 MB | 0.5/1.9 MB | 512/645 kB | 126/349 kBProgress (4): 0.6/2.1 MB | 0.5/1.9 MB | 516/645 kB | 126/349 kBProgress (4): 0.6/2.1 MB | 0.5/1.9 MB | 520/645 kB | 126/349 kBProgress (4): 0.6/2.1 MB | 0.5/1.9 MB | 524/645 kB | 126/349 kBProgress (4): 0.6/2.1 MB | 0.5/1.9 MB | 528/645 kB | 126/349 kBProgress (4): 0.6/2.1 MB | 0.5/1.9 MB | 532/645 kB | 126/349 kBProgress (4): 0.6/2.1 MB | 0.5/1.9 MB | 537/645 kB | 126/349 kBProgress (4): 0.6/2.1 MB | 0.5/1.9 MB | 541/645 kB | 126/349 kBProgress (5): 0.6/2.1 MB | 0.5/1.9 MB | 541/645 kB | 126/349 kB | 2.3/26 kBProgress (5): 0.6/2.1 MB | 0.5/1.9 MB | 541/645 kB | 126/349 kB | 5.0/26 kBProgress (5): 0.6/2.1 MB | 0.5/1.9 MB | 541/645 kB | 126/349 kB | 7.7/26 kBProgress (5): 0.6/2.1 MB | 0.5/1.9 MB | 541/645 kB | 126/349 kB | 10/26 kB Progress (5): 0.6/2.1 MB | 0.5/1.9 MB | 541/645 kB | 126/349 kB | 15/26 kBProgress (5): 0.6/2.1 MB | 0.5/1.9 MB | 541/645 kB | 126/349 kB | 19/26 kBProgress (5): 0.6/2.1 MB | 0.5/1.9 MB | 541/645 kB | 126/349 kB | 23/26 kBProgress (5): 0.6/2.1 MB | 0.5/1.9 MB | 541/645 kB | 126/349 kB | 26 kB   Progress (5): 0.6/2.1 MB | 0.5/1.9 MB | 541/645 kB | 126/349 kB | 26 kBProgress (5): 0.6/2.1 MB | 0.5/1.9 MB | 541/645 kB | 126/349 kB | 26 kBProgress (5): 0.6/2.1 MB | 0.5/1.9 MB | 541/645 kB | 126/349 kB | 26 kBProgress (5): 0.6/2.1 MB | 0.5/1.9 MB | 541/645 kB | 126/349 kB | 26 kBProgress (5): 0.6/2.1 MB | 0.5/1.9 MB | 541/645 kB | 126/349 kB | 26 kBProgress (5): 0.6/2.1 MB | 0.5/1.9 MB | 541/645 kB | 126/349 kB | 26 kBProgress (5): 0.6/2.1 MB | 0.5/1.9 MB | 541/645 kB | 126/349 kB | 26 kBProgress (5): 0.6/2.1 MB | 0.5/1.9 MB | 541/645 kB | 126/349 kB | 26 kBProgress (5): 0.6/2.1 MB | 0.5/1.9 MB | 541/645 kB | 126/349 kB | 26 kBProgress (5): 0.6/2.1 MB | 0.5/1.9 MB | 541/645 kB | 126/349 kB | 26 kBProgress (5): 0.6/2.1 MB | 0.5/1.9 MB | 541/645 kB | 126/349 kB | 26 kBProgress (5): 0.6/2.1 MB | 0.5/1.9 MB | 545/645 kB | 126/349 kB | 26 kBProgress (5): 0.6/2.1 MB | 0.5/1.9 MB | 549/645 kB | 126/349 kB | 26 kBProgress (5): 0.6/2.1 MB | 0.5/1.9 MB | 553/645 kB | 126/349 kB | 26 kBProgress (5): 0.6/2.1 MB | 0.5/1.9 MB | 557/645 kB | 126/349 kB | 26 kBProgress (5): 0.6/2.1 MB | 0.5/1.9 MB | 557/645 kB | 126/349 kB | 26 kB                                                                       Downloaded from central: https://repo.maven.apache.org/maven2/jakarta/annotation/jakarta.annotation-api/2.1.1/jakarta.annotation-api-2.1.1.jar (26 kB at 24 kB/s)
Downloading from central: https://repo.maven.apache.org/maven2/org/yaml/snakeyaml/2.4/snakeyaml-2.4.jar
Progress (4): 0.6/2.1 MB | 0.5/1.9 MB | 557/645 kB | 126/349 kBProgress (4): 0.6/2.1 MB | 0.5/1.9 MB | 557/645 kB | 126/349 kBProgress (4): 0.7/2.1 MB | 0.5/1.9 MB | 557/645 kB | 126/349 kBProgress (4): 0.7/2.1 MB | 0.5/1.9 MB | 561/645 kB | 126/349 kBProgress (4): 0.7/2.1 MB | 0.5/1.9 MB | 565/645 kB | 126/349 kBProgress (4): 0.7/2.1 MB | 0.5/1.9 MB | 569/645 kB | 126/349 kBProgress (4): 0.7/2.1 MB | 0.5/1.9 MB | 573/645 kB | 126/349 kBProgress (4): 0.7/2.1 MB | 0.5/1.9 MB | 578/645 kB | 126/349 kBProgress (4): 0.7/2.1 MB | 0.5/1.9 MB | 582/645 kB | 126/349 kBProgress (4): 0.7/2.1 MB | 0.5/1.9 MB | 586/645 kB | 126/349 kBProgress (4): 0.7/2.1 MB | 0.5/1.9 MB | 590/645 kB | 126/349 kBProgress (4): 0.7/2.1 MB | 0.5/1.9 MB | 590/645 kB | 130/349 kBProgress (4): 0.7/2.1 MB | 0.5/1.9 MB | 590/645 kB | 134/349 kBProgress (4): 0.7/2.1 MB | 0.5/1.9 MB | 590/645 kB | 138/349 kBProgress (4): 0.7/2.1 MB | 0.5/1.9 MB | 590/645 kB | 142/349 kBProgress (4): 0.7/2.1 MB | 0.5/1.9 MB | 590/645 kB | 142/349 kBProgress (4): 0.7/2.1 MB | 0.6/1.9 MB | 590/645 kB | 142/349 kBProgress (4): 0.7/2.1 MB | 0.6/1.9 MB | 590/645 kB | 142/349 kBProgress (4): 0.7/2.1 MB | 0.6/1.9 MB | 594/645 kB | 142/349 kBProgress (4): 0.7/2.1 MB | 0.6/1.9 MB | 598/645 kB | 142/349 kBProgress (4): 0.7/2.1 MB | 0.6/1.9 MB | 602/645 kB | 142/349 kBProgress (4): 0.7/2.1 MB | 0.6/1.9 MB | 606/645 kB | 142/349 kBProgress (5): 0.7/2.1 MB | 0.6/1.9 MB | 606/645 kB | 142/349 kB | 3.2/340 kBProgress (5): 0.7/2.1 MB | 0.6/1.9 MB | 606/645 kB | 142/349 kB | 7.3/340 kBProgress (5): 0.7/2.1 MB | 0.6/1.9 MB | 606/645 kB | 142/349 kB | 11/340 kB Progress (5): 0.7/2.1 MB | 0.6/1.9 MB | 606/645 kB | 142/349 kB | 15/340 kBProgress (5): 0.7/2.1 MB | 0.6/1.9 MB | 606/645 kB | 142/349 kB | 20/340 kBProgress (5): 0.7/2.1 MB | 0.6/1.9 MB | 606/645 kB | 142/349 kB | 24/340 kBProgress (5): 0.7/2.1 MB | 0.6/1.9 MB | 606/645 kB | 142/349 kB | 28/340 kBProgress (5): 0.7/2.1 MB | 0.6/1.9 MB | 606/645 kB | 142/349 kB | 32/340 kBProgress (5): 0.7/2.1 MB | 0.6/1.9 MB | 606/645 kB | 142/349 kB | 36/340 kBProgress (5): 0.7/2.1 MB | 0.6/1.9 MB | 606/645 kB | 142/349 kB | 40/340 kBProgress (5): 0.7/2.1 MB | 0.6/1.9 MB | 606/645 kB | 142/349 kB | 44/340 kBProgress (5): 0.7/2.1 MB | 0.6/1.9 MB | 606/645 kB | 142/349 kB | 48/340 kBProgress (5): 0.7/2.1 MB | 0.6/1.9 MB | 606/645 kB | 142/349 kB | 52/340 kBProgress (5): 0.7/2.1 MB | 0.6/1.9 MB | 606/645 kB | 142/349 kB | 56/340 kBProgress (5): 0.7/2.1 MB | 0.6/1.9 MB | 606/645 kB | 142/349 kB | 61/340 kBProgress (5): 0.7/2.1 MB | 0.6/1.9 MB | 606/645 kB | 142/349 kB | 65/340 kBProgress (5): 0.7/2.1 MB | 0.6/1.9 MB | 606/645 kB | 142/349 kB | 69/340 kBProgress (5): 0.7/2.1 MB | 0.6/1.9 MB | 606/645 kB | 142/349 kB | 73/340 kBProgress (5): 0.7/2.1 MB | 0.6/1.9 MB | 606/645 kB | 142/349 kB | 77/340 kBProgress (5): 0.7/2.1 MB | 0.6/1.9 MB | 610/645 kB | 142/349 kB | 77/340 kBProgress (5): 0.7/2.1 MB | 0.6/1.9 MB | 614/645 kB | 142/349 kB | 77/340 kBProgress (5): 0.7/2.1 MB | 0.6/1.9 MB | 618/645 kB | 142/349 kB | 77/340 kBProgress (5): 0.7/2.1 MB | 0.6/1.9 MB | 623/645 kB | 142/349 kB | 77/340 kBProgress (5): 0.7/2.1 MB | 0.6/1.9 MB | 623/645 kB | 142/349 kB | 77/340 kBProgress (5): 0.7/2.1 MB | 0.6/1.9 MB | 623/645 kB | 142/349 kB | 77/340 kBProgress (5): 0.7/2.1 MB | 0.6/1.9 MB | 623/645 kB | 142/349 kB | 77/340 kBProgress (5): 0.7/2.1 MB | 0.6/1.9 MB | 627/645 kB | 142/349 kB | 77/340 kBProgress (5): 0.7/2.1 MB | 0.6/1.9 MB | 631/645 kB | 142/349 kB | 77/340 kBProgress (5): 0.7/2.1 MB | 0.6/1.9 MB | 635/645 kB | 142/349 kB | 77/340 kBProgress (5): 0.7/2.1 MB | 0.6/1.9 MB | 639/645 kB | 142/349 kB | 77/340 kBProgress (5): 0.7/2.1 MB | 0.6/1.9 MB | 643/645 kB | 142/349 kB | 77/340 kBProgress (5): 0.7/2.1 MB | 0.6/1.9 MB | 645 kB | 142/349 kB | 77/340 kB    Progress (5): 0.7/2.1 MB | 0.6/1.9 MB | 645 kB | 142/349 kB | 77/340 kBProgress (5): 0.7/2.1 MB | 0.6/1.9 MB | 645 kB | 142/349 kB | 77/340 kBProgress (5): 0.7/2.1 MB | 0.6/1.9 MB | 645 kB | 142/349 kB | 77/340 kBProgress (5): 0.7/2.1 MB | 0.6/1.9 MB | 645 kB | 142/349 kB | 81/340 kBProgress (5): 0.7/2.1 MB | 0.6/1.9 MB | 645 kB | 142/349 kB | 85/340 kBProgress (5): 0.7/2.1 MB | 0.6/1.9 MB | 645 kB | 142/349 kB | 85/340 kBProgress (5): 0.7/2.1 MB | 0.6/1.9 MB | 645 kB | 142/349 kB | 89/340 kBProgress (5): 0.7/2.1 MB | 0.6/1.9 MB | 645 kB | 142/349 kB | 93/340 kBProgress (5): 0.7/2.1 MB | 0.6/1.9 MB | 645 kB | 142/349 kB | 97/340 kBProgress (5): 0.7/2.1 MB | 0.6/1.9 MB | 645 kB | 142/349 kB | 101/340 kBProgress (5): 0.7/2.1 MB | 0.6/1.9 MB | 645 kB | 142/349 kB | 101/340 kBProgress (5): 0.7/2.1 MB | 0.6/1.9 MB | 645 kB | 142/349 kB | 106/340 kBProgress (5): 0.7/2.1 MB | 0.6/1.9 MB | 645 kB | 142/349 kB | 106/340 kBProgress (5): 0.7/2.1 MB | 0.6/1.9 MB | 645 kB | 142/349 kB | 110/340 kBProgress (5): 0.7/2.1 MB | 0.6/1.9 MB | 645 kB | 142/349 kB | 114/340 kBProgress (5): 0.7/2.1 MB | 0.6/1.9 MB | 645 kB | 142/349 kB | 118/340 kBProgress (5): 0.7/2.1 MB | 0.6/1.9 MB | 645 kB | 142/349 kB | 122/340 kBProgress (5): 0.7/2.1 MB | 0.6/1.9 MB | 645 kB | 142/349 kB | 126/340 kBProgress (5): 0.7/2.1 MB | 0.6/1.9 MB | 645 kB | 142/349 kB | 126/340 kBProgress (5): 0.7/2.1 MB | 0.6/1.9 MB | 645 kB | 142/349 kB | 128/340 kBProgress (5): 0.7/2.1 MB | 0.6/1.9 MB | 645 kB | 142/349 kB | 132/340 kBProgress (5): 0.7/2.1 MB | 0.6/1.9 MB | 645 kB | 142/349 kB | 136/340 kBProgress (5): 0.7/2.1 MB | 0.6/1.9 MB | 645 kB | 142/349 kB | 140/340 kBProgress (5): 0.7/2.1 MB | 0.6/1.9 MB | 645 kB | 142/349 kB | 145/340 kBProgress (5): 0.7/2.1 MB | 0.6/1.9 MB | 645 kB | 142/349 kB | 145/340 kBProgress (5): 0.7/2.1 MB | 0.6/1.9 MB | 645 kB | 142/349 kB | 145/340 kBProgress (5): 0.7/2.1 MB | 0.6/1.9 MB | 645 kB | 142/349 kB | 149/340 kBProgress (5): 0.7/2.1 MB | 0.6/1.9 MB | 645 kB | 142/349 kB | 153/340 kBProgress (5): 0.7/2.1 MB | 0.6/1.9 MB | 645 kB | 142/349 kB | 157/340 kBProgress (5): 0.7/2.1 MB | 0.6/1.9 MB | 645 kB | 142/349 kB | 161/340 kBProgress (5): 0.7/2.1 MB | 0.6/1.9 MB | 645 kB | 142/349 kB | 165/340 kBProgress (5): 0.7/2.1 MB | 0.6/1.9 MB | 645 kB | 142/349 kB | 169/340 kBProgress (5): 0.7/2.1 MB | 0.6/1.9 MB | 645 kB | 142/349 kB | 173/340 kBProgress (5): 0.7/2.1 MB | 0.6/1.9 MB | 645 kB | 142/349 kB | 177/340 kBProgress (5): 0.7/2.1 MB | 0.6/1.9 MB | 645 kB | 147/349 kB | 177/340 kBProgress (5): 0.7/2.1 MB | 0.6/1.9 MB | 645 kB | 151/349 kB | 177/340 kBProgress (5): 0.7/2.1 MB | 0.6/1.9 MB | 645 kB | 155/349 kB | 177/340 kBProgress (5): 0.7/2.1 MB | 0.6/1.9 MB | 645 kB | 159/349 kB | 177/340 kBProgress (5): 0.7/2.1 MB | 0.6/1.9 MB | 645 kB | 163/349 kB | 177/340 kBProgress (5): 0.7/2.1 MB | 0.6/1.9 MB | 645 kB | 167/349 kB | 177/340 kBProgress (5): 0.7/2.1 MB | 0.6/1.9 MB | 645 kB | 171/349 kB | 177/340 kBProgress (5): 0.7/2.1 MB | 0.6/1.9 MB | 645 kB | 175/349 kB | 177/340 kBProgress (5): 0.7/2.1 MB | 0.6/1.9 MB | 645 kB | 175/349 kB | 177/340 kBProgress (5): 0.7/2.1 MB | 0.6/1.9 MB | 645 kB | 175/349 kB | 177/340 kBProgress (5): 0.7/2.1 MB | 0.6/1.9 MB | 645 kB | 179/349 kB | 177/340 kBProgress (5): 0.7/2.1 MB | 0.6/1.9 MB | 645 kB | 183/349 kB | 177/340 kBProgress (5): 0.7/2.1 MB | 0.6/1.9 MB | 645 kB | 187/349 kB | 177/340 kBProgress (5): 0.7/2.1 MB | 0.6/1.9 MB | 645 kB | 192/349 kB | 177/340 kBProgress (5): 0.7/2.1 MB | 0.6/1.9 MB | 645 kB | 196/349 kB | 177/340 kBProgress (5): 0.7/2.1 MB | 0.6/1.9 MB | 645 kB | 200/349 kB | 177/340 kBProgress (5): 0.7/2.1 MB | 0.6/1.9 MB | 645 kB | 204/349 kB | 177/340 kBProgress (5): 0.7/2.1 MB | 0.6/1.9 MB | 645 kB | 208/349 kB | 177/340 kBProgress (5): 0.8/2.1 MB | 0.6/1.9 MB | 645 kB | 208/349 kB | 177/340 kBProgress (5): 0.8/2.1 MB | 0.6/1.9 MB | 645 kB | 212/349 kB | 177/340 kBProgress (5): 0.8/2.1 MB | 0.6/1.9 MB | 645 kB | 216/349 kB | 177/340 kBProgress (5): 0.8/2.1 MB | 0.6/1.9 MB | 645 kB | 220/349 kB | 177/340 kBProgress (5): 0.8/2.1 MB | 0.6/1.9 MB | 645 kB | 224/349 kB | 177/340 kBProgress (5): 0.8/2.1 MB | 0.6/1.9 MB | 645 kB | 228/349 kB | 177/340 kBProgress (5): 0.8/2.1 MB | 0.6/1.9 MB | 645 kB | 233/349 kB | 177/340 kBProgress (5): 0.8/2.1 MB | 0.6/1.9 MB | 645 kB | 237/349 kB | 177/340 kBProgress (5): 0.8/2.1 MB | 0.6/1.9 MB | 645 kB | 241/349 kB | 177/340 kBProgress (5): 0.8/2.1 MB | 0.6/1.9 MB | 645 kB | 245/349 kB | 177/340 kBProgress (5): 0.8/2.1 MB | 0.6/1.9 MB | 645 kB | 249/349 kB | 177/340 kBProgress (5): 0.8/2.1 MB | 0.6/1.9 MB | 645 kB | 253/349 kB | 177/340 kBProgress (5): 0.8/2.1 MB | 0.6/1.9 MB | 645 kB | 257/349 kB | 177/340 kBProgress (5): 0.8/2.1 MB | 0.7/1.9 MB | 645 kB | 257/349 kB | 177/340 kBProgress (5): 0.8/2.1 MB | 0.7/1.9 MB | 645 kB | 257/349 kB | 177/340 kBProgress (5): 0.8/2.1 MB | 0.7/1.9 MB | 645 kB | 257/349 kB | 177/340 kBProgress (5): 0.8/2.1 MB | 0.7/1.9 MB | 645 kB | 257/349 kB | 177/340 kBProgress (5): 0.8/2.1 MB | 0.7/1.9 MB | 645 kB | 257/349 kB | 177/340 kBProgress (5): 0.8/2.1 MB | 0.7/1.9 MB | 645 kB | 257/349 kB | 177/340 kBProgress (5): 0.8/2.1 MB | 0.7/1.9 MB | 645 kB | 257/349 kB | 181/340 kBProgress (5): 0.8/2.1 MB | 0.7/1.9 MB | 645 kB | 257/349 kB | 186/340 kBProgress (5): 0.8/2.1 MB | 0.7/1.9 MB | 645 kB | 257/349 kB | 190/340 kBProgress (5): 0.8/2.1 MB | 0.7/1.9 MB | 645 kB | 257/349 kB | 194/340 kBProgress (5): 0.8/2.1 MB | 0.7/1.9 MB | 645 kB | 257/349 kB | 198/340 kBProgress (5): 0.8/2.1 MB | 0.7/1.9 MB | 645 kB | 257/349 kB | 202/340 kBProgress (5): 0.8/2.1 MB | 0.7/1.9 MB | 645 kB | 257/349 kB | 206/340 kBProgress (5): 0.8/2.1 MB | 0.7/1.9 MB | 645 kB | 257/349 kB | 206/340 kBProgress (5): 0.8/2.1 MB | 0.7/1.9 MB | 645 kB | 257/349 kB | 206/340 kBProgress (5): 0.8/2.1 MB | 0.7/1.9 MB | 645 kB | 257/349 kB | 210/340 kBProgress (5): 0.8/2.1 MB | 0.7/1.9 MB | 645 kB | 257/349 kB | 214/340 kBProgress (5): 0.8/2.1 MB | 0.7/1.9 MB | 645 kB | 257/349 kB | 218/340 kBProgress (5): 0.8/2.1 MB | 0.7/1.9 MB | 645 kB | 257/349 kB | 222/340 kBProgress (5): 0.8/2.1 MB | 0.7/1.9 MB | 645 kB | 257/349 kB | 226/340 kBProgress (5): 0.8/2.1 MB | 0.7/1.9 MB | 645 kB | 257/349 kB | 231/340 kBProgress (5): 0.8/2.1 MB | 0.7/1.9 MB | 645 kB | 257/349 kB | 235/340 kBProgress (5): 0.8/2.1 MB | 0.7/1.9 MB | 645 kB | 257/349 kB | 239/340 kBProgress (5): 0.8/2.1 MB | 0.7/1.9 MB | 645 kB | 257/349 kB | 243/340 kBProgress (5): 0.8/2.1 MB | 0.7/1.9 MB | 645 kB | 257/349 kB | 247/340 kBProgress (5): 0.8/2.1 MB | 0.7/1.9 MB | 645 kB | 257/349 kB | 251/340 kBProgress (5): 0.8/2.1 MB | 0.7/1.9 MB | 645 kB | 257/349 kB | 255/340 kBProgress (5): 0.8/2.1 MB | 0.7/1.9 MB | 645 kB | 257/349 kB | 259/340 kBProgress (5): 0.8/2.1 MB | 0.7/1.9 MB | 645 kB | 257/349 kB | 263/340 kBProgress (5): 0.8/2.1 MB | 0.7/1.9 MB | 645 kB | 257/349 kB | 267/340 kBProgress (5): 0.8/2.1 MB | 0.7/1.9 MB | 645 kB | 257/349 kB | 272/340 kB                                                                        Downloaded from central: https://repo.maven.apache.org/maven2/ch/qos/logback/logback-core/1.5.34/logback-core-1.5.34.jar (645 kB at 462 kB/s)
Downloading from central: https://repo.maven.apache.org/maven2/org/springframework/boot/spring-boot-starter-jdbc/3.5.15/spring-boot-starter-jdbc-3.5.15.jar
Progress (4): 0.8/2.1 MB | 0.7/1.9 MB | 257/349 kB | 272/340 kBProgress (4): 0.8/2.1 MB | 0.7/1.9 MB | 257/349 kB | 272/340 kBProgress (4): 0.8/2.1 MB | 0.7/1.9 MB | 257/349 kB | 272/340 kBProgress (4): 0.8/2.1 MB | 0.7/1.9 MB | 257/349 kB | 272/340 kBProgress (4): 0.8/2.1 MB | 0.7/1.9 MB | 257/349 kB | 272/340 kBProgress (4): 0.8/2.1 MB | 0.7/1.9 MB | 257/349 kB | 272/340 kBProgress (4): 0.8/2.1 MB | 0.7/1.9 MB | 257/349 kB | 272/340 kBProgress (4): 0.8/2.1 MB | 0.7/1.9 MB | 257/349 kB | 272/340 kBProgress (4): 0.8/2.1 MB | 0.7/1.9 MB | 257/349 kB | 272/340 kBProgress (4): 0.8/2.1 MB | 0.7/1.9 MB | 257/349 kB | 276/340 kBProgress (4): 0.8/2.1 MB | 0.7/1.9 MB | 257/349 kB | 280/340 kBProgress (4): 0.8/2.1 MB | 0.7/1.9 MB | 257/349 kB | 284/340 kBProgress (4): 0.8/2.1 MB | 0.7/1.9 MB | 257/349 kB | 288/340 kBProgress (4): 0.8/2.1 MB | 0.7/1.9 MB | 261/349 kB | 288/340 kBProgress (4): 0.8/2.1 MB | 0.7/1.9 MB | 265/349 kB | 288/340 kBProgress (4): 0.8/2.1 MB | 0.7/1.9 MB | 269/349 kB | 288/340 kBProgress (4): 0.8/2.1 MB | 0.7/1.9 MB | 273/349 kB | 288/340 kBProgress (4): 0.8/2.1 MB | 0.7/1.9 MB | 273/349 kB | 292/340 kBProgress (4): 0.8/2.1 MB | 0.7/1.9 MB | 273/349 kB | 296/340 kBProgress (4): 0.8/2.1 MB | 0.7/1.9 MB | 273/349 kB | 300/340 kBProgress (4): 0.8/2.1 MB | 0.7/1.9 MB | 273/349 kB | 304/340 kBProgress (4): 0.8/2.1 MB | 0.7/1.9 MB | 278/349 kB | 304/340 kBProgress (4): 0.8/2.1 MB | 0.7/1.9 MB | 282/349 kB | 304/340 kBProgress (4): 0.8/2.1 MB | 0.7/1.9 MB | 286/349 kB | 304/340 kBProgress (4): 0.8/2.1 MB | 0.7/1.9 MB | 290/349 kB | 304/340 kBProgress (4): 0.8/2.1 MB | 0.7/1.9 MB | 294/349 kB | 304/340 kBProgress (4): 0.8/2.1 MB | 0.7/1.9 MB | 298/349 kB | 304/340 kBProgress (4): 0.8/2.1 MB | 0.7/1.9 MB | 302/349 kB | 304/340 kBProgress (4): 0.8/2.1 MB | 0.7/1.9 MB | 306/349 kB | 304/340 kBProgress (4): 0.8/2.1 MB | 0.7/1.9 MB | 306/349 kB | 308/340 kBProgress (4): 0.8/2.1 MB | 0.7/1.9 MB | 306/349 kB | 313/340 kBProgress (4): 0.8/2.1 MB | 0.7/1.9 MB | 306/349 kB | 317/340 kBProgress (4): 0.8/2.1 MB | 0.7/1.9 MB | 306/349 kB | 321/340 kBProgress (4): 0.8/2.1 MB | 0.7/1.9 MB | 310/349 kB | 321/340 kBProgress (4): 0.8/2.1 MB | 0.7/1.9 MB | 314/349 kB | 321/340 kBProgress (4): 0.8/2.1 MB | 0.7/1.9 MB | 319/349 kB | 321/340 kBProgress (4): 0.8/2.1 MB | 0.7/1.9 MB | 323/349 kB | 321/340 kBProgress (4): 0.8/2.1 MB | 0.7/1.9 MB | 327/349 kB | 321/340 kBProgress (4): 0.8/2.1 MB | 0.7/1.9 MB | 331/349 kB | 321/340 kBProgress (4): 0.8/2.1 MB | 0.7/1.9 MB | 335/349 kB | 321/340 kBProgress (4): 0.8/2.1 MB | 0.7/1.9 MB | 339/349 kB | 321/340 kBProgress (4): 0.8/2.1 MB | 0.7/1.9 MB | 343/349 kB | 321/340 kBProgress (4): 0.8/2.1 MB | 0.7/1.9 MB | 347/349 kB | 321/340 kBProgress (4): 0.8/2.1 MB | 0.8/1.9 MB | 347/349 kB | 321/340 kBProgress (4): 0.8/2.1 MB | 0.8/1.9 MB | 349 kB | 321/340 kB    Progress (4): 0.8/2.1 MB | 0.8/1.9 MB | 349 kB | 321/340 kBProgress (4): 0.8/2.1 MB | 0.8/1.9 MB | 349 kB | 325/340 kBProgress (4): 0.9/2.1 MB | 0.8/1.9 MB | 349 kB | 325/340 kBProgress (4): 0.9/2.1 MB | 0.8/1.9 MB | 349 kB | 329/340 kBProgress (4): 0.9/2.1 MB | 0.8/1.9 MB | 349 kB | 333/340 kBProgress (4): 0.9/2.1 MB | 0.8/1.9 MB | 349 kB | 337/340 kBProgress (4): 0.9/2.1 MB | 0.8/1.9 MB | 349 kB | 340 kB    Progress (4): 0.9/2.1 MB | 0.8/1.9 MB | 349 kB | 340 kBProgress (4): 0.9/2.1 MB | 0.8/1.9 MB | 349 kB | 340 kBProgress (4): 0.9/2.1 MB | 0.8/1.9 MB | 349 kB | 340 kBProgress (4): 0.9/2.1 MB | 0.8/1.9 MB | 349 kB | 340 kBProgress (4): 0.9/2.1 MB | 0.8/1.9 MB | 349 kB | 340 kBProgress (4): 0.9/2.1 MB | 0.8/1.9 MB | 349 kB | 340 kBProgress (4): 0.9/2.1 MB | 0.8/1.9 MB | 349 kB | 340 kBProgress (4): 0.9/2.1 MB | 0.8/1.9 MB | 349 kB | 340 kBProgress (4): 0.9/2.1 MB | 0.8/1.9 MB | 349 kB | 340 kBProgress (4): 0.9/2.1 MB | 0.8/1.9 MB | 349 kB | 340 kBProgress (4): 0.9/2.1 MB | 0.8/1.9 MB | 349 kB | 340 kBProgress (4): 0.9/2.1 MB | 0.8/1.9 MB | 349 kB | 340 kBProgress (4): 0.9/2.1 MB | 0.8/1.9 MB | 349 kB | 340 kBProgress (4): 0.9/2.1 MB | 0.8/1.9 MB | 349 kB | 340 kBProgress (5): 0.9/2.1 MB | 0.8/1.9 MB | 349 kB | 340 kB | 3.2/4.8 kBProgress (5): 0.9/2.1 MB | 0.8/1.9 MB | 349 kB | 340 kB | 4.8 kB                                                                    Downloaded from central: https://repo.maven.apache.org/maven2/org/apache/logging/log4j/log4j-api/2.24.3/log4j-api-2.24.3.jar (349 kB at 230 kB/s)
Downloaded from central: https://repo.maven.apache.org/maven2/org/yaml/snakeyaml/2.4/snakeyaml-2.4.jar (340 kB at 225 kB/s)
Downloading from central: https://repo.maven.apache.org/maven2/com/zaxxer/HikariCP/6.3.3/HikariCP-6.3.3.jar
Downloading from central: https://repo.maven.apache.org/maven2/org/springframework/spring-jdbc/6.2.19/spring-jdbc-6.2.19.jar
Progress (3): 0.9/2.1 MB | 0.9/1.9 MB | 4.8 kBProgress (3): 0.9/2.1 MB | 0.9/1.9 MB | 4.8 kBProgress (3): 0.9/2.1 MB | 0.9/1.9 MB | 4.8 kBProgress (3): 0.9/2.1 MB | 0.9/1.9 MB | 4.8 kBProgress (3): 0.9/2.1 MB | 0.9/1.9 MB | 4.8 kBProgress (3): 0.9/2.1 MB | 0.9/1.9 MB | 4.8 kBProgress (3): 0.9/2.1 MB | 0.9/1.9 MB | 4.8 kBProgress (3): 0.9/2.1 MB | 0.9/1.9 MB | 4.8 kB                                              Downloaded from central: https://repo.maven.apache.org/maven2/org/springframework/boot/spring-boot-starter-jdbc/3.5.15/spring-boot-starter-jdbc-3.5.15.jar (4.8 kB at 3.1 kB/s)
Downloading from central: https://repo.maven.apache.org/maven2/org/hibernate/orm/hibernate-core/6.6.53.Final/hibernate-core-6.6.53.Final.jar
Progress (3): 0.9/2.1 MB | 0.9/1.9 MB | 4.1/476 kBProgress (3): 0.9/2.1 MB | 0.9/1.9 MB | 7.7/476 kBProgress (3): 0.9/2.1 MB | 0.9/1.9 MB | 11/476 kB Progress (4): 0.9/2.1 MB | 0.9/1.9 MB | 11/476 kB | 4.1/172 kBProgress (4): 0.9/2.1 MB | 0.9/1.9 MB | 11/476 kB | 7.3/172 kBProgress (4): 0.9/2.1 MB | 0.9/1.9 MB | 15/476 kB | 7.3/172 kBProgress (4): 0.9/2.1 MB | 0.9/1.9 MB | 20/476 kB | 7.3/172 kBProgress (4): 0.9/2.1 MB | 0.9/1.9 MB | 24/476 kB | 7.3/172 kBProgress (4): 0.9/2.1 MB | 0.9/1.9 MB | 28/476 kB | 7.3/172 kBProgress (4): 0.9/2.1 MB | 0.9/1.9 MB | 32/476 kB | 7.3/172 kBProgress (4): 0.9/2.1 MB | 0.9/1.9 MB | 32/476 kB | 11/172 kB Progress (4): 0.9/2.1 MB | 0.9/1.9 MB | 36/476 kB | 11/172 kBProgress (4): 0.9/2.1 MB | 0.9/1.9 MB | 40/476 kB | 11/172 kBProgress (4): 0.9/2.1 MB | 0.9/1.9 MB | 40/476 kB | 15/172 kBProgress (4): 0.9/2.1 MB | 0.9/1.9 MB | 40/476 kB | 20/172 kBProgress (4): 0.9/2.1 MB | 0.9/1.9 MB | 44/476 kB | 20/172 kBProgress (4): 0.9/2.1 MB | 0.9/1.9 MB | 44/476 kB | 24/172 kBProgress (4): 0.9/2.1 MB | 0.9/1.9 MB | 44/476 kB | 28/172 kBProgress (4): 0.9/2.1 MB | 0.9/1.9 MB | 48/476 kB | 28/172 kBProgress (4): 0.9/2.1 MB | 0.9/1.9 MB | 48/476 kB | 32/172 kBProgress (4): 0.9/2.1 MB | 0.9/1.9 MB | 52/476 kB | 32/172 kBProgress (4): 0.9/2.1 MB | 0.9/1.9 MB | 52/476 kB | 36/172 kBProgress (4): 0.9/2.1 MB | 0.9/1.9 MB | 52/476 kB | 40/172 kBProgress (4): 0.9/2.1 MB | 0.9/1.9 MB | 56/476 kB | 40/172 kBProgress (4): 0.9/2.1 MB | 0.9/1.9 MB | 61/476 kB | 40/172 kBProgress (4): 0.9/2.1 MB | 0.9/1.9 MB | 61/476 kB | 40/172 kBProgress (4): 0.9/2.1 MB | 0.9/1.9 MB | 61/476 kB | 40/172 kBProgress (4): 0.9/2.1 MB | 0.9/1.9 MB | 61/476 kB | 44/172 kBProgress (4): 0.9/2.1 MB | 0.9/1.9 MB | 61/476 kB | 48/172 kBProgress (4): 0.9/2.1 MB | 0.9/1.9 MB | 61/476 kB | 52/172 kBProgress (4): 0.9/2.1 MB | 0.9/1.9 MB | 61/476 kB | 56/172 kBProgress (4): 0.9/2.1 MB | 0.9/1.9 MB | 65/476 kB | 56/172 kBProgress (4): 0.9/2.1 MB | 0.9/1.9 MB | 69/476 kB | 56/172 kBProgress (4): 0.9/2.1 MB | 0.9/1.9 MB | 73/476 kB | 56/172 kBProgress (4): 0.9/2.1 MB | 0.9/1.9 MB | 77/476 kB | 56/172 kBProgress (4): 1.0/2.1 MB | 0.9/1.9 MB | 77/476 kB | 56/172 kBProgress (4): 1.0/2.1 MB | 0.9/1.9 MB | 77/476 kB | 61/172 kBProgress (4): 1.0/2.1 MB | 0.9/1.9 MB | 77/476 kB | 65/172 kBProgress (4): 1.0/2.1 MB | 0.9/1.9 MB | 77/476 kB | 69/172 kBProgress (4): 1.0/2.1 MB | 0.9/1.9 MB | 77/476 kB | 73/172 kBProgress (4): 1.0/2.1 MB | 0.9/1.9 MB | 81/476 kB | 73/172 kBProgress (4): 1.0/2.1 MB | 0.9/1.9 MB | 85/476 kB | 73/172 kBProgress (4): 1.0/2.1 MB | 0.9/1.9 MB | 89/476 kB | 73/172 kBProgress (4): 1.0/2.1 MB | 0.9/1.9 MB | 93/476 kB | 73/172 kBProgress (4): 1.0/2.1 MB | 0.9/1.9 MB | 93/476 kB | 77/172 kBProgress (4): 1.0/2.1 MB | 0.9/1.9 MB | 93/476 kB | 81/172 kBProgress (4): 1.0/2.1 MB | 0.9/1.9 MB | 93/476 kB | 85/172 kBProgress (4): 1.0/2.1 MB | 0.9/1.9 MB | 93/476 kB | 89/172 kBProgress (4): 1.0/2.1 MB | 0.9/1.9 MB | 97/476 kB | 89/172 kBProgress (4): 1.0/2.1 MB | 0.9/1.9 MB | 101/476 kB | 89/172 kBProgress (4): 1.0/2.1 MB | 0.9/1.9 MB | 106/476 kB | 89/172 kBProgress (4): 1.0/2.1 MB | 0.9/1.9 MB | 110/476 kB | 89/172 kBProgress (4): 1.0/2.1 MB | 0.9/1.9 MB | 110/476 kB | 93/172 kBProgress (4): 1.0/2.1 MB | 0.9/1.9 MB | 110/476 kB | 97/172 kBProgress (4): 1.0/2.1 MB | 0.9/1.9 MB | 110/476 kB | 101/172 kBProgress (4): 1.0/2.1 MB | 0.9/1.9 MB | 110/476 kB | 106/172 kBProgress (4): 1.0/2.1 MB | 0.9/1.9 MB | 110/476 kB | 110/172 kBProgress (4): 1.0/2.1 MB | 0.9/1.9 MB | 110/476 kB | 114/172 kBProgress (4): 1.0/2.1 MB | 0.9/1.9 MB | 110/476 kB | 114/172 kBProgress (4): 1.0/2.1 MB | 0.9/1.9 MB | 110/476 kB | 114/172 kBProgress (4): 1.0/2.1 MB | 0.9/1.9 MB | 110/476 kB | 114/172 kBProgress (4): 1.0/2.1 MB | 0.9/1.9 MB | 110/476 kB | 114/172 kBProgress (4): 1.0/2.1 MB | 0.9/1.9 MB | 110/476 kB | 114/172 kBProgress (4): 1.0/2.1 MB | 0.9/1.9 MB | 110/476 kB | 114/172 kBProgress (4): 1.0/2.1 MB | 1.0/1.9 MB | 110/476 kB | 114/172 kBProgress (4): 1.0/2.1 MB | 1.0/1.9 MB | 110/476 kB | 114/172 kBProgress (4): 1.0/2.1 MB | 1.0/1.9 MB | 110/476 kB | 114/172 kBProgress (4): 1.0/2.1 MB | 1.0/1.9 MB | 110/476 kB | 114/172 kBProgress (4): 1.0/2.1 MB | 1.0/1.9 MB | 110/476 kB | 114/172 kBProgress (4): 1.0/2.1 MB | 1.0/1.9 MB | 110/476 kB | 114/172 kBProgress (4): 1.0/2.1 MB | 1.0/1.9 MB | 110/476 kB | 114/172 kBProgress (4): 1.0/2.1 MB | 1.0/1.9 MB | 110/476 kB | 114/172 kBProgress (4): 1.0/2.1 MB | 1.0/1.9 MB | 110/476 kB | 114/172 kBProgress (4): 1.0/2.1 MB | 1.0/1.9 MB | 110/476 kB | 114/172 kBProgress (4): 1.0/2.1 MB | 1.0/1.9 MB | 110/476 kB | 114/172 kBProgress (4): 1.0/2.1 MB | 1.0/1.9 MB | 110/476 kB | 114/172 kBProgress (4): 1.0/2.1 MB | 1.0/1.9 MB | 110/476 kB | 114/172 kBProgress (4): 1.1/2.1 MB | 1.0/1.9 MB | 110/476 kB | 114/172 kBProgress (4): 1.1/2.1 MB | 1.0/1.9 MB | 110/476 kB | 118/172 kBProgress (4): 1.1/2.1 MB | 1.0/1.9 MB | 110/476 kB | 122/172 kBProgress (4): 1.1/2.1 MB | 1.0/1.9 MB | 110/476 kB | 126/172 kBProgress (4): 1.1/2.1 MB | 1.0/1.9 MB | 110/476 kB | 130/172 kBProgress (4): 1.1/2.1 MB | 1.0/1.9 MB | 114/476 kB | 130/172 kBProgress (4): 1.1/2.1 MB | 1.0/1.9 MB | 118/476 kB | 130/172 kBProgress (4): 1.1/2.1 MB | 1.0/1.9 MB | 122/476 kB | 130/172 kBProgress (4): 1.1/2.1 MB | 1.0/1.9 MB | 126/476 kB | 130/172 kBProgress (4): 1.1/2.1 MB | 1.0/1.9 MB | 126/476 kB | 134/172 kBProgress (4): 1.1/2.1 MB | 1.0/1.9 MB | 126/476 kB | 138/172 kBProgress (4): 1.1/2.1 MB | 1.0/1.9 MB | 126/476 kB | 142/172 kBProgress (4): 1.1/2.1 MB | 1.0/1.9 MB | 126/476 kB | 147/172 kBProgress (4): 1.1/2.1 MB | 1.0/1.9 MB | 130/476 kB | 147/172 kBProgress (4): 1.1/2.1 MB | 1.0/1.9 MB | 134/476 kB | 147/172 kBProgress (4): 1.1/2.1 MB | 1.0/1.9 MB | 138/476 kB | 147/172 kBProgress (4): 1.1/2.1 MB | 1.0/1.9 MB | 142/476 kB | 147/172 kBProgress (4): 1.1/2.1 MB | 1.0/1.9 MB | 142/476 kB | 151/172 kBProgress (4): 1.1/2.1 MB | 1.0/1.9 MB | 142/476 kB | 155/172 kBProgress (4): 1.1/2.1 MB | 1.0/1.9 MB | 142/476 kB | 159/172 kBProgress (4): 1.1/2.1 MB | 1.0/1.9 MB | 142/476 kB | 163/172 kBProgress (4): 1.1/2.1 MB | 1.0/1.9 MB | 147/476 kB | 163/172 kBProgress (4): 1.1/2.1 MB | 1.0/1.9 MB | 151/476 kB | 163/172 kBProgress (4): 1.1/2.1 MB | 1.0/1.9 MB | 155/476 kB | 163/172 kBProgress (4): 1.1/2.1 MB | 1.0/1.9 MB | 159/476 kB | 163/172 kBProgress (4): 1.1/2.1 MB | 1.0/1.9 MB | 159/476 kB | 167/172 kBProgress (4): 1.1/2.1 MB | 1.0/1.9 MB | 159/476 kB | 171/172 kBProgress (4): 1.1/2.1 MB | 1.0/1.9 MB | 159/476 kB | 172 kB    Progress (4): 1.1/2.1 MB | 1.0/1.9 MB | 163/476 kB | 172 kBProgress (4): 1.1/2.1 MB | 1.0/1.9 MB | 167/476 kB | 172 kBProgress (4): 1.1/2.1 MB | 1.0/1.9 MB | 171/476 kB | 172 kBProgress (4): 1.1/2.1 MB | 1.0/1.9 MB | 175/476 kB | 172 kBProgress (4): 1.1/2.1 MB | 1.0/1.9 MB | 179/476 kB | 172 kBProgress (4): 1.1/2.1 MB | 1.0/1.9 MB | 179/476 kB | 172 kBProgress (4): 1.1/2.1 MB | 1.0/1.9 MB | 183/476 kB | 172 kBProgress (4): 1.1/2.1 MB | 1.0/1.9 MB | 187/476 kB | 172 kBProgress (4): 1.1/2.1 MB | 1.0/1.9 MB | 187/476 kB | 172 kBProgress (4): 1.1/2.1 MB | 1.0/1.9 MB | 192/476 kB | 172 kBProgress (4): 1.1/2.1 MB | 1.0/1.9 MB | 196/476 kB | 172 kBProgress (4): 1.1/2.1 MB | 1.0/1.9 MB | 200/476 kB | 172 kBProgress (4): 1.1/2.1 MB | 1.0/1.9 MB | 204/476 kB | 172 kBProgress (4): 1.1/2.1 MB | 1.0/1.9 MB | 208/476 kB | 172 kBProgress (4): 1.1/2.1 MB | 1.0/1.9 MB | 212/476 kB | 172 kBProgress (4): 1.1/2.1 MB | 1.0/1.9 MB | 212/476 kB | 172 kBProgress (4): 1.1/2.1 MB | 1.0/1.9 MB | 216/476 kB | 172 kBProgress (4): 1.1/2.1 MB | 1.0/1.9 MB | 220/476 kB | 172 kBProgress (4): 1.1/2.1 MB | 1.0/1.9 MB | 224/476 kB | 172 kBProgress (4): 1.1/2.1 MB | 1.0/1.9 MB | 224/476 kB | 172 kBProgress (4): 1.1/2.1 MB | 1.1/1.9 MB | 224/476 kB | 172 kBProgress (4): 1.1/2.1 MB | 1.1/1.9 MB | 224/476 kB | 172 kBProgress (4): 1.1/2.1 MB | 1.1/1.9 MB | 224/476 kB | 172 kBProgress (4): 1.1/2.1 MB | 1.1/1.9 MB | 224/476 kB | 172 kBProgress (4): 1.1/2.1 MB | 1.1/1.9 MB | 224/476 kB | 172 kBProgress (4): 1.1/2.1 MB | 1.1/1.9 MB | 224/476 kB | 172 kBProgress (4): 1.1/2.1 MB | 1.1/1.9 MB | 224/476 kB | 172 kBProgress (5): 1.1/2.1 MB | 1.1/1.9 MB | 224/476 kB | 172 kB | 0.1/12 MBProgress (5): 1.1/2.1 MB | 1.1/1.9 MB | 228/476 kB | 172 kB | 0.1/12 MBProgress (5): 1.1/2.1 MB | 1.1/1.9 MB | 233/476 kB | 172 kB | 0.1/12 MBProgress (5): 1.1/2.1 MB | 1.1/1.9 MB | 233/476 kB | 172 kB | 0.1/12 MBProgress (5): 1.1/2.1 MB | 1.1/1.9 MB | 237/476 kB | 172 kB | 0.1/12 MBProgress (5): 1.1/2.1 MB | 1.1/1.9 MB | 241/476 kB | 172 kB | 0.1/12 MBProgress (5): 1.1/2.1 MB | 1.1/1.9 MB | 241/476 kB | 172 kB | 0.1/12 MBProgress (5): 1.1/2.1 MB | 1.1/1.9 MB | 241/476 kB | 172 kB | 0.1/12 MBProgress (5): 1.1/2.1 MB | 1.1/1.9 MB | 241/476 kB | 172 kB | 0.1/12 MBProgress (5): 1.1/2.1 MB | 1.1/1.9 MB | 241/476 kB | 172 kB | 0.1/12 MBProgress (5): 1.1/2.1 MB | 1.1/1.9 MB | 241/476 kB | 172 kB | 0.1/12 MBProgress (5): 1.1/2.1 MB | 1.1/1.9 MB | 241/476 kB | 172 kB | 0.1/12 MBProgress (5): 1.1/2.1 MB | 1.1/1.9 MB | 241/476 kB | 172 kB | 0.1/12 MBProgress (5): 1.1/2.1 MB | 1.1/1.9 MB | 241/476 kB | 172 kB | 0.1/12 MBProgress (5): 1.2/2.1 MB | 1.1/1.9 MB | 241/476 kB | 172 kB | 0.1/12 MBProgress (5): 1.2/2.1 MB | 1.1/1.9 MB | 241/476 kB | 172 kB | 0.1/12 MBProgress (5): 1.2/2.1 MB | 1.2/1.9 MB | 241/476 kB | 172 kB | 0.1/12 MBProgress (5): 1.2/2.1 MB | 1.2/1.9 MB | 241/476 kB | 172 kB | 0.1/12 MBProgress (5): 1.2/2.1 MB | 1.2/1.9 MB | 241/476 kB | 172 kB | 0.1/12 MBProgress (5): 1.2/2.1 MB | 1.2/1.9 MB | 241/476 kB | 172 kB | 0.1/12 MBProgress (5): 1.2/2.1 MB | 1.2/1.9 MB | 245/476 kB | 172 kB | 0.1/12 MBProgress (5): 1.2/2.1 MB | 1.2/1.9 MB | 249/476 kB | 172 kB | 0.1/12 MBProgress (5): 1.2/2.1 MB | 1.2/1.9 MB | 253/476 kB | 172 kB | 0.1/12 MBProgress (5): 1.2/2.1 MB | 1.2/1.9 MB | 257/476 kB | 172 kB | 0.1/12 MB                                                                       Downloaded from central: https://repo.maven.apache.org/maven2/com/zaxxer/HikariCP/6.3.3/HikariCP-6.3.3.jar (172 kB at 90 kB/s)
Downloading from central: https://repo.maven.apache.org/maven2/jakarta/persistence/jakarta.persistence-api/3.1.0/jakarta.persistence-api-3.1.0.jar
Progress (4): 1.2/2.1 MB | 1.2/1.9 MB | 257/476 kB | 0.1/12 MBProgress (4): 1.2/2.1 MB | 1.2/1.9 MB | 257/476 kB | 0.1/12 MBProgress (4): 1.2/2.1 MB | 1.2/1.9 MB | 257/476 kB | 0.1/12 MBProgress (4): 1.2/2.1 MB | 1.2/1.9 MB | 257/476 kB | 0.2/12 MBProgress (4): 1.2/2.1 MB | 1.2/1.9 MB | 257/476 kB | 0.2/12 MBProgress (4): 1.2/2.1 MB | 1.2/1.9 MB | 257/476 kB | 0.2/12 MBProgress (4): 1.2/2.1 MB | 1.2/1.9 MB | 257/476 kB | 0.2/12 MBProgress (4): 1.2/2.1 MB | 1.2/1.9 MB | 261/476 kB | 0.2/12 MBProgress (4): 1.2/2.1 MB | 1.2/1.9 MB | 265/476 kB | 0.2/12 MBProgress (4): 1.2/2.1 MB | 1.2/1.9 MB | 269/476 kB | 0.2/12 MBProgress (4): 1.2/2.1 MB | 1.2/1.9 MB | 273/476 kB | 0.2/12 MBProgress (5): 1.2/2.1 MB | 1.2/1.9 MB | 273/476 kB | 0.2/12 MB | 4.1/165 kBProgress (5): 1.2/2.1 MB | 1.2/1.9 MB | 273/476 kB | 0.2/12 MB | 7.7/165 kBProgress (5): 1.2/2.1 MB | 1.2/1.9 MB | 273/476 kB | 0.2/12 MB | 12/165 kB Progress (5): 1.2/2.1 MB | 1.2/1.9 MB | 273/476 kB | 0.2/12 MB | 16/165 kBProgress (5): 1.2/2.1 MB | 1.2/1.9 MB | 273/476 kB | 0.2/12 MB | 20/165 kBProgress (5): 1.2/2.1 MB | 1.2/1.9 MB | 273/476 kB | 0.2/12 MB | 24/165 kBProgress (5): 1.2/2.1 MB | 1.2/1.9 MB | 278/476 kB | 0.2/12 MB | 24/165 kBProgress (5): 1.2/2.1 MB | 1.2/1.9 MB | 282/476 kB | 0.2/12 MB | 24/165 kBProgress (5): 1.2/2.1 MB | 1.2/1.9 MB | 286/476 kB | 0.2/12 MB | 24/165 kBProgress (5): 1.2/2.1 MB | 1.2/1.9 MB | 290/476 kB | 0.2/12 MB | 24/165 kBProgress (5): 1.2/2.1 MB | 1.2/1.9 MB | 290/476 kB | 0.2/12 MB | 28/165 kBProgress (5): 1.2/2.1 MB | 1.2/1.9 MB | 290/476 kB | 0.2/12 MB | 32/165 kBProgress (5): 1.2/2.1 MB | 1.2/1.9 MB | 290/476 kB | 0.2/12 MB | 36/165 kBProgress (5): 1.2/2.1 MB | 1.2/1.9 MB | 290/476 kB | 0.2/12 MB | 40/165 kBProgress (5): 1.2/2.1 MB | 1.2/1.9 MB | 290/476 kB | 0.2/12 MB | 45/165 kBProgress (5): 1.2/2.1 MB | 1.2/1.9 MB | 290/476 kB | 0.2/12 MB | 45/165 kBProgress (5): 1.2/2.1 MB | 1.2/1.9 MB | 290/476 kB | 0.2/12 MB | 49/165 kBProgress (5): 1.2/2.1 MB | 1.2/1.9 MB | 290/476 kB | 0.2/12 MB | 49/165 kBProgress (5): 1.2/2.1 MB | 1.2/1.9 MB | 290/476 kB | 0.2/12 MB | 53/165 kBProgress (5): 1.2/2.1 MB | 1.2/1.9 MB | 290/476 kB | 0.2/12 MB | 57/165 kBProgress (5): 1.2/2.1 MB | 1.2/1.9 MB | 290/476 kB | 0.2/12 MB | 61/165 kBProgress (5): 1.2/2.1 MB | 1.2/1.9 MB | 290/476 kB | 0.2/12 MB | 61/165 kBProgress (5): 1.2/2.1 MB | 1.2/1.9 MB | 290/476 kB | 0.2/12 MB | 65/165 kBProgress (5): 1.2/2.1 MB | 1.2/1.9 MB | 290/476 kB | 0.2/12 MB | 69/165 kBProgress (5): 1.2/2.1 MB | 1.2/1.9 MB | 290/476 kB | 0.2/12 MB | 73/165 kBProgress (5): 1.2/2.1 MB | 1.2/1.9 MB | 290/476 kB | 0.2/12 MB | 77/165 kBProgress (5): 1.2/2.1 MB | 1.2/1.9 MB | 290/476 kB | 0.2/12 MB | 81/165 kBProgress (5): 1.2/2.1 MB | 1.2/1.9 MB | 290/476 kB | 0.2/12 MB | 86/165 kBProgress (5): 1.2/2.1 MB | 1.2/1.9 MB | 290/476 kB | 0.2/12 MB | 90/165 kBProgress (5): 1.2/2.1 MB | 1.2/1.9 MB | 290/476 kB | 0.2/12 MB | 94/165 kBProgress (5): 1.2/2.1 MB | 1.2/1.9 MB | 290/476 kB | 0.2/12 MB | 98/165 kBProgress (5): 1.2/2.1 MB | 1.2/1.9 MB | 290/476 kB | 0.2/12 MB | 102/165 kBProgress (5): 1.2/2.1 MB | 1.2/1.9 MB | 290/476 kB | 0.2/12 MB | 106/165 kBProgress (5): 1.2/2.1 MB | 1.2/1.9 MB | 290/476 kB | 0.2/12 MB | 110/165 kBProgress (5): 1.2/2.1 MB | 1.2/1.9 MB | 290/476 kB | 0.2/12 MB | 114/165 kBProgress (5): 1.2/2.1 MB | 1.2/1.9 MB | 290/476 kB | 0.2/12 MB | 118/165 kBProgress (5): 1.2/2.1 MB | 1.2/1.9 MB | 290/476 kB | 0.2/12 MB | 122/165 kBProgress (5): 1.2/2.1 MB | 1.2/1.9 MB | 294/476 kB | 0.2/12 MB | 122/165 kBProgress (5): 1.2/2.1 MB | 1.2/1.9 MB | 298/476 kB | 0.2/12 MB | 122/165 kBProgress (5): 1.2/2.1 MB | 1.2/1.9 MB | 302/476 kB | 0.2/12 MB | 122/165 kBProgress (5): 1.2/2.1 MB | 1.2/1.9 MB | 306/476 kB | 0.2/12 MB | 122/165 kBProgress (5): 1.2/2.1 MB | 1.2/1.9 MB | 306/476 kB | 0.2/12 MB | 122/165 kBProgress (5): 1.2/2.1 MB | 1.2/1.9 MB | 306/476 kB | 0.2/12 MB | 122/165 kBProgress (5): 1.2/2.1 MB | 1.2/1.9 MB | 306/476 kB | 0.3/12 MB | 122/165 kBProgress (5): 1.2/2.1 MB | 1.2/1.9 MB | 310/476 kB | 0.3/12 MB | 122/165 kBProgress (5): 1.2/2.1 MB | 1.2/1.9 MB | 314/476 kB | 0.3/12 MB | 122/165 kBProgress (5): 1.2/2.1 MB | 1.2/1.9 MB | 314/476 kB | 0.3/12 MB | 122/165 kBProgress (5): 1.2/2.1 MB | 1.2/1.9 MB | 319/476 kB | 0.3/12 MB | 122/165 kBProgress (5): 1.2/2.1 MB | 1.2/1.9 MB | 323/476 kB | 0.3/12 MB | 122/165 kBProgress (5): 1.2/2.1 MB | 1.2/1.9 MB | 323/476 kB | 0.3/12 MB | 122/165 kBProgress (5): 1.2/2.1 MB | 1.3/1.9 MB | 323/476 kB | 0.3/12 MB | 122/165 kBProgress (5): 1.2/2.1 MB | 1.3/1.9 MB | 327/476 kB | 0.3/12 MB | 122/165 kBProgress (5): 1.2/2.1 MB | 1.3/1.9 MB | 331/476 kB | 0.3/12 MB | 122/165 kBProgress (5): 1.2/2.1 MB | 1.3/1.9 MB | 335/476 kB | 0.3/12 MB | 122/165 kBProgress (5): 1.2/2.1 MB | 1.3/1.9 MB | 339/476 kB | 0.3/12 MB | 122/165 kBProgress (5): 1.3/2.1 MB | 1.3/1.9 MB | 339/476 kB | 0.3/12 MB | 122/165 kBProgress (5): 1.3/2.1 MB | 1.3/1.9 MB | 343/476 kB | 0.3/12 MB | 122/165 kBProgress (5): 1.3/2.1 MB | 1.3/1.9 MB | 347/476 kB | 0.3/12 MB | 122/165 kBProgress (5): 1.3/2.1 MB | 1.3/1.9 MB | 347/476 kB | 0.3/12 MB | 122/165 kBProgress (5): 1.3/2.1 MB | 1.3/1.9 MB | 351/476 kB | 0.3/12 MB | 122/165 kBProgress (5): 1.3/2.1 MB | 1.3/1.9 MB | 355/476 kB | 0.3/12 MB | 122/165 kBProgress (5): 1.3/2.1 MB | 1.3/1.9 MB | 355/476 kB | 0.3/12 MB | 122/165 kBProgress (5): 1.3/2.1 MB | 1.3/1.9 MB | 360/476 kB | 0.3/12 MB | 122/165 kBProgress (5): 1.3/2.1 MB | 1.3/1.9 MB | 364/476 kB | 0.3/12 MB | 122/165 kBProgress (5): 1.3/2.1 MB | 1.3/1.9 MB | 368/476 kB | 0.3/12 MB | 122/165 kBProgress (5): 1.3/2.1 MB | 1.3/1.9 MB | 372/476 kB | 0.3/12 MB | 122/165 kBProgress (5): 1.3/2.1 MB | 1.3/1.9 MB | 372/476 kB | 0.3/12 MB | 122/165 kBProgress (5): 1.3/2.1 MB | 1.3/1.9 MB | 372/476 kB | 0.3/12 MB | 122/165 kBProgress (5): 1.3/2.1 MB | 1.3/1.9 MB | 372/476 kB | 0.3/12 MB | 122/165 kBProgress (5): 1.3/2.1 MB | 1.3/1.9 MB | 372/476 kB | 0.3/12 MB | 122/165 kBProgress (5): 1.3/2.1 MB | 1.3/1.9 MB | 376/476 kB | 0.3/12 MB | 122/165 kBProgress (5): 1.3/2.1 MB | 1.3/1.9 MB | 380/476 kB | 0.3/12 MB | 122/165 kBProgress (5): 1.3/2.1 MB | 1.3/1.9 MB | 384/476 kB | 0.3/12 MB | 122/165 kBProgress (5): 1.3/2.1 MB | 1.3/1.9 MB | 388/476 kB | 0.3/12 MB | 122/165 kBProgress (5): 1.3/2.1 MB | 1.3/1.9 MB | 388/476 kB | 0.3/12 MB | 122/165 kBProgress (5): 1.3/2.1 MB | 1.3/1.9 MB | 388/476 kB | 0.3/12 MB | 122/165 kBProgress (5): 1.3/2.1 MB | 1.3/1.9 MB | 388/476 kB | 0.3/12 MB | 122/165 kBProgress (5): 1.3/2.1 MB | 1.3/1.9 MB | 392/476 kB | 0.3/12 MB | 122/165 kBProgress (5): 1.3/2.1 MB | 1.3/1.9 MB | 396/476 kB | 0.3/12 MB | 122/165 kBProgress (5): 1.3/2.1 MB | 1.3/1.9 MB | 400/476 kB | 0.3/12 MB | 122/165 kBProgress (5): 1.3/2.1 MB | 1.3/1.9 MB | 405/476 kB | 0.3/12 MB | 122/165 kBProgress (5): 1.3/2.1 MB | 1.3/1.9 MB | 405/476 kB | 0.3/12 MB | 126/165 kBProgress (5): 1.3/2.1 MB | 1.3/1.9 MB | 405/476 kB | 0.3/12 MB | 131/165 kBProgress (5): 1.3/2.1 MB | 1.3/1.9 MB | 405/476 kB | 0.3/12 MB | 135/165 kBProgress (5): 1.3/2.1 MB | 1.3/1.9 MB | 405/476 kB | 0.3/12 MB | 139/165 kBProgress (5): 1.3/2.1 MB | 1.3/1.9 MB | 405/476 kB | 0.3/12 MB | 139/165 kBProgress (5): 1.3/2.1 MB | 1.3/1.9 MB | 405/476 kB | 0.3/12 MB | 139/165 kBProgress (5): 1.3/2.1 MB | 1.3/1.9 MB | 409/476 kB | 0.3/12 MB | 139/165 kBProgress (5): 1.3/2.1 MB | 1.3/1.9 MB | 409/476 kB | 0.3/12 MB | 139/165 kBProgress (5): 1.3/2.1 MB | 1.3/1.9 MB | 413/476 kB | 0.3/12 MB | 139/165 kBProgress (5): 1.3/2.1 MB | 1.3/1.9 MB | 417/476 kB | 0.3/12 MB | 139/165 kBProgress (5): 1.3/2.1 MB | 1.3/1.9 MB | 421/476 kB | 0.3/12 MB | 139/165 kBProgress (5): 1.3/2.1 MB | 1.3/1.9 MB | 421/476 kB | 0.4/12 MB | 139/165 kBProgress (5): 1.3/2.1 MB | 1.3/1.9 MB | 421/476 kB | 0.4/12 MB | 139/165 kBProgress (5): 1.3/2.1 MB | 1.3/1.9 MB | 421/476 kB | 0.4/12 MB | 139/165 kBProgress (5): 1.3/2.1 MB | 1.3/1.9 MB | 421/476 kB | 0.4/12 MB | 139/165 kBProgress (5): 1.3/2.1 MB | 1.3/1.9 MB | 425/476 kB | 0.4/12 MB | 139/165 kBProgress (5): 1.3/2.1 MB | 1.3/1.9 MB | 429/476 kB | 0.4/12 MB | 139/165 kBProgress (5): 1.3/2.1 MB | 1.3/1.9 MB | 433/476 kB | 0.4/12 MB | 139/165 kBProgress (5): 1.3/2.1 MB | 1.3/1.9 MB | 437/476 kB | 0.4/12 MB | 139/165 kBProgress (5): 1.3/2.1 MB | 1.3/1.9 MB | 437/476 kB | 0.4/12 MB | 139/165 kBProgress (5): 1.3/2.1 MB | 1.4/1.9 MB | 437/476 kB | 0.4/12 MB | 139/165 kBProgress (5): 1.3/2.1 MB | 1.4/1.9 MB | 437/476 kB | 0.4/12 MB | 139/165 kBProgress (5): 1.3/2.1 MB | 1.4/1.9 MB | 441/476 kB | 0.4/12 MB | 139/165 kBProgress (5): 1.3/2.1 MB | 1.4/1.9 MB | 446/476 kB | 0.4/12 MB | 139/165 kBProgress (5): 1.3/2.1 MB | 1.4/1.9 MB | 450/476 kB | 0.4/12 MB | 139/165 kBProgress (5): 1.3/2.1 MB | 1.4/1.9 MB | 450/476 kB | 0.4/12 MB | 139/165 kBProgress (5): 1.3/2.1 MB | 1.4/1.9 MB | 454/476 kB | 0.4/12 MB | 139/165 kBProgress (5): 1.3/2.1 MB | 1.4/1.9 MB | 454/476 kB | 0.4/12 MB | 139/165 kBProgress (5): 1.3/2.1 MB | 1.4/1.9 MB | 454/476 kB | 0.5/12 MB | 139/165 kBProgress (5): 1.3/2.1 MB | 1.4/1.9 MB | 454/476 kB | 0.5/12 MB | 139/165 kBProgress (5): 1.4/2.1 MB | 1.4/1.9 MB | 454/476 kB | 0.5/12 MB | 139/165 kBProgress (5): 1.4/2.1 MB | 1.4/1.9 MB | 454/476 kB | 0.5/12 MB | 139/165 kBProgress (5): 1.4/2.1 MB | 1.4/1.9 MB | 458/476 kB | 0.5/12 MB | 139/165 kBProgress (5): 1.4/2.1 MB | 1.4/1.9 MB | 462/476 kB | 0.5/12 MB | 139/165 kBProgress (5): 1.4/2.1 MB | 1.4/1.9 MB | 466/476 kB | 0.5/12 MB | 139/165 kBProgress (5): 1.4/2.1 MB | 1.4/1.9 MB | 470/476 kB | 0.5/12 MB | 139/165 kBProgress (5): 1.4/2.1 MB | 1.4/1.9 MB | 474/476 kB | 0.5/12 MB | 139/165 kBProgress (5): 1.4/2.1 MB | 1.4/1.9 MB | 476 kB | 0.5/12 MB | 139/165 kB    Progress (5): 1.4/2.1 MB | 1.4/1.9 MB | 476 kB | 0.5/12 MB | 139/165 kBProgress (5): 1.4/2.1 MB | 1.4/1.9 MB | 476 kB | 0.5/12 MB | 139/165 kBProgress (5): 1.4/2.1 MB | 1.4/1.9 MB | 476 kB | 0.5/12 MB | 139/165 kBProgress (5): 1.4/2.1 MB | 1.4/1.9 MB | 476 kB | 0.5/12 MB | 139/165 kBProgress (5): 1.4/2.1 MB | 1.4/1.9 MB | 476 kB | 0.5/12 MB | 139/165 kBProgress (5): 1.4/2.1 MB | 1.4/1.9 MB | 476 kB | 0.5/12 MB | 139/165 kBProgress (5): 1.4/2.1 MB | 1.4/1.9 MB | 476 kB | 0.5/12 MB | 139/165 kBProgress (5): 1.4/2.1 MB | 1.4/1.9 MB | 476 kB | 0.5/12 MB | 139/165 kBProgress (5): 1.4/2.1 MB | 1.4/1.9 MB | 476 kB | 0.5/12 MB | 139/165 kBProgress (5): 1.4/2.1 MB | 1.4/1.9 MB | 476 kB | 0.5/12 MB | 139/165 kBProgress (5): 1.4/2.1 MB | 1.4/1.9 MB | 476 kB | 0.5/12 MB | 143/165 kBProgress (5): 1.4/2.1 MB | 1.4/1.9 MB | 476 kB | 0.5/12 MB | 147/165 kBProgress (5): 1.4/2.1 MB | 1.4/1.9 MB | 476 kB | 0.5/12 MB | 151/165 kBProgress (5): 1.4/2.1 MB | 1.4/1.9 MB | 476 kB | 0.5/12 MB | 155/165 kBProgress (5): 1.4/2.1 MB | 1.4/1.9 MB | 476 kB | 0.5/12 MB | 159/165 kBProgress (5): 1.4/2.1 MB | 1.4/1.9 MB | 476 kB | 0.5/12 MB | 163/165 kBProgress (5): 1.4/2.1 MB | 1.4/1.9 MB | 476 kB | 0.5/12 MB | 165 kB    Progress (5): 1.4/2.1 MB | 1.4/1.9 MB | 476 kB | 0.5/12 MB | 165 kBProgress (5): 1.4/2.1 MB | 1.4/1.9 MB | 476 kB | 0.5/12 MB | 165 kBProgress (5): 1.4/2.1 MB | 1.4/1.9 MB | 476 kB | 0.5/12 MB | 165 kBProgress (5): 1.4/2.1 MB | 1.5/1.9 MB | 476 kB | 0.5/12 MB | 165 kBProgress (5): 1.4/2.1 MB | 1.5/1.9 MB | 476 kB | 0.5/12 MB | 165 kB                                                                   Downloaded from central: https://repo.maven.apache.org/maven2/org/springframework/spring-jdbc/6.2.19/spring-jdbc-6.2.19.jar (476 kB at 202 kB/s)
Downloading from central: https://repo.maven.apache.org/maven2/jakarta/transaction/jakarta.transaction-api/2.0.1/jakarta.transaction-api-2.0.1.jar
Progress (4): 1.4/2.1 MB | 1.5/1.9 MB | 0.6/12 MB | 165 kBProgress (4): 1.4/2.1 MB | 1.5/1.9 MB | 0.6/12 MB | 165 kBProgress (4): 1.4/2.1 MB | 1.5/1.9 MB | 0.6/12 MB | 165 kBProgress (4): 1.4/2.1 MB | 1.5/1.9 MB | 0.6/12 MB | 165 kB                                                          Downloaded from central: https://repo.maven.apache.org/maven2/jakarta/persistence/jakarta.persistence-api/3.1.0/jakarta.persistence-api-3.1.0.jar (165 kB at 69 kB/s)
Downloading from central: https://repo.maven.apache.org/maven2/org/hibernate/common/hibernate-commons-annotations/7.0.3.Final/hibernate-commons-annotations-7.0.3.Final.jar
Progress (3): 1.5/2.1 MB | 1.5/1.9 MB | 0.6/12 MBProgress (3): 1.5/2.1 MB | 1.5/1.9 MB | 0.6/12 MBProgress (3): 1.5/2.1 MB | 1.5/1.9 MB | 0.6/12 MBProgress (3): 1.5/2.1 MB | 1.5/1.9 MB | 0.6/12 MBProgress (3): 1.5/2.1 MB | 1.5/1.9 MB | 0.6/12 MBProgress (3): 1.5/2.1 MB | 1.5/1.9 MB | 0.6/12 MBProgress (3): 1.5/2.1 MB | 1.5/1.9 MB | 0.7/12 MBProgress (3): 1.5/2.1 MB | 1.5/1.9 MB | 0.7/12 MBProgress (3): 1.5/2.1 MB | 1.5/1.9 MB | 0.7/12 MBProgress (3): 1.5/2.1 MB | 1.5/1.9 MB | 0.7/12 MBProgress (3): 1.5/2.1 MB | 1.5/1.9 MB | 0.7/12 MBProgress (3): 1.5/2.1 MB | 1.5/1.9 MB | 0.7/12 MBProgress (3): 1.5/2.1 MB | 1.5/1.9 MB | 0.7/12 MBProgress (3): 1.5/2.1 MB | 1.5/1.9 MB | 0.7/12 MBProgress (3): 1.5/2.1 MB | 1.6/1.9 MB | 0.7/12 MBProgress (3): 1.5/2.1 MB | 1.6/1.9 MB | 0.7/12 MBProgress (3): 1.5/2.1 MB | 1.6/1.9 MB | 0.7/12 MBProgress (3): 1.5/2.1 MB | 1.6/1.9 MB | 0.7/12 MBProgress (3): 1.5/2.1 MB | 1.6/1.9 MB | 0.7/12 MBProgress (3): 1.5/2.1 MB | 1.6/1.9 MB | 0.7/12 MBProgress (3): 1.5/2.1 MB | 1.6/1.9 MB | 0.7/12 MBProgress (3): 1.5/2.1 MB | 1.6/1.9 MB | 0.7/12 MBProgress (3): 1.6/2.1 MB | 1.6/1.9 MB | 0.7/12 MBProgress (3): 1.6/2.1 MB | 1.6/1.9 MB | 0.7/12 MBProgress (3): 1.6/2.1 MB | 1.6/1.9 MB | 0.7/12 MBProgress (3): 1.6/2.1 MB | 1.6/1.9 MB | 0.8/12 MBProgress (4): 1.6/2.1 MB | 1.6/1.9 MB | 0.8/12 MB | 4.1/68 kBProgress (5): 1.6/2.1 MB | 1.6/1.9 MB | 0.8/12 MB | 4.1/68 kB | 4.1/29 kBProgress (5): 1.6/2.1 MB | 1.6/1.9 MB | 0.8/12 MB | 7.7/68 kB | 4.1/29 kBProgress (5): 1.6/2.1 MB | 1.6/1.9 MB | 0.8/12 MB | 12/68 kB | 4.1/29 kB Progress (5): 1.6/2.1 MB | 1.6/1.9 MB | 0.8/12 MB | 12/68 kB | 7.7/29 kBProgress (5): 1.6/2.1 MB | 1.6/1.9 MB | 0.8/12 MB | 12/68 kB | 12/29 kB Progress (5): 1.6/2.1 MB | 1.6/1.9 MB | 0.8/12 MB | 16/68 kB | 12/29 kBProgress (5): 1.6/2.1 MB | 1.6/1.9 MB | 0.8/12 MB | 16/68 kB | 16/29 kBProgress (5): 1.6/2.1 MB | 1.6/1.9 MB | 0.8/12 MB | 16/68 kB | 16/29 kBProgress (5): 1.6/2.1 MB | 1.6/1.9 MB | 0.8/12 MB | 16/68 kB | 16/29 kBProgress (5): 1.6/2.1 MB | 1.6/1.9 MB | 0.8/12 MB | 16/68 kB | 16/29 kBProgress (5): 1.6/2.1 MB | 1.6/1.9 MB | 0.8/12 MB | 16/68 kB | 20/29 kBProgress (5): 1.6/2.1 MB | 1.6/1.9 MB | 0.8/12 MB | 16/68 kB | 24/29 kBProgress (5): 1.6/2.1 MB | 1.6/1.9 MB | 0.8/12 MB | 20/68 kB | 24/29 kBProgress (5): 1.6/2.1 MB | 1.6/1.9 MB | 0.8/12 MB | 24/68 kB | 24/29 kBProgress (5): 1.6/2.1 MB | 1.6/1.9 MB | 0.8/12 MB | 28/68 kB | 24/29 kBProgress (5): 1.6/2.1 MB | 1.6/1.9 MB | 0.8/12 MB | 32/68 kB | 24/29 kBProgress (5): 1.6/2.1 MB | 1.6/1.9 MB | 0.8/12 MB | 32/68 kB | 28/29 kBProgress (5): 1.6/2.1 MB | 1.6/1.9 MB | 0.8/12 MB | 32/68 kB | 29 kB   Progress (5): 1.6/2.1 MB | 1.6/1.9 MB | 0.8/12 MB | 32/68 kB | 29 kBProgress (5): 1.6/2.1 MB | 1.6/1.9 MB | 0.8/12 MB | 32/68 kB | 29 kBProgress (5): 1.6/2.1 MB | 1.6/1.9 MB | 0.8/12 MB | 32/68 kB | 29 kBProgress (5): 1.6/2.1 MB | 1.6/1.9 MB | 0.8/12 MB | 36/68 kB | 29 kBProgress (5): 1.6/2.1 MB | 1.6/1.9 MB | 0.8/12 MB | 40/68 kB | 29 kBProgress (5): 1.6/2.1 MB | 1.6/1.9 MB | 0.8/12 MB | 45/68 kB | 29 kBProgress (5): 1.6/2.1 MB | 1.6/1.9 MB | 0.8/12 MB | 49/68 kB | 29 kBProgress (5): 1.6/2.1 MB | 1.6/1.9 MB | 0.8/12 MB | 53/68 kB | 29 kBProgress (5): 1.6/2.1 MB | 1.6/1.9 MB | 0.8/12 MB | 57/68 kB | 29 kBProgress (5): 1.6/2.1 MB | 1.6/1.9 MB | 0.8/12 MB | 57/68 kB | 29 kBProgress (5): 1.6/2.1 MB | 1.6/1.9 MB | 0.8/12 MB | 61/68 kB | 29 kBProgress (5): 1.6/2.1 MB | 1.6/1.9 MB | 0.8/12 MB | 65/68 kB | 29 kBProgress (5): 1.6/2.1 MB | 1.6/1.9 MB | 0.8/12 MB | 68 kB | 29 kB   Progress (5): 1.6/2.1 MB | 1.7/1.9 MB | 0.8/12 MB | 68 kB | 29 kBProgress (5): 1.6/2.1 MB | 1.7/1.9 MB | 0.8/12 MB | 68 kB | 29 kBProgress (5): 1.6/2.1 MB | 1.7/1.9 MB | 0.9/12 MB | 68 kB | 29 kBProgress (5): 1.6/2.1 MB | 1.7/1.9 MB | 0.9/12 MB | 68 kB | 29 kBProgress (5): 1.6/2.1 MB | 1.7/1.9 MB | 0.9/12 MB | 68 kB | 29 kBProgress (5): 1.6/2.1 MB | 1.7/1.9 MB | 0.9/12 MB | 68 kB | 29 kBProgress (5): 1.6/2.1 MB | 1.7/1.9 MB | 0.9/12 MB | 68 kB | 29 kBProgress (5): 1.6/2.1 MB | 1.7/1.9 MB | 0.9/12 MB | 68 kB | 29 kBProgress (5): 1.6/2.1 MB | 1.7/1.9 MB | 0.9/12 MB | 68 kB | 29 kBProgress (5): 1.6/2.1 MB | 1.7/1.9 MB | 0.9/12 MB | 68 kB | 29 kBProgress (5): 1.6/2.1 MB | 1.7/1.9 MB | 0.9/12 MB | 68 kB | 29 kBProgress (5): 1.6/2.1 MB | 1.7/1.9 MB | 0.9/12 MB | 68 kB | 29 kBProgress (5): 1.6/2.1 MB | 1.7/1.9 MB | 0.9/12 MB | 68 kB | 29 kBProgress (5): 1.6/2.1 MB | 1.7/1.9 MB | 0.9/12 MB | 68 kB | 29 kBProgress (5): 1.7/2.1 MB | 1.7/1.9 MB | 0.9/12 MB | 68 kB | 29 kBProgress (5): 1.7/2.1 MB | 1.7/1.9 MB | 0.9/12 MB | 68 kB | 29 kBProgress (5): 1.7/2.1 MB | 1.7/1.9 MB | 0.9/12 MB | 68 kB | 29 kBProgress (5): 1.7/2.1 MB | 1.7/1.9 MB | 0.9/12 MB | 68 kB | 29 kBProgress (5): 1.7/2.1 MB | 1.8/1.9 MB | 0.9/12 MB | 68 kB | 29 kBProgress (5): 1.7/2.1 MB | 1.8/1.9 MB | 0.9/12 MB | 68 kB | 29 kBProgress (5): 1.7/2.1 MB | 1.8/1.9 MB | 0.9/12 MB | 68 kB | 29 kBProgress (5): 1.7/2.1 MB | 1.8/1.9 MB | 0.9/12 MB | 68 kB | 29 kBProgress (5): 1.7/2.1 MB | 1.8/1.9 MB | 0.9/12 MB | 68 kB | 29 kB                                                                 Downloaded from central: https://repo.maven.apache.org/maven2/jakarta/transaction/jakarta.transaction-api/2.0.1/jakarta.transaction-api-2.0.1.jar (29 kB at 11 kB/s)
Downloading from central: https://repo.maven.apache.org/maven2/io/smallrye/jandex/3.2.0/jandex-3.2.0.jar
Progress (4): 1.7/2.1 MB | 1.8/1.9 MB | 0.9/12 MB | 68 kBProgress (4): 1.7/2.1 MB | 1.8/1.9 MB | 0.9/12 MB | 68 kBProgress (4): 1.7/2.1 MB | 1.8/1.9 MB | 0.9/12 MB | 68 kB                                                         Downloaded from central: https://repo.maven.apache.org/maven2/org/hibernate/common/hibernate-commons-annotations/7.0.3.Final/hibernate-commons-annotations-7.0.3.Final.jar (68 kB at 25 kB/s)
Downloading from central: https://repo.maven.apache.org/maven2/com/fasterxml/classmate/1.7.3/classmate-1.7.3.jar
Progress (3): 1.7/2.1 MB | 1.8/1.9 MB | 0.9/12 MBProgress (3): 1.7/2.1 MB | 1.8/1.9 MB | 0.9/12 MBProgress (3): 1.7/2.1 MB | 1.8/1.9 MB | 0.9/12 MBProgress (3): 1.7/2.1 MB | 1.8/1.9 MB | 0.9/12 MBProgress (3): 1.7/2.1 MB | 1.8/1.9 MB | 0.9/12 MBProgress (3): 1.7/2.1 MB | 1.8/1.9 MB | 0.9/12 MBProgress (3): 1.8/2.1 MB | 1.8/1.9 MB | 0.9/12 MBProgress (3): 1.8/2.1 MB | 1.8/1.9 MB | 0.9/12 MBProgress (3): 1.8/2.1 MB | 1.8/1.9 MB | 0.9/12 MBProgress (3): 1.8/2.1 MB | 1.8/1.9 MB | 1.0/12 MBProgress (3): 1.8/2.1 MB | 1.8/1.9 MB | 1.0/12 MBProgress (3): 1.8/2.1 MB | 1.9/1.9 MB | 1.0/12 MBProgress (3): 1.8/2.1 MB | 1.9/1.9 MB | 1.0/12 MBProgress (3): 1.8/2.1 MB | 1.9/1.9 MB | 1.0/12 MBProgress (4): 1.8/2.1 MB | 1.9/1.9 MB | 1.0/12 MB | 3.2/68 kBProgress (4): 1.8/2.1 MB | 1.9/1.9 MB | 1.0/12 MB | 7.3/68 kBProgress (4): 1.8/2.1 MB | 1.9/1.9 MB | 1.0/12 MB | 7.3/68 kBProgress (4): 1.8/2.1 MB | 1.9/1.9 MB | 1.0/12 MB | 11/68 kB Progress (4): 1.8/2.1 MB | 1.9/1.9 MB | 1.1/12 MB | 11/68 kBProgress (4): 1.8/2.1 MB | 1.9/1.9 MB | 1.1/12 MB | 11/68 kBProgress (5): 1.8/2.1 MB | 1.9/1.9 MB | 1.1/12 MB | 11/68 kB | 4.1/375 kBProgress (5): 1.8/2.1 MB | 1.9/1.9 MB | 1.1/12 MB | 15/68 kB | 4.1/375 kBProgress (5): 1.8/2.1 MB | 1.9/1.9 MB | 1.1/12 MB | 15/68 kB | 7.7/375 kBProgress (5): 1.8/2.1 MB | 1.9/1.9 MB | 1.1/12 MB | 20/68 kB | 7.7/375 kBProgress (5): 1.8/2.1 MB | 1.9/1.9 MB | 1.1/12 MB | 20/68 kB | 12/375 kB Progress (5): 1.8/2.1 MB | 1.9/1.9 MB | 1.1/12 MB | 20/68 kB | 16/375 kBProgress (5): 1.8/2.1 MB | 1.9/1.9 MB | 1.1/12 MB | 20/68 kB | 16/375 kBProgress (5): 1.8/2.1 MB | 1.9/1.9 MB | 1.1/12 MB | 24/68 kB | 16/375 kBProgress (5): 1.8/2.1 MB | 1.9/1.9 MB | 1.1/12 MB | 28/68 kB | 16/375 kBProgress (5): 1.8/2.1 MB | 1.9/1.9 MB | 1.1/12 MB | 32/68 kB | 16/375 kBProgress (5): 1.8/2.1 MB | 1.9/1.9 MB | 1.1/12 MB | 36/68 kB | 16/375 kBProgress (5): 1.8/2.1 MB | 1.9/1.9 MB | 1.1/12 MB | 36/68 kB | 20/375 kBProgress (5): 1.8/2.1 MB | 1.9/1.9 MB | 1.1/12 MB | 36/68 kB | 20/375 kBProgress (5): 1.8/2.1 MB | 1.9/1.9 MB | 1.1/12 MB | 36/68 kB | 24/375 kBProgress (5): 1.8/2.1 MB | 1.9/1.9 MB | 1.1/12 MB | 36/68 kB | 28/375 kBProgress (5): 1.8/2.1 MB | 1.9/1.9 MB | 1.1/12 MB | 36/68 kB | 28/375 kBProgress (5): 1.8/2.1 MB | 1.9/1.9 MB | 1.1/12 MB | 36/68 kB | 28/375 kBProgress (5): 1.8/2.1 MB | 1.9 MB | 1.1/12 MB | 36/68 kB | 28/375 kB    Progress (5): 1.8/2.1 MB | 1.9 MB | 1.1/12 MB | 40/68 kB | 28/375 kBProgress (5): 1.8/2.1 MB | 1.9 MB | 1.1/12 MB | 44/68 kB | 28/375 kBProgress (5): 1.8/2.1 MB | 1.9 MB | 1.1/12 MB | 48/68 kB | 28/375 kBProgress (5): 1.8/2.1 MB | 1.9 MB | 1.1/12 MB | 48/68 kB | 28/375 kBProgress (5): 1.8/2.1 MB | 1.9 MB | 1.1/12 MB | 52/68 kB | 28/375 kBProgress (5): 1.8/2.1 MB | 1.9 MB | 1.1/12 MB | 52/68 kB | 32/375 kBProgress (5): 1.8/2.1 MB | 1.9 MB | 1.1/12 MB | 52/68 kB | 36/375 kBProgress (5): 1.8/2.1 MB | 1.9 MB | 1.1/12 MB | 52/68 kB | 40/375 kBProgress (5): 1.8/2.1 MB | 1.9 MB | 1.1/12 MB | 52/68 kB | 44/375 kBProgress (5): 1.8/2.1 MB | 1.9 MB | 1.1/12 MB | 56/68 kB | 44/375 kBProgress (5): 1.8/2.1 MB | 1.9 MB | 1.1/12 MB | 61/68 kB | 44/375 kBProgress (5): 1.8/2.1 MB | 1.9 MB | 1.1/12 MB | 65/68 kB | 44/375 kBProgress (5): 1.8/2.1 MB | 1.9 MB | 1.1/12 MB | 68 kB | 44/375 kB   Progress (5): 1.8/2.1 MB | 1.9 MB | 1.1/12 MB | 68 kB | 44/375 kBProgress (5): 1.8/2.1 MB | 1.9 MB | 1.1/12 MB | 68 kB | 48/375 kBProgress (5): 1.8/2.1 MB | 1.9 MB | 1.1/12 MB | 68 kB | 52/375 kBProgress (5): 1.8/2.1 MB | 1.9 MB | 1.1/12 MB | 68 kB | 56/375 kBProgress (5): 1.8/2.1 MB | 1.9 MB | 1.1/12 MB | 68 kB | 60/375 kBProgress (5): 1.8/2.1 MB | 1.9 MB | 1.1/12 MB | 68 kB | 65/375 kBProgress (5): 1.8/2.1 MB | 1.9 MB | 1.1/12 MB | 68 kB | 65/375 kBProgress (5): 1.8/2.1 MB | 1.9 MB | 1.1/12 MB | 68 kB | 69/375 kBProgress (5): 1.8/2.1 MB | 1.9 MB | 1.1/12 MB | 68 kB | 73/375 kBProgress (5): 1.8/2.1 MB | 1.9 MB | 1.1/12 MB | 68 kB | 77/375 kBProgress (5): 1.8/2.1 MB | 1.9 MB | 1.1/12 MB | 68 kB | 81/375 kBProgress (5): 1.8/2.1 MB | 1.9 MB | 1.1/12 MB | 68 kB | 85/375 kBProgress (5): 1.8/2.1 MB | 1.9 MB | 1.1/12 MB | 68 kB | 89/375 kBProgress (5): 1.8/2.1 MB | 1.9 MB | 1.1/12 MB | 68 kB | 93/375 kBProgress (5): 1.9/2.1 MB | 1.9 MB | 1.1/12 MB | 68 kB | 93/375 kB                                                                 Downloaded from central: https://repo.maven.apache.org/maven2/org/springframework/boot/spring-boot/3.5.15/spring-boot-3.5.15.jar (1.9 MB at 642 kB/s)
Downloading from central: https://repo.maven.apache.org/maven2/net/bytebuddy/byte-buddy/1.17.8/byte-buddy-1.17.8.jar
Progress (4): 1.9/2.1 MB | 1.2/12 MB | 68 kB | 93/375 kBProgress (4): 1.9/2.1 MB | 1.2/12 MB | 68 kB | 97/375 kBProgress (4): 1.9/2.1 MB | 1.2/12 MB | 68 kB | 101/375 kBProgress (4): 1.9/2.1 MB | 1.2/12 MB | 68 kB | 106/375 kBProgress (4): 1.9/2.1 MB | 1.2/12 MB | 68 kB | 110/375 kBProgress (4): 1.9/2.1 MB | 1.2/12 MB | 68 kB | 110/375 kBProgress (4): 1.9/2.1 MB | 1.2/12 MB | 68 kB | 114/375 kBProgress (4): 1.9/2.1 MB | 1.2/12 MB | 68 kB | 118/375 kBProgress (4): 1.9/2.1 MB | 1.2/12 MB | 68 kB | 122/375 kBProgress (4): 1.9/2.1 MB | 1.2/12 MB | 68 kB | 126/375 kB                                                         Downloaded from central: https://repo.maven.apache.org/maven2/com/fasterxml/classmate/1.7.3/classmate-1.7.3.jar (68 kB at 23 kB/s)
Downloading from central: https://repo.maven.apache.org/maven2/org/glassfish/jaxb/jaxb-runtime/4.0.9/jaxb-runtime-4.0.9.jar
Progress (3): 1.9/2.1 MB | 1.2/12 MB | 126/375 kBProgress (3): 1.9/2.1 MB | 1.2/12 MB | 130/375 kBProgress (3): 1.9/2.1 MB | 1.2/12 MB | 134/375 kBProgress (3): 1.9/2.1 MB | 1.2/12 MB | 138/375 kBProgress (3): 1.9/2.1 MB | 1.2/12 MB | 142/375 kBProgress (3): 1.9/2.1 MB | 1.2/12 MB | 142/375 kBProgress (3): 1.9/2.1 MB | 1.2/12 MB | 147/375 kBProgress (3): 1.9/2.1 MB | 1.2/12 MB | 151/375 kBProgress (3): 1.9/2.1 MB | 1.2/12 MB | 155/375 kBProgress (3): 1.9/2.1 MB | 1.2/12 MB | 159/375 kBProgress (3): 1.9/2.1 MB | 1.2/12 MB | 159/375 kBProgress (3): 1.9/2.1 MB | 1.2/12 MB | 159/375 kBProgress (3): 1.9/2.1 MB | 1.2/12 MB | 163/375 kBProgress (3): 1.9/2.1 MB | 1.2/12 MB | 167/375 kBProgress (3): 1.9/2.1 MB | 1.2/12 MB | 171/375 kBProgress (3): 1.9/2.1 MB | 1.2/12 MB | 175/375 kBProgress (3): 1.9/2.1 MB | 1.2/12 MB | 175/375 kBProgress (3): 1.9/2.1 MB | 1.2/12 MB | 179/375 kBProgress (3): 1.9/2.1 MB | 1.2/12 MB | 183/375 kBProgress (3): 1.9/2.1 MB | 1.2/12 MB | 187/375 kBProgress (3): 1.9/2.1 MB | 1.2/12 MB | 192/375 kBProgress (3): 1.9/2.1 MB | 1.2/12 MB | 192/375 kBProgress (3): 1.9/2.1 MB | 1.2/12 MB | 196/375 kBProgress (3): 1.9/2.1 MB | 1.2/12 MB | 200/375 kBProgress (3): 1.9/2.1 MB | 1.2/12 MB | 204/375 kBProgress (3): 1.9/2.1 MB | 1.2/12 MB | 208/375 kBProgress (3): 1.9/2.1 MB | 1.3/12 MB | 208/375 kBProgress (3): 2.0/2.1 MB | 1.3/12 MB | 208/375 kBProgress (3): 2.0/2.1 MB | 1.3/12 MB | 212/375 kBProgress (3): 2.0/2.1 MB | 1.3/12 MB | 216/375 kBProgress (3): 2.0/2.1 MB | 1.3/12 MB | 220/375 kBProgress (3): 2.0/2.1 MB | 1.3/12 MB | 224/375 kBProgress (3): 2.0/2.1 MB | 1.3/12 MB | 224/375 kBProgress (4): 2.0/2.1 MB | 1.3/12 MB | 224/375 kB | 0/9.0 MBProgress (5): 2.0/2.1 MB | 1.3/12 MB | 224/375 kB | 0/9.0 MB | 8.2/922 kBProgress (5): 2.0/2.1 MB | 1.3/12 MB | 224/375 kB | 0/9.0 MB | 16/922 kB Progress (5): 2.0/2.1 MB | 1.3/12 MB | 228/375 kB | 0/9.0 MB | 16/922 kBProgress (5): 2.0/2.1 MB | 1.3/12 MB | 233/375 kB | 0/9.0 MB | 16/922 kBProgress (5): 2.0/2.1 MB | 1.3/12 MB | 237/375 kB | 0/9.0 MB | 16/922 kBProgress (5): 2.0/2.1 MB | 1.3/12 MB | 241/375 kB | 0/9.0 MB | 16/922 kBProgress (5): 2.0/2.1 MB | 1.3/12 MB | 241/375 kB | 0/9.0 MB | 25/922 kBProgress (5): 2.0/2.1 MB | 1.3/12 MB | 241/375 kB | 0/9.0 MB | 33/922 kBProgress (5): 2.0/2.1 MB | 1.3/12 MB | 245/375 kB | 0/9.0 MB | 33/922 kBProgress (5): 2.0/2.1 MB | 1.3/12 MB | 249/375 kB | 0/9.0 MB | 33/922 kBProgress (5): 2.0/2.1 MB | 1.3/12 MB | 249/375 kB | 0/9.0 MB | 33/922 kBProgress (5): 2.0/2.1 MB | 1.3/12 MB | 253/375 kB | 0/9.0 MB | 33/922 kBProgress (5): 2.0/2.1 MB | 1.3/12 MB | 257/375 kB | 0/9.0 MB | 33/922 kBProgress (5): 2.0/2.1 MB | 1.3/12 MB | 257/375 kB | 0/9.0 MB | 41/922 kBProgress (5): 2.0/2.1 MB | 1.3/12 MB | 257/375 kB | 0/9.0 MB | 49/922 kBProgress (5): 2.0/2.1 MB | 1.3/12 MB | 261/375 kB | 0/9.0 MB | 49/922 kBProgress (5): 2.0/2.1 MB | 1.3/12 MB | 265/375 kB | 0/9.0 MB | 49/922 kBProgress (5): 2.0/2.1 MB | 1.3/12 MB | 269/375 kB | 0/9.0 MB | 49/922 kBProgress (5): 2.0/2.1 MB | 1.3/12 MB | 273/375 kB | 0/9.0 MB | 49/922 kBProgress (5): 2.0/2.1 MB | 1.3/12 MB | 273/375 kB | 0/9.0 MB | 57/922 kBProgress (5): 2.0/2.1 MB | 1.3/12 MB | 273/375 kB | 0/9.0 MB | 57/922 kBProgress (5): 2.0/2.1 MB | 1.3/12 MB | 278/375 kB | 0/9.0 MB | 57/922 kBProgress (5): 2.0/2.1 MB | 1.3/12 MB | 282/375 kB | 0/9.0 MB | 57/922 kBProgress (5): 2.0/2.1 MB | 1.3/12 MB | 286/375 kB | 0/9.0 MB | 57/922 kBProgress (5): 2.0/2.1 MB | 1.3/12 MB | 290/375 kB | 0/9.0 MB | 57/922 kBProgress (5): 2.0/2.1 MB | 1.3/12 MB | 290/375 kB | 0/9.0 MB | 57/922 kBProgress (5): 2.0/2.1 MB | 1.3/12 MB | 294/375 kB | 0/9.0 MB | 57/922 kBProgress (5): 2.0/2.1 MB | 1.3/12 MB | 298/375 kB | 0/9.0 MB | 57/922 kBProgress (5): 2.0/2.1 MB | 1.3/12 MB | 302/375 kB | 0/9.0 MB | 57/922 kBProgress (5): 2.0/2.1 MB | 1.3/12 MB | 306/375 kB | 0/9.0 MB | 57/922 kBProgress (5): 2.0/2.1 MB | 1.3/12 MB | 306/375 kB | 0/9.0 MB | 57/922 kBProgress (5): 2.0/2.1 MB | 1.3/12 MB | 310/375 kB | 0/9.0 MB | 57/922 kBProgress (5): 2.0/2.1 MB | 1.3/12 MB | 314/375 kB | 0/9.0 MB | 57/922 kBProgress (5): 2.0/2.1 MB | 1.3/12 MB | 319/375 kB | 0/9.0 MB | 57/922 kBProgress (5): 2.0/2.1 MB | 1.3/12 MB | 323/375 kB | 0/9.0 MB | 57/922 kBProgress (5): 2.1/2.1 MB | 1.3/12 MB | 323/375 kB | 0/9.0 MB | 57/922 kBProgress (5): 2.1/2.1 MB | 1.3/12 MB | 327/375 kB | 0/9.0 MB | 57/922 kBProgress (5): 2.1/2.1 MB | 1.3/12 MB | 331/375 kB | 0/9.0 MB | 57/922 kBProgress (5): 2.1/2.1 MB | 1.3/12 MB | 335/375 kB | 0/9.0 MB | 57/922 kBProgress (5): 2.1/2.1 MB | 1.3/12 MB | 339/375 kB | 0/9.0 MB | 57/922 kBProgress (5): 2.1/2.1 MB | 1.3/12 MB | 343/375 kB | 0/9.0 MB | 57/922 kBProgress (5): 2.1/2.1 MB | 1.3/12 MB | 347/375 kB | 0/9.0 MB | 57/922 kBProgress (5): 2.1/2.1 MB | 1.3/12 MB | 351/375 kB | 0/9.0 MB | 57/922 kBProgress (5): 2.1/2.1 MB | 1.3/12 MB | 355/375 kB | 0/9.0 MB | 57/922 kBProgress (5): 2.1/2.1 MB | 1.3/12 MB | 355/375 kB | 0/9.0 MB | 57/922 kBProgress (5): 2.1 MB | 1.3/12 MB | 355/375 kB | 0/9.0 MB | 57/922 kB    Progress (5): 2.1 MB | 1.3/12 MB | 359/375 kB | 0/9.0 MB | 57/922 kBProgress (5): 2.1 MB | 1.3/12 MB | 364/375 kB | 0/9.0 MB | 57/922 kBProgress (5): 2.1 MB | 1.3/12 MB | 368/375 kB | 0/9.0 MB | 57/922 kBProgress (5): 2.1 MB | 1.3/12 MB | 372/375 kB | 0/9.0 MB | 57/922 kBProgress (5): 2.1 MB | 1.3/12 MB | 375 kB | 0/9.0 MB | 57/922 kB    Progress (5): 2.1 MB | 1.4/12 MB | 375 kB | 0/9.0 MB | 57/922 kBProgress (5): 2.1 MB | 1.4/12 MB | 375 kB | 0/9.0 MB | 66/922 kBProgress (5): 2.1 MB | 1.4/12 MB | 375 kB | 0/9.0 MB | 74/922 kBProgress (5): 2.1 MB | 1.4/12 MB | 375 kB | 0/9.0 MB | 82/922 kBProgress (5): 2.1 MB | 1.4/12 MB | 375 kB | 0/9.0 MB | 82/922 kBProgress (5): 2.1 MB | 1.4/12 MB | 375 kB | 0/9.0 MB | 90/922 kBProgress (5): 2.1 MB | 1.4/12 MB | 375 kB | 0/9.0 MB | 98/922 kBProgress (5): 2.1 MB | 1.4/12 MB | 375 kB | 0/9.0 MB | 106/922 kBProgress (5): 2.1 MB | 1.4/12 MB | 375 kB | 0.1/9.0 MB | 106/922 kBProgress (5): 2.1 MB | 1.4/12 MB | 375 kB | 0.1/9.0 MB | 115/922 kBProgress (5): 2.1 MB | 1.4/12 MB | 375 kB | 0.1/9.0 MB | 123/922 kBProgress (5): 2.1 MB | 1.4/12 MB | 375 kB | 0.1/9.0 MB | 123/922 kB                                                                   Downloaded from central: https://repo.maven.apache.org/maven2/io/smallrye/jandex/3.2.0/jandex-3.2.0.jar (375 kB at 113 kB/s)
Downloaded from central: https://repo.maven.apache.org/maven2/org/springframework/boot/spring-boot-autoconfigure/3.5.15/spring-boot-autoconfigure-3.5.15.jar (2.1 MB at 628 kB/s)
Downloading from central: https://repo.maven.apache.org/maven2/org/glassfish/jaxb/jaxb-core/4.0.9/jaxb-core-4.0.9.jar
Downloading from central: https://repo.maven.apache.org/maven2/org/eclipse/angus/angus-activation/2.0.3/angus-activation-2.0.3.jar
Progress (3): 1.4/12 MB | 0.1/9.0 MB | 131/922 kBProgress (3): 1.4/12 MB | 0.1/9.0 MB | 139/922 kBProgress (3): 1.4/12 MB | 0.1/9.0 MB | 147/922 kBProgress (3): 1.4/12 MB | 0.1/9.0 MB | 156/922 kBProgress (3): 1.4/12 MB | 0.2/9.0 MB | 156/922 kBProgress (3): 1.4/12 MB | 0.2/9.0 MB | 164/922 kBProgress (3): 1.4/12 MB | 0.2/9.0 MB | 172/922 kBProgress (3): 1.5/12 MB | 0.2/9.0 MB | 172/922 kBProgress (3): 1.5/12 MB | 0.2/9.0 MB | 180/922 kBProgress (3): 1.5/12 MB | 0.2/9.0 MB | 188/922 kBProgress (3): 1.6/12 MB | 0.2/9.0 MB | 188/922 kBProgress (3): 1.6/12 MB | 0.2/9.0 MB | 197/922 kBProgress (3): 1.6/12 MB | 0.2/9.0 MB | 205/922 kBProgress (3): 1.6/12 MB | 0.2/9.0 MB | 205/922 kBProgress (3): 1.6/12 MB | 0.2/9.0 MB | 205/922 kBProgress (3): 1.6/12 MB | 0.3/9.0 MB | 205/922 kBProgress (4): 1.6/12 MB | 0.3/9.0 MB | 205/922 kB | 4.1/139 kBProgress (4): 1.6/12 MB | 0.3/9.0 MB | 205/922 kB | 7.7/139 kBProgress (4): 1.6/12 MB | 0.3/9.0 MB | 205/922 kB | 12/139 kB Progress (4): 1.6/12 MB | 0.3/9.0 MB | 205/922 kB | 16/139 kBProgress (4): 1.6/12 MB | 0.3/9.0 MB | 213/922 kB | 16/139 kBProgress (4): 1.6/12 MB | 0.3/9.0 MB | 221/922 kB | 16/139 kBProgress (4): 1.6/12 MB | 0.3/9.0 MB | 221/922 kB | 20/139 kBProgress (4): 1.6/12 MB | 0.3/9.0 MB | 221/922 kB | 24/139 kBProgress (4): 1.6/12 MB | 0.3/9.0 MB | 221/922 kB | 28/139 kBProgress (4): 1.6/12 MB | 0.3/9.0 MB | 221/922 kB | 32/139 kBProgress (4): 1.6/12 MB | 0.3/9.0 MB | 229/922 kB | 32/139 kBProgress (4): 1.6/12 MB | 0.3/9.0 MB | 238/922 kB | 32/139 kBProgress (4): 1.6/12 MB | 0.3/9.0 MB | 238/922 kB | 32/139 kBProgress (4): 1.6/12 MB | 0.3/9.0 MB | 238/922 kB | 36/139 kBProgress (4): 1.6/12 MB | 0.3/9.0 MB | 238/922 kB | 40/139 kBProgress (4): 1.6/12 MB | 0.3/9.0 MB | 238/922 kB | 45/139 kBProgress (4): 1.6/12 MB | 0.3/9.0 MB | 238/922 kB | 49/139 kBProgress (4): 1.6/12 MB | 0.3/9.0 MB | 238/922 kB | 53/139 kBProgress (4): 1.6/12 MB | 0.3/9.0 MB | 238/922 kB | 57/139 kBProgress (4): 1.6/12 MB | 0.3/9.0 MB | 238/922 kB | 61/139 kBProgress (4): 1.6/12 MB | 0.3/9.0 MB | 246/922 kB | 61/139 kBProgress (4): 1.6/12 MB | 0.3/9.0 MB | 254/922 kB | 61/139 kBProgress (4): 1.6/12 MB | 0.3/9.0 MB | 254/922 kB | 65/139 kBProgress (4): 1.6/12 MB | 0.3/9.0 MB | 254/922 kB | 69/139 kBProgress (4): 1.6/12 MB | 0.3/9.0 MB | 254/922 kB | 73/139 kBProgress (4): 1.6/12 MB | 0.3/9.0 MB | 254/922 kB | 77/139 kBProgress (4): 1.6/12 MB | 0.3/9.0 MB | 262/922 kB | 77/139 kBProgress (4): 1.6/12 MB | 0.3/9.0 MB | 270/922 kB | 77/139 kBProgress (4): 1.6/12 MB | 0.3/9.0 MB | 270/922 kB | 81/139 kBProgress (4): 1.6/12 MB | 0.3/9.0 MB | 270/922 kB | 85/139 kBProgress (4): 1.6/12 MB | 0.3/9.0 MB | 270/922 kB | 89/139 kBProgress (4): 1.6/12 MB | 0.3/9.0 MB | 270/922 kB | 93/139 kBProgress (4): 1.6/12 MB | 0.3/9.0 MB | 279/922 kB | 93/139 kBProgress (4): 1.6/12 MB | 0.3/9.0 MB | 287/922 kB | 93/139 kBProgress (4): 1.6/12 MB | 0.3/9.0 MB | 287/922 kB | 97/139 kBProgress (4): 1.6/12 MB | 0.3/9.0 MB | 287/922 kB | 101/139 kBProgress (4): 1.6/12 MB | 0.3/9.0 MB | 287/922 kB | 106/139 kBProgress (4): 1.6/12 MB | 0.3/9.0 MB | 287/922 kB | 110/139 kBProgress (4): 1.6/12 MB | 0.3/9.0 MB | 295/922 kB | 110/139 kBProgress (4): 1.6/12 MB | 0.3/9.0 MB | 303/922 kB | 110/139 kBProgress (4): 1.6/12 MB | 0.3/9.0 MB | 303/922 kB | 114/139 kBProgress (4): 1.6/12 MB | 0.3/9.0 MB | 303/922 kB | 118/139 kBProgress (4): 1.6/12 MB | 0.3/9.0 MB | 303/922 kB | 122/139 kBProgress (4): 1.6/12 MB | 0.3/9.0 MB | 303/922 kB | 126/139 kBProgress (4): 1.6/12 MB | 0.3/9.0 MB | 303/922 kB | 130/139 kBProgress (4): 1.6/12 MB | 0.3/9.0 MB | 303/922 kB | 134/139 kBProgress (4): 1.6/12 MB | 0.3/9.0 MB | 303/922 kB | 138/139 kBProgress (4): 1.6/12 MB | 0.3/9.0 MB | 303/922 kB | 139 kB    Progress (5): 1.6/12 MB | 0.3/9.0 MB | 303/922 kB | 139 kB | 4.1/27 kBProgress (5): 1.6/12 MB | 0.3/9.0 MB | 303/922 kB | 139 kB | 7.7/27 kBProgress (5): 1.6/12 MB | 0.3/9.0 MB | 303/922 kB | 139 kB | 12/27 kB Progress (5): 1.6/12 MB | 0.3/9.0 MB | 303/922 kB | 139 kB | 16/27 kBProgress (5): 1.6/12 MB | 0.3/9.0 MB | 303/922 kB | 139 kB | 20/27 kBProgress (5): 1.6/12 MB | 0.3/9.0 MB | 303/922 kB | 139 kB | 24/27 kBProgress (5): 1.6/12 MB | 0.3/9.0 MB | 303/922 kB | 139 kB | 27 kB   Progress (5): 1.7/12 MB | 0.3/9.0 MB | 303/922 kB | 139 kB | 27 kBProgress (5): 1.8/12 MB | 0.3/9.0 MB | 303/922 kB | 139 kB | 27 kBProgress (5): 1.8/12 MB | 0.3/9.0 MB | 311/922 kB | 139 kB | 27 kBProgress (5): 1.8/12 MB | 0.3/9.0 MB | 319/922 kB | 139 kB | 27 kBProgress (5): 1.8/12 MB | 0.3/9.0 MB | 319/922 kB | 139 kB | 27 kB                                                                  Downloaded from central: https://repo.maven.apache.org/maven2/org/glassfish/jaxb/jaxb-core/4.0.9/jaxb-core-4.0.9.jar (139 kB at 38 kB/s)
Downloading from central: https://repo.maven.apache.org/maven2/org/glassfish/jaxb/txw2/4.0.9/txw2-4.0.9.jar
Progress (4): 1.8/12 MB | 0.3/9.0 MB | 328/922 kB | 27 kBProgress (4): 1.8/12 MB | 0.3/9.0 MB | 336/922 kB | 27 kB                                                         Downloaded from central: https://repo.maven.apache.org/maven2/org/eclipse/angus/angus-activation/2.0.3/angus-activation-2.0.3.jar (27 kB at 7.3 kB/s)
Downloading from central: https://repo.maven.apache.org/maven2/com/sun/istack/istack-commons-runtime/4.1.2/istack-commons-runtime-4.1.2.jar
Progress (3): 1.8/12 MB | 0.4/9.0 MB | 336/922 kBProgress (3): 1.8/12 MB | 0.4/9.0 MB | 344/922 kBProgress (3): 1.8/12 MB | 0.4/9.0 MB | 352/922 kBProgress (3): 1.9/12 MB | 0.4/9.0 MB | 352/922 kBProgress (3): 1.9/12 MB | 0.4/9.0 MB | 360/922 kBProgress (3): 1.9/12 MB | 0.4/9.0 MB | 369/922 kBProgress (3): 1.9/12 MB | 0.4/9.0 MB | 377/922 kBProgress (3): 1.9/12 MB | 0.4/9.0 MB | 385/922 kBProgress (3): 1.9/12 MB | 0.4/9.0 MB | 385/922 kBProgress (3): 1.9/12 MB | 0.4/9.0 MB | 393/922 kBProgress (3): 1.9/12 MB | 0.4/9.0 MB | 401/922 kBProgress (3): 2.0/12 MB | 0.4/9.0 MB | 401/922 kBProgress (3): 2.0/12 MB | 0.4/9.0 MB | 410/922 kBProgress (3): 2.0/12 MB | 0.4/9.0 MB | 418/922 kBProgress (3): 2.0/12 MB | 0.5/9.0 MB | 418/922 kBProgress (3): 2.0/12 MB | 0.5/9.0 MB | 426/922 kBProgress (3): 2.0/12 MB | 0.5/9.0 MB | 434/922 kBProgress (3): 2.0/12 MB | 0.5/9.0 MB | 442/922 kBProgress (3): 2.0/12 MB | 0.5/9.0 MB | 451/922 kBProgress (3): 2.0/12 MB | 0.5/9.0 MB | 451/922 kBProgress (4): 2.0/12 MB | 0.5/9.0 MB | 451/922 kB | 4.1/26 kBProgress (5): 2.0/12 MB | 0.5/9.0 MB | 451/922 kB | 4.1/26 kB | 4.1/73 kBProgress (5): 2.0/12 MB | 0.5/9.0 MB | 451/922 kB | 7.7/26 kB | 4.1/73 kBProgress (5): 2.0/12 MB | 0.5/9.0 MB | 451/922 kB | 7.7/26 kB | 7.7/73 kBProgress (5): 2.0/12 MB | 0.5/9.0 MB | 451/922 kB | 11/26 kB | 7.7/73 kB Progress (5): 2.0/12 MB | 0.5/9.0 MB | 451/922 kB | 11/26 kB | 12/73 kB Progress (5): 2.0/12 MB | 0.5/9.0 MB | 451/922 kB | 11/26 kB | 15/73 kBProgress (5): 2.0/12 MB | 0.5/9.0 MB | 459/922 kB | 11/26 kB | 15/73 kBProgress (5): 2.0/12 MB | 0.5/9.0 MB | 467/922 kB | 11/26 kB | 15/73 kBProgress (5): 2.0/12 MB | 0.5/9.0 MB | 467/922 kB | 15/26 kB | 15/73 kBProgress (5): 2.0/12 MB | 0.5/9.0 MB | 467/922 kB | 20/26 kB | 15/73 kBProgress (5): 2.0/12 MB | 0.5/9.0 MB | 467/922 kB | 24/26 kB | 15/73 kBProgress (5): 2.0/12 MB | 0.5/9.0 MB | 467/922 kB | 26 kB | 15/73 kB   Progress (5): 2.0/12 MB | 0.5/9.0 MB | 467/922 kB | 26 kB | 20/73 kBProgress (5): 2.0/12 MB | 0.5/9.0 MB | 467/922 kB | 26 kB | 24/73 kBProgress (5): 2.0/12 MB | 0.5/9.0 MB | 467/922 kB | 26 kB | 28/73 kBProgress (5): 2.0/12 MB | 0.5/9.0 MB | 467/922 kB | 26 kB | 32/73 kBProgress (5): 2.0/12 MB | 0.5/9.0 MB | 475/922 kB | 26 kB | 32/73 kBProgress (5): 2.0/12 MB | 0.5/9.0 MB | 483/922 kB | 26 kB | 32/73 kBProgress (5): 2.0/12 MB | 0.5/9.0 MB | 483/922 kB | 26 kB | 36/73 kBProgress (5): 2.0/12 MB | 0.5/9.0 MB | 483/922 kB | 26 kB | 40/73 kBProgress (5): 2.0/12 MB | 0.5/9.0 MB | 483/922 kB | 26 kB | 44/73 kBProgress (5): 2.0/12 MB | 0.5/9.0 MB | 483/922 kB | 26 kB | 48/73 kBProgress (5): 2.1/12 MB | 0.5/9.0 MB | 483/922 kB | 26 kB | 48/73 kBProgress (5): 2.1/12 MB | 0.5/9.0 MB | 492/922 kB | 26 kB | 48/73 kBProgress (5): 2.1/12 MB | 0.5/9.0 MB | 500/922 kB | 26 kB | 48/73 kBProgress (5): 2.1/12 MB | 0.5/9.0 MB | 500/922 kB | 26 kB | 48/73 kBProgress (5): 2.1/12 MB | 0.5/9.0 MB | 508/922 kB | 26 kB | 48/73 kBProgress (5): 2.1/12 MB | 0.5/9.0 MB | 516/922 kB | 26 kB | 48/73 kBProgress (5): 2.1/12 MB | 0.6/9.0 MB | 516/922 kB | 26 kB | 48/73 kBProgress (5): 2.1/12 MB | 0.6/9.0 MB | 524/922 kB | 26 kB | 48/73 kBProgress (5): 2.1/12 MB | 0.6/9.0 MB | 532/922 kB | 26 kB | 48/73 kBProgress (5): 2.1/12 MB | 0.6/9.0 MB | 532/922 kB | 26 kB | 52/73 kBProgress (5): 2.1/12 MB | 0.6/9.0 MB | 532/922 kB | 26 kB | 56/73 kBProgress (5): 2.1/12 MB | 0.6/9.0 MB | 532/922 kB | 26 kB | 61/73 kBProgress (5): 2.1/12 MB | 0.6/9.0 MB | 532/922 kB | 26 kB | 65/73 kBProgress (5): 2.2/12 MB | 0.6/9.0 MB | 532/922 kB | 26 kB | 65/73 kBProgress (5): 2.2/12 MB | 0.6/9.0 MB | 532/922 kB | 26 kB | 69/73 kBProgress (5): 2.2/12 MB | 0.6/9.0 MB | 532/922 kB | 26 kB | 73/73 kBProgress (5): 2.2/12 MB | 0.6/9.0 MB | 532/922 kB | 26 kB | 73 kB   Progress (5): 2.2/12 MB | 0.6/9.0 MB | 541/922 kB | 26 kB | 73 kBProgress (5): 2.2/12 MB | 0.6/9.0 MB | 549/922 kB | 26 kB | 73 kBProgress (5): 2.2/12 MB | 0.6/9.0 MB | 549/922 kB | 26 kB | 73 kBProgress (5): 2.2/12 MB | 0.6/9.0 MB | 557/922 kB | 26 kB | 73 kBProgress (5): 2.2/12 MB | 0.6/9.0 MB | 565/922 kB | 26 kB | 73 kB                                                                 Downloaded from central: https://repo.maven.apache.org/maven2/org/glassfish/jaxb/txw2/4.0.9/txw2-4.0.9.jar (73 kB at 18 kB/s)
Downloading from central: https://repo.maven.apache.org/maven2/jakarta/inject/jakarta.inject-api/2.0.1/jakarta.inject-api-2.0.1.jar
Progress (4): 2.2/12 MB | 0.6/9.0 MB | 573/922 kB | 26 kBProgress (4): 2.2/12 MB | 0.6/9.0 MB | 582/922 kB | 26 kBProgress (4): 2.2/12 MB | 0.6/9.0 MB | 582/922 kB | 26 kBProgress (4): 2.2/12 MB | 0.6/9.0 MB | 590/922 kB | 26 kBProgress (4): 2.2/12 MB | 0.6/9.0 MB | 598/922 kB | 26 kBProgress (4): 2.2/12 MB | 0.7/9.0 MB | 598/922 kB | 26 kBProgress (4): 2.2/12 MB | 0.7/9.0 MB | 606/922 kB | 26 kBProgress (4): 2.2/12 MB | 0.7/9.0 MB | 614/922 kB | 26 kBProgress (4): 2.2/12 MB | 0.7/9.0 MB | 623/922 kB | 26 kBProgress (4): 2.2/12 MB | 0.7/9.0 MB | 631/922 kB | 26 kBProgress (4): 2.2/12 MB | 0.7/9.0 MB | 639/922 kB | 26 kBProgress (4): 2.2/12 MB | 0.7/9.0 MB | 647/922 kB | 26 kBProgress (4): 2.2/12 MB | 0.7/9.0 MB | 647/922 kB | 26 kBProgress (4): 2.2/12 MB | 0.7/9.0 MB | 655/922 kB | 26 kBProgress (4): 2.2/12 MB | 0.7/9.0 MB | 664/922 kB | 26 kBProgress (5): 2.2/12 MB | 0.7/9.0 MB | 664/922 kB | 26 kB | 3.2/11 kBProgress (5): 2.2/12 MB | 0.7/9.0 MB | 672/922 kB | 26 kB | 3.2/11 kBProgress (5): 2.2/12 MB | 0.7/9.0 MB | 680/922 kB | 26 kB | 3.2/11 kBProgress (5): 2.2/12 MB | 0.7/9.0 MB | 680/922 kB | 26 kB | 7.3/11 kBProgress (5): 2.2/12 MB | 0.7/9.0 MB | 680/922 kB | 26 kB | 11 kB    Progress (5): 2.2/12 MB | 0.7/9.0 MB | 688/922 kB | 26 kB | 11 kBProgress (5): 2.2/12 MB | 0.7/9.0 MB | 696/922 kB | 26 kB | 11 kBProgress (5): 2.2/12 MB | 0.8/9.0 MB | 696/922 kB | 26 kB | 11 kBProgress (5): 2.3/12 MB | 0.8/9.0 MB | 696/922 kB | 26 kB | 11 kBProgress (5): 2.3/12 MB | 0.8/9.0 MB | 705/922 kB | 26 kB | 11 kBProgress (5): 2.3/12 MB | 0.8/9.0 MB | 713/922 kB | 26 kB | 11 kBProgress (5): 2.3/12 MB | 0.8/9.0 MB | 721/922 kB | 26 kB | 11 kBProgress (5): 2.3/12 MB | 0.8/9.0 MB | 729/922 kB | 26 kB | 11 kBProgress (5): 2.3/12 MB | 0.8/9.0 MB | 729/922 kB | 26 kB | 11 kBProgress (5): 2.3/12 MB | 0.8/9.0 MB | 737/922 kB | 26 kB | 11 kBProgress (5): 2.3/12 MB | 0.8/9.0 MB | 745/922 kB | 26 kB | 11 kBProgress (5): 2.4/12 MB | 0.8/9.0 MB | 745/922 kB | 26 kB | 11 kBProgress (5): 2.4/12 MB | 0.8/9.0 MB | 754/922 kB | 26 kB | 11 kBProgress (5): 2.4/12 MB | 0.8/9.0 MB | 762/922 kB | 26 kB | 11 kBProgress (5): 2.4/12 MB | 0.8/9.0 MB | 770/922 kB | 26 kB | 11 kBProgress (5): 2.4/12 MB | 0.8/9.0 MB | 778/922 kB | 26 kB | 11 kB                                                                 Downloaded from central: https://repo.maven.apache.org/maven2/com/sun/istack/istack-commons-runtime/4.1.2/istack-commons-runtime-4.1.2.jar (26 kB at 6.0 kB/s)
Downloading from central: https://repo.maven.apache.org/maven2/org/antlr/antlr4-runtime/4.13.2/antlr4-runtime-4.13.2.jar
Progress (4): 2.4/12 MB | 0.8/9.0 MB | 786/922 kB | 11 kBProgress (4): 2.4/12 MB | 0.8/9.0 MB | 795/922 kB | 11 kBProgress (4): 2.4/12 MB | 0.9/9.0 MB | 795/922 kB | 11 kBProgress (4): 2.4/12 MB | 0.9/9.0 MB | 803/922 kB | 11 kBProgress (4): 2.4/12 MB | 0.9/9.0 MB | 811/922 kB | 11 kB                                                         Downloaded from central: https://repo.maven.apache.org/maven2/jakarta/inject/jakarta.inject-api/2.0.1/jakarta.inject-api-2.0.1.jar (11 kB at 2.5 kB/s)
Downloading from central: https://repo.maven.apache.org/maven2/org/springframework/data/spring-data-jpa/3.5.12/spring-data-jpa-3.5.12.jar
Progress (3): 2.4/12 MB | 0.9/9.0 MB | 811/922 kBProgress (3): 2.4/12 MB | 0.9/9.0 MB | 819/922 kBProgress (3): 2.4/12 MB | 0.9/9.0 MB | 827/922 kBProgress (3): 2.4/12 MB | 0.9/9.0 MB | 836/922 kBProgress (3): 2.4/12 MB | 0.9/9.0 MB | 844/922 kBProgress (3): 2.4/12 MB | 0.9/9.0 MB | 852/922 kBProgress (3): 2.4/12 MB | 0.9/9.0 MB | 860/922 kBProgress (3): 2.4/12 MB | 0.9/9.0 MB | 868/922 kBProgress (3): 2.4/12 MB | 0.9/9.0 MB | 877/922 kBProgress (4): 2.4/12 MB | 0.9/9.0 MB | 877/922 kB | 0/1.8 MBProgress (4): 2.4/12 MB | 0.9/9.0 MB | 877/922 kB | 0/1.8 MBProgress (5): 2.4/12 MB | 0.9/9.0 MB | 877/922 kB | 0/1.8 MB | 4.1/326 kBProgress (5): 2.4/12 MB | 0.9/9.0 MB | 877/922 kB | 0/1.8 MB | 7.7/326 kBProgress (5): 2.4/12 MB | 0.9/9.0 MB | 877/922 kB | 0/1.8 MB | 12/326 kB Progress (5): 2.4/12 MB | 0.9/9.0 MB | 877/922 kB | 0/1.8 MB | 16/326 kBProgress (5): 2.4/12 MB | 1.0/9.0 MB | 877/922 kB | 0/1.8 MB | 16/326 kBProgress (5): 2.4/12 MB | 1.0/9.0 MB | 885/922 kB | 0/1.8 MB | 16/326 kBProgress (5): 2.4/12 MB | 1.0/9.0 MB | 893/922 kB | 0/1.8 MB | 16/326 kBProgress (5): 2.4/12 MB | 1.0/9.0 MB | 893/922 kB | 0/1.8 MB | 16/326 kBProgress (5): 2.5/12 MB | 1.0/9.0 MB | 893/922 kB | 0/1.8 MB | 16/326 kBProgress (5): 2.5/12 MB | 1.0/9.0 MB | 901/922 kB | 0/1.8 MB | 16/326 kBProgress (5): 2.5/12 MB | 1.0/9.0 MB | 901/922 kB | 0/1.8 MB | 20/326 kBProgress (5): 2.5/12 MB | 1.0/9.0 MB | 909/922 kB | 0/1.8 MB | 20/326 kBProgress (5): 2.5/12 MB | 1.0/9.0 MB | 909/922 kB | 0/1.8 MB | 20/326 kBProgress (5): 2.5/12 MB | 1.0/9.0 MB | 909/922 kB | 0/1.8 MB | 24/326 kBProgress (5): 2.5/12 MB | 1.0/9.0 MB | 909/922 kB | 0/1.8 MB | 24/326 kBProgress (5): 2.5/12 MB | 1.0/9.0 MB | 909/922 kB | 0/1.8 MB | 28/326 kBProgress (5): 2.5/12 MB | 1.0/9.0 MB | 909/922 kB | 0/1.8 MB | 32/326 kBProgress (5): 2.5/12 MB | 1.0/9.0 MB | 909/922 kB | 0/1.8 MB | 32/326 kBProgress (5): 2.5/12 MB | 1.0/9.0 MB | 918/922 kB | 0/1.8 MB | 32/326 kBProgress (5): 2.5/12 MB | 1.0/9.0 MB | 918/922 kB | 0.1/1.8 MB | 32/326 kBProgress (5): 2.5/12 MB | 1.0/9.0 MB | 918/922 kB | 0.1/1.8 MB | 36/326 kBProgress (5): 2.5/12 MB | 1.0/9.0 MB | 918/922 kB | 0.1/1.8 MB | 40/326 kBProgress (5): 2.5/12 MB | 1.0/9.0 MB | 918/922 kB | 0.1/1.8 MB | 45/326 kBProgress (5): 2.5/12 MB | 1.0/9.0 MB | 922 kB | 0.1/1.8 MB | 45/326 kB    Progress (5): 2.5/12 MB | 1.0/9.0 MB | 922 kB | 0.1/1.8 MB | 49/326 kBProgress (5): 2.5/12 MB | 1.0/9.0 MB | 922 kB | 0.1/1.8 MB | 49/326 kBProgress (5): 2.5/12 MB | 1.0/9.0 MB | 922 kB | 0.1/1.8 MB | 49/326 kBProgress (5): 2.5/12 MB | 1.0/9.0 MB | 922 kB | 0.1/1.8 MB | 53/326 kBProgress (5): 2.5/12 MB | 1.0/9.0 MB | 922 kB | 0.1/1.8 MB | 57/326 kBProgress (5): 2.5/12 MB | 1.0/9.0 MB | 922 kB | 0.1/1.8 MB | 61/326 kBProgress (5): 2.5/12 MB | 1.0/9.0 MB | 922 kB | 0.1/1.8 MB | 65/326 kBProgress (5): 2.6/12 MB | 1.0/9.0 MB | 922 kB | 0.1/1.8 MB | 65/326 kBProgress (5): 2.6/12 MB | 1.0/9.0 MB | 922 kB | 0.1/1.8 MB | 65/326 kBProgress (5): 2.6/12 MB | 1.0/9.0 MB | 922 kB | 0.1/1.8 MB | 65/326 kBProgress (5): 2.6/12 MB | 1.0/9.0 MB | 922 kB | 0.1/1.8 MB | 65/326 kBProgress (5): 2.6/12 MB | 1.0/9.0 MB | 922 kB | 0.1/1.8 MB | 65/326 kBProgress (5): 2.6/12 MB | 1.0/9.0 MB | 922 kB | 0.1/1.8 MB | 69/326 kBProgress (5): 2.6/12 MB | 1.0/9.0 MB | 922 kB | 0.1/1.8 MB | 73/326 kBProgress (5): 2.6/12 MB | 1.0/9.0 MB | 922 kB | 0.1/1.8 MB | 77/326 kBProgress (5): 2.6/12 MB | 1.0/9.0 MB | 922 kB | 0.1/1.8 MB | 81/326 kBProgress (5): 2.6/12 MB | 1.0/9.0 MB | 922 kB | 0.1/1.8 MB | 86/326 kBProgress (5): 2.6/12 MB | 1.0/9.0 MB | 922 kB | 0.1/1.8 MB | 90/326 kBProgress (5): 2.6/12 MB | 1.0/9.0 MB | 922 kB | 0.1/1.8 MB | 94/326 kBProgress (5): 2.6/12 MB | 1.0/9.0 MB | 922 kB | 0.1/1.8 MB | 98/326 kBProgress (5): 2.6/12 MB | 1.0/9.0 MB | 922 kB | 0.1/1.8 MB | 98/326 kBProgress (5): 2.6/12 MB | 1.0/9.0 MB | 922 kB | 0.1/1.8 MB | 102/326 kBProgress (5): 2.6/12 MB | 1.0/9.0 MB | 922 kB | 0.1/1.8 MB | 106/326 kBProgress (5): 2.6/12 MB | 1.0/9.0 MB | 922 kB | 0.1/1.8 MB | 110/326 kBProgress (5): 2.6/12 MB | 1.0/9.0 MB | 922 kB | 0.1/1.8 MB | 114/326 kB                                                                       Downloaded from central: https://repo.maven.apache.org/maven2/org/glassfish/jaxb/jaxb-runtime/4.0.9/jaxb-runtime-4.0.9.jar (922 kB at 200 kB/s)
Downloading from central: https://repo.maven.apache.org/maven2/org/springframework/data/spring-data-commons/3.5.12/spring-data-commons-3.5.12.jar
Progress (4): 2.6/12 MB | 1.0/9.0 MB | 0.1/1.8 MB | 118/326 kBProgress (4): 2.6/12 MB | 1.0/9.0 MB | 0.1/1.8 MB | 122/326 kBProgress (4): 2.7/12 MB | 1.0/9.0 MB | 0.1/1.8 MB | 122/326 kBProgress (4): 2.7/12 MB | 1.0/9.0 MB | 0.1/1.8 MB | 126/326 kBProgress (4): 2.7/12 MB | 1.0/9.0 MB | 0.1/1.8 MB | 131/326 kBProgress (4): 2.7/12 MB | 1.0/9.0 MB | 0.1/1.8 MB | 135/326 kBProgress (4): 2.7/12 MB | 1.0/9.0 MB | 0.1/1.8 MB | 139/326 kBProgress (4): 2.7/12 MB | 1.0/9.0 MB | 0.1/1.8 MB | 139/326 kBProgress (4): 2.7/12 MB | 1.0/9.0 MB | 0.1/1.8 MB | 139/326 kBProgress (4): 2.7/12 MB | 1.0/9.0 MB | 0.1/1.8 MB | 139/326 kBProgress (4): 2.7/12 MB | 1.1/9.0 MB | 0.1/1.8 MB | 139/326 kBProgress (4): 2.7/12 MB | 1.1/9.0 MB | 0.1/1.8 MB | 139/326 kBProgress (4): 2.7/12 MB | 1.1/9.0 MB | 0.1/1.8 MB | 139/326 kBProgress (4): 2.7/12 MB | 1.1/9.0 MB | 0.1/1.8 MB | 139/326 kBProgress (4): 2.7/12 MB | 1.1/9.0 MB | 0.1/1.8 MB | 139/326 kBProgress (4): 2.7/12 MB | 1.1/9.0 MB | 0.2/1.8 MB | 139/326 kBProgress (4): 2.7/12 MB | 1.1/9.0 MB | 0.2/1.8 MB | 139/326 kBProgress (4): 2.7/12 MB | 1.1/9.0 MB | 0.2/1.8 MB | 139/326 kBProgress (4): 2.7/12 MB | 1.1/9.0 MB | 0.2/1.8 MB | 139/326 kBProgress (4): 2.7/12 MB | 1.1/9.0 MB | 0.2/1.8 MB | 139/326 kBProgress (4): 2.7/12 MB | 1.1/9.0 MB | 0.2/1.8 MB | 139/326 kBProgress (4): 2.7/12 MB | 1.1/9.0 MB | 0.2/1.8 MB | 139/326 kBProgress (4): 2.7/12 MB | 1.1/9.0 MB | 0.2/1.8 MB | 139/326 kBProgress (4): 2.7/12 MB | 1.1/9.0 MB | 0.2/1.8 MB | 139/326 kBProgress (4): 2.7/12 MB | 1.1/9.0 MB | 0.2/1.8 MB | 139/326 kBProgress (4): 2.7/12 MB | 1.1/9.0 MB | 0.2/1.8 MB | 139/326 kBProgress (4): 2.7/12 MB | 1.1/9.0 MB | 0.2/1.8 MB | 143/326 kBProgress (4): 2.7/12 MB | 1.1/9.0 MB | 0.2/1.8 MB | 147/326 kBProgress (4): 2.7/12 MB | 1.1/9.0 MB | 0.2/1.8 MB | 151/326 kBProgress (4): 2.7/12 MB | 1.1/9.0 MB | 0.2/1.8 MB | 155/326 kBProgress (4): 2.7/12 MB | 1.1/9.0 MB | 0.2/1.8 MB | 155/326 kBProgress (4): 2.7/12 MB | 1.1/9.0 MB | 0.3/1.8 MB | 155/326 kBProgress (4): 2.7/12 MB | 1.1/9.0 MB | 0.3/1.8 MB | 159/326 kBProgress (4): 2.7/12 MB | 1.1/9.0 MB | 0.3/1.8 MB | 163/326 kBProgress (4): 2.7/12 MB | 1.1/9.0 MB | 0.3/1.8 MB | 167/326 kBProgress (4): 2.7/12 MB | 1.1/9.0 MB | 0.3/1.8 MB | 172/326 kBProgress (4): 2.7/12 MB | 1.2/9.0 MB | 0.3/1.8 MB | 172/326 kBProgress (4): 2.7/12 MB | 1.2/9.0 MB | 0.3/1.8 MB | 172/326 kBProgress (4): 2.7/12 MB | 1.2/9.0 MB | 0.3/1.8 MB | 176/326 kBProgress (4): 2.7/12 MB | 1.2/9.0 MB | 0.3/1.8 MB | 176/326 kBProgress (4): 2.7/12 MB | 1.2/9.0 MB | 0.3/1.8 MB | 180/326 kBProgress (4): 2.7/12 MB | 1.2/9.0 MB | 0.3/1.8 MB | 184/326 kBProgress (4): 2.7/12 MB | 1.2/9.0 MB | 0.3/1.8 MB | 188/326 kBProgress (4): 2.8/12 MB | 1.2/9.0 MB | 0.3/1.8 MB | 188/326 kBProgress (4): 2.8/12 MB | 1.2/9.0 MB | 0.3/1.8 MB | 192/326 kBProgress (4): 2.8/12 MB | 1.2/9.0 MB | 0.3/1.8 MB | 196/326 kBProgress (4): 2.8/12 MB | 1.2/9.0 MB | 0.3/1.8 MB | 200/326 kBProgress (4): 2.8/12 MB | 1.2/9.0 MB | 0.3/1.8 MB | 204/326 kBProgress (4): 2.8/12 MB | 1.2/9.0 MB | 0.3/1.8 MB | 204/326 kBProgress (4): 2.8/12 MB | 1.2/9.0 MB | 0.3/1.8 MB | 204/326 kBProgress (5): 2.8/12 MB | 1.2/9.0 MB | 0.3/1.8 MB | 204/326 kB | 0/1.5 MBProgress (5): 2.8/12 MB | 1.2/9.0 MB | 0.3/1.8 MB | 204/326 kB | 0/1.5 MBProgress (5): 2.8/12 MB | 1.2/9.0 MB | 0.3/1.8 MB | 208/326 kB | 0/1.5 MBProgress (5): 2.8/12 MB | 1.2/9.0 MB | 0.3/1.8 MB | 208/326 kB | 0/1.5 MBProgress (5): 2.8/12 MB | 1.2/9.0 MB | 0.3/1.8 MB | 213/326 kB | 0/1.5 MBProgress (5): 2.8/12 MB | 1.2/9.0 MB | 0.3/1.8 MB | 217/326 kB | 0/1.5 MBProgress (5): 2.8/12 MB | 1.2/9.0 MB | 0.3/1.8 MB | 221/326 kB | 0/1.5 MBProgress (5): 2.8/12 MB | 1.2/9.0 MB | 0.3/1.8 MB | 221/326 kB | 0/1.5 MBProgress (5): 2.8/12 MB | 1.2/9.0 MB | 0.3/1.8 MB | 221/326 kB | 0/1.5 MBProgress (5): 2.8/12 MB | 1.2/9.0 MB | 0.3/1.8 MB | 221/326 kB | 0/1.5 MBProgress (5): 2.8/12 MB | 1.2/9.0 MB | 0.3/1.8 MB | 225/326 kB | 0/1.5 MBProgress (5): 2.8/12 MB | 1.2/9.0 MB | 0.3/1.8 MB | 229/326 kB | 0/1.5 MBProgress (5): 2.8/12 MB | 1.2/9.0 MB | 0.3/1.8 MB | 233/326 kB | 0/1.5 MBProgress (5): 2.8/12 MB | 1.2/9.0 MB | 0.3/1.8 MB | 237/326 kB | 0/1.5 MBProgress (5): 2.8/12 MB | 1.2/9.0 MB | 0.3/1.8 MB | 237/326 kB | 0/1.5 MBProgress (5): 2.8/12 MB | 1.2/9.0 MB | 0.3/1.8 MB | 237/326 kB | 0/1.5 MBProgress (5): 2.8/12 MB | 1.2/9.0 MB | 0.3/1.8 MB | 237/326 kB | 0.1/1.5 MBProgress (5): 2.8/12 MB | 1.2/9.0 MB | 0.3/1.8 MB | 237/326 kB | 0.1/1.5 MBProgress (5): 2.8/12 MB | 1.2/9.0 MB | 0.3/1.8 MB | 237/326 kB | 0.1/1.5 MBProgress (5): 2.8/12 MB | 1.2/9.0 MB | 0.3/1.8 MB | 241/326 kB | 0.1/1.5 MBProgress (5): 2.8/12 MB | 1.2/9.0 MB | 0.3/1.8 MB | 241/326 kB | 0.1/1.5 MBProgress (5): 2.8/12 MB | 1.2/9.0 MB | 0.3/1.8 MB | 245/326 kB | 0.1/1.5 MBProgress (5): 2.8/12 MB | 1.2/9.0 MB | 0.3/1.8 MB | 249/326 kB | 0.1/1.5 MBProgress (5): 2.8/12 MB | 1.2/9.0 MB | 0.3/1.8 MB | 253/326 kB | 0.1/1.5 MBProgress (5): 2.8/12 MB | 1.2/9.0 MB | 0.3/1.8 MB | 253/326 kB | 0.1/1.5 MBProgress (5): 2.8/12 MB | 1.2/9.0 MB | 0.3/1.8 MB | 253/326 kB | 0.1/1.5 MBProgress (5): 2.8/12 MB | 1.2/9.0 MB | 0.3/1.8 MB | 253/326 kB | 0.1/1.5 MBProgress (5): 2.8/12 MB | 1.2/9.0 MB | 0.3/1.8 MB | 258/326 kB | 0.1/1.5 MBProgress (5): 2.8/12 MB | 1.2/9.0 MB | 0.3/1.8 MB | 262/326 kB | 0.1/1.5 MBProgress (5): 2.8/12 MB | 1.2/9.0 MB | 0.3/1.8 MB | 266/326 kB | 0.1/1.5 MBProgress (5): 2.8/12 MB | 1.2/9.0 MB | 0.3/1.8 MB | 270/326 kB | 0.1/1.5 MBProgress (5): 2.8/12 MB | 1.2/9.0 MB | 0.3/1.8 MB | 270/326 kB | 0.1/1.5 MBProgress (5): 2.8/12 MB | 1.2/9.0 MB | 0.3/1.8 MB | 270/326 kB | 0.1/1.5 MBProgress (5): 2.8/12 MB | 1.2/9.0 MB | 0.3/1.8 MB | 274/326 kB | 0.1/1.5 MBProgress (5): 2.8/12 MB | 1.2/9.0 MB | 0.3/1.8 MB | 278/326 kB | 0.1/1.5 MBProgress (5): 2.8/12 MB | 1.2/9.0 MB | 0.3/1.8 MB | 282/326 kB | 0.1/1.5 MBProgress (5): 2.8/12 MB | 1.2/9.0 MB | 0.3/1.8 MB | 286/326 kB | 0.1/1.5 MBProgress (5): 2.8/12 MB | 1.2/9.0 MB | 0.3/1.8 MB | 286/326 kB | 0.1/1.5 MBProgress (5): 2.8/12 MB | 1.2/9.0 MB | 0.3/1.8 MB | 286/326 kB | 0.1/1.5 MBProgress (5): 2.8/12 MB | 1.2/9.0 MB | 0.3/1.8 MB | 286/326 kB | 0.1/1.5 MBProgress (5): 2.8/12 MB | 1.2/9.0 MB | 0.3/1.8 MB | 286/326 kB | 0.1/1.5 MBProgress (5): 2.8/12 MB | 1.2/9.0 MB | 0.3/1.8 MB | 286/326 kB | 0.1/1.5 MBProgress (5): 2.8/12 MB | 1.2/9.0 MB | 0.3/1.8 MB | 290/326 kB | 0.1/1.5 MBProgress (5): 2.8/12 MB | 1.2/9.0 MB | 0.3/1.8 MB | 294/326 kB | 0.1/1.5 MBProgress (5): 2.8/12 MB | 1.2/9.0 MB | 0.3/1.8 MB | 294/326 kB | 0.1/1.5 MBProgress (5): 2.8/12 MB | 1.2/9.0 MB | 0.3/1.8 MB | 299/326 kB | 0.1/1.5 MBProgress (5): 2.8/12 MB | 1.2/9.0 MB | 0.3/1.8 MB | 299/326 kB | 0.1/1.5 MBProgress (5): 2.8/12 MB | 1.2/9.0 MB | 0.3/1.8 MB | 303/326 kB | 0.1/1.5 MBProgress (5): 2.8/12 MB | 1.2/9.0 MB | 0.3/1.8 MB | 303/326 kB | 0.1/1.5 MBProgress (5): 2.8/12 MB | 1.2/9.0 MB | 0.3/1.8 MB | 303/326 kB | 0.1/1.5 MBProgress (5): 2.8/12 MB | 1.2/9.0 MB | 0.4/1.8 MB | 303/326 kB | 0.1/1.5 MBProgress (5): 2.8/12 MB | 1.2/9.0 MB | 0.4/1.8 MB | 303/326 kB | 0.1/1.5 MBProgress (5): 2.8/12 MB | 1.2/9.0 MB | 0.4/1.8 MB | 303/326 kB | 0.1/1.5 MBProgress (5): 2.8/12 MB | 1.2/9.0 MB | 0.4/1.8 MB | 303/326 kB | 0.1/1.5 MBProgress (5): 2.8/12 MB | 1.2/9.0 MB | 0.4/1.8 MB | 303/326 kB | 0.1/1.5 MBProgress (5): 2.8/12 MB | 1.2/9.0 MB | 0.4/1.8 MB | 303/326 kB | 0.1/1.5 MBProgress (5): 2.8/12 MB | 1.2/9.0 MB | 0.4/1.8 MB | 303/326 kB | 0.1/1.5 MBProgress (5): 2.8/12 MB | 1.2/9.0 MB | 0.4/1.8 MB | 303/326 kB | 0.1/1.5 MBProgress (5): 2.8/12 MB | 1.2/9.0 MB | 0.4/1.8 MB | 303/326 kB | 0.1/1.5 MBProgress (5): 2.8/12 MB | 1.2/9.0 MB | 0.4/1.8 MB | 303/326 kB | 0.2/1.5 MBProgress (5): 2.8/12 MB | 1.2/9.0 MB | 0.4/1.8 MB | 303/326 kB | 0.2/1.5 MBProgress (5): 2.8/12 MB | 1.2/9.0 MB | 0.4/1.8 MB | 307/326 kB | 0.2/1.5 MBProgress (5): 2.8/12 MB | 1.2/9.0 MB | 0.4/1.8 MB | 311/326 kB | 0.2/1.5 MBProgress (5): 2.8/12 MB | 1.2/9.0 MB | 0.4/1.8 MB | 315/326 kB | 0.2/1.5 MBProgress (5): 2.8/12 MB | 1.2/9.0 MB | 0.4/1.8 MB | 319/326 kB | 0.2/1.5 MBProgress (5): 2.8/12 MB | 1.2/9.0 MB | 0.4/1.8 MB | 319/326 kB | 0.2/1.5 MBProgress (5): 2.8/12 MB | 1.2/9.0 MB | 0.4/1.8 MB | 319/326 kB | 0.2/1.5 MBProgress (5): 2.9/12 MB | 1.2/9.0 MB | 0.4/1.8 MB | 319/326 kB | 0.2/1.5 MBProgress (5): 2.9/12 MB | 1.3/9.0 MB | 0.4/1.8 MB | 319/326 kB | 0.2/1.5 MBProgress (5): 2.9/12 MB | 1.3/9.0 MB | 0.4/1.8 MB | 319/326 kB | 0.2/1.5 MBProgress (5): 2.9/12 MB | 1.3/9.0 MB | 0.4/1.8 MB | 319/326 kB | 0.2/1.5 MBProgress (5): 2.9/12 MB | 1.3/9.0 MB | 0.4/1.8 MB | 323/326 kB | 0.2/1.5 MBProgress (5): 2.9/12 MB | 1.3/9.0 MB | 0.4/1.8 MB | 326 kB | 0.2/1.5 MB    Progress (5): 2.9/12 MB | 1.3/9.0 MB | 0.4/1.8 MB | 326 kB | 0.2/1.5 MBProgress (5): 2.9/12 MB | 1.4/9.0 MB | 0.4/1.8 MB | 326 kB | 0.2/1.5 MB                                                                       Downloaded from central: https://repo.maven.apache.org/maven2/org/antlr/antlr4-runtime/4.13.2/antlr4-runtime-4.13.2.jar (326 kB at 63 kB/s)
Downloading from central: https://repo.maven.apache.org/maven2/org/springframework/spring-orm/6.2.19/spring-orm-6.2.19.jar
Progress (4): 2.9/12 MB | 1.4/9.0 MB | 0.4/1.8 MB | 0.2/1.5 MBProgress (4): 2.9/12 MB | 1.4/9.0 MB | 0.5/1.8 MB | 0.2/1.5 MBProgress (4): 2.9/12 MB | 1.4/9.0 MB | 0.5/1.8 MB | 0.2/1.5 MBProgress (4): 2.9/12 MB | 1.4/9.0 MB | 0.5/1.8 MB | 0.2/1.5 MBProgress (4): 2.9/12 MB | 1.4/9.0 MB | 0.5/1.8 MB | 0.2/1.5 MBProgress (4): 2.9/12 MB | 1.4/9.0 MB | 0.5/1.8 MB | 0.2/1.5 MBProgress (4): 2.9/12 MB | 1.4/9.0 MB | 0.5/1.8 MB | 0.2/1.5 MBProgress (4): 2.9/12 MB | 1.4/9.0 MB | 0.5/1.8 MB | 0.2/1.5 MBProgress (4): 2.9/12 MB | 1.4/9.0 MB | 0.5/1.8 MB | 0.2/1.5 MBProgress (4): 2.9/12 MB | 1.4/9.0 MB | 0.5/1.8 MB | 0.2/1.5 MBProgress (4): 2.9/12 MB | 1.4/9.0 MB | 0.5/1.8 MB | 0.2/1.5 MBProgress (4): 2.9/12 MB | 1.4/9.0 MB | 0.5/1.8 MB | 0.2/1.5 MBProgress (4): 2.9/12 MB | 1.4/9.0 MB | 0.5/1.8 MB | 0.2/1.5 MBProgress (4): 2.9/12 MB | 1.4/9.0 MB | 0.5/1.8 MB | 0.2/1.5 MBProgress (4): 2.9/12 MB | 1.4/9.0 MB | 0.5/1.8 MB | 0.2/1.5 MBProgress (4): 2.9/12 MB | 1.4/9.0 MB | 0.5/1.8 MB | 0.2/1.5 MBProgress (4): 2.9/12 MB | 1.4/9.0 MB | 0.5/1.8 MB | 0.2/1.5 MBProgress (4): 2.9/12 MB | 1.4/9.0 MB | 0.5/1.8 MB | 0.2/1.5 MBProgress (4): 2.9/12 MB | 1.4/9.0 MB | 0.5/1.8 MB | 0.2/1.5 MBProgress (4): 2.9/12 MB | 1.4/9.0 MB | 0.5/1.8 MB | 0.2/1.5 MBProgress (4): 2.9/12 MB | 1.4/9.0 MB | 0.5/1.8 MB | 0.2/1.5 MBProgress (4): 2.9/12 MB | 1.4/9.0 MB | 0.5/1.8 MB | 0.3/1.5 MBProgress (4): 2.9/12 MB | 1.4/9.0 MB | 0.5/1.8 MB | 0.3/1.5 MBProgress (4): 2.9/12 MB | 1.4/9.0 MB | 0.5/1.8 MB | 0.3/1.5 MBProgress (4): 2.9/12 MB | 1.4/9.0 MB | 0.5/1.8 MB | 0.3/1.5 MBProgress (4): 2.9/12 MB | 1.4/9.0 MB | 0.5/1.8 MB | 0.3/1.5 MBProgress (4): 2.9/12 MB | 1.4/9.0 MB | 0.5/1.8 MB | 0.3/1.5 MBProgress (4): 2.9/12 MB | 1.4/9.0 MB | 0.5/1.8 MB | 0.3/1.5 MBProgress (4): 2.9/12 MB | 1.4/9.0 MB | 0.5/1.8 MB | 0.3/1.5 MBProgress (4): 2.9/12 MB | 1.4/9.0 MB | 0.5/1.8 MB | 0.3/1.5 MBProgress (5): 2.9/12 MB | 1.4/9.0 MB | 0.5/1.8 MB | 0.3/1.5 MB | 3.2/235 kBProgress (5): 2.9/12 MB | 1.4/9.0 MB | 0.5/1.8 MB | 0.3/1.5 MB | 3.2/235 kBProgress (5): 2.9/12 MB | 1.4/9.0 MB | 0.5/1.8 MB | 0.3/1.5 MB | 3.2/235 kBProgress (5): 3.0/12 MB | 1.4/9.0 MB | 0.5/1.8 MB | 0.3/1.5 MB | 3.2/235 kBProgress (5): 3.1/12 MB | 1.4/9.0 MB | 0.5/1.8 MB | 0.3/1.5 MB | 3.2/235 kBProgress (5): 3.1/12 MB | 1.4/9.0 MB | 0.5/1.8 MB | 0.3/1.5 MB | 3.2/235 kBProgress (5): 3.1/12 MB | 1.4/9.0 MB | 0.5/1.8 MB | 0.3/1.5 MB | 3.2/235 kBProgress (5): 3.1/12 MB | 1.4/9.0 MB | 0.5/1.8 MB | 0.3/1.5 MB | 7.3/235 kBProgress (5): 3.1/12 MB | 1.4/9.0 MB | 0.5/1.8 MB | 0.3/1.5 MB | 11/235 kB Progress (5): 3.1/12 MB | 1.4/9.0 MB | 0.5/1.8 MB | 0.3/1.5 MB | 15/235 kBProgress (5): 3.1/12 MB | 1.4/9.0 MB | 0.5/1.8 MB | 0.3/1.5 MB | 20/235 kBProgress (5): 3.1/12 MB | 1.4/9.0 MB | 0.5/1.8 MB | 0.3/1.5 MB | 20/235 kBProgress (5): 3.1/12 MB | 1.4/9.0 MB | 0.5/1.8 MB | 0.4/1.5 MB | 20/235 kBProgress (5): 3.1/12 MB | 1.4/9.0 MB | 0.5/1.8 MB | 0.4/1.5 MB | 24/235 kBProgress (5): 3.1/12 MB | 1.4/9.0 MB | 0.5/1.8 MB | 0.4/1.5 MB | 28/235 kBProgress (5): 3.1/12 MB | 1.4/9.0 MB | 0.5/1.8 MB | 0.4/1.5 MB | 32/235 kBProgress (5): 3.1/12 MB | 1.4/9.0 MB | 0.5/1.8 MB | 0.4/1.5 MB | 36/235 kBProgress (5): 3.1/12 MB | 1.4/9.0 MB | 0.5/1.8 MB | 0.4/1.5 MB | 40/235 kBProgress (5): 3.1/12 MB | 1.4/9.0 MB | 0.5/1.8 MB | 0.4/1.5 MB | 44/235 kBProgress (5): 3.1/12 MB | 1.4/9.0 MB | 0.5/1.8 MB | 0.4/1.5 MB | 48/235 kBProgress (5): 3.1/12 MB | 1.4/9.0 MB | 0.5/1.8 MB | 0.4/1.5 MB | 52/235 kBProgress (5): 3.1/12 MB | 1.4/9.0 MB | 0.5/1.8 MB | 0.4/1.5 MB | 56/235 kBProgress (5): 3.1/12 MB | 1.4/9.0 MB | 0.5/1.8 MB | 0.4/1.5 MB | 61/235 kBProgress (5): 3.1/12 MB | 1.4/9.0 MB | 0.5/1.8 MB | 0.4/1.5 MB | 61/235 kBProgress (5): 3.1/12 MB | 1.4/9.0 MB | 0.5/1.8 MB | 0.4/1.5 MB | 61/235 kBProgress (5): 3.1/12 MB | 1.4/9.0 MB | 0.5/1.8 MB | 0.4/1.5 MB | 61/235 kBProgress (5): 3.1/12 MB | 1.4/9.0 MB | 0.5/1.8 MB | 0.4/1.5 MB | 61/235 kBProgress (5): 3.1/12 MB | 1.4/9.0 MB | 0.5/1.8 MB | 0.4/1.5 MB | 61/235 kBProgress (5): 3.1/12 MB | 1.4/9.0 MB | 0.5/1.8 MB | 0.4/1.5 MB | 61/235 kBProgress (5): 3.1/12 MB | 1.4/9.0 MB | 0.5/1.8 MB | 0.4/1.5 MB | 61/235 kBProgress (5): 3.1/12 MB | 1.4/9.0 MB | 0.5/1.8 MB | 0.4/1.5 MB | 65/235 kBProgress (5): 3.1/12 MB | 1.4/9.0 MB | 0.5/1.8 MB | 0.4/1.5 MB | 65/235 kBProgress (5): 3.1/12 MB | 1.4/9.0 MB | 0.5/1.8 MB | 0.4/1.5 MB | 69/235 kBProgress (5): 3.1/12 MB | 1.4/9.0 MB | 0.5/1.8 MB | 0.4/1.5 MB | 69/235 kBProgress (5): 3.1/12 MB | 1.4/9.0 MB | 0.5/1.8 MB | 0.4/1.5 MB | 73/235 kBProgress (5): 3.1/12 MB | 1.4/9.0 MB | 0.5/1.8 MB | 0.4/1.5 MB | 77/235 kBProgress (5): 3.1/12 MB | 1.4/9.0 MB | 0.6/1.8 MB | 0.4/1.5 MB | 77/235 kBProgress (5): 3.1/12 MB | 1.4/9.0 MB | 0.6/1.8 MB | 0.4/1.5 MB | 77/235 kBProgress (5): 3.1/12 MB | 1.4/9.0 MB | 0.6/1.8 MB | 0.4/1.5 MB | 77/235 kBProgress (5): 3.1/12 MB | 1.4/9.0 MB | 0.6/1.8 MB | 0.4/1.5 MB | 77/235 kBProgress (5): 3.1/12 MB | 1.4/9.0 MB | 0.6/1.8 MB | 0.4/1.5 MB | 77/235 kBProgress (5): 3.1/12 MB | 1.4/9.0 MB | 0.6/1.8 MB | 0.4/1.5 MB | 77/235 kBProgress (5): 3.1/12 MB | 1.4/9.0 MB | 0.6/1.8 MB | 0.4/1.5 MB | 77/235 kBProgress (5): 3.1/12 MB | 1.4/9.0 MB | 0.6/1.8 MB | 0.4/1.5 MB | 77/235 kBProgress (5): 3.1/12 MB | 1.4/9.0 MB | 0.6/1.8 MB | 0.4/1.5 MB | 77/235 kBProgress (5): 3.1/12 MB | 1.4/9.0 MB | 0.6/1.8 MB | 0.4/1.5 MB | 77/235 kBProgress (5): 3.2/12 MB | 1.4/9.0 MB | 0.6/1.8 MB | 0.4/1.5 MB | 77/235 kBProgress (5): 3.2/12 MB | 1.4/9.0 MB | 0.6/1.8 MB | 0.4/1.5 MB | 77/235 kBProgress (5): 3.2/12 MB | 1.4/9.0 MB | 0.6/1.8 MB | 0.4/1.5 MB | 77/235 kBProgress (5): 3.2/12 MB | 1.4/9.0 MB | 0.6/1.8 MB | 0.4/1.5 MB | 81/235 kBProgress (5): 3.2/12 MB | 1.4/9.0 MB | 0.6/1.8 MB | 0.4/1.5 MB | 85/235 kBProgress (5): 3.2/12 MB | 1.4/9.0 MB | 0.6/1.8 MB | 0.4/1.5 MB | 89/235 kBProgress (5): 3.2/12 MB | 1.4/9.0 MB | 0.6/1.8 MB | 0.4/1.5 MB | 93/235 kBProgress (5): 3.2/12 MB | 1.4/9.0 MB | 0.6/1.8 MB | 0.4/1.5 MB | 93/235 kBProgress (5): 3.2/12 MB | 1.4/9.0 MB | 0.6/1.8 MB | 0.4/1.5 MB | 93/235 kBProgress (5): 3.3/12 MB | 1.4/9.0 MB | 0.6/1.8 MB | 0.4/1.5 MB | 93/235 kBProgress (5): 3.3/12 MB | 1.4/9.0 MB | 0.6/1.8 MB | 0.4/1.5 MB | 93/235 kBProgress (5): 3.3/12 MB | 1.4/9.0 MB | 0.6/1.8 MB | 0.4/1.5 MB | 93/235 kBProgress (5): 3.3/12 MB | 1.4/9.0 MB | 0.6/1.8 MB | 0.5/1.5 MB | 93/235 kBProgress (5): 3.3/12 MB | 1.5/9.0 MB | 0.6/1.8 MB | 0.5/1.5 MB | 93/235 kBProgress (5): 3.3/12 MB | 1.5/9.0 MB | 0.6/1.8 MB | 0.5/1.5 MB | 93/235 kBProgress (5): 3.3/12 MB | 1.5/9.0 MB | 0.7/1.8 MB | 0.5/1.5 MB | 93/235 kBProgress (5): 3.3/12 MB | 1.5/9.0 MB | 0.7/1.8 MB | 0.5/1.5 MB | 93/235 kBProgress (5): 3.3/12 MB | 1.5/9.0 MB | 0.7/1.8 MB | 0.5/1.5 MB | 93/235 kBProgress (5): 3.3/12 MB | 1.5/9.0 MB | 0.7/1.8 MB | 0.5/1.5 MB | 93/235 kBProgress (5): 3.3/12 MB | 1.5/9.0 MB | 0.7/1.8 MB | 0.5/1.5 MB | 93/235 kBProgress (5): 3.3/12 MB | 1.5/9.0 MB | 0.7/1.8 MB | 0.5/1.5 MB | 93/235 kBProgress (5): 3.3/12 MB | 1.6/9.0 MB | 0.7/1.8 MB | 0.5/1.5 MB | 93/235 kBProgress (5): 3.3/12 MB | 1.6/9.0 MB | 0.7/1.8 MB | 0.5/1.5 MB | 93/235 kBProgress (5): 3.3/12 MB | 1.6/9.0 MB | 0.7/1.8 MB | 0.5/1.5 MB | 93/235 kBProgress (5): 3.3/12 MB | 1.6/9.0 MB | 0.7/1.8 MB | 0.5/1.5 MB | 93/235 kBProgress (5): 3.3/12 MB | 1.6/9.0 MB | 0.7/1.8 MB | 0.5/1.5 MB | 93/235 kBProgress (5): 3.3/12 MB | 1.6/9.0 MB | 0.7/1.8 MB | 0.5/1.5 MB | 97/235 kBProgress (5): 3.3/12 MB | 1.6/9.0 MB | 0.7/1.8 MB | 0.5/1.5 MB | 101/235 kBProgress (5): 3.3/12 MB | 1.6/9.0 MB | 0.7/1.8 MB | 0.5/1.5 MB | 106/235 kBProgress (5): 3.3/12 MB | 1.6/9.0 MB | 0.7/1.8 MB | 0.5/1.5 MB | 110/235 kBProgress (5): 3.3/12 MB | 1.6/9.0 MB | 0.7/1.8 MB | 0.5/1.5 MB | 114/235 kBProgress (5): 3.3/12 MB | 1.6/9.0 MB | 0.7/1.8 MB | 0.5/1.5 MB | 118/235 kBProgress (5): 3.3/12 MB | 1.6/9.0 MB | 0.7/1.8 MB | 0.5/1.5 MB | 122/235 kBProgress (5): 3.3/12 MB | 1.6/9.0 MB | 0.7/1.8 MB | 0.5/1.5 MB | 126/235 kBProgress (5): 3.3/12 MB | 1.6/9.0 MB | 0.7/1.8 MB | 0.5/1.5 MB | 130/235 kBProgress (5): 3.3/12 MB | 1.6/9.0 MB | 0.7/1.8 MB | 0.5/1.5 MB | 134/235 kBProgress (5): 3.3/12 MB | 1.6/9.0 MB | 0.7/1.8 MB | 0.5/1.5 MB | 138/235 kBProgress (5): 3.3/12 MB | 1.6/9.0 MB | 0.7/1.8 MB | 0.5/1.5 MB | 142/235 kBProgress (5): 3.3/12 MB | 1.7/9.0 MB | 0.7/1.8 MB | 0.5/1.5 MB | 142/235 kBProgress (5): 3.3/12 MB | 1.7/9.0 MB | 0.7/1.8 MB | 0.5/1.5 MB | 142/235 kBProgress (5): 3.3/12 MB | 1.7/9.0 MB | 0.7/1.8 MB | 0.5/1.5 MB | 142/235 kBProgress (5): 3.3/12 MB | 1.7/9.0 MB | 0.7/1.8 MB | 0.5/1.5 MB | 147/235 kBProgress (5): 3.3/12 MB | 1.8/9.0 MB | 0.7/1.8 MB | 0.5/1.5 MB | 147/235 kBProgress (5): 3.3/12 MB | 1.8/9.0 MB | 0.7/1.8 MB | 0.5/1.5 MB | 151/235 kBProgress (5): 3.3/12 MB | 1.8/9.0 MB | 0.7/1.8 MB | 0.5/1.5 MB | 155/235 kBProgress (5): 3.3/12 MB | 1.8/9.0 MB | 0.7/1.8 MB | 0.5/1.5 MB | 159/235 kBProgress (5): 3.3/12 MB | 1.8/9.0 MB | 0.7/1.8 MB | 0.5/1.5 MB | 159/235 kBProgress (5): 3.3/12 MB | 1.8/9.0 MB | 0.7/1.8 MB | 0.5/1.5 MB | 159/235 kBProgress (5): 3.3/12 MB | 1.8/9.0 MB | 0.7/1.8 MB | 0.5/1.5 MB | 159/235 kBProgress (5): 3.3/12 MB | 1.8/9.0 MB | 0.7/1.8 MB | 0.5/1.5 MB | 159/235 kBProgress (5): 3.3/12 MB | 1.8/9.0 MB | 0.7/1.8 MB | 0.5/1.5 MB | 159/235 kBProgress (5): 3.3/12 MB | 1.8/9.0 MB | 0.7/1.8 MB | 0.5/1.5 MB | 159/235 kBProgress (5): 3.3/12 MB | 1.8/9.0 MB | 0.7/1.8 MB | 0.5/1.5 MB | 159/235 kBProgress (5): 3.3/12 MB | 1.8/9.0 MB | 0.7/1.8 MB | 0.5/1.5 MB | 159/235 kBProgress (5): 3.3/12 MB | 1.8/9.0 MB | 0.7/1.8 MB | 0.5/1.5 MB | 163/235 kBProgress (5): 3.3/12 MB | 1.8/9.0 MB | 0.7/1.8 MB | 0.5/1.5 MB | 167/235 kBProgress (5): 3.3/12 MB | 1.8/9.0 MB | 0.7/1.8 MB | 0.5/1.5 MB | 171/235 kBProgress (5): 3.3/12 MB | 1.8/9.0 MB | 0.7/1.8 MB | 0.5/1.5 MB | 175/235 kBProgress (5): 3.3/12 MB | 1.8/9.0 MB | 0.7/1.8 MB | 0.5/1.5 MB | 175/235 kBProgress (5): 3.3/12 MB | 1.8/9.0 MB | 0.7/1.8 MB | 0.5/1.5 MB | 175/235 kBProgress (5): 3.3/12 MB | 1.8/9.0 MB | 0.7/1.8 MB | 0.5/1.5 MB | 175/235 kBProgress (5): 3.3/12 MB | 1.8/9.0 MB | 0.7/1.8 MB | 0.5/1.5 MB | 175/235 kBProgress (5): 3.3/12 MB | 1.8/9.0 MB | 0.7/1.8 MB | 0.5/1.5 MB | 175/235 kBProgress (5): 3.3/12 MB | 1.8/9.0 MB | 0.8/1.8 MB | 0.5/1.5 MB | 175/235 kBProgress (5): 3.3/12 MB | 1.8/9.0 MB | 0.8/1.8 MB | 0.5/1.5 MB | 175/235 kBProgress (5): 3.3/12 MB | 1.8/9.0 MB | 0.8/1.8 MB | 0.5/1.5 MB | 175/235 kBProgress (5): 3.3/12 MB | 1.8/9.0 MB | 0.8/1.8 MB | 0.5/1.5 MB | 175/235 kBProgress (5): 3.3/12 MB | 1.8/9.0 MB | 0.8/1.8 MB | 0.5/1.5 MB | 175/235 kBProgress (5): 3.3/12 MB | 1.8/9.0 MB | 0.8/1.8 MB | 0.5/1.5 MB | 175/235 kBProgress (5): 3.3/12 MB | 1.8/9.0 MB | 0.8/1.8 MB | 0.5/1.5 MB | 175/235 kBProgress (5): 3.3/12 MB | 1.8/9.0 MB | 0.8/1.8 MB | 0.5/1.5 MB | 175/235 kBProgress (5): 3.3/12 MB | 1.8/9.0 MB | 0.8/1.8 MB | 0.5/1.5 MB | 175/235 kBProgress (5): 3.3/12 MB | 1.8/9.0 MB | 0.8/1.8 MB | 0.5/1.5 MB | 175/235 kBProgress (5): 3.3/12 MB | 1.8/9.0 MB | 0.8/1.8 MB | 0.5/1.5 MB | 175/235 kBProgress (5): 3.3/12 MB | 1.8/9.0 MB | 0.8/1.8 MB | 0.5/1.5 MB | 175/235 kBProgress (5): 3.3/12 MB | 1.8/9.0 MB | 0.8/1.8 MB | 0.5/1.5 MB | 175/235 kBProgress (5): 3.3/12 MB | 1.8/9.0 MB | 0.8/1.8 MB | 0.5/1.5 MB | 175/235 kBProgress (5): 3.3/12 MB | 1.8/9.0 MB | 0.8/1.8 MB | 0.5/1.5 MB | 175/235 kBProgress (5): 3.3/12 MB | 1.8/9.0 MB | 0.8/1.8 MB | 0.6/1.5 MB | 175/235 kBProgress (5): 3.3/12 MB | 1.8/9.0 MB | 0.8/1.8 MB | 0.6/1.5 MB | 175/235 kBProgress (5): 3.3/12 MB | 1.8/9.0 MB | 0.8/1.8 MB | 0.6/1.5 MB | 175/235 kBProgress (5): 3.3/12 MB | 1.8/9.0 MB | 0.8/1.8 MB | 0.6/1.5 MB | 175/235 kBProgress (5): 3.3/12 MB | 1.8/9.0 MB | 0.8/1.8 MB | 0.6/1.5 MB | 175/235 kBProgress (5): 3.3/12 MB | 1.8/9.0 MB | 0.8/1.8 MB | 0.6/1.5 MB | 175/235 kBProgress (5): 3.3/12 MB | 1.8/9.0 MB | 0.8/1.8 MB | 0.6/1.5 MB | 175/235 kBProgress (5): 3.3/12 MB | 1.8/9.0 MB | 0.8/1.8 MB | 0.6/1.5 MB | 175/235 kBProgress (5): 3.3/12 MB | 1.8/9.0 MB | 0.8/1.8 MB | 0.6/1.5 MB | 175/235 kBProgress (5): 3.3/12 MB | 1.8/9.0 MB | 0.8/1.8 MB | 0.6/1.5 MB | 175/235 kBProgress (5): 3.3/12 MB | 1.8/9.0 MB | 0.8/1.8 MB | 0.6/1.5 MB | 175/235 kBProgress (5): 3.3/12 MB | 1.8/9.0 MB | 0.8/1.8 MB | 0.6/1.5 MB | 175/235 kBProgress (5): 3.3/12 MB | 1.8/9.0 MB | 0.8/1.8 MB | 0.7/1.5 MB | 175/235 kBProgress (5): 3.3/12 MB | 1.8/9.0 MB | 0.9/1.8 MB | 0.7/1.5 MB | 175/235 kBProgress (5): 3.3/12 MB | 1.8/9.0 MB | 0.9/1.8 MB | 0.7/1.5 MB | 175/235 kBProgress (5): 3.3/12 MB | 1.9/9.0 MB | 0.9/1.8 MB | 0.7/1.5 MB | 175/235 kBProgress (5): 3.3/12 MB | 1.9/9.0 MB | 0.9/1.8 MB | 0.7/1.5 MB | 175/235 kBProgress (5): 3.3/12 MB | 1.9/9.0 MB | 0.9/1.8 MB | 0.7/1.5 MB | 175/235 kBProgress (5): 3.3/12 MB | 1.9/9.0 MB | 0.9/1.8 MB | 0.7/1.5 MB | 175/235 kBProgress (5): 3.3/12 MB | 1.9/9.0 MB | 0.9/1.8 MB | 0.7/1.5 MB | 175/235 kBProgress (5): 3.3/12 MB | 1.9/9.0 MB | 0.9/1.8 MB | 0.7/1.5 MB | 175/235 kBProgress (5): 3.3/12 MB | 1.9/9.0 MB | 0.9/1.8 MB | 0.7/1.5 MB | 175/235 kBProgress (5): 3.3/12 MB | 1.9/9.0 MB | 0.9/1.8 MB | 0.7/1.5 MB | 175/235 kBProgress (5): 3.3/12 MB | 1.9/9.0 MB | 0.9/1.8 MB | 0.7/1.5 MB | 179/235 kBProgress (5): 3.3/12 MB | 1.9/9.0 MB | 0.9/1.8 MB | 0.7/1.5 MB | 183/235 kBProgress (5): 3.3/12 MB | 1.9/9.0 MB | 0.9/1.8 MB | 0.7/1.5 MB | 183/235 kBProgress (5): 3.3/12 MB | 1.9/9.0 MB | 0.9/1.8 MB | 0.7/1.5 MB | 187/235 kBProgress (5): 3.3/12 MB | 1.9/9.0 MB | 0.9/1.8 MB | 0.7/1.5 MB | 187/235 kBProgress (5): 3.3/12 MB | 1.9/9.0 MB | 0.9/1.8 MB | 0.7/1.5 MB | 192/235 kBProgress (5): 3.3/12 MB | 1.9/9.0 MB | 0.9/1.8 MB | 0.7/1.5 MB | 192/235 kBProgress (5): 3.3/12 MB | 1.9/9.0 MB | 0.9/1.8 MB | 0.7/1.5 MB | 196/235 kBProgress (5): 3.3/12 MB | 1.9/9.0 MB | 0.9/1.8 MB | 0.7/1.5 MB | 196/235 kBProgress (5): 3.3/12 MB | 1.9/9.0 MB | 0.9/1.8 MB | 0.7/1.5 MB | 200/235 kBProgress (5): 3.3/12 MB | 1.9/9.0 MB | 0.9/1.8 MB | 0.7/1.5 MB | 204/235 kBProgress (5): 3.3/12 MB | 1.9/9.0 MB | 0.9/1.8 MB | 0.7/1.5 MB | 208/235 kBProgress (5): 3.3/12 MB | 1.9/9.0 MB | 0.9/1.8 MB | 0.7/1.5 MB | 212/235 kBProgress (5): 3.3/12 MB | 1.9/9.0 MB | 0.9/1.8 MB | 0.7/1.5 MB | 216/235 kBProgress (5): 3.3/12 MB | 1.9/9.0 MB | 0.9/1.8 MB | 0.7/1.5 MB | 220/235 kBProgress (5): 3.3/12 MB | 1.9/9.0 MB | 0.9/1.8 MB | 0.7/1.5 MB | 224/235 kBProgress (5): 3.3/12 MB | 1.9/9.0 MB | 0.9/1.8 MB | 0.7/1.5 MB | 228/235 kBProgress (5): 3.3/12 MB | 1.9/9.0 MB | 0.9/1.8 MB | 0.7/1.5 MB | 233/235 kBProgress (5): 3.3/12 MB | 1.9/9.0 MB | 0.9/1.8 MB | 0.7/1.5 MB | 235 kB    Progress (5): 3.4/12 MB | 1.9/9.0 MB | 0.9/1.8 MB | 0.7/1.5 MB | 235 kBProgress (5): 3.5/12 MB | 1.9/9.0 MB | 0.9/1.8 MB | 0.7/1.5 MB | 235 kBProgress (5): 3.5/12 MB | 1.9/9.0 MB | 0.9/1.8 MB | 0.7/1.5 MB | 235 kBProgress (5): 3.5/12 MB | 1.9/9.0 MB | 0.9/1.8 MB | 0.7/1.5 MB | 235 kBProgress (5): 3.5/12 MB | 1.9/9.0 MB | 0.9/1.8 MB | 0.7/1.5 MB | 235 kBProgress (5): 3.5/12 MB | 1.9/9.0 MB | 0.9/1.8 MB | 0.7/1.5 MB | 235 kBProgress (5): 3.5/12 MB | 1.9/9.0 MB | 0.9/1.8 MB | 0.7/1.5 MB | 235 kBProgress (5): 3.5/12 MB | 1.9/9.0 MB | 0.9/1.8 MB | 0.7/1.5 MB | 235 kBProgress (5): 3.5/12 MB | 1.9/9.0 MB | 0.9/1.8 MB | 0.7/1.5 MB | 235 kBProgress (5): 3.5/12 MB | 1.9/9.0 MB | 0.9/1.8 MB | 0.7/1.5 MB | 235 kBProgress (5): 3.5/12 MB | 1.9/9.0 MB | 0.9/1.8 MB | 0.7/1.5 MB | 235 kBProgress (5): 3.5/12 MB | 2.0/9.0 MB | 0.9/1.8 MB | 0.7/1.5 MB | 235 kBProgress (5): 3.5/12 MB | 2.0/9.0 MB | 0.9/1.8 MB | 0.7/1.5 MB | 235 kBProgress (5): 3.5/12 MB | 2.0/9.0 MB | 1.0/1.8 MB | 0.7/1.5 MB | 235 kBProgress (5): 3.5/12 MB | 2.0/9.0 MB | 1.0/1.8 MB | 0.7/1.5 MB | 235 kBProgress (5): 3.5/12 MB | 2.0/9.0 MB | 1.0/1.8 MB | 0.7/1.5 MB | 235 kBProgress (5): 3.5/12 MB | 2.0/9.0 MB | 1.0/1.8 MB | 0.7/1.5 MB | 235 kBProgress (5): 3.5/12 MB | 2.0/9.0 MB | 1.0/1.8 MB | 0.7/1.5 MB | 235 kBProgress (5): 3.5/12 MB | 2.0/9.0 MB | 1.0/1.8 MB | 0.7/1.5 MB | 235 kBProgress (5): 3.5/12 MB | 2.0/9.0 MB | 1.0/1.8 MB | 0.7/1.5 MB | 235 kBProgress (5): 3.6/12 MB | 2.0/9.0 MB | 1.0/1.8 MB | 0.7/1.5 MB | 235 kBProgress (5): 3.6/12 MB | 2.0/9.0 MB | 1.0/1.8 MB | 0.7/1.5 MB | 235 kBProgress (5): 3.6/12 MB | 2.0/9.0 MB | 1.0/1.8 MB | 0.7/1.5 MB | 235 kBProgress (5): 3.6/12 MB | 2.0/9.0 MB | 1.0/1.8 MB | 0.8/1.5 MB | 235 kBProgress (5): 3.6/12 MB | 2.0/9.0 MB | 1.0/1.8 MB | 0.8/1.5 MB | 235 kBProgress (5): 3.6/12 MB | 2.0/9.0 MB | 1.0/1.8 MB | 0.8/1.5 MB | 235 kBProgress (5): 3.6/12 MB | 2.0/9.0 MB | 1.0/1.8 MB | 0.8/1.5 MB | 235 kBProgress (5): 3.6/12 MB | 2.0/9.0 MB | 1.0/1.8 MB | 0.8/1.5 MB | 235 kBProgress (5): 3.6/12 MB | 2.0/9.0 MB | 1.0/1.8 MB | 0.8/1.5 MB | 235 kBProgress (5): 3.6/12 MB | 2.0/9.0 MB | 1.0/1.8 MB | 0.8/1.5 MB | 235 kBProgress (5): 3.6/12 MB | 2.0/9.0 MB | 1.0/1.8 MB | 0.8/1.5 MB | 235 kBProgress (5): 3.6/12 MB | 2.0/9.0 MB | 1.0/1.8 MB | 0.8/1.5 MB | 235 kBProgress (5): 3.6/12 MB | 2.0/9.0 MB | 1.0/1.8 MB | 0.8/1.5 MB | 235 kBProgress (5): 3.6/12 MB | 2.0/9.0 MB | 1.0/1.8 MB | 0.8/1.5 MB | 235 kBProgress (5): 3.7/12 MB | 2.0/9.0 MB | 1.0/1.8 MB | 0.8/1.5 MB | 235 kBProgress (5): 3.7/12 MB | 2.0/9.0 MB | 1.0/1.8 MB | 0.8/1.5 MB | 235 kBProgress (5): 3.7/12 MB | 2.0/9.0 MB | 1.0/1.8 MB | 0.8/1.5 MB | 235 kBProgress (5): 3.7/12 MB | 2.0/9.0 MB | 1.0/1.8 MB | 0.8/1.5 MB | 235 kBProgress (5): 3.7/12 MB | 2.1/9.0 MB | 1.0/1.8 MB | 0.8/1.5 MB | 235 kBProgress (5): 3.7/12 MB | 2.1/9.0 MB | 1.0/1.8 MB | 0.8/1.5 MB | 235 kBProgress (5): 3.7/12 MB | 2.1/9.0 MB | 1.0/1.8 MB | 0.8/1.5 MB | 235 kBProgress (5): 3.7/12 MB | 2.1/9.0 MB | 1.0/1.8 MB | 0.8/1.5 MB | 235 kB                                                                       Downloaded from central: https://repo.maven.apache.org/maven2/org/springframework/spring-orm/6.2.19/spring-orm-6.2.19.jar (235 kB at 35 kB/s)
Downloading from central: https://repo.maven.apache.org/maven2/org/springframework/spring-context/6.2.19/spring-context-6.2.19.jar
Progress (4): 3.7/12 MB | 2.1/9.0 MB | 1.0/1.8 MB | 0.8/1.5 MBProgress (4): 3.7/12 MB | 2.1/9.0 MB | 1.1/1.8 MB | 0.8/1.5 MBProgress (4): 3.7/12 MB | 2.1/9.0 MB | 1.1/1.8 MB | 0.8/1.5 MBProgress (4): 3.7/12 MB | 2.1/9.0 MB | 1.1/1.8 MB | 0.8/1.5 MBProgress (4): 3.7/12 MB | 2.1/9.0 MB | 1.1/1.8 MB | 0.8/1.5 MBProgress (4): 3.7/12 MB | 2.1/9.0 MB | 1.1/1.8 MB | 0.8/1.5 MBProgress (4): 3.7/12 MB | 2.1/9.0 MB | 1.1/1.8 MB | 0.8/1.5 MBProgress (4): 3.7/12 MB | 2.1/9.0 MB | 1.1/1.8 MB | 0.8/1.5 MBProgress (4): 3.7/12 MB | 2.1/9.0 MB | 1.1/1.8 MB | 0.8/1.5 MBProgress (4): 3.7/12 MB | 2.1/9.0 MB | 1.1/1.8 MB | 0.8/1.5 MBProgress (4): 3.7/12 MB | 2.1/9.0 MB | 1.1/1.8 MB | 0.9/1.5 MBProgress (4): 3.7/12 MB | 2.1/9.0 MB | 1.1/1.8 MB | 0.9/1.5 MBProgress (4): 3.7/12 MB | 2.1/9.0 MB | 1.1/1.8 MB | 0.9/1.5 MBProgress (4): 3.7/12 MB | 2.1/9.0 MB | 1.1/1.8 MB | 0.9/1.5 MBProgress (4): 3.7/12 MB | 2.1/9.0 MB | 1.1/1.8 MB | 0.9/1.5 MBProgress (4): 3.7/12 MB | 2.1/9.0 MB | 1.1/1.8 MB | 0.9/1.5 MBProgress (4): 3.7/12 MB | 2.1/9.0 MB | 1.1/1.8 MB | 0.9/1.5 MBProgress (5): 3.7/12 MB | 2.1/9.0 MB | 1.1/1.8 MB | 0.9/1.5 MB | 0/1.4 MBProgress (5): 3.7/12 MB | 2.1/9.0 MB | 1.1/1.8 MB | 0.9/1.5 MB | 0/1.4 MBProgress (5): 3.7/12 MB | 2.1/9.0 MB | 1.1/1.8 MB | 0.9/1.5 MB | 0/1.4 MBProgress (5): 3.7/12 MB | 2.1/9.0 MB | 1.1/1.8 MB | 0.9/1.5 MB | 0/1.4 MBProgress (5): 3.7/12 MB | 2.1/9.0 MB | 1.1/1.8 MB | 0.9/1.5 MB | 0/1.4 MBProgress (5): 3.7/12 MB | 2.2/9.0 MB | 1.1/1.8 MB | 0.9/1.5 MB | 0/1.4 MBProgress (5): 3.8/12 MB | 2.2/9.0 MB | 1.1/1.8 MB | 0.9/1.5 MB | 0/1.4 MBProgress (5): 3.8/12 MB | 2.2/9.0 MB | 1.1/1.8 MB | 0.9/1.5 MB | 0/1.4 MBProgress (5): 3.8/12 MB | 2.2/9.0 MB | 1.1/1.8 MB | 0.9/1.5 MB | 0/1.4 MBProgress (5): 3.8/12 MB | 2.2/9.0 MB | 1.1/1.8 MB | 0.9/1.5 MB | 0/1.4 MBProgress (5): 3.8/12 MB | 2.2/9.0 MB | 1.1/1.8 MB | 0.9/1.5 MB | 0/1.4 MBProgress (5): 3.8/12 MB | 2.2/9.0 MB | 1.1/1.8 MB | 0.9/1.5 MB | 0/1.4 MBProgress (5): 3.8/12 MB | 2.2/9.0 MB | 1.1/1.8 MB | 0.9/1.5 MB | 0/1.4 MBProgress (5): 3.8/12 MB | 2.2/9.0 MB | 1.1/1.8 MB | 0.9/1.5 MB | 0/1.4 MBProgress (5): 3.8/12 MB | 2.2/9.0 MB | 1.1/1.8 MB | 0.9/1.5 MB | 0/1.4 MBProgress (5): 3.8/12 MB | 2.2/9.0 MB | 1.1/1.8 MB | 0.9/1.5 MB | 0/1.4 MBProgress (5): 3.8/12 MB | 2.2/9.0 MB | 1.1/1.8 MB | 0.9/1.5 MB | 0/1.4 MBProgress (5): 3.8/12 MB | 2.2/9.0 MB | 1.2/1.8 MB | 0.9/1.5 MB | 0/1.4 MBProgress (5): 3.8/12 MB | 2.2/9.0 MB | 1.2/1.8 MB | 0.9/1.5 MB | 0/1.4 MBProgress (5): 3.8/12 MB | 2.2/9.0 MB | 1.2/1.8 MB | 0.9/1.5 MB | 0/1.4 MBProgress (5): 3.8/12 MB | 2.2/9.0 MB | 1.2/1.8 MB | 0.9/1.5 MB | 0/1.4 MBProgress (5): 3.8/12 MB | 2.2/9.0 MB | 1.2/1.8 MB | 0.9/1.5 MB | 0/1.4 MBProgress (5): 3.8/12 MB | 2.2/9.0 MB | 1.2/1.8 MB | 0.9/1.5 MB | 0/1.4 MBProgress (5): 3.8/12 MB | 2.2/9.0 MB | 1.2/1.8 MB | 0.9/1.5 MB | 0/1.4 MBProgress (5): 3.9/12 MB | 2.2/9.0 MB | 1.2/1.8 MB | 0.9/1.5 MB | 0/1.4 MBProgress (5): 3.9/12 MB | 2.2/9.0 MB | 1.2/1.8 MB | 0.9/1.5 MB | 0.1/1.4 MBProgress (5): 3.9/12 MB | 2.2/9.0 MB | 1.2/1.8 MB | 1.0/1.5 MB | 0.1/1.4 MBProgress (5): 3.9/12 MB | 2.2/9.0 MB | 1.2/1.8 MB | 1.0/1.5 MB | 0.1/1.4 MBProgress (5): 3.9/12 MB | 2.2/9.0 MB | 1.2/1.8 MB | 1.0/1.5 MB | 0.1/1.4 MBProgress (5): 3.9/12 MB | 2.2/9.0 MB | 1.2/1.8 MB | 1.0/1.5 MB | 0.1/1.4 MBProgress (5): 3.9/12 MB | 2.2/9.0 MB | 1.2/1.8 MB | 1.0/1.5 MB | 0.1/1.4 MBProgress (5): 3.9/12 MB | 2.2/9.0 MB | 1.2/1.8 MB | 1.0/1.5 MB | 0.1/1.4 MBProgress (5): 3.9/12 MB | 2.2/9.0 MB | 1.2/1.8 MB | 1.0/1.5 MB | 0.1/1.4 MBProgress (5): 3.9/12 MB | 2.2/9.0 MB | 1.2/1.8 MB | 1.0/1.5 MB | 0.1/1.4 MBProgress (5): 3.9/12 MB | 2.2/9.0 MB | 1.2/1.8 MB | 1.0/1.5 MB | 0.1/1.4 MBProgress (5): 3.9/12 MB | 2.2/9.0 MB | 1.2/1.8 MB | 1.0/1.5 MB | 0.1/1.4 MBProgress (5): 3.9/12 MB | 2.2/9.0 MB | 1.2/1.8 MB | 1.0/1.5 MB | 0.1/1.4 MBProgress (5): 3.9/12 MB | 2.2/9.0 MB | 1.2/1.8 MB | 1.0/1.5 MB | 0.1/1.4 MBProgress (5): 3.9/12 MB | 2.2/9.0 MB | 1.2/1.8 MB | 1.0/1.5 MB | 0.1/1.4 MBProgress (5): 3.9/12 MB | 2.3/9.0 MB | 1.2/1.8 MB | 1.0/1.5 MB | 0.1/1.4 MBProgress (5): 3.9/12 MB | 2.3/9.0 MB | 1.2/1.8 MB | 1.0/1.5 MB | 0.1/1.4 MBProgress (5): 3.9/12 MB | 2.3/9.0 MB | 1.2/1.8 MB | 1.0/1.5 MB | 0.1/1.4 MBProgress (5): 3.9/12 MB | 2.3/9.0 MB | 1.2/1.8 MB | 1.0/1.5 MB | 0.1/1.4 MBProgress (5): 3.9/12 MB | 2.3/9.0 MB | 1.2/1.8 MB | 1.0/1.5 MB | 0.1/1.4 MBProgress (5): 3.9/12 MB | 2.3/9.0 MB | 1.2/1.8 MB | 1.0/1.5 MB | 0.1/1.4 MBProgress (5): 3.9/12 MB | 2.3/9.0 MB | 1.3/1.8 MB | 1.0/1.5 MB | 0.1/1.4 MBProgress (5): 3.9/12 MB | 2.3/9.0 MB | 1.3/1.8 MB | 1.0/1.5 MB | 0.1/1.4 MBProgress (5): 3.9/12 MB | 2.3/9.0 MB | 1.3/1.8 MB | 1.0/1.5 MB | 0.1/1.4 MBProgress (5): 3.9/12 MB | 2.3/9.0 MB | 1.3/1.8 MB | 1.0/1.5 MB | 0.1/1.4 MBProgress (5): 3.9/12 MB | 2.3/9.0 MB | 1.3/1.8 MB | 1.0/1.5 MB | 0.1/1.4 MBProgress (5): 3.9/12 MB | 2.3/9.0 MB | 1.3/1.8 MB | 1.0/1.5 MB | 0.1/1.4 MBProgress (5): 3.9/12 MB | 2.3/9.0 MB | 1.3/1.8 MB | 1.0/1.5 MB | 0.1/1.4 MBProgress (5): 3.9/12 MB | 2.3/9.0 MB | 1.3/1.8 MB | 1.0/1.5 MB | 0.1/1.4 MBProgress (5): 3.9/12 MB | 2.3/9.0 MB | 1.3/1.8 MB | 1.0/1.5 MB | 0.1/1.4 MBProgress (5): 3.9/12 MB | 2.3/9.0 MB | 1.3/1.8 MB | 1.0/1.5 MB | 0.1/1.4 MBProgress (5): 3.9/12 MB | 2.3/9.0 MB | 1.3/1.8 MB | 1.0/1.5 MB | 0.1/1.4 MBProgress (5): 3.9/12 MB | 2.3/9.0 MB | 1.3/1.8 MB | 1.0/1.5 MB | 0.1/1.4 MBProgress (5): 3.9/12 MB | 2.3/9.0 MB | 1.3/1.8 MB | 1.0/1.5 MB | 0.1/1.4 MBProgress (5): 3.9/12 MB | 2.3/9.0 MB | 1.3/1.8 MB | 1.0/1.5 MB | 0.1/1.4 MBProgress (5): 3.9/12 MB | 2.3/9.0 MB | 1.3/1.8 MB | 1.0/1.5 MB | 0.1/1.4 MBProgress (5): 3.9/12 MB | 2.3/9.0 MB | 1.3/1.8 MB | 1.0/1.5 MB | 0.1/1.4 MBProgress (5): 3.9/12 MB | 2.3/9.0 MB | 1.3/1.8 MB | 1.0/1.5 MB | 0.1/1.4 MBProgress (5): 4.0/12 MB | 2.3/9.0 MB | 1.3/1.8 MB | 1.0/1.5 MB | 0.1/1.4 MBProgress (5): 4.0/12 MB | 2.3/9.0 MB | 1.3/1.8 MB | 1.0/1.5 MB | 0.1/1.4 MBProgress (5): 4.0/12 MB | 2.3/9.0 MB | 1.3/1.8 MB | 1.0/1.5 MB | 0.1/1.4 MBProgress (5): 4.0/12 MB | 2.3/9.0 MB | 1.3/1.8 MB | 1.0/1.5 MB | 0.1/1.4 MBProgress (5): 4.0/12 MB | 2.3/9.0 MB | 1.3/1.8 MB | 1.0/1.5 MB | 0.1/1.4 MBProgress (5): 4.0/12 MB | 2.3/9.0 MB | 1.3/1.8 MB | 1.1/1.5 MB | 0.1/1.4 MBProgress (5): 4.0/12 MB | 2.3/9.0 MB | 1.3/1.8 MB | 1.1/1.5 MB | 0.1/1.4 MBProgress (5): 4.0/12 MB | 2.3/9.0 MB | 1.3/1.8 MB | 1.1/1.5 MB | 0.1/1.4 MBProgress (5): 4.0/12 MB | 2.3/9.0 MB | 1.3/1.8 MB | 1.1/1.5 MB | 0.1/1.4 MBProgress (5): 4.0/12 MB | 2.3/9.0 MB | 1.3/1.8 MB | 1.1/1.5 MB | 0.1/1.4 MBProgress (5): 4.0/12 MB | 2.3/9.0 MB | 1.3/1.8 MB | 1.1/1.5 MB | 0.1/1.4 MBProgress (5): 4.0/12 MB | 2.4/9.0 MB | 1.3/1.8 MB | 1.1/1.5 MB | 0.1/1.4 MBProgress (5): 4.0/12 MB | 2.4/9.0 MB | 1.3/1.8 MB | 1.1/1.5 MB | 0.1/1.4 MBProgress (5): 4.0/12 MB | 2.4/9.0 MB | 1.3/1.8 MB | 1.1/1.5 MB | 0.1/1.4 MBProgress (5): 4.0/12 MB | 2.4/9.0 MB | 1.3/1.8 MB | 1.1/1.5 MB | 0.1/1.4 MBProgress (5): 4.0/12 MB | 2.4/9.0 MB | 1.3/1.8 MB | 1.1/1.5 MB | 0.1/1.4 MBProgress (5): 4.0/12 MB | 2.4/9.0 MB | 1.3/1.8 MB | 1.1/1.5 MB | 0.1/1.4 MBProgress (5): 4.0/12 MB | 2.4/9.0 MB | 1.3/1.8 MB | 1.1/1.5 MB | 0.1/1.4 MBProgress (5): 4.1/12 MB | 2.4/9.0 MB | 1.3/1.8 MB | 1.1/1.5 MB | 0.1/1.4 MBProgress (5): 4.1/12 MB | 2.4/9.0 MB | 1.3/1.8 MB | 1.1/1.5 MB | 0.2/1.4 MBProgress (5): 4.1/12 MB | 2.4/9.0 MB | 1.3/1.8 MB | 1.1/1.5 MB | 0.2/1.4 MBProgress (5): 4.1/12 MB | 2.4/9.0 MB | 1.3/1.8 MB | 1.1/1.5 MB | 0.2/1.4 MBProgress (5): 4.1/12 MB | 2.4/9.0 MB | 1.3/1.8 MB | 1.1/1.5 MB | 0.2/1.4 MBProgress (5): 4.1/12 MB | 2.4/9.0 MB | 1.3/1.8 MB | 1.1/1.5 MB | 0.2/1.4 MBProgress (5): 4.1/12 MB | 2.4/9.0 MB | 1.4/1.8 MB | 1.1/1.5 MB | 0.2/1.4 MBProgress (5): 4.1/12 MB | 2.4/9.0 MB | 1.4/1.8 MB | 1.1/1.5 MB | 0.2/1.4 MBProgress (5): 4.1/12 MB | 2.4/9.0 MB | 1.4/1.8 MB | 1.1/1.5 MB | 0.2/1.4 MBProgress (5): 4.1/12 MB | 2.4/9.0 MB | 1.4/1.8 MB | 1.1/1.5 MB | 0.2/1.4 MBProgress (5): 4.1/12 MB | 2.4/9.0 MB | 1.4/1.8 MB | 1.1/1.5 MB | 0.2/1.4 MBProgress (5): 4.1/12 MB | 2.4/9.0 MB | 1.4/1.8 MB | 1.1/1.5 MB | 0.2/1.4 MBProgress (5): 4.1/12 MB | 2.4/9.0 MB | 1.4/1.8 MB | 1.1/1.5 MB | 0.2/1.4 MBProgress (5): 4.1/12 MB | 2.4/9.0 MB | 1.4/1.8 MB | 1.1/1.5 MB | 0.2/1.4 MBProgress (5): 4.1/12 MB | 2.4/9.0 MB | 1.4/1.8 MB | 1.1/1.5 MB | 0.2/1.4 MBProgress (5): 4.1/12 MB | 2.4/9.0 MB | 1.4/1.8 MB | 1.1/1.5 MB | 0.2/1.4 MBProgress (5): 4.1/12 MB | 2.4/9.0 MB | 1.4/1.8 MB | 1.1/1.5 MB | 0.2/1.4 MBProgress (5): 4.1/12 MB | 2.4/9.0 MB | 1.4/1.8 MB | 1.1/1.5 MB | 0.2/1.4 MBProgress (5): 4.1/12 MB | 2.4/9.0 MB | 1.4/1.8 MB | 1.1/1.5 MB | 0.2/1.4 MBProgress (5): 4.1/12 MB | 2.4/9.0 MB | 1.4/1.8 MB | 1.1/1.5 MB | 0.2/1.4 MBProgress (5): 4.1/12 MB | 2.4/9.0 MB | 1.4/1.8 MB | 1.2/1.5 MB | 0.2/1.4 MBProgress (5): 4.1/12 MB | 2.4/9.0 MB | 1.4/1.8 MB | 1.2/1.5 MB | 0.2/1.4 MBProgress (5): 4.1/12 MB | 2.4/9.0 MB | 1.4/1.8 MB | 1.2/1.5 MB | 0.2/1.4 MBProgress (5): 4.1/12 MB | 2.4/9.0 MB | 1.4/1.8 MB | 1.2/1.5 MB | 0.2/1.4 MBProgress (5): 4.1/12 MB | 2.4/9.0 MB | 1.4/1.8 MB | 1.2/1.5 MB | 0.2/1.4 MBProgress (5): 4.1/12 MB | 2.5/9.0 MB | 1.4/1.8 MB | 1.2/1.5 MB | 0.2/1.4 MBProgress (5): 4.1/12 MB | 2.5/9.0 MB | 1.4/1.8 MB | 1.2/1.5 MB | 0.2/1.4 MBProgress (5): 4.1/12 MB | 2.5/9.0 MB | 1.4/1.8 MB | 1.2/1.5 MB | 0.2/1.4 MBProgress (5): 4.1/12 MB | 2.5/9.0 MB | 1.4/1.8 MB | 1.2/1.5 MB | 0.2/1.4 MBProgress (5): 4.1/12 MB | 2.5/9.0 MB | 1.4/1.8 MB | 1.2/1.5 MB | 0.2/1.4 MBProgress (5): 4.1/12 MB | 2.5/9.0 MB | 1.4/1.8 MB | 1.2/1.5 MB | 0.2/1.4 MBProgress (5): 4.1/12 MB | 2.5/9.0 MB | 1.4/1.8 MB | 1.2/1.5 MB | 0.2/1.4 MBProgress (5): 4.1/12 MB | 2.5/9.0 MB | 1.4/1.8 MB | 1.2/1.5 MB | 0.2/1.4 MBProgress (5): 4.1/12 MB | 2.5/9.0 MB | 1.4/1.8 MB | 1.2/1.5 MB | 0.2/1.4 MBProgress (5): 4.1/12 MB | 2.5/9.0 MB | 1.4/1.8 MB | 1.2/1.5 MB | 0.2/1.4 MBProgress (5): 4.1/12 MB | 2.5/9.0 MB | 1.4/1.8 MB | 1.2/1.5 MB | 0.2/1.4 MBProgress (5): 4.1/12 MB | 2.5/9.0 MB | 1.4/1.8 MB | 1.2/1.5 MB | 0.2/1.4 MBProgress (5): 4.1/12 MB | 2.5/9.0 MB | 1.4/1.8 MB | 1.2/1.5 MB | 0.2/1.4 MBProgress (5): 4.1/12 MB | 2.5/9.0 MB | 1.4/1.8 MB | 1.2/1.5 MB | 0.2/1.4 MBProgress (5): 4.1/12 MB | 2.5/9.0 MB | 1.4/1.8 MB | 1.2/1.5 MB | 0.2/1.4 MBProgress (5): 4.1/12 MB | 2.5/9.0 MB | 1.4/1.8 MB | 1.2/1.5 MB | 0.2/1.4 MBProgress (5): 4.1/12 MB | 2.5/9.0 MB | 1.4/1.8 MB | 1.2/1.5 MB | 0.2/1.4 MBProgress (5): 4.1/12 MB | 2.5/9.0 MB | 1.4/1.8 MB | 1.2/1.5 MB | 0.2/1.4 MBProgress (5): 4.1/12 MB | 2.5/9.0 MB | 1.4/1.8 MB | 1.2/1.5 MB | 0.2/1.4 MBProgress (5): 4.1/12 MB | 2.5/9.0 MB | 1.4/1.8 MB | 1.2/1.5 MB | 0.2/1.4 MBProgress (5): 4.1/12 MB | 2.5/9.0 MB | 1.4/1.8 MB | 1.2/1.5 MB | 0.2/1.4 MBProgress (5): 4.1/12 MB | 2.5/9.0 MB | 1.4/1.8 MB | 1.2/1.5 MB | 0.2/1.4 MBProgress (5): 4.1/12 MB | 2.5/9.0 MB | 1.5/1.8 MB | 1.2/1.5 MB | 0.2/1.4 MBProgress (5): 4.1/12 MB | 2.5/9.0 MB | 1.5/1.8 MB | 1.2/1.5 MB | 0.2/1.4 MBProgress (5): 4.2/12 MB | 2.5/9.0 MB | 1.5/1.8 MB | 1.2/1.5 MB | 0.2/1.4 MBProgress (5): 4.2/12 MB | 2.5/9.0 MB | 1.5/1.8 MB | 1.2/1.5 MB | 0.2/1.4 MBProgress (5): 4.2/12 MB | 2.5/9.0 MB | 1.5/1.8 MB | 1.2/1.5 MB | 0.2/1.4 MBProgress (5): 4.2/12 MB | 2.5/9.0 MB | 1.5/1.8 MB | 1.2/1.5 MB | 0.3/1.4 MBProgress (5): 4.2/12 MB | 2.5/9.0 MB | 1.5/1.8 MB | 1.2/1.5 MB | 0.3/1.4 MBProgress (5): 4.2/12 MB | 2.5/9.0 MB | 1.5/1.8 MB | 1.2/1.5 MB | 0.3/1.4 MBProgress (5): 4.2/12 MB | 2.5/9.0 MB | 1.5/1.8 MB | 1.2/1.5 MB | 0.3/1.4 MBProgress (5): 4.2/12 MB | 2.5/9.0 MB | 1.5/1.8 MB | 1.2/1.5 MB | 0.3/1.4 MBProgress (5): 4.2/12 MB | 2.5/9.0 MB | 1.5/1.8 MB | 1.3/1.5 MB | 0.3/1.4 MBProgress (5): 4.2/12 MB | 2.5/9.0 MB | 1.5/1.8 MB | 1.3/1.5 MB | 0.3/1.4 MBProgress (5): 4.2/12 MB | 2.5/9.0 MB | 1.5/1.8 MB | 1.3/1.5 MB | 0.3/1.4 MBProgress (5): 4.2/12 MB | 2.5/9.0 MB | 1.5/1.8 MB | 1.3/1.5 MB | 0.3/1.4 MBProgress (5): 4.2/12 MB | 2.5/9.0 MB | 1.5/1.8 MB | 1.3/1.5 MB | 0.3/1.4 MBProgress (5): 4.2/12 MB | 2.5/9.0 MB | 1.5/1.8 MB | 1.3/1.5 MB | 0.3/1.4 MBProgress (5): 4.2/12 MB | 2.5/9.0 MB | 1.5/1.8 MB | 1.3/1.5 MB | 0.3/1.4 MBProgress (5): 4.2/12 MB | 2.6/9.0 MB | 1.5/1.8 MB | 1.3/1.5 MB | 0.3/1.4 MBProgress (5): 4.2/12 MB | 2.6/9.0 MB | 1.5/1.8 MB | 1.3/1.5 MB | 0.3/1.4 MBProgress (5): 4.2/12 MB | 2.6/9.0 MB | 1.5/1.8 MB | 1.3/1.5 MB | 0.3/1.4 MBProgress (5): 4.2/12 MB | 2.6/9.0 MB | 1.5/1.8 MB | 1.3/1.5 MB | 0.3/1.4 MBProgress (5): 4.2/12 MB | 2.6/9.0 MB | 1.5/1.8 MB | 1.3/1.5 MB | 0.3/1.4 MBProgress (5): 4.2/12 MB | 2.6/9.0 MB | 1.5/1.8 MB | 1.3/1.5 MB | 0.3/1.4 MBProgress (5): 4.3/12 MB | 2.6/9.0 MB | 1.5/1.8 MB | 1.3/1.5 MB | 0.3/1.4 MBProgress (5): 4.3/12 MB | 2.6/9.0 MB | 1.5/1.8 MB | 1.3/1.5 MB | 0.3/1.4 MBProgress (5): 4.3/12 MB | 2.6/9.0 MB | 1.5/1.8 MB | 1.3/1.5 MB | 0.3/1.4 MBProgress (5): 4.3/12 MB | 2.6/9.0 MB | 1.5/1.8 MB | 1.3/1.5 MB | 0.3/1.4 MBProgress (5): 4.3/12 MB | 2.6/9.0 MB | 1.5/1.8 MB | 1.3/1.5 MB | 0.3/1.4 MBProgress (5): 4.3/12 MB | 2.6/9.0 MB | 1.5/1.8 MB | 1.3/1.5 MB | 0.3/1.4 MBProgress (5): 4.3/12 MB | 2.6/9.0 MB | 1.5/1.8 MB | 1.3/1.5 MB | 0.3/1.4 MBProgress (5): 4.3/12 MB | 2.6/9.0 MB | 1.5/1.8 MB | 1.3/1.5 MB | 0.3/1.4 MBProgress (5): 4.3/12 MB | 2.6/9.0 MB | 1.5/1.8 MB | 1.3/1.5 MB | 0.3/1.4 MBProgress (5): 4.3/12 MB | 2.6/9.0 MB | 1.5/1.8 MB | 1.3/1.5 MB | 0.3/1.4 MBProgress (5): 4.3/12 MB | 2.6/9.0 MB | 1.5/1.8 MB | 1.3/1.5 MB | 0.3/1.4 MBProgress (5): 4.3/12 MB | 2.6/9.0 MB | 1.5/1.8 MB | 1.3/1.5 MB | 0.3/1.4 MBProgress (5): 4.3/12 MB | 2.6/9.0 MB | 1.5/1.8 MB | 1.3/1.5 MB | 0.3/1.4 MBProgress (5): 4.3/12 MB | 2.6/9.0 MB | 1.5/1.8 MB | 1.3/1.5 MB | 0.3/1.4 MBProgress (5): 4.3/12 MB | 2.6/9.0 MB | 1.5/1.8 MB | 1.3/1.5 MB | 0.3/1.4 MBProgress (5): 4.3/12 MB | 2.6/9.0 MB | 1.5/1.8 MB | 1.3/1.5 MB | 0.3/1.4 MBProgress (5): 4.3/12 MB | 2.6/9.0 MB | 1.5/1.8 MB | 1.3/1.5 MB | 0.3/1.4 MBProgress (5): 4.3/12 MB | 2.6/9.0 MB | 1.5/1.8 MB | 1.3/1.5 MB | 0.3/1.4 MBProgress (5): 4.3/12 MB | 2.6/9.0 MB | 1.5/1.8 MB | 1.4/1.5 MB | 0.3/1.4 MBProgress (5): 4.3/12 MB | 2.6/9.0 MB | 1.5/1.8 MB | 1.4/1.5 MB | 0.3/1.4 MBProgress (5): 4.3/12 MB | 2.6/9.0 MB | 1.6/1.8 MB | 1.4/1.5 MB | 0.3/1.4 MBProgress (5): 4.3/12 MB | 2.6/9.0 MB | 1.6/1.8 MB | 1.4/1.5 MB | 0.3/1.4 MBProgress (5): 4.3/12 MB | 2.6/9.0 MB | 1.6/1.8 MB | 1.4/1.5 MB | 0.3/1.4 MBProgress (5): 4.3/12 MB | 2.6/9.0 MB | 1.6/1.8 MB | 1.4/1.5 MB | 0.3/1.4 MBProgress (5): 4.3/12 MB | 2.6/9.0 MB | 1.6/1.8 MB | 1.4/1.5 MB | 0.3/1.4 MBProgress (5): 4.3/12 MB | 2.6/9.0 MB | 1.6/1.8 MB | 1.4/1.5 MB | 0.3/1.4 MBProgress (5): 4.3/12 MB | 2.6/9.0 MB | 1.6/1.8 MB | 1.4/1.5 MB | 0.3/1.4 MBProgress (5): 4.3/12 MB | 2.6/9.0 MB | 1.6/1.8 MB | 1.4/1.5 MB | 0.3/1.4 MBProgress (5): 4.3/12 MB | 2.6/9.0 MB | 1.6/1.8 MB | 1.4/1.5 MB | 0.3/1.4 MBProgress (5): 4.3/12 MB | 2.6/9.0 MB | 1.6/1.8 MB | 1.4/1.5 MB | 0.3/1.4 MBProgress (5): 4.3/12 MB | 2.6/9.0 MB | 1.6/1.8 MB | 1.4/1.5 MB | 0.4/1.4 MBProgress (5): 4.3/12 MB | 2.6/9.0 MB | 1.6/1.8 MB | 1.4/1.5 MB | 0.4/1.4 MBProgress (5): 4.3/12 MB | 2.7/9.0 MB | 1.6/1.8 MB | 1.4/1.5 MB | 0.4/1.4 MBProgress (5): 4.3/12 MB | 2.7/9.0 MB | 1.6/1.8 MB | 1.4/1.5 MB | 0.4/1.4 MBProgress (5): 4.3/12 MB | 2.7/9.0 MB | 1.6/1.8 MB | 1.4/1.5 MB | 0.4/1.4 MBProgress (5): 4.3/12 MB | 2.7/9.0 MB | 1.6/1.8 MB | 1.4/1.5 MB | 0.4/1.4 MBProgress (5): 4.3/12 MB | 2.7/9.0 MB | 1.6/1.8 MB | 1.4/1.5 MB | 0.4/1.4 MBProgress (5): 4.4/12 MB | 2.7/9.0 MB | 1.6/1.8 MB | 1.4/1.5 MB | 0.4/1.4 MBProgress (5): 4.4/12 MB | 2.7/9.0 MB | 1.6/1.8 MB | 1.4/1.5 MB | 0.4/1.4 MBProgress (5): 4.4/12 MB | 2.7/9.0 MB | 1.6/1.8 MB | 1.4/1.5 MB | 0.4/1.4 MBProgress (5): 4.4/12 MB | 2.7/9.0 MB | 1.6/1.8 MB | 1.4/1.5 MB | 0.4/1.4 MBProgress (5): 4.4/12 MB | 2.7/9.0 MB | 1.6/1.8 MB | 1.4/1.5 MB | 0.4/1.4 MBProgress (5): 4.4/12 MB | 2.7/9.0 MB | 1.6/1.8 MB | 1.4/1.5 MB | 0.4/1.4 MBProgress (5): 4.4/12 MB | 2.7/9.0 MB | 1.6/1.8 MB | 1.4/1.5 MB | 0.4/1.4 MBProgress (5): 4.4/12 MB | 2.7/9.0 MB | 1.6/1.8 MB | 1.4/1.5 MB | 0.4/1.4 MBProgress (5): 4.4/12 MB | 2.7/9.0 MB | 1.6/1.8 MB | 1.4/1.5 MB | 0.4/1.4 MBProgress (5): 4.4/12 MB | 2.7/9.0 MB | 1.6/1.8 MB | 1.4/1.5 MB | 0.4/1.4 MBProgress (5): 4.4/12 MB | 2.7/9.0 MB | 1.6/1.8 MB | 1.4/1.5 MB | 0.4/1.4 MBProgress (5): 4.4/12 MB | 2.7/9.0 MB | 1.6/1.8 MB | 1.4/1.5 MB | 0.4/1.4 MBProgress (5): 4.4/12 MB | 2.7/9.0 MB | 1.6/1.8 MB | 1.4/1.5 MB | 0.4/1.4 MBProgress (5): 4.4/12 MB | 2.7/9.0 MB | 1.6/1.8 MB | 1.4/1.5 MB | 0.4/1.4 MBProgress (5): 4.4/12 MB | 2.7/9.0 MB | 1.6/1.8 MB | 1.4/1.5 MB | 0.4/1.4 MBProgress (5): 4.4/12 MB | 2.7/9.0 MB | 1.7/1.8 MB | 1.4/1.5 MB | 0.4/1.4 MBProgress (5): 4.4/12 MB | 2.7/9.0 MB | 1.7/1.8 MB | 1.4/1.5 MB | 0.4/1.4 MBProgress (5): 4.4/12 MB | 2.7/9.0 MB | 1.7/1.8 MB | 1.4/1.5 MB | 0.4/1.4 MBProgress (5): 4.4/12 MB | 2.7/9.0 MB | 1.7/1.8 MB | 1.4/1.5 MB | 0.4/1.4 MBProgress (5): 4.4/12 MB | 2.7/9.0 MB | 1.7/1.8 MB | 1.4/1.5 MB | 0.4/1.4 MBProgress (5): 4.4/12 MB | 2.7/9.0 MB | 1.7/1.8 MB | 1.5/1.5 MB | 0.4/1.4 MBProgress (5): 4.4/12 MB | 2.7/9.0 MB | 1.7/1.8 MB | 1.5/1.5 MB | 0.4/1.4 MBProgress (5): 4.4/12 MB | 2.7/9.0 MB | 1.7/1.8 MB | 1.5/1.5 MB | 0.4/1.4 MBProgress (5): 4.5/12 MB | 2.7/9.0 MB | 1.7/1.8 MB | 1.5/1.5 MB | 0.4/1.4 MBProgress (5): 4.5/12 MB | 2.7/9.0 MB | 1.7/1.8 MB | 1.5/1.5 MB | 0.4/1.4 MBProgress (5): 4.5/12 MB | 2.7/9.0 MB | 1.7/1.8 MB | 1.5/1.5 MB | 0.4/1.4 MBProgress (5): 4.5/12 MB | 2.7/9.0 MB | 1.7/1.8 MB | 1.5/1.5 MB | 0.4/1.4 MBProgress (5): 4.5/12 MB | 2.7/9.0 MB | 1.7/1.8 MB | 1.5/1.5 MB | 0.4/1.4 MBProgress (5): 4.5/12 MB | 2.7/9.0 MB | 1.7/1.8 MB | 1.5/1.5 MB | 0.4/1.4 MBProgress (5): 4.5/12 MB | 2.7/9.0 MB | 1.7/1.8 MB | 1.5/1.5 MB | 0.4/1.4 MBProgress (5): 4.5/12 MB | 2.7/9.0 MB | 1.7/1.8 MB | 1.5/1.5 MB | 0.4/1.4 MBProgress (5): 4.5/12 MB | 2.7/9.0 MB | 1.7/1.8 MB | 1.5/1.5 MB | 0.4/1.4 MBProgress (5): 4.5/12 MB | 2.8/9.0 MB | 1.7/1.8 MB | 1.5/1.5 MB | 0.4/1.4 MBProgress (5): 4.5/12 MB | 2.8/9.0 MB | 1.7/1.8 MB | 1.5/1.5 MB | 0.4/1.4 MBProgress (5): 4.5/12 MB | 2.8/9.0 MB | 1.7/1.8 MB | 1.5/1.5 MB | 0.4/1.4 MBProgress (5): 4.5/12 MB | 2.8/9.0 MB | 1.7/1.8 MB | 1.5/1.5 MB | 0.4/1.4 MBProgress (5): 4.5/12 MB | 2.8/9.0 MB | 1.7/1.8 MB | 1.5/1.5 MB | 0.4/1.4 MBProgress (5): 4.5/12 MB | 2.8/9.0 MB | 1.7/1.8 MB | 1.5/1.5 MB | 0.4/1.4 MBProgress (5): 4.5/12 MB | 2.8/9.0 MB | 1.7/1.8 MB | 1.5/1.5 MB | 0.4/1.4 MBProgress (5): 4.5/12 MB | 2.8/9.0 MB | 1.7/1.8 MB | 1.5/1.5 MB | 0.4/1.4 MBProgress (5): 4.5/12 MB | 2.8/9.0 MB | 1.7/1.8 MB | 1.5/1.5 MB | 0.5/1.4 MBProgress (5): 4.5/12 MB | 2.8/9.0 MB | 1.7/1.8 MB | 1.5/1.5 MB | 0.5/1.4 MBProgress (5): 4.5/12 MB | 2.8/9.0 MB | 1.7/1.8 MB | 1.5/1.5 MB | 0.5/1.4 MBProgress (5): 4.5/12 MB | 2.8/9.0 MB | 1.7/1.8 MB | 1.5/1.5 MB | 0.5/1.4 MBProgress (5): 4.5/12 MB | 2.8/9.0 MB | 1.7/1.8 MB | 1.5/1.5 MB | 0.5/1.4 MBProgress (5): 4.5/12 MB | 2.8/9.0 MB | 1.7/1.8 MB | 1.5/1.5 MB | 0.5/1.4 MBProgress (5): 4.5/12 MB | 2.8/9.0 MB | 1.7/1.8 MB | 1.5 MB | 0.5/1.4 MB    Progress (5): 4.5/12 MB | 2.8/9.0 MB | 1.7/1.8 MB | 1.5 MB | 0.5/1.4 MBProgress (5): 4.5/12 MB | 2.8/9.0 MB | 1.7/1.8 MB | 1.5 MB | 0.5/1.4 MBProgress (5): 4.5/12 MB | 2.8/9.0 MB | 1.7/1.8 MB | 1.5 MB | 0.5/1.4 MBProgress (5): 4.5/12 MB | 2.8/9.0 MB | 1.7/1.8 MB | 1.5 MB | 0.5/1.4 MBProgress (5): 4.5/12 MB | 2.8/9.0 MB | 1.7/1.8 MB | 1.5 MB | 0.5/1.4 MBProgress (5): 4.5/12 MB | 2.8/9.0 MB | 1.8/1.8 MB | 1.5 MB | 0.5/1.4 MBProgress (5): 4.5/12 MB | 2.8/9.0 MB | 1.8/1.8 MB | 1.5 MB | 0.5/1.4 MBProgress (5): 4.5/12 MB | 2.8/9.0 MB | 1.8/1.8 MB | 1.5 MB | 0.5/1.4 MBProgress (5): 4.5/12 MB | 2.8/9.0 MB | 1.8/1.8 MB | 1.5 MB | 0.5/1.4 MBProgress (5): 4.5/12 MB | 2.8/9.0 MB | 1.8/1.8 MB | 1.5 MB | 0.5/1.4 MBProgress (5): 4.5/12 MB | 2.8/9.0 MB | 1.8/1.8 MB | 1.5 MB | 0.5/1.4 MB                                                                       Downloaded from central: https://repo.maven.apache.org/maven2/org/springframework/data/spring-data-commons/3.5.12/spring-data-commons-3.5.12.jar (1.5 MB at 184 kB/s)
Downloading from central: https://repo.maven.apache.org/maven2/org/springframework/spring-aop/6.2.19/spring-aop-6.2.19.jar
Progress (4): 4.5/12 MB | 2.8/9.0 MB | 1.8/1.8 MB | 0.5/1.4 MBProgress (4): 4.5/12 MB | 2.8/9.0 MB | 1.8/1.8 MB | 0.5/1.4 MBProgress (4): 4.5/12 MB | 2.9/9.0 MB | 1.8/1.8 MB | 0.5/1.4 MBProgress (4): 4.6/12 MB | 2.9/9.0 MB | 1.8/1.8 MB | 0.5/1.4 MBProgress (4): 4.6/12 MB | 2.9/9.0 MB | 1.8/1.8 MB | 0.5/1.4 MBProgress (4): 4.6/12 MB | 2.9/9.0 MB | 1.8/1.8 MB | 0.5/1.4 MBProgress (4): 4.6/12 MB | 2.9/9.0 MB | 1.8/1.8 MB | 0.5/1.4 MBProgress (4): 4.6/12 MB | 2.9/9.0 MB | 1.8/1.8 MB | 0.5/1.4 MBProgress (4): 4.6/12 MB | 2.9/9.0 MB | 1.8/1.8 MB | 0.5/1.4 MBProgress (4): 4.6/12 MB | 2.9/9.0 MB | 1.8/1.8 MB | 0.5/1.4 MBProgress (4): 4.6/12 MB | 2.9/9.0 MB | 1.8/1.8 MB | 0.5/1.4 MBProgress (4): 4.6/12 MB | 2.9/9.0 MB | 1.8/1.8 MB | 0.5/1.4 MBProgress (4): 4.6/12 MB | 2.9/9.0 MB | 1.8/1.8 MB | 0.5/1.4 MBProgress (4): 4.6/12 MB | 2.9/9.0 MB | 1.8 MB | 0.5/1.4 MB    Progress (4): 4.6/12 MB | 2.9/9.0 MB | 1.8 MB | 0.5/1.4 MBProgress (4): 4.6/12 MB | 2.9/9.0 MB | 1.8 MB | 0.5/1.4 MBProgress (4): 4.6/12 MB | 2.9/9.0 MB | 1.8 MB | 0.5/1.4 MBProgress (4): 4.7/12 MB | 2.9/9.0 MB | 1.8 MB | 0.5/1.4 MBProgress (4): 4.7/12 MB | 2.9/9.0 MB | 1.8 MB | 0.5/1.4 MBProgress (4): 4.7/12 MB | 2.9/9.0 MB | 1.8 MB | 0.5/1.4 MBProgress (4): 4.7/12 MB | 2.9/9.0 MB | 1.8 MB | 0.6/1.4 MBProgress (4): 4.7/12 MB | 2.9/9.0 MB | 1.8 MB | 0.6/1.4 MBProgress (4): 4.7/12 MB | 2.9/9.0 MB | 1.8 MB | 0.6/1.4 MBProgress (4): 4.7/12 MB | 2.9/9.0 MB | 1.8 MB | 0.6/1.4 MBProgress (4): 4.7/12 MB | 2.9/9.0 MB | 1.8 MB | 0.6/1.4 MBProgress (4): 4.7/12 MB | 2.9/9.0 MB | 1.8 MB | 0.6/1.4 MBProgress (4): 4.7/12 MB | 2.9/9.0 MB | 1.8 MB | 0.6/1.4 MBProgress (4): 4.7/12 MB | 2.9/9.0 MB | 1.8 MB | 0.6/1.4 MBProgress (5): 4.7/12 MB | 2.9/9.0 MB | 1.8 MB | 0.6/1.4 MB | 4.1/420 kBProgress (5): 4.7/12 MB | 2.9/9.0 MB | 1.8 MB | 0.6/1.4 MB | 7.7/420 kB                                                                       Downloaded from central: https://repo.maven.apache.org/maven2/org/springframework/data/spring-data-jpa/3.5.12/spring-data-jpa-3.5.12.jar (1.8 MB at 215 kB/s)
Downloading from central: https://repo.maven.apache.org/maven2/org/springframework/spring-tx/6.2.19/spring-tx-6.2.19.jar
Progress (4): 4.7/12 MB | 2.9/9.0 MB | 0.6/1.4 MB | 7.7/420 kBProgress (4): 4.7/12 MB | 2.9/9.0 MB | 0.6/1.4 MB | 7.7/420 kBProgress (4): 4.7/12 MB | 3.0/9.0 MB | 0.6/1.4 MB | 7.7/420 kBProgress (4): 4.8/12 MB | 3.0/9.0 MB | 0.6/1.4 MB | 7.7/420 kBProgress (4): 4.8/12 MB | 3.0/9.0 MB | 0.6/1.4 MB | 12/420 kB Progress (4): 4.8/12 MB | 3.0/9.0 MB | 0.6/1.4 MB | 16/420 kBProgress (4): 4.8/12 MB | 3.0/9.0 MB | 0.6/1.4 MB | 20/420 kBProgress (4): 4.8/12 MB | 3.0/9.0 MB | 0.6/1.4 MB | 24/420 kBProgress (4): 4.8/12 MB | 3.0/9.0 MB | 0.6/1.4 MB | 28/420 kBProgress (4): 4.8/12 MB | 3.0/9.0 MB | 0.6/1.4 MB | 28/420 kBProgress (4): 4.8/12 MB | 3.0/9.0 MB | 0.6/1.4 MB | 32/420 kBProgress (4): 4.8/12 MB | 3.0/9.0 MB | 0.6/1.4 MB | 32/420 kBProgress (4): 4.8/12 MB | 3.0/9.0 MB | 0.6/1.4 MB | 36/420 kBProgress (4): 4.8/12 MB | 3.0/9.0 MB | 0.6/1.4 MB | 40/420 kBProgress (4): 4.8/12 MB | 3.0/9.0 MB | 0.6/1.4 MB | 45/420 kBProgress (4): 4.8/12 MB | 3.0/9.0 MB | 0.6/1.4 MB | 45/420 kBProgress (4): 4.8/12 MB | 3.0/9.0 MB | 0.6/1.4 MB | 45/420 kBProgress (4): 4.8/12 MB | 3.0/9.0 MB | 0.6/1.4 MB | 49/420 kBProgress (4): 4.8/12 MB | 3.0/9.0 MB | 0.6/1.4 MB | 49/420 kBProgress (4): 4.8/12 MB | 3.0/9.0 MB | 0.6/1.4 MB | 53/420 kBProgress (4): 4.8/12 MB | 3.0/9.0 MB | 0.6/1.4 MB | 57/420 kBProgress (4): 4.8/12 MB | 3.0/9.0 MB | 0.6/1.4 MB | 61/420 kBProgress (4): 4.8/12 MB | 3.0/9.0 MB | 0.6/1.4 MB | 65/420 kBProgress (4): 4.8/12 MB | 3.0/9.0 MB | 0.7/1.4 MB | 65/420 kBProgress (4): 4.8/12 MB | 3.0/9.0 MB | 0.7/1.4 MB | 69/420 kBProgress (4): 4.8/12 MB | 3.0/9.0 MB | 0.7/1.4 MB | 69/420 kBProgress (4): 4.8/12 MB | 3.0/9.0 MB | 0.7/1.4 MB | 73/420 kBProgress (4): 4.8/12 MB | 3.0/9.0 MB | 0.7/1.4 MB | 73/420 kBProgress (4): 4.8/12 MB | 3.0/9.0 MB | 0.7/1.4 MB | 77/420 kBProgress (4): 4.8/12 MB | 3.0/9.0 MB | 0.7/1.4 MB | 81/420 kBProgress (4): 4.8/12 MB | 3.0/9.0 MB | 0.7/1.4 MB | 86/420 kBProgress (4): 4.8/12 MB | 3.0/9.0 MB | 0.7/1.4 MB | 90/420 kBProgress (4): 4.8/12 MB | 3.0/9.0 MB | 0.7/1.4 MB | 94/420 kBProgress (4): 4.8/12 MB | 3.0/9.0 MB | 0.7/1.4 MB | 98/420 kBProgress (4): 4.8/12 MB | 3.0/9.0 MB | 0.7/1.4 MB | 102/420 kBProgress (4): 4.8/12 MB | 3.0/9.0 MB | 0.7/1.4 MB | 106/420 kBProgress (4): 4.8/12 MB | 3.0/9.0 MB | 0.7/1.4 MB | 110/420 kBProgress (4): 4.8/12 MB | 3.0/9.0 MB | 0.7/1.4 MB | 110/420 kBProgress (4): 4.8/12 MB | 3.0/9.0 MB | 0.7/1.4 MB | 114/420 kBProgress (4): 4.8/12 MB | 3.0/9.0 MB | 0.7/1.4 MB | 114/420 kBProgress (4): 4.8/12 MB | 3.0/9.0 MB | 0.7/1.4 MB | 118/420 kBProgress (4): 4.8/12 MB | 3.0/9.0 MB | 0.7/1.4 MB | 122/420 kBProgress (4): 4.8/12 MB | 3.0/9.0 MB | 0.7/1.4 MB | 126/420 kBProgress (4): 4.8/12 MB | 3.0/9.0 MB | 0.7/1.4 MB | 131/420 kBProgress (4): 4.8/12 MB | 3.0/9.0 MB | 0.7/1.4 MB | 135/420 kBProgress (4): 4.8/12 MB | 3.1/9.0 MB | 0.7/1.4 MB | 135/420 kBProgress (5): 4.8/12 MB | 3.1/9.0 MB | 0.7/1.4 MB | 135/420 kB | 4.1/290 kBProgress (5): 4.8/12 MB | 3.1/9.0 MB | 0.7/1.4 MB | 139/420 kB | 4.1/290 kBProgress (5): 4.8/12 MB | 3.1/9.0 MB | 0.7/1.4 MB | 139/420 kB | 7.7/290 kBProgress (5): 4.8/12 MB | 3.1/9.0 MB | 0.7/1.4 MB | 139/420 kB | 12/290 kB Progress (5): 4.8/12 MB | 3.1/9.0 MB | 0.7/1.4 MB | 139/420 kB | 16/290 kBProgress (5): 4.8/12 MB | 3.1/9.0 MB | 0.7/1.4 MB | 139/420 kB | 16/290 kBProgress (5): 4.8/12 MB | 3.1/9.0 MB | 0.7/1.4 MB | 139/420 kB | 16/290 kBProgress (5): 4.8/12 MB | 3.1/9.0 MB | 0.7/1.4 MB | 143/420 kB | 16/290 kBProgress (5): 4.8/12 MB | 3.1/9.0 MB | 0.7/1.4 MB | 143/420 kB | 20/290 kBProgress (5): 4.8/12 MB | 3.1/9.0 MB | 0.7/1.4 MB | 143/420 kB | 24/290 kBProgress (5): 4.8/12 MB | 3.1/9.0 MB | 0.7/1.4 MB | 147/420 kB | 24/290 kBProgress (5): 4.8/12 MB | 3.1/9.0 MB | 0.7/1.4 MB | 151/420 kB | 24/290 kBProgress (5): 4.8/12 MB | 3.1/9.0 MB | 0.7/1.4 MB | 155/420 kB | 24/290 kBProgress (5): 4.9/12 MB | 3.1/9.0 MB | 0.7/1.4 MB | 155/420 kB | 24/290 kBProgress (5): 4.9/12 MB | 3.1/9.0 MB | 0.7/1.4 MB | 155/420 kB | 28/290 kBProgress (5): 4.9/12 MB | 3.1/9.0 MB | 0.7/1.4 MB | 155/420 kB | 28/290 kBProgress (5): 4.9/12 MB | 3.1/9.0 MB | 0.7/1.4 MB | 155/420 kB | 32/290 kBProgress (5): 4.9/12 MB | 3.1/9.0 MB | 0.7/1.4 MB | 155/420 kB | 32/290 kBProgress (5): 4.9/12 MB | 3.1/9.0 MB | 0.7/1.4 MB | 155/420 kB | 36/290 kBProgress (5): 4.9/12 MB | 3.1/9.0 MB | 0.7/1.4 MB | 155/420 kB | 40/290 kBProgress (5): 4.9/12 MB | 3.1/9.0 MB | 0.7/1.4 MB | 159/420 kB | 40/290 kBProgress (5): 4.9/12 MB | 3.1/9.0 MB | 0.7/1.4 MB | 163/420 kB | 40/290 kBProgress (5): 4.9/12 MB | 3.1/9.0 MB | 0.7/1.4 MB | 167/420 kB | 40/290 kBProgress (5): 4.9/12 MB | 3.1/9.0 MB | 0.7/1.4 MB | 172/420 kB | 40/290 kBProgress (5): 4.9/12 MB | 3.1/9.0 MB | 0.7/1.4 MB | 172/420 kB | 45/290 kBProgress (5): 4.9/12 MB | 3.1/9.0 MB | 0.7/1.4 MB | 172/420 kB | 49/290 kBProgress (5): 4.9/12 MB | 3.1/9.0 MB | 0.7/1.4 MB | 172/420 kB | 49/290 kBProgress (5): 4.9/12 MB | 3.1/9.0 MB | 0.7/1.4 MB | 172/420 kB | 53/290 kBProgress (5): 4.9/12 MB | 3.1/9.0 MB | 0.7/1.4 MB | 172/420 kB | 57/290 kBProgress (5): 4.9/12 MB | 3.1/9.0 MB | 0.7/1.4 MB | 172/420 kB | 57/290 kBProgress (5): 4.9/12 MB | 3.1/9.0 MB | 0.7/1.4 MB | 172/420 kB | 57/290 kBProgress (5): 4.9/12 MB | 3.1/9.0 MB | 0.7/1.4 MB | 172/420 kB | 61/290 kBProgress (5): 4.9/12 MB | 3.1/9.0 MB | 0.7/1.4 MB | 176/420 kB | 61/290 kBProgress (5): 4.9/12 MB | 3.1/9.0 MB | 0.7/1.4 MB | 176/420 kB | 65/290 kBProgress (5): 5.0/12 MB | 3.1/9.0 MB | 0.7/1.4 MB | 176/420 kB | 65/290 kBProgress (5): 5.0/12 MB | 3.1/9.0 MB | 0.7/1.4 MB | 180/420 kB | 65/290 kBProgress (5): 5.0/12 MB | 3.1/9.0 MB | 0.7/1.4 MB | 184/420 kB | 65/290 kBProgress (5): 5.0/12 MB | 3.1/9.0 MB | 0.7/1.4 MB | 188/420 kB | 65/290 kBProgress (5): 5.0/12 MB | 3.1/9.0 MB | 0.7/1.4 MB | 188/420 kB | 69/290 kBProgress (5): 5.0/12 MB | 3.1/9.0 MB | 0.7/1.4 MB | 188/420 kB | 73/290 kBProgress (5): 5.0/12 MB | 3.1/9.0 MB | 0.7/1.4 MB | 188/420 kB | 77/290 kBProgress (5): 5.0/12 MB | 3.1/9.0 MB | 0.7/1.4 MB | 188/420 kB | 81/290 kBProgress (5): 5.0/12 MB | 3.1/9.0 MB | 0.7/1.4 MB | 188/420 kB | 86/290 kBProgress (5): 5.0/12 MB | 3.1/9.0 MB | 0.7/1.4 MB | 188/420 kB | 90/290 kBProgress (5): 5.0/12 MB | 3.1/9.0 MB | 0.7/1.4 MB | 188/420 kB | 90/290 kBProgress (5): 5.0/12 MB | 3.1/9.0 MB | 0.7/1.4 MB | 188/420 kB | 90/290 kBProgress (5): 5.0/12 MB | 3.1/9.0 MB | 0.7/1.4 MB | 192/420 kB | 90/290 kBProgress (5): 5.0/12 MB | 3.1/9.0 MB | 0.7/1.4 MB | 196/420 kB | 90/290 kBProgress (5): 5.0/12 MB | 3.1/9.0 MB | 0.7/1.4 MB | 200/420 kB | 90/290 kBProgress (5): 5.0/12 MB | 3.1/9.0 MB | 0.7/1.4 MB | 204/420 kB | 90/290 kBProgress (5): 5.0/12 MB | 3.1/9.0 MB | 0.7/1.4 MB | 204/420 kB | 94/290 kBProgress (5): 5.0/12 MB | 3.1/9.0 MB | 0.7/1.4 MB | 204/420 kB | 98/290 kBProgress (5): 5.0/12 MB | 3.1/9.0 MB | 0.7/1.4 MB | 204/420 kB | 102/290 kBProgress (5): 5.0/12 MB | 3.2/9.0 MB | 0.7/1.4 MB | 204/420 kB | 102/290 kBProgress (5): 5.0/12 MB | 3.2/9.0 MB | 0.7/1.4 MB | 204/420 kB | 106/290 kBProgress (5): 5.0/12 MB | 3.2/9.0 MB | 0.8/1.4 MB | 204/420 kB | 106/290 kBProgress (5): 5.0/12 MB | 3.2/9.0 MB | 0.8/1.4 MB | 208/420 kB | 106/290 kBProgress (5): 5.0/12 MB | 3.2/9.0 MB | 0.8/1.4 MB | 208/420 kB | 106/290 kBProgress (5): 5.0/12 MB | 3.2/9.0 MB | 0.8/1.4 MB | 213/420 kB | 106/290 kBProgress (5): 5.0/12 MB | 3.2/9.0 MB | 0.8/1.4 MB | 217/420 kB | 106/290 kBProgress (5): 5.0/12 MB | 3.2/9.0 MB | 0.8/1.4 MB | 221/420 kB | 106/290 kBProgress (5): 5.0/12 MB | 3.2/9.0 MB | 0.8/1.4 MB | 221/420 kB | 110/290 kBProgress (5): 5.0/12 MB | 3.2/9.0 MB | 0.8/1.4 MB | 225/420 kB | 110/290 kBProgress (5): 5.0/12 MB | 3.2/9.0 MB | 0.8/1.4 MB | 229/420 kB | 110/290 kBProgress (5): 5.0/12 MB | 3.2/9.0 MB | 0.8/1.4 MB | 229/420 kB | 114/290 kBProgress (5): 5.0/12 MB | 3.2/9.0 MB | 0.8/1.4 MB | 233/420 kB | 114/290 kBProgress (5): 5.0/12 MB | 3.2/9.0 MB | 0.8/1.4 MB | 233/420 kB | 114/290 kBProgress (5): 5.0/12 MB | 3.2/9.0 MB | 0.8/1.4 MB | 233/420 kB | 118/290 kBProgress (5): 5.0/12 MB | 3.2/9.0 MB | 0.8/1.4 MB | 237/420 kB | 118/290 kBProgress (5): 5.0/12 MB | 3.2/9.0 MB | 0.8/1.4 MB | 237/420 kB | 118/290 kBProgress (5): 5.0/12 MB | 3.2/9.0 MB | 0.8/1.4 MB | 237/420 kB | 122/290 kBProgress (5): 5.0/12 MB | 3.2/9.0 MB | 0.8/1.4 MB | 237/420 kB | 126/290 kBProgress (5): 5.0/12 MB | 3.2/9.0 MB | 0.8/1.4 MB | 237/420 kB | 131/290 kBProgress (5): 5.0/12 MB | 3.2/9.0 MB | 0.8/1.4 MB | 237/420 kB | 135/290 kBProgress (5): 5.0/12 MB | 3.2/9.0 MB | 0.8/1.4 MB | 237/420 kB | 139/290 kBProgress (5): 5.0/12 MB | 3.2/9.0 MB | 0.8/1.4 MB | 241/420 kB | 139/290 kBProgress (5): 5.0/12 MB | 3.2/9.0 MB | 0.8/1.4 MB | 245/420 kB | 139/290 kBProgress (5): 5.0/12 MB | 3.2/9.0 MB | 0.8/1.4 MB | 249/420 kB | 139/290 kBProgress (5): 5.0/12 MB | 3.2/9.0 MB | 0.8/1.4 MB | 253/420 kB | 139/290 kBProgress (5): 5.0/12 MB | 3.2/9.0 MB | 0.8/1.4 MB | 253/420 kB | 139/290 kBProgress (5): 5.0/12 MB | 3.2/9.0 MB | 0.8/1.4 MB | 253/420 kB | 139/290 kBProgress (5): 5.0/12 MB | 3.2/9.0 MB | 0.8/1.4 MB | 258/420 kB | 139/290 kBProgress (5): 5.0/12 MB | 3.2/9.0 MB | 0.8/1.4 MB | 262/420 kB | 139/290 kBProgress (5): 5.0/12 MB | 3.2/9.0 MB | 0.8/1.4 MB | 262/420 kB | 139/290 kBProgress (5): 5.0/12 MB | 3.2/9.0 MB | 0.8/1.4 MB | 266/420 kB | 139/290 kBProgress (5): 5.0/12 MB | 3.2/9.0 MB | 0.8/1.4 MB | 270/420 kB | 139/290 kBProgress (5): 5.0/12 MB | 3.2/9.0 MB | 0.8/1.4 MB | 274/420 kB | 139/290 kBProgress (5): 5.0/12 MB | 3.2/9.0 MB | 0.8/1.4 MB | 278/420 kB | 139/290 kBProgress (5): 5.0/12 MB | 3.2/9.0 MB | 0.8/1.4 MB | 282/420 kB | 139/290 kBProgress (5): 5.0/12 MB | 3.2/9.0 MB | 0.8/1.4 MB | 286/420 kB | 139/290 kBProgress (5): 5.0/12 MB | 3.2/9.0 MB | 0.8/1.4 MB | 286/420 kB | 143/290 kBProgress (5): 5.0/12 MB | 3.2/9.0 MB | 0.8/1.4 MB | 286/420 kB | 147/290 kBProgress (5): 5.0/12 MB | 3.2/9.0 MB | 0.8/1.4 MB | 286/420 kB | 151/290 kBProgress (5): 5.0/12 MB | 3.2/9.0 MB | 0.8/1.4 MB | 286/420 kB | 155/290 kBProgress (5): 5.0/12 MB | 3.2/9.0 MB | 0.8/1.4 MB | 286/420 kB | 155/290 kBProgress (5): 5.0/12 MB | 3.2/9.0 MB | 0.8/1.4 MB | 290/420 kB | 155/290 kBProgress (5): 5.0/12 MB | 3.2/9.0 MB | 0.8/1.4 MB | 294/420 kB | 155/290 kBProgress (5): 5.0/12 MB | 3.2/9.0 MB | 0.8/1.4 MB | 299/420 kB | 155/290 kBProgress (5): 5.0/12 MB | 3.2/9.0 MB | 0.8/1.4 MB | 303/420 kB | 155/290 kBProgress (5): 5.0/12 MB | 3.2/9.0 MB | 0.8/1.4 MB | 303/420 kB | 159/290 kBProgress (5): 5.0/12 MB | 3.2/9.0 MB | 0.8/1.4 MB | 303/420 kB | 159/290 kBProgress (5): 5.0/12 MB | 3.2/9.0 MB | 0.8/1.4 MB | 303/420 kB | 163/290 kBProgress (5): 5.0/12 MB | 3.2/9.0 MB | 0.8/1.4 MB | 303/420 kB | 163/290 kBProgress (5): 5.0/12 MB | 3.2/9.0 MB | 0.8/1.4 MB | 303/420 kB | 167/290 kBProgress (5): 5.0/12 MB | 3.2/9.0 MB | 0.8/1.4 MB | 303/420 kB | 172/290 kBProgress (5): 5.0/12 MB | 3.2/9.0 MB | 0.8/1.4 MB | 307/420 kB | 172/290 kBProgress (5): 5.0/12 MB | 3.2/9.0 MB | 0.8/1.4 MB | 311/420 kB | 172/290 kBProgress (5): 5.0/12 MB | 3.2/9.0 MB | 0.8/1.4 MB | 315/420 kB | 172/290 kBProgress (5): 5.0/12 MB | 3.2/9.0 MB | 0.8/1.4 MB | 319/420 kB | 172/290 kBProgress (5): 5.0/12 MB | 3.2/9.0 MB | 0.8/1.4 MB | 319/420 kB | 176/290 kBProgress (5): 5.0/12 MB | 3.2/9.0 MB | 0.8/1.4 MB | 319/420 kB | 176/290 kBProgress (5): 5.0/12 MB | 3.2/9.0 MB | 0.8/1.4 MB | 319/420 kB | 180/290 kBProgress (5): 5.0/12 MB | 3.2/9.0 MB | 0.8/1.4 MB | 319/420 kB | 180/290 kBProgress (5): 5.0/12 MB | 3.2/9.0 MB | 0.8/1.4 MB | 319/420 kB | 184/290 kBProgress (5): 5.0/12 MB | 3.3/9.0 MB | 0.8/1.4 MB | 319/420 kB | 184/290 kBProgress (5): 5.1/12 MB | 3.3/9.0 MB | 0.8/1.4 MB | 319/420 kB | 184/290 kBProgress (5): 5.1/12 MB | 3.3/9.0 MB | 0.8/1.4 MB | 319/420 kB | 188/290 kBProgress (5): 5.1/12 MB | 3.3/9.0 MB | 0.8/1.4 MB | 319/420 kB | 192/290 kBProgress (5): 5.1/12 MB | 3.3/9.0 MB | 0.8/1.4 MB | 319/420 kB | 196/290 kBProgress (5): 5.1/12 MB | 3.3/9.0 MB | 0.8/1.4 MB | 319/420 kB | 200/290 kBProgress (5): 5.1/12 MB | 3.3/9.0 MB | 0.8/1.4 MB | 319/420 kB | 204/290 kBProgress (5): 5.1/12 MB | 3.3/9.0 MB | 0.8/1.4 MB | 319/420 kB | 208/290 kBProgress (5): 5.1/12 MB | 3.3/9.0 MB | 0.8/1.4 MB | 319/420 kB | 208/290 kBProgress (5): 5.1/12 MB | 3.3/9.0 MB | 0.8/1.4 MB | 319/420 kB | 213/290 kBProgress (5): 5.1/12 MB | 3.3/9.0 MB | 0.8/1.4 MB | 319/420 kB | 217/290 kBProgress (5): 5.1/12 MB | 3.3/9.0 MB | 0.8/1.4 MB | 319/420 kB | 217/290 kBProgress (5): 5.1/12 MB | 3.3/9.0 MB | 0.8/1.4 MB | 319/420 kB | 221/290 kBProgress (5): 5.1/12 MB | 3.3/9.0 MB | 0.8/1.4 MB | 323/420 kB | 221/290 kBProgress (5): 5.1/12 MB | 3.3/9.0 MB | 0.8/1.4 MB | 327/420 kB | 221/290 kBProgress (5): 5.1/12 MB | 3.3/9.0 MB | 0.8/1.4 MB | 331/420 kB | 221/290 kBProgress (5): 5.1/12 MB | 3.3/9.0 MB | 0.8/1.4 MB | 335/420 kB | 221/290 kBProgress (5): 5.1/12 MB | 3.3/9.0 MB | 0.8/1.4 MB | 339/420 kB | 221/290 kBProgress (5): 5.1/12 MB | 3.3/9.0 MB | 0.8/1.4 MB | 339/420 kB | 225/290 kBProgress (5): 5.2/12 MB | 3.3/9.0 MB | 0.8/1.4 MB | 339/420 kB | 225/290 kBProgress (5): 5.2/12 MB | 3.3/9.0 MB | 0.8/1.4 MB | 339/420 kB | 229/290 kBProgress (5): 5.2/12 MB | 3.3/9.0 MB | 0.9/1.4 MB | 339/420 kB | 229/290 kBProgress (5): 5.2/12 MB | 3.3/9.0 MB | 0.9/1.4 MB | 344/420 kB | 229/290 kBProgress (5): 5.2/12 MB | 3.3/9.0 MB | 0.9/1.4 MB | 348/420 kB | 229/290 kBProgress (5): 5.2/12 MB | 3.3/9.0 MB | 0.9/1.4 MB | 352/420 kB | 229/290 kBProgress (5): 5.2/12 MB | 3.3/9.0 MB | 0.9/1.4 MB | 352/420 kB | 233/290 kBProgress (5): 5.2/12 MB | 3.3/9.0 MB | 0.9/1.4 MB | 352/420 kB | 237/290 kBProgress (5): 5.2/12 MB | 3.3/9.0 MB | 0.9/1.4 MB | 352/420 kB | 237/290 kBProgress (5): 5.2/12 MB | 3.3/9.0 MB | 0.9/1.4 MB | 352/420 kB | 241/290 kBProgress (5): 5.2/12 MB | 3.3/9.0 MB | 0.9/1.4 MB | 352/420 kB | 245/290 kBProgress (5): 5.2/12 MB | 3.3/9.0 MB | 0.9/1.4 MB | 352/420 kB | 249/290 kBProgress (5): 5.2/12 MB | 3.3/9.0 MB | 0.9/1.4 MB | 352/420 kB | 253/290 kBProgress (5): 5.2/12 MB | 3.3/9.0 MB | 0.9/1.4 MB | 352/420 kB | 253/290 kBProgress (5): 5.2/12 MB | 3.3/9.0 MB | 0.9/1.4 MB | 352/420 kB | 258/290 kBProgress (5): 5.2/12 MB | 3.3/9.0 MB | 0.9/1.4 MB | 352/420 kB | 262/290 kBProgress (5): 5.2/12 MB | 3.3/9.0 MB | 0.9/1.4 MB | 356/420 kB | 262/290 kBProgress (5): 5.2/12 MB | 3.3/9.0 MB | 0.9/1.4 MB | 356/420 kB | 266/290 kBProgress (5): 5.2/12 MB | 3.3/9.0 MB | 0.9/1.4 MB | 360/420 kB | 266/290 kBProgress (5): 5.2/12 MB | 3.3/9.0 MB | 0.9/1.4 MB | 360/420 kB | 270/290 kBProgress (5): 5.2/12 MB | 3.3/9.0 MB | 0.9/1.4 MB | 364/420 kB | 270/290 kBProgress (5): 5.2/12 MB | 3.3/9.0 MB | 0.9/1.4 MB | 368/420 kB | 270/290 kBProgress (5): 5.2/12 MB | 3.3/9.0 MB | 0.9/1.4 MB | 368/420 kB | 270/290 kBProgress (5): 5.2/12 MB | 3.3/9.0 MB | 0.9/1.4 MB | 368/420 kB | 270/290 kBProgress (5): 5.2/12 MB | 3.3/9.0 MB | 0.9/1.4 MB | 368/420 kB | 274/290 kBProgress (5): 5.2/12 MB | 3.3/9.0 MB | 0.9/1.4 MB | 368/420 kB | 274/290 kBProgress (5): 5.2/12 MB | 3.3/9.0 MB | 0.9/1.4 MB | 368/420 kB | 278/290 kBProgress (5): 5.2/12 MB | 3.3/9.0 MB | 0.9/1.4 MB | 368/420 kB | 278/290 kBProgress (5): 5.2/12 MB | 3.3/9.0 MB | 0.9/1.4 MB | 368/420 kB | 282/290 kBProgress (5): 5.2/12 MB | 3.3/9.0 MB | 0.9/1.4 MB | 368/420 kB | 286/290 kBProgress (5): 5.2/12 MB | 3.3/9.0 MB | 0.9/1.4 MB | 368/420 kB | 290 kB    Progress (5): 5.2/12 MB | 3.4/9.0 MB | 0.9/1.4 MB | 368/420 kB | 290 kBProgress (5): 5.2/12 MB | 3.4/9.0 MB | 0.9/1.4 MB | 368/420 kB | 290 kBProgress (5): 5.2/12 MB | 3.4/9.0 MB | 0.9/1.4 MB | 368/420 kB | 290 kBProgress (5): 5.2/12 MB | 3.4/9.0 MB | 0.9/1.4 MB | 368/420 kB | 290 kBProgress (5): 5.2/12 MB | 3.4/9.0 MB | 0.9/1.4 MB | 368/420 kB | 290 kBProgress (5): 5.2/12 MB | 3.4/9.0 MB | 0.9/1.4 MB | 368/420 kB | 290 kBProgress (5): 5.2/12 MB | 3.4/9.0 MB | 0.9/1.4 MB | 368/420 kB | 290 kBProgress (5): 5.2/12 MB | 3.4/9.0 MB | 0.9/1.4 MB | 368/420 kB | 290 kB                                                                       Downloaded from central: https://repo.maven.apache.org/maven2/org/springframework/spring-tx/6.2.19/spring-tx-6.2.19.jar (290 kB at 31 kB/s)
Downloading from central: https://repo.maven.apache.org/maven2/org/springframework/spring-beans/6.2.19/spring-beans-6.2.19.jar
Progress (4): 5.2/12 MB | 3.4/9.0 MB | 1.0/1.4 MB | 368/420 kBProgress (4): 5.2/12 MB | 3.4/9.0 MB | 1.0/1.4 MB | 368/420 kBProgress (4): 5.2/12 MB | 3.4/9.0 MB | 1.0/1.4 MB | 372/420 kBProgress (4): 5.2/12 MB | 3.4/9.0 MB | 1.0/1.4 MB | 372/420 kBProgress (4): 5.2/12 MB | 3.4/9.0 MB | 1.0/1.4 MB | 376/420 kBProgress (4): 5.2/12 MB | 3.4/9.0 MB | 1.0/1.4 MB | 376/420 kBProgress (4): 5.2/12 MB | 3.4/9.0 MB | 1.0/1.4 MB | 380/420 kBProgress (4): 5.2/12 MB | 3.4/9.0 MB | 1.0/1.4 MB | 385/420 kBProgress (4): 5.2/12 MB | 3.5/9.0 MB | 1.0/1.4 MB | 385/420 kBProgress (4): 5.2/12 MB | 3.5/9.0 MB | 1.0/1.4 MB | 385/420 kBProgress (4): 5.2/12 MB | 3.5/9.0 MB | 1.0/1.4 MB | 385/420 kBProgress (4): 5.2/12 MB | 3.5/9.0 MB | 1.0/1.4 MB | 385/420 kBProgress (4): 5.2/12 MB | 3.5/9.0 MB | 1.0/1.4 MB | 385/420 kBProgress (4): 5.2/12 MB | 3.5/9.0 MB | 1.0/1.4 MB | 385/420 kBProgress (5): 5.2/12 MB | 3.5/9.0 MB | 1.0/1.4 MB | 385/420 kB | 7.7/892 kBProgress (5): 5.2/12 MB | 3.5/9.0 MB | 1.0/1.4 MB | 385/420 kB | 16/892 kB Progress (5): 5.2/12 MB | 3.5/9.0 MB | 1.0/1.4 MB | 385/420 kB | 24/892 kBProgress (5): 5.2/12 MB | 3.5/9.0 MB | 1.0/1.4 MB | 385/420 kB | 29/892 kBProgress (5): 5.2/12 MB | 3.5/9.0 MB | 1.0/1.4 MB | 385/420 kB | 29/892 kBProgress (5): 5.2/12 MB | 3.5/9.0 MB | 1.0/1.4 MB | 385/420 kB | 29/892 kBProgress (5): 5.2/12 MB | 3.5/9.0 MB | 1.0/1.4 MB | 385/420 kB | 37/892 kBProgress (5): 5.2/12 MB | 3.5/9.0 MB | 1.0/1.4 MB | 385/420 kB | 45/892 kBProgress (5): 5.2/12 MB | 3.5/9.0 MB | 1.0/1.4 MB | 385/420 kB | 45/892 kBProgress (5): 5.2/12 MB | 3.5/9.0 MB | 1.0/1.4 MB | 385/420 kB | 45/892 kBProgress (5): 5.2/12 MB | 3.6/9.0 MB | 1.0/1.4 MB | 385/420 kB | 45/892 kBProgress (5): 5.2/12 MB | 3.6/9.0 MB | 1.0/1.4 MB | 385/420 kB | 53/892 kBProgress (5): 5.2/12 MB | 3.6/9.0 MB | 1.0/1.4 MB | 385/420 kB | 61/892 kBProgress (5): 5.2/12 MB | 3.6/9.0 MB | 1.0/1.4 MB | 385/420 kB | 70/892 kBProgress (5): 5.2/12 MB | 3.6/9.0 MB | 1.0/1.4 MB | 385/420 kB | 70/892 kBProgress (5): 5.2/12 MB | 3.6/9.0 MB | 1.0/1.4 MB | 385/420 kB | 78/892 kBProgress (5): 5.2/12 MB | 3.6/9.0 MB | 1.1/1.4 MB | 385/420 kB | 78/892 kBProgress (5): 5.2/12 MB | 3.6/9.0 MB | 1.1/1.4 MB | 385/420 kB | 86/892 kBProgress (5): 5.2/12 MB | 3.6/9.0 MB | 1.1/1.4 MB | 385/420 kB | 94/892 kBProgress (5): 5.2/12 MB | 3.6/9.0 MB | 1.1/1.4 MB | 389/420 kB | 94/892 kBProgress (5): 5.2/12 MB | 3.6/9.0 MB | 1.1/1.4 MB | 393/420 kB | 94/892 kBProgress (5): 5.2/12 MB | 3.6/9.0 MB | 1.1/1.4 MB | 397/420 kB | 94/892 kBProgress (5): 5.2/12 MB | 3.6/9.0 MB | 1.1/1.4 MB | 401/420 kB | 94/892 kBProgress (5): 5.2/12 MB | 3.6/9.0 MB | 1.1/1.4 MB | 401/420 kB | 94/892 kBProgress (5): 5.2/12 MB | 3.6/9.0 MB | 1.1/1.4 MB | 401/420 kB | 94/892 kBProgress (5): 5.2/12 MB | 3.6/9.0 MB | 1.1/1.4 MB | 401/420 kB | 94/892 kBProgress (5): 5.2/12 MB | 3.6/9.0 MB | 1.1/1.4 MB | 401/420 kB | 102/892 kBProgress (5): 5.2/12 MB | 3.6/9.0 MB | 1.1/1.4 MB | 401/420 kB | 111/892 kBProgress (5): 5.2/12 MB | 3.6/9.0 MB | 1.1/1.4 MB | 405/420 kB | 111/892 kBProgress (5): 5.2/12 MB | 3.6/9.0 MB | 1.1/1.4 MB | 409/420 kB | 111/892 kBProgress (5): 5.2/12 MB | 3.6/9.0 MB | 1.1/1.4 MB | 413/420 kB | 111/892 kBProgress (5): 5.2/12 MB | 3.6/9.0 MB | 1.1/1.4 MB | 417/420 kB | 111/892 kBProgress (5): 5.2/12 MB | 3.6/9.0 MB | 1.1/1.4 MB | 420 kB | 111/892 kB    Progress (5): 5.2/12 MB | 3.6/9.0 MB | 1.1/1.4 MB | 420 kB | 111/892 kBProgress (5): 5.2/12 MB | 3.6/9.0 MB | 1.1/1.4 MB | 420 kB | 119/892 kBProgress (5): 5.2/12 MB | 3.6/9.0 MB | 1.1/1.4 MB | 420 kB | 127/892 kBProgress (5): 5.2/12 MB | 3.6/9.0 MB | 1.1/1.4 MB | 420 kB | 127/892 kBProgress (5): 5.2/12 MB | 3.6/9.0 MB | 1.1/1.4 MB | 420 kB | 127/892 kBProgress (5): 5.2/12 MB | 3.6/9.0 MB | 1.1/1.4 MB | 420 kB | 135/892 kBProgress (5): 5.2/12 MB | 3.6/9.0 MB | 1.1/1.4 MB | 420 kB | 143/892 kBProgress (5): 5.2/12 MB | 3.6/9.0 MB | 1.1/1.4 MB | 420 kB | 143/892 kBProgress (5): 5.2/12 MB | 3.6/9.0 MB | 1.1/1.4 MB | 420 kB | 143/892 kBProgress (5): 5.3/12 MB | 3.6/9.0 MB | 1.1/1.4 MB | 420 kB | 143/892 kBProgress (5): 5.3/12 MB | 3.6/9.0 MB | 1.1/1.4 MB | 420 kB | 152/892 kBProgress (5): 5.3/12 MB | 3.6/9.0 MB | 1.1/1.4 MB | 420 kB | 152/892 kBProgress (5): 5.3/12 MB | 3.6/9.0 MB | 1.1/1.4 MB | 420 kB | 160/892 kBProgress (5): 5.3/12 MB | 3.6/9.0 MB | 1.1/1.4 MB | 420 kB | 160/892 kBProgress (5): 5.3/12 MB | 3.7/9.0 MB | 1.1/1.4 MB | 420 kB | 160/892 kBProgress (5): 5.3/12 MB | 3.7/9.0 MB | 1.1/1.4 MB | 420 kB | 168/892 kBProgress (5): 5.3/12 MB | 3.7/9.0 MB | 1.1/1.4 MB | 420 kB | 176/892 kBProgress (5): 5.3/12 MB | 3.7/9.0 MB | 1.1/1.4 MB | 420 kB | 176/892 kBProgress (5): 5.3/12 MB | 3.7/9.0 MB | 1.1/1.4 MB | 420 kB | 176/892 kBProgress (5): 5.4/12 MB | 3.7/9.0 MB | 1.1/1.4 MB | 420 kB | 176/892 kBProgress (5): 5.4/12 MB | 3.7/9.0 MB | 1.1/1.4 MB | 420 kB | 176/892 kBProgress (5): 5.4/12 MB | 3.7/9.0 MB | 1.1/1.4 MB | 420 kB | 176/892 kBProgress (5): 5.4/12 MB | 3.7/9.0 MB | 1.2/1.4 MB | 420 kB | 176/892 kBProgress (5): 5.4/12 MB | 3.7/9.0 MB | 1.2/1.4 MB | 420 kB | 184/892 kBProgress (5): 5.4/12 MB | 3.7/9.0 MB | 1.2/1.4 MB | 420 kB | 184/892 kBProgress (5): 5.4/12 MB | 3.7/9.0 MB | 1.2/1.4 MB | 420 kB | 193/892 kBProgress (5): 5.4/12 MB | 3.7/9.0 MB | 1.2/1.4 MB | 420 kB | 193/892 kB                                                                       Downloaded from central: https://repo.maven.apache.org/maven2/org/springframework/spring-aop/6.2.19/spring-aop-6.2.19.jar (420 kB at 43 kB/s)
Downloading from central: https://repo.maven.apache.org/maven2/org/springframework/spring-aspects/6.2.19/spring-aspects-6.2.19.jar
Progress (4): 5.4/12 MB | 3.7/9.0 MB | 1.2/1.4 MB | 201/892 kBProgress (4): 5.4/12 MB | 3.7/9.0 MB | 1.2/1.4 MB | 209/892 kBProgress (4): 5.4/12 MB | 3.7/9.0 MB | 1.2/1.4 MB | 209/892 kBProgress (4): 5.4/12 MB | 3.7/9.0 MB | 1.2/1.4 MB | 217/892 kBProgress (4): 5.4/12 MB | 3.7/9.0 MB | 1.2/1.4 MB | 217/892 kBProgress (4): 5.4/12 MB | 3.7/9.0 MB | 1.2/1.4 MB | 225/892 kBProgress (4): 5.4/12 MB | 3.8/9.0 MB | 1.2/1.4 MB | 225/892 kBProgress (4): 5.4/12 MB | 3.8/9.0 MB | 1.2/1.4 MB | 225/892 kBProgress (4): 5.4/12 MB | 3.8/9.0 MB | 1.2/1.4 MB | 233/892 kBProgress (4): 5.4/12 MB | 3.8/9.0 MB | 1.2/1.4 MB | 233/892 kBProgress (4): 5.4/12 MB | 3.8/9.0 MB | 1.2/1.4 MB | 242/892 kBProgress (4): 5.4/12 MB | 3.8/9.0 MB | 1.2/1.4 MB | 242/892 kBProgress (4): 5.4/12 MB | 3.8/9.0 MB | 1.2/1.4 MB | 250/892 kBProgress (4): 5.4/12 MB | 3.8/9.0 MB | 1.2/1.4 MB | 250/892 kBProgress (4): 5.4/12 MB | 3.8/9.0 MB | 1.2/1.4 MB | 258/892 kBProgress (4): 5.4/12 MB | 3.8/9.0 MB | 1.2/1.4 MB | 258/892 kBProgress (4): 5.4/12 MB | 3.8/9.0 MB | 1.2/1.4 MB | 258/892 kBProgress (4): 5.5/12 MB | 3.8/9.0 MB | 1.2/1.4 MB | 258/892 kBProgress (4): 5.5/12 MB | 3.8/9.0 MB | 1.2/1.4 MB | 266/892 kBProgress (4): 5.5/12 MB | 3.8/9.0 MB | 1.2/1.4 MB | 266/892 kBProgress (4): 5.5/12 MB | 3.8/9.0 MB | 1.2/1.4 MB | 274/892 kBProgress (4): 5.5/12 MB | 3.8/9.0 MB | 1.2/1.4 MB | 274/892 kBProgress (4): 5.5/12 MB | 3.8/9.0 MB | 1.2/1.4 MB | 283/892 kBProgress (4): 5.5/12 MB | 3.8/9.0 MB | 1.2/1.4 MB | 283/892 kBProgress (4): 5.5/12 MB | 3.8/9.0 MB | 1.2/1.4 MB | 291/892 kBProgress (4): 5.5/12 MB | 3.9/9.0 MB | 1.2/1.4 MB | 291/892 kBProgress (4): 5.5/12 MB | 3.9/9.0 MB | 1.3/1.4 MB | 291/892 kBProgress (4): 5.6/12 MB | 3.9/9.0 MB | 1.3/1.4 MB | 291/892 kBProgress (4): 5.6/12 MB | 3.9/9.0 MB | 1.3/1.4 MB | 299/892 kBProgress (4): 5.6/12 MB | 3.9/9.0 MB | 1.3/1.4 MB | 299/892 kBProgress (4): 5.6/12 MB | 3.9/9.0 MB | 1.3/1.4 MB | 307/892 kBProgress (5): 5.6/12 MB | 3.9/9.0 MB | 1.3/1.4 MB | 307/892 kB | 4.1/50 kBProgress (5): 5.6/12 MB | 3.9/9.0 MB | 1.3/1.4 MB | 307/892 kB | 4.1/50 kBProgress (5): 5.6/12 MB | 3.9/9.0 MB | 1.3/1.4 MB | 307/892 kB | 7.7/50 kBProgress (5): 5.6/12 MB | 3.9/9.0 MB | 1.3/1.4 MB | 307/892 kB | 12/50 kB Progress (5): 5.6/12 MB | 3.9/9.0 MB | 1.3/1.4 MB | 307/892 kB | 16/50 kBProgress (5): 5.6/12 MB | 3.9/9.0 MB | 1.3/1.4 MB | 307/892 kB | 20/50 kBProgress (5): 5.6/12 MB | 3.9/9.0 MB | 1.3/1.4 MB | 307/892 kB | 24/50 kBProgress (5): 5.6/12 MB | 3.9/9.0 MB | 1.3/1.4 MB | 307/892 kB | 28/50 kBProgress (5): 5.6/12 MB | 3.9/9.0 MB | 1.3/1.4 MB | 315/892 kB | 28/50 kBProgress (5): 5.6/12 MB | 3.9/9.0 MB | 1.3/1.4 MB | 324/892 kB | 28/50 kBProgress (5): 5.6/12 MB | 3.9/9.0 MB | 1.3/1.4 MB | 324/892 kB | 28/50 kBProgress (5): 5.6/12 MB | 3.9/9.0 MB | 1.3/1.4 MB | 324/892 kB | 32/50 kBProgress (5): 5.6/12 MB | 3.9/9.0 MB | 1.3/1.4 MB | 324/892 kB | 36/50 kBProgress (5): 5.6/12 MB | 3.9/9.0 MB | 1.3/1.4 MB | 324/892 kB | 40/50 kBProgress (5): 5.6/12 MB | 3.9/9.0 MB | 1.3/1.4 MB | 324/892 kB | 40/50 kBProgress (5): 5.6/12 MB | 3.9/9.0 MB | 1.3/1.4 MB | 324/892 kB | 44/50 kBProgress (5): 5.6/12 MB | 3.9/9.0 MB | 1.3/1.4 MB | 324/892 kB | 48/50 kBProgress (5): 5.6/12 MB | 3.9/9.0 MB | 1.3/1.4 MB | 324/892 kB | 50 kB   Progress (5): 5.6/12 MB | 3.9/9.0 MB | 1.3/1.4 MB | 332/892 kB | 50 kBProgress (5): 5.6/12 MB | 3.9/9.0 MB | 1.3/1.4 MB | 340/892 kB | 50 kBProgress (5): 5.6/12 MB | 3.9/9.0 MB | 1.3/1.4 MB | 340/892 kB | 50 kBProgress (5): 5.6/12 MB | 3.9/9.0 MB | 1.3/1.4 MB | 348/892 kB | 50 kBProgress (5): 5.6/12 MB | 3.9/9.0 MB | 1.3/1.4 MB | 348/892 kB | 50 kBProgress (5): 5.6/12 MB | 3.9/9.0 MB | 1.3/1.4 MB | 348/892 kB | 50 kBProgress (5): 5.6/12 MB | 3.9/9.0 MB | 1.3/1.4 MB | 356/892 kB | 50 kBProgress (5): 5.6/12 MB | 3.9/9.0 MB | 1.3/1.4 MB | 356/892 kB | 50 kBProgress (5): 5.6/12 MB | 3.9/9.0 MB | 1.3/1.4 MB | 356/892 kB | 50 kBProgress (5): 5.6/12 MB | 3.9/9.0 MB | 1.3/1.4 MB | 356/892 kB | 50 kBProgress (5): 5.6/12 MB | 3.9/9.0 MB | 1.3/1.4 MB | 365/892 kB | 50 kBProgress (5): 5.6/12 MB | 3.9/9.0 MB | 1.3/1.4 MB | 373/892 kB | 50 kBProgress (5): 5.6/12 MB | 4.0/9.0 MB | 1.3/1.4 MB | 373/892 kB | 50 kBProgress (5): 5.6/12 MB | 4.0/9.0 MB | 1.3/1.4 MB | 373/892 kB | 50 kBProgress (5): 5.6/12 MB | 4.0/9.0 MB | 1.3/1.4 MB | 381/892 kB | 50 kBProgress (5): 5.6/12 MB | 4.0/9.0 MB | 1.3/1.4 MB | 381/892 kB | 50 kBProgress (5): 5.6/12 MB | 4.0/9.0 MB | 1.3/1.4 MB | 389/892 kB | 50 kBProgress (5): 5.6/12 MB | 4.0/9.0 MB | 1.3/1.4 MB | 397/892 kB | 50 kBProgress (5): 5.6/12 MB | 4.0/9.0 MB | 1.3/1.4 MB | 406/892 kB | 50 kBProgress (5): 5.7/12 MB | 4.0/9.0 MB | 1.3/1.4 MB | 406/892 kB | 50 kB                                                                      Downloaded from central: https://repo.maven.apache.org/maven2/org/springframework/spring-aspects/6.2.19/spring-aspects-6.2.19.jar (50 kB at 5.1 kB/s)
Downloading from central: https://repo.maven.apache.org/maven2/org/aspectj/aspectjweaver/1.9.25.1/aspectjweaver-1.9.25.1.jar
Progress (4): 5.7/12 MB | 4.0/9.0 MB | 1.3/1.4 MB | 406/892 kBProgress (4): 5.7/12 MB | 4.0/9.0 MB | 1.4/1.4 MB | 406/892 kBProgress (4): 5.7/12 MB | 4.0/9.0 MB | 1.4/1.4 MB | 406/892 kBProgress (4): 5.7/12 MB | 4.0/9.0 MB | 1.4 MB | 406/892 kB    Progress (4): 5.7/12 MB | 4.0/9.0 MB | 1.4 MB | 414/892 kBProgress (4): 5.7/12 MB | 4.0/9.0 MB | 1.4 MB | 422/892 kBProgress (4): 5.7/12 MB | 4.0/9.0 MB | 1.4 MB | 422/892 kBProgress (4): 5.7/12 MB | 4.0/9.0 MB | 1.4 MB | 430/892 kBProgress (4): 5.7/12 MB | 4.0/9.0 MB | 1.4 MB | 438/892 kBProgress (4): 5.7/12 MB | 4.0/9.0 MB | 1.4 MB | 446/892 kBProgress (4): 5.7/12 MB | 4.0/9.0 MB | 1.4 MB | 455/892 kBProgress (4): 5.8/12 MB | 4.0/9.0 MB | 1.4 MB | 455/892 kBProgress (4): 5.8/12 MB | 4.1/9.0 MB | 1.4 MB | 455/892 kBProgress (4): 5.8/12 MB | 4.1/9.0 MB | 1.4 MB | 463/892 kBProgress (4): 5.8/12 MB | 4.1/9.0 MB | 1.4 MB | 471/892 kBProgress (4): 5.8/12 MB | 4.1/9.0 MB | 1.4 MB | 479/892 kBProgress (4): 5.8/12 MB | 4.1/9.0 MB | 1.4 MB | 487/892 kBProgress (4): 5.8/12 MB | 4.1/9.0 MB | 1.4 MB | 487/892 kBProgress (4): 5.8/12 MB | 4.1/9.0 MB | 1.4 MB | 496/892 kBProgress (4): 5.8/12 MB | 4.1/9.0 MB | 1.4 MB | 504/892 kBProgress (4): 5.8/12 MB | 4.1/9.0 MB | 1.4 MB | 504/892 kB                                                          Downloaded from central: https://repo.maven.apache.org/maven2/org/springframework/spring-context/6.2.19/spring-context-6.2.19.jar (1.4 MB at 135 kB/s)
Downloading from central: https://repo.maven.apache.org/maven2/org/springframework/boot/spring-boot-starter-thymeleaf/3.5.15/spring-boot-starter-thymeleaf-3.5.15.jar
Progress (3): 5.8/12 MB | 4.1/9.0 MB | 512/892 kBProgress (3): 5.8/12 MB | 4.1/9.0 MB | 520/892 kBProgress (4): 5.8/12 MB | 4.1/9.0 MB | 520/892 kB | 0/2.2 MBProgress (4): 5.8/12 MB | 4.1/9.0 MB | 528/892 kB | 0/2.2 MBProgress (4): 5.8/12 MB | 4.1/9.0 MB | 528/892 kB | 0/2.2 MBProgress (4): 5.8/12 MB | 4.1/9.0 MB | 537/892 kB | 0/2.2 MBProgress (4): 5.8/12 MB | 4.2/9.0 MB | 537/892 kB | 0/2.2 MBProgress (4): 5.9/12 MB | 4.2/9.0 MB | 537/892 kB | 0/2.2 MBProgress (4): 5.9/12 MB | 4.2/9.0 MB | 545/892 kB | 0/2.2 MBProgress (4): 5.9/12 MB | 4.2/9.0 MB | 545/892 kB | 0/2.2 MBProgress (4): 5.9/12 MB | 4.2/9.0 MB | 553/892 kB | 0/2.2 MBProgress (4): 5.9/12 MB | 4.2/9.0 MB | 561/892 kB | 0/2.2 MBProgress (4): 5.9/12 MB | 4.2/9.0 MB | 561/892 kB | 0.1/2.2 MBProgress (4): 5.9/12 MB | 4.2/9.0 MB | 569/892 kB | 0.1/2.2 MBProgress (5): 5.9/12 MB | 4.2/9.0 MB | 569/892 kB | 0.1/2.2 MB | 3.2/4.8 kBProgress (5): 5.9/12 MB | 4.2/9.0 MB | 569/892 kB | 0.1/2.2 MB | 4.8 kB    Progress (5): 5.9/12 MB | 4.2/9.0 MB | 578/892 kB | 0.1/2.2 MB | 4.8 kBProgress (5): 5.9/12 MB | 4.2/9.0 MB | 586/892 kB | 0.1/2.2 MB | 4.8 kBProgress (5): 5.9/12 MB | 4.2/9.0 MB | 586/892 kB | 0.1/2.2 MB | 4.8 kBProgress (5): 5.9/12 MB | 4.2/9.0 MB | 586/892 kB | 0.1/2.2 MB | 4.8 kBProgress (5): 6.0/12 MB | 4.2/9.0 MB | 586/892 kB | 0.1/2.2 MB | 4.8 kBProgress (5): 6.0/12 MB | 4.2/9.0 MB | 594/892 kB | 0.1/2.2 MB | 4.8 kBProgress (5): 6.0/12 MB | 4.2/9.0 MB | 594/892 kB | 0.1/2.2 MB | 4.8 kBProgress (5): 6.0/12 MB | 4.2/9.0 MB | 602/892 kB | 0.1/2.2 MB | 4.8 kBProgress (5): 6.0/12 MB | 4.2/9.0 MB | 602/892 kB | 0.1/2.2 MB | 4.8 kBProgress (5): 6.0/12 MB | 4.2/9.0 MB | 610/892 kB | 0.1/2.2 MB | 4.8 kBProgress (5): 6.0/12 MB | 4.2/9.0 MB | 618/892 kB | 0.1/2.2 MB | 4.8 kBProgress (5): 6.0/12 MB | 4.3/9.0 MB | 618/892 kB | 0.1/2.2 MB | 4.8 kB                                                                       Downloaded from central: https://repo.maven.apache.org/maven2/org/springframework/boot/spring-boot-starter-thymeleaf/3.5.15/spring-boot-starter-thymeleaf-3.5.15.jar (4.8 kB at 468 B/s)
Downloading from central: https://repo.maven.apache.org/maven2/org/thymeleaf/thymeleaf-spring6/3.1.5.RELEASE/thymeleaf-spring6-3.1.5.RELEASE.jar
Progress (4): 6.0/12 MB | 4.3/9.0 MB | 627/892 kB | 0.1/2.2 MBProgress (4): 6.0/12 MB | 4.3/9.0 MB | 627/892 kB | 0.1/2.2 MBProgress (4): 6.0/12 MB | 4.3/9.0 MB | 635/892 kB | 0.1/2.2 MBProgress (4): 6.0/12 MB | 4.3/9.0 MB | 635/892 kB | 0.1/2.2 MBProgress (4): 6.0/12 MB | 4.3/9.0 MB | 635/892 kB | 0.1/2.2 MBProgress (4): 6.0/12 MB | 4.3/9.0 MB | 643/892 kB | 0.1/2.2 MBProgress (4): 6.0/12 MB | 4.3/9.0 MB | 651/892 kB | 0.1/2.2 MBProgress (4): 6.0/12 MB | 4.3/9.0 MB | 659/892 kB | 0.1/2.2 MBProgress (4): 6.0/12 MB | 4.3/9.0 MB | 659/892 kB | 0.2/2.2 MBProgress (4): 6.0/12 MB | 4.3/9.0 MB | 668/892 kB | 0.2/2.2 MBProgress (4): 6.0/12 MB | 4.3/9.0 MB | 668/892 kB | 0.2/2.2 MBProgress (4): 6.0/12 MB | 4.3/9.0 MB | 676/892 kB | 0.2/2.2 MBProgress (4): 6.0/12 MB | 4.3/9.0 MB | 676/892 kB | 0.2/2.2 MBProgress (4): 6.0/12 MB | 4.3/9.0 MB | 684/892 kB | 0.2/2.2 MBProgress (4): 6.0/12 MB | 4.3/9.0 MB | 684/892 kB | 0.2/2.2 MBProgress (4): 6.1/12 MB | 4.3/9.0 MB | 684/892 kB | 0.2/2.2 MBProgress (4): 6.1/12 MB | 4.3/9.0 MB | 692/892 kB | 0.2/2.2 MBProgress (4): 6.1/12 MB | 4.3/9.0 MB | 700/892 kB | 0.2/2.2 MBProgress (5): 6.1/12 MB | 4.3/9.0 MB | 700/892 kB | 0.2/2.2 MB | 4.1/195 kBProgress (5): 6.1/12 MB | 4.3/9.0 MB | 700/892 kB | 0.2/2.2 MB | 7.7/195 kBProgress (5): 6.1/12 MB | 4.3/9.0 MB | 700/892 kB | 0.2/2.2 MB | 12/195 kB Progress (5): 6.1/12 MB | 4.3/9.0 MB | 700/892 kB | 0.2/2.2 MB | 16/195 kBProgress (5): 6.1/12 MB | 4.3/9.0 MB | 700/892 kB | 0.2/2.2 MB | 16/195 kBProgress (5): 6.1/12 MB | 4.3/9.0 MB | 700/892 kB | 0.2/2.2 MB | 20/195 kBProgress (5): 6.1/12 MB | 4.3/9.0 MB | 700/892 kB | 0.2/2.2 MB | 24/195 kBProgress (5): 6.1/12 MB | 4.3/9.0 MB | 709/892 kB | 0.2/2.2 MB | 24/195 kBProgress (5): 6.1/12 MB | 4.3/9.0 MB | 717/892 kB | 0.2/2.2 MB | 24/195 kBProgress (5): 6.1/12 MB | 4.4/9.0 MB | 717/892 kB | 0.2/2.2 MB | 24/195 kBProgress (5): 6.1/12 MB | 4.4/9.0 MB | 717/892 kB | 0.2/2.2 MB | 24/195 kBProgress (5): 6.1/12 MB | 4.4/9.0 MB | 725/892 kB | 0.2/2.2 MB | 24/195 kBProgress (5): 6.1/12 MB | 4.4/9.0 MB | 733/892 kB | 0.2/2.2 MB | 24/195 kBProgress (5): 6.1/12 MB | 4.4/9.0 MB | 733/892 kB | 0.2/2.2 MB | 28/195 kBProgress (5): 6.1/12 MB | 4.4/9.0 MB | 733/892 kB | 0.2/2.2 MB | 32/195 kBProgress (5): 6.1/12 MB | 4.4/9.0 MB | 733/892 kB | 0.2/2.2 MB | 36/195 kBProgress (5): 6.1/12 MB | 4.4/9.0 MB | 733/892 kB | 0.2/2.2 MB | 40/195 kBProgress (5): 6.2/12 MB | 4.4/9.0 MB | 733/892 kB | 0.2/2.2 MB | 40/195 kBProgress (5): 6.2/12 MB | 4.4/9.0 MB | 733/892 kB | 0.2/2.2 MB | 40/195 kBProgress (5): 6.2/12 MB | 4.4/9.0 MB | 741/892 kB | 0.2/2.2 MB | 40/195 kBProgress (5): 6.2/12 MB | 4.4/9.0 MB | 750/892 kB | 0.2/2.2 MB | 40/195 kBProgress (5): 6.2/12 MB | 4.4/9.0 MB | 750/892 kB | 0.2/2.2 MB | 45/195 kBProgress (5): 6.2/12 MB | 4.4/9.0 MB | 750/892 kB | 0.3/2.2 MB | 45/195 kBProgress (5): 6.2/12 MB | 4.4/9.0 MB | 750/892 kB | 0.3/2.2 MB | 49/195 kBProgress (5): 6.2/12 MB | 4.4/9.0 MB | 750/892 kB | 0.3/2.2 MB | 53/195 kBProgress (5): 6.2/12 MB | 4.4/9.0 MB | 750/892 kB | 0.3/2.2 MB | 57/195 kBProgress (5): 6.2/12 MB | 4.4/9.0 MB | 750/892 kB | 0.3/2.2 MB | 57/195 kBProgress (5): 6.2/12 MB | 4.4/9.0 MB | 758/892 kB | 0.3/2.2 MB | 57/195 kBProgress (5): 6.2/12 MB | 4.4/9.0 MB | 766/892 kB | 0.3/2.2 MB | 57/195 kBProgress (5): 6.2/12 MB | 4.4/9.0 MB | 766/892 kB | 0.3/2.2 MB | 57/195 kBProgress (5): 6.2/12 MB | 4.4/9.0 MB | 766/892 kB | 0.3/2.2 MB | 61/195 kBProgress (5): 6.2/12 MB | 4.4/9.0 MB | 766/892 kB | 0.3/2.2 MB | 65/195 kBProgress (5): 6.2/12 MB | 4.4/9.0 MB | 766/892 kB | 0.3/2.2 MB | 69/195 kBProgress (5): 6.2/12 MB | 4.4/9.0 MB | 766/892 kB | 0.3/2.2 MB | 73/195 kBProgress (5): 6.2/12 MB | 4.4/9.0 MB | 774/892 kB | 0.3/2.2 MB | 73/195 kBProgress (5): 6.2/12 MB | 4.4/9.0 MB | 782/892 kB | 0.3/2.2 MB | 73/195 kBProgress (5): 6.2/12 MB | 4.4/9.0 MB | 782/892 kB | 0.3/2.2 MB | 73/195 kBProgress (5): 6.2/12 MB | 4.4/9.0 MB | 782/892 kB | 0.3/2.2 MB | 77/195 kBProgress (5): 6.2/12 MB | 4.4/9.0 MB | 782/892 kB | 0.3/2.2 MB | 81/195 kBProgress (5): 6.2/12 MB | 4.4/9.0 MB | 782/892 kB | 0.3/2.2 MB | 86/195 kBProgress (5): 6.2/12 MB | 4.4/9.0 MB | 782/892 kB | 0.3/2.2 MB | 90/195 kBProgress (5): 6.2/12 MB | 4.4/9.0 MB | 782/892 kB | 0.3/2.2 MB | 90/195 kBProgress (5): 6.2/12 MB | 4.5/9.0 MB | 782/892 kB | 0.3/2.2 MB | 90/195 kBProgress (5): 6.2/12 MB | 4.5/9.0 MB | 791/892 kB | 0.3/2.2 MB | 90/195 kBProgress (5): 6.2/12 MB | 4.5/9.0 MB | 799/892 kB | 0.3/2.2 MB | 90/195 kBProgress (5): 6.2/12 MB | 4.5/9.0 MB | 799/892 kB | 0.3/2.2 MB | 94/195 kBProgress (5): 6.2/12 MB | 4.5/9.0 MB | 799/892 kB | 0.3/2.2 MB | 98/195 kBProgress (5): 6.2/12 MB | 4.5/9.0 MB | 799/892 kB | 0.3/2.2 MB | 102/195 kBProgress (5): 6.2/12 MB | 4.5/9.0 MB | 799/892 kB | 0.3/2.2 MB | 106/195 kBProgress (5): 6.2/12 MB | 4.5/9.0 MB | 799/892 kB | 0.3/2.2 MB | 106/195 kBProgress (5): 6.2/12 MB | 4.5/9.0 MB | 807/892 kB | 0.3/2.2 MB | 106/195 kBProgress (5): 6.2/12 MB | 4.5/9.0 MB | 815/892 kB | 0.3/2.2 MB | 106/195 kBProgress (5): 6.2/12 MB | 4.5/9.0 MB | 823/892 kB | 0.3/2.2 MB | 106/195 kBProgress (5): 6.2/12 MB | 4.5/9.0 MB | 831/892 kB | 0.3/2.2 MB | 106/195 kBProgress (5): 6.2/12 MB | 4.5/9.0 MB | 831/892 kB | 0.3/2.2 MB | 110/195 kBProgress (5): 6.2/12 MB | 4.5/9.0 MB | 831/892 kB | 0.3/2.2 MB | 114/195 kBProgress (5): 6.2/12 MB | 4.5/9.0 MB | 831/892 kB | 0.3/2.2 MB | 118/195 kBProgress (5): 6.2/12 MB | 4.5/9.0 MB | 831/892 kB | 0.3/2.2 MB | 122/195 kBProgress (5): 6.3/12 MB | 4.5/9.0 MB | 831/892 kB | 0.3/2.2 MB | 122/195 kBProgress (5): 6.3/12 MB | 4.5/9.0 MB | 840/892 kB | 0.3/2.2 MB | 122/195 kBProgress (5): 6.3/12 MB | 4.5/9.0 MB | 848/892 kB | 0.3/2.2 MB | 122/195 kBProgress (5): 6.3/12 MB | 4.5/9.0 MB | 848/892 kB | 0.3/2.2 MB | 126/195 kBProgress (5): 6.3/12 MB | 4.5/9.0 MB | 848/892 kB | 0.3/2.2 MB | 131/195 kBProgress (5): 6.3/12 MB | 4.5/9.0 MB | 856/892 kB | 0.3/2.2 MB | 131/195 kBProgress (5): 6.3/12 MB | 4.5/9.0 MB | 856/892 kB | 0.3/2.2 MB | 135/195 kBProgress (5): 6.3/12 MB | 4.5/9.0 MB | 856/892 kB | 0.3/2.2 MB | 139/195 kBProgress (5): 6.3/12 MB | 4.5/9.0 MB | 856/892 kB | 0.3/2.2 MB | 143/195 kBProgress (5): 6.3/12 MB | 4.5/9.0 MB | 856/892 kB | 0.3/2.2 MB | 147/195 kBProgress (5): 6.3/12 MB | 4.5/9.0 MB | 864/892 kB | 0.3/2.2 MB | 147/195 kBProgress (5): 6.4/12 MB | 4.5/9.0 MB | 864/892 kB | 0.3/2.2 MB | 147/195 kBProgress (5): 6.4/12 MB | 4.5/9.0 MB | 872/892 kB | 0.3/2.2 MB | 147/195 kBProgress (5): 6.4/12 MB | 4.5/9.0 MB | 872/892 kB | 0.3/2.2 MB | 151/195 kBProgress (5): 6.4/12 MB | 4.5/9.0 MB | 881/892 kB | 0.3/2.2 MB | 151/195 kBProgress (5): 6.4/12 MB | 4.5/9.0 MB | 881/892 kB | 0.3/2.2 MB | 155/195 kBProgress (5): 6.4/12 MB | 4.5/9.0 MB | 881/892 kB | 0.3/2.2 MB | 159/195 kBProgress (5): 6.4/12 MB | 4.5/9.0 MB | 881/892 kB | 0.3/2.2 MB | 163/195 kBProgress (5): 6.4/12 MB | 4.5/9.0 MB | 881/892 kB | 0.3/2.2 MB | 167/195 kBProgress (5): 6.4/12 MB | 4.5/9.0 MB | 881/892 kB | 0.3/2.2 MB | 172/195 kBProgress (5): 6.4/12 MB | 4.5/9.0 MB | 881/892 kB | 0.3/2.2 MB | 176/195 kBProgress (5): 6.4/12 MB | 4.5/9.0 MB | 881/892 kB | 0.3/2.2 MB | 180/195 kBProgress (5): 6.4/12 MB | 4.5/9.0 MB | 889/892 kB | 0.3/2.2 MB | 180/195 kBProgress (5): 6.4/12 MB | 4.5/9.0 MB | 892 kB | 0.3/2.2 MB | 180/195 kB    Progress (5): 6.4/12 MB | 4.5/9.0 MB | 892 kB | 0.3/2.2 MB | 184/195 kBProgress (5): 6.4/12 MB | 4.5/9.0 MB | 892 kB | 0.3/2.2 MB | 188/195 kBProgress (5): 6.4/12 MB | 4.5/9.0 MB | 892 kB | 0.3/2.2 MB | 192/195 kBProgress (5): 6.4/12 MB | 4.5/9.0 MB | 892 kB | 0.3/2.2 MB | 195 kB    Progress (5): 6.4/12 MB | 4.5/9.0 MB | 892 kB | 0.3/2.2 MB | 195 kBProgress (5): 6.4/12 MB | 4.5/9.0 MB | 892 kB | 0.3/2.2 MB | 195 kBProgress (5): 6.4/12 MB | 4.6/9.0 MB | 892 kB | 0.3/2.2 MB | 195 kBProgress (5): 6.4/12 MB | 4.6/9.0 MB | 892 kB | 0.3/2.2 MB | 195 kBProgress (5): 6.4/12 MB | 4.7/9.0 MB | 892 kB | 0.3/2.2 MB | 195 kBProgress (5): 6.4/12 MB | 4.7/9.0 MB | 892 kB | 0.3/2.2 MB | 195 kBProgress (5): 6.4/12 MB | 4.7/9.0 MB | 892 kB | 0.3/2.2 MB | 195 kBProgress (5): 6.4/12 MB | 4.7/9.0 MB | 892 kB | 0.4/2.2 MB | 195 kBProgress (5): 6.4/12 MB | 4.7/9.0 MB | 892 kB | 0.4/2.2 MB | 195 kBProgress (5): 6.4/12 MB | 4.7/9.0 MB | 892 kB | 0.4/2.2 MB | 195 kBProgress (5): 6.4/12 MB | 4.7/9.0 MB | 892 kB | 0.4/2.2 MB | 195 kBProgress (5): 6.4/12 MB | 4.7/9.0 MB | 892 kB | 0.4/2.2 MB | 195 kBProgress (5): 6.4/12 MB | 4.7/9.0 MB | 892 kB | 0.4/2.2 MB | 195 kBProgress (5): 6.5/12 MB | 4.7/9.0 MB | 892 kB | 0.4/2.2 MB | 195 kB                                                                   Downloaded from central: https://repo.maven.apache.org/maven2/org/springframework/spring-beans/6.2.19/spring-beans-6.2.19.jar (892 kB at 83 kB/s)
Downloading from central: https://repo.maven.apache.org/maven2/org/thymeleaf/thymeleaf/3.1.5.RELEASE/thymeleaf-3.1.5.RELEASE.jar
Downloaded from central: https://repo.maven.apache.org/maven2/org/thymeleaf/thymeleaf-spring6/3.1.5.RELEASE/thymeleaf-spring6-3.1.5.RELEASE.jar (195 kB at 18 kB/s)
Downloading from central: https://repo.maven.apache.org/maven2/org/attoparser/attoparser/2.0.7.RELEASE/attoparser-2.0.7.RELEASE.jar
Progress (3): 6.5/12 MB | 4.7/9.0 MB | 0.5/2.2 MBProgress (3): 6.5/12 MB | 4.7/9.0 MB | 0.5/2.2 MBProgress (3): 6.5/12 MB | 4.7/9.0 MB | 0.5/2.2 MBProgress (3): 6.6/12 MB | 4.7/9.0 MB | 0.5/2.2 MBProgress (3): 6.6/12 MB | 4.7/9.0 MB | 0.5/2.2 MBProgress (3): 6.6/12 MB | 4.7/9.0 MB | 0.5/2.2 MBProgress (3): 6.6/12 MB | 4.7/9.0 MB | 0.5/2.2 MBProgress (4): 6.6/12 MB | 4.7/9.0 MB | 0.5/2.2 MB | 7.7/945 kBProgress (4): 6.6/12 MB | 4.7/9.0 MB | 0.5/2.2 MB | 16/945 kB Progress (4): 6.6/12 MB | 4.7/9.0 MB | 0.5/2.2 MB | 16/945 kBProgress (4): 6.6/12 MB | 4.7/9.0 MB | 0.5/2.2 MB | 24/945 kBProgress (4): 6.6/12 MB | 4.7/9.0 MB | 0.5/2.2 MB | 29/945 kBProgress (4): 6.6/12 MB | 4.7/9.0 MB | 0.5/2.2 MB | 29/945 kBProgress (4): 6.6/12 MB | 4.7/9.0 MB | 0.5/2.2 MB | 37/945 kBProgress (4): 6.6/12 MB | 4.7/9.0 MB | 0.5/2.2 MB | 45/945 kBProgress (4): 6.7/12 MB | 4.7/9.0 MB | 0.5/2.2 MB | 45/945 kBProgress (4): 6.7/12 MB | 4.7/9.0 MB | 0.6/2.2 MB | 45/945 kBProgress (4): 6.7/12 MB | 4.7/9.0 MB | 0.6/2.2 MB | 53/945 kBProgress (4): 6.7/12 MB | 4.7/9.0 MB | 0.6/2.2 MB | 61/945 kBProgress (4): 6.7/12 MB | 4.7/9.0 MB | 0.6/2.2 MB | 61/945 kBProgress (4): 6.7/12 MB | 4.7/9.0 MB | 0.6/2.2 MB | 70/945 kBProgress (4): 6.7/12 MB | 4.7/9.0 MB | 0.6/2.2 MB | 78/945 kBProgress (4): 6.7/12 MB | 4.7/9.0 MB | 0.6/2.2 MB | 78/945 kBProgress (5): 6.7/12 MB | 4.7/9.0 MB | 0.6/2.2 MB | 78/945 kB | 4.1/246 kBProgress (5): 6.7/12 MB | 4.7/9.0 MB | 0.6/2.2 MB | 78/945 kB | 7.7/246 kBProgress (5): 6.7/12 MB | 4.7/9.0 MB | 0.6/2.2 MB | 78/945 kB | 11/246 kB Progress (5): 6.7/12 MB | 4.7/9.0 MB | 0.6/2.2 MB | 86/945 kB | 11/246 kBProgress (5): 6.7/12 MB | 4.7/9.0 MB | 0.6/2.2 MB | 94/945 kB | 11/246 kBProgress (5): 6.7/12 MB | 4.7/9.0 MB | 0.6/2.2 MB | 94/945 kB | 11/246 kBProgress (5): 6.7/12 MB | 4.7/9.0 MB | 0.6/2.2 MB | 94/945 kB | 15/246 kBProgress (5): 6.7/12 MB | 4.7/9.0 MB | 0.6/2.2 MB | 94/945 kB | 15/246 kBProgress (5): 6.7/12 MB | 4.7/9.0 MB | 0.6/2.2 MB | 94/945 kB | 20/246 kBProgress (5): 6.7/12 MB | 4.7/9.0 MB | 0.6/2.2 MB | 94/945 kB | 24/246 kBProgress (5): 6.7/12 MB | 4.7/9.0 MB | 0.6/2.2 MB | 94/945 kB | 28/246 kBProgress (5): 6.7/12 MB | 4.7/9.0 MB | 0.6/2.2 MB | 102/945 kB | 28/246 kBProgress (5): 6.7/12 MB | 4.7/9.0 MB | 0.6/2.2 MB | 111/945 kB | 28/246 kBProgress (5): 6.7/12 MB | 4.7/9.0 MB | 0.6/2.2 MB | 119/945 kB | 28/246 kBProgress (5): 6.7/12 MB | 4.7/9.0 MB | 0.6/2.2 MB | 119/945 kB | 32/246 kBProgress (5): 6.7/12 MB | 4.7/9.0 MB | 0.6/2.2 MB | 119/945 kB | 32/246 kBProgress (5): 6.7/12 MB | 4.7/9.0 MB | 0.6/2.2 MB | 119/945 kB | 36/246 kBProgress (5): 6.7/12 MB | 4.7/9.0 MB | 0.6/2.2 MB | 127/945 kB | 36/246 kBProgress (5): 6.7/12 MB | 4.7/9.0 MB | 0.6/2.2 MB | 127/945 kB | 40/246 kBProgress (5): 6.7/12 MB | 4.7/9.0 MB | 0.6/2.2 MB | 127/945 kB | 44/246 kBProgress (5): 6.7/12 MB | 4.7/9.0 MB | 0.6/2.2 MB | 127/945 kB | 48/246 kBProgress (5): 6.7/12 MB | 4.7/9.0 MB | 0.6/2.2 MB | 127/945 kB | 52/246 kBProgress (5): 6.7/12 MB | 4.7/9.0 MB | 0.6/2.2 MB | 127/945 kB | 56/246 kBProgress (5): 6.7/12 MB | 4.7/9.0 MB | 0.6/2.2 MB | 127/945 kB | 61/246 kBProgress (5): 6.7/12 MB | 4.7/9.0 MB | 0.6/2.2 MB | 127/945 kB | 65/246 kBProgress (5): 6.7/12 MB | 4.7/9.0 MB | 0.6/2.2 MB | 127/945 kB | 69/246 kBProgress (5): 6.7/12 MB | 4.7/9.0 MB | 0.6/2.2 MB | 127/945 kB | 73/246 kBProgress (5): 6.7/12 MB | 4.7/9.0 MB | 0.6/2.2 MB | 127/945 kB | 77/246 kBProgress (5): 6.7/12 MB | 4.7/9.0 MB | 0.6/2.2 MB | 127/945 kB | 81/246 kBProgress (5): 6.7/12 MB | 4.7/9.0 MB | 0.6/2.2 MB | 127/945 kB | 85/246 kBProgress (5): 6.7/12 MB | 4.7/9.0 MB | 0.6/2.2 MB | 127/945 kB | 89/246 kBProgress (5): 6.7/12 MB | 4.7/9.0 MB | 0.6/2.2 MB | 127/945 kB | 93/246 kBProgress (5): 6.7/12 MB | 4.7/9.0 MB | 0.6/2.2 MB | 135/945 kB | 93/246 kBProgress (5): 6.7/12 MB | 4.7/9.0 MB | 0.6/2.2 MB | 143/945 kB | 93/246 kBProgress (5): 6.7/12 MB | 4.7/9.0 MB | 0.6/2.2 MB | 143/945 kB | 93/246 kBProgress (5): 6.7/12 MB | 4.7/9.0 MB | 0.6/2.2 MB | 143/945 kB | 97/246 kBProgress (5): 6.7/12 MB | 4.7/9.0 MB | 0.6/2.2 MB | 143/945 kB | 101/246 kBProgress (5): 6.7/12 MB | 4.7/9.0 MB | 0.6/2.2 MB | 143/945 kB | 106/246 kBProgress (5): 6.7/12 MB | 4.7/9.0 MB | 0.6/2.2 MB | 143/945 kB | 110/246 kBProgress (5): 6.7/12 MB | 4.7/9.0 MB | 0.6/2.2 MB | 152/945 kB | 110/246 kBProgress (5): 6.7/12 MB | 4.7/9.0 MB | 0.6/2.2 MB | 160/945 kB | 110/246 kBProgress (5): 6.7/12 MB | 4.7/9.0 MB | 0.6/2.2 MB | 160/945 kB | 110/246 kBProgress (5): 6.7/12 MB | 4.7/9.0 MB | 0.7/2.2 MB | 160/945 kB | 110/246 kBProgress (5): 6.8/12 MB | 4.7/9.0 MB | 0.7/2.2 MB | 160/945 kB | 110/246 kBProgress (5): 6.8/12 MB | 4.7/9.0 MB | 0.7/2.2 MB | 160/945 kB | 114/246 kBProgress (5): 6.8/12 MB | 4.7/9.0 MB | 0.7/2.2 MB | 160/945 kB | 114/246 kBProgress (5): 6.8/12 MB | 4.7/9.0 MB | 0.7/2.2 MB | 168/945 kB | 114/246 kBProgress (5): 6.8/12 MB | 4.7/9.0 MB | 0.7/2.2 MB | 168/945 kB | 118/246 kBProgress (5): 6.8/12 MB | 4.7/9.0 MB | 0.7/2.2 MB | 168/945 kB | 122/246 kBProgress (5): 6.8/12 MB | 4.7/9.0 MB | 0.7/2.2 MB | 168/945 kB | 126/246 kBProgress (5): 6.8/12 MB | 4.7/9.0 MB | 0.7/2.2 MB | 176/945 kB | 126/246 kBProgress (5): 6.8/12 MB | 4.7/9.0 MB | 0.7/2.2 MB | 184/945 kB | 126/246 kBProgress (5): 6.8/12 MB | 4.7/9.0 MB | 0.7/2.2 MB | 193/945 kB | 126/246 kBProgress (5): 6.8/12 MB | 4.7/9.0 MB | 0.7/2.2 MB | 193/945 kB | 130/246 kBProgress (5): 6.8/12 MB | 4.7/9.0 MB | 0.7/2.2 MB | 193/945 kB | 130/246 kBProgress (5): 6.8/12 MB | 4.7/9.0 MB | 0.7/2.2 MB | 193/945 kB | 134/246 kBProgress (5): 6.8/12 MB | 4.7/9.0 MB | 0.7/2.2 MB | 193/945 kB | 138/246 kBProgress (5): 6.8/12 MB | 4.7/9.0 MB | 0.7/2.2 MB | 193/945 kB | 142/246 kBProgress (5): 6.8/12 MB | 4.7/9.0 MB | 0.7/2.2 MB | 201/945 kB | 142/246 kBProgress (5): 6.8/12 MB | 4.8/9.0 MB | 0.7/2.2 MB | 201/945 kB | 142/246 kBProgress (5): 6.8/12 MB | 4.8/9.0 MB | 0.7/2.2 MB | 209/945 kB | 142/246 kBProgress (5): 6.9/12 MB | 4.8/9.0 MB | 0.7/2.2 MB | 209/945 kB | 142/246 kBProgress (5): 6.9/12 MB | 4.8/9.0 MB | 0.7/2.2 MB | 209/945 kB | 147/246 kBProgress (5): 6.9/12 MB | 4.8/9.0 MB | 0.7/2.2 MB | 209/945 kB | 151/246 kBProgress (5): 6.9/12 MB | 4.8/9.0 MB | 0.7/2.2 MB | 209/945 kB | 155/246 kBProgress (5): 6.9/12 MB | 4.8/9.0 MB | 0.7/2.2 MB | 209/945 kB | 159/246 kBProgress (5): 6.9/12 MB | 4.8/9.0 MB | 0.7/2.2 MB | 209/945 kB | 159/246 kBProgress (5): 6.9/12 MB | 4.8/9.0 MB | 0.7/2.2 MB | 217/945 kB | 159/246 kBProgress (5): 6.9/12 MB | 4.8/9.0 MB | 0.7/2.2 MB | 217/945 kB | 163/246 kBProgress (5): 6.9/12 MB | 4.8/9.0 MB | 0.7/2.2 MB | 225/945 kB | 163/246 kBProgress (5): 6.9/12 MB | 4.8/9.0 MB | 0.7/2.2 MB | 225/945 kB | 167/246 kBProgress (5): 6.9/12 MB | 4.8/9.0 MB | 0.7/2.2 MB | 225/945 kB | 171/246 kBProgress (5): 6.9/12 MB | 4.8/9.0 MB | 0.7/2.2 MB | 225/945 kB | 175/246 kBProgress (5): 6.9/12 MB | 4.8/9.0 MB | 0.7/2.2 MB | 225/945 kB | 175/246 kBProgress (5): 6.9/12 MB | 4.8/9.0 MB | 0.7/2.2 MB | 225/945 kB | 175/246 kBProgress (5): 6.9/12 MB | 4.8/9.0 MB | 0.7/2.2 MB | 225/945 kB | 175/246 kBProgress (5): 6.9/12 MB | 4.8/9.0 MB | 0.7/2.2 MB | 225/945 kB | 179/246 kBProgress (5): 6.9/12 MB | 4.8/9.0 MB | 0.7/2.2 MB | 225/945 kB | 183/246 kBProgress (5): 6.9/12 MB | 4.8/9.0 MB | 0.7/2.2 MB | 225/945 kB | 187/246 kBProgress (5): 6.9/12 MB | 4.8/9.0 MB | 0.7/2.2 MB | 225/945 kB | 192/246 kBProgress (5): 6.9/12 MB | 4.8/9.0 MB | 0.7/2.2 MB | 225/945 kB | 192/246 kBProgress (5): 6.9/12 MB | 4.8/9.0 MB | 0.8/2.2 MB | 225/945 kB | 192/246 kBProgress (5): 6.9/12 MB | 4.8/9.0 MB | 0.8/2.2 MB | 225/945 kB | 196/246 kBProgress (5): 6.9/12 MB | 4.8/9.0 MB | 0.8/2.2 MB | 225/945 kB | 196/246 kBProgress (5): 6.9/12 MB | 4.8/9.0 MB | 0.8/2.2 MB | 225/945 kB | 200/246 kBProgress (5): 6.9/12 MB | 4.8/9.0 MB | 0.8/2.2 MB | 225/945 kB | 204/246 kBProgress (5): 6.9/12 MB | 4.8/9.0 MB | 0.8/2.2 MB | 225/945 kB | 208/246 kBProgress (5): 6.9/12 MB | 4.8/9.0 MB | 0.8/2.2 MB | 225/945 kB | 208/246 kBProgress (5): 6.9/12 MB | 4.8/9.0 MB | 0.8/2.2 MB | 225/945 kB | 212/246 kBProgress (5): 6.9/12 MB | 4.8/9.0 MB | 0.8/2.2 MB | 225/945 kB | 216/246 kBProgress (5): 6.9/12 MB | 4.8/9.0 MB | 0.8/2.2 MB | 225/945 kB | 220/246 kBProgress (5): 6.9/12 MB | 4.8/9.0 MB | 0.8/2.2 MB | 225/945 kB | 224/246 kBProgress (5): 6.9/12 MB | 4.8/9.0 MB | 0.8/2.2 MB | 225/945 kB | 224/246 kBProgress (5): 6.9/12 MB | 4.8/9.0 MB | 0.8/2.2 MB | 225/945 kB | 224/246 kBProgress (5): 6.9/12 MB | 4.8/9.0 MB | 0.8/2.2 MB | 225/945 kB | 228/246 kBProgress (5): 6.9/12 MB | 4.8/9.0 MB | 0.8/2.2 MB | 225/945 kB | 233/246 kBProgress (5): 7.0/12 MB | 4.8/9.0 MB | 0.8/2.2 MB | 225/945 kB | 233/246 kBProgress (5): 7.0/12 MB | 4.8/9.0 MB | 0.8/2.2 MB | 225/945 kB | 237/246 kBProgress (5): 7.0/12 MB | 4.8/9.0 MB | 0.8/2.2 MB | 225/945 kB | 241/246 kBProgress (5): 7.0/12 MB | 4.8/9.0 MB | 0.8/2.2 MB | 225/945 kB | 245/246 kBProgress (5): 7.0/12 MB | 4.8/9.0 MB | 0.8/2.2 MB | 233/945 kB | 245/246 kBProgress (5): 7.0/12 MB | 4.8/9.0 MB | 0.8/2.2 MB | 233/945 kB | 246 kB    Progress (5): 7.0/12 MB | 4.8/9.0 MB | 0.8/2.2 MB | 242/945 kB | 246 kBProgress (5): 7.0/12 MB | 4.8/9.0 MB | 0.8/2.2 MB | 250/945 kB | 246 kBProgress (5): 7.0/12 MB | 4.8/9.0 MB | 0.8/2.2 MB | 258/945 kB | 246 kBProgress (5): 7.0/12 MB | 4.8/9.0 MB | 0.8/2.2 MB | 266/945 kB | 246 kBProgress (5): 7.0/12 MB | 4.8/9.0 MB | 0.8/2.2 MB | 274/945 kB | 246 kBProgress (5): 7.0/12 MB | 4.8/9.0 MB | 0.8/2.2 MB | 283/945 kB | 246 kBProgress (5): 7.0/12 MB | 4.8/9.0 MB | 0.8/2.2 MB | 291/945 kB | 246 kBProgress (5): 7.0/12 MB | 4.8/9.0 MB | 0.8/2.2 MB | 299/945 kB | 246 kBProgress (5): 7.0/12 MB | 4.8/9.0 MB | 0.8/2.2 MB | 307/945 kB | 246 kBProgress (5): 7.0/12 MB | 4.8/9.0 MB | 0.8/2.2 MB | 315/945 kB | 246 kBProgress (5): 7.0/12 MB | 4.8/9.0 MB | 0.8/2.2 MB | 324/945 kB | 246 kBProgress (5): 7.0/12 MB | 4.8/9.0 MB | 0.8/2.2 MB | 332/945 kB | 246 kBProgress (5): 7.0/12 MB | 4.8/9.0 MB | 0.8/2.2 MB | 332/945 kB | 246 kBProgress (5): 7.0/12 MB | 4.8/9.0 MB | 0.8/2.2 MB | 340/945 kB | 246 kBProgress (5): 7.0/12 MB | 4.8/9.0 MB | 0.8/2.2 MB | 348/945 kB | 246 kBProgress (5): 7.0/12 MB | 4.8/9.0 MB | 0.9/2.2 MB | 348/945 kB | 246 kBProgress (5): 7.1/12 MB | 4.8/9.0 MB | 0.9/2.2 MB | 348/945 kB | 246 kBProgress (5): 7.1/12 MB | 4.8/9.0 MB | 0.9/2.2 MB | 348/945 kB | 246 kBProgress (5): 7.1/12 MB | 4.8/9.0 MB | 0.9/2.2 MB | 348/945 kB | 246 kBProgress (5): 7.1/12 MB | 4.8/9.0 MB | 0.9/2.2 MB | 356/945 kB | 246 kBProgress (5): 7.1/12 MB | 4.8/9.0 MB | 0.9/2.2 MB | 356/945 kB | 246 kBProgress (5): 7.1/12 MB | 4.9/9.0 MB | 0.9/2.2 MB | 356/945 kB | 246 kBProgress (5): 7.1/12 MB | 4.9/9.0 MB | 0.9/2.2 MB | 356/945 kB | 246 kBProgress (5): 7.1/12 MB | 5.0/9.0 MB | 0.9/2.2 MB | 356/945 kB | 246 kBProgress (5): 7.1/12 MB | 5.0/9.0 MB | 0.9/2.2 MB | 356/945 kB | 246 kBProgress (5): 7.1/12 MB | 5.0/9.0 MB | 0.9/2.2 MB | 364/945 kB | 246 kBProgress (5): 7.1/12 MB | 5.0/9.0 MB | 0.9/2.2 MB | 364/945 kB | 246 kBProgress (5): 7.1/12 MB | 5.0/9.0 MB | 0.9/2.2 MB | 372/945 kB | 246 kB                                                                       Downloaded from central: https://repo.maven.apache.org/maven2/org/attoparser/attoparser/2.0.7.RELEASE/attoparser-2.0.7.RELEASE.jar (246 kB at 21 kB/s)
Downloading from central: https://repo.maven.apache.org/maven2/org/unbescape/unbescape/1.1.6.RELEASE/unbescape-1.1.6.RELEASE.jar
Progress (4): 7.1/12 MB | 5.0/9.0 MB | 0.9/2.2 MB | 381/945 kBProgress (4): 7.1/12 MB | 5.0/9.0 MB | 0.9/2.2 MB | 389/945 kBProgress (4): 7.1/12 MB | 5.0/9.0 MB | 0.9/2.2 MB | 389/945 kBProgress (4): 7.1/12 MB | 5.0/9.0 MB | 0.9/2.2 MB | 397/945 kBProgress (4): 7.1/12 MB | 5.0/9.0 MB | 1.0/2.2 MB | 397/945 kBProgress (4): 7.1/12 MB | 5.0/9.0 MB | 1.0/2.2 MB | 405/945 kBProgress (4): 7.2/12 MB | 5.0/9.0 MB | 1.0/2.2 MB | 405/945 kBProgress (4): 7.2/12 MB | 5.0/9.0 MB | 1.0/2.2 MB | 413/945 kBProgress (4): 7.2/12 MB | 5.0/9.0 MB | 1.0/2.2 MB | 413/945 kBProgress (4): 7.2/12 MB | 5.0/9.0 MB | 1.0/2.2 MB | 422/945 kBProgress (4): 7.2/12 MB | 5.0/9.0 MB | 1.0/2.2 MB | 430/945 kBProgress (4): 7.2/12 MB | 5.0/9.0 MB | 1.0/2.2 MB | 430/945 kBProgress (4): 7.2/12 MB | 5.0/9.0 MB | 1.0/2.2 MB | 438/945 kBProgress (4): 7.2/12 MB | 5.0/9.0 MB | 1.0/2.2 MB | 446/945 kBProgress (4): 7.2/12 MB | 5.0/9.0 MB | 1.0/2.2 MB | 454/945 kBProgress (4): 7.2/12 MB | 5.0/9.0 MB | 1.0/2.2 MB | 463/945 kBProgress (4): 7.2/12 MB | 5.0/9.0 MB | 1.0/2.2 MB | 471/945 kBProgress (4): 7.2/12 MB | 5.0/9.0 MB | 1.0/2.2 MB | 479/945 kBProgress (4): 7.2/12 MB | 5.0/9.0 MB | 1.0/2.2 MB | 487/945 kBProgress (4): 7.2/12 MB | 5.0/9.0 MB | 1.0/2.2 MB | 487/945 kBProgress (4): 7.2/12 MB | 5.0/9.0 MB | 1.0/2.2 MB | 487/945 kBProgress (4): 7.2/12 MB | 5.1/9.0 MB | 1.0/2.2 MB | 487/945 kBProgress (4): 7.2/12 MB | 5.1/9.0 MB | 1.0/2.2 MB | 487/945 kBProgress (4): 7.2/12 MB | 5.2/9.0 MB | 1.0/2.2 MB | 487/945 kBProgress (5): 7.2/12 MB | 5.2/9.0 MB | 1.0/2.2 MB | 487/945 kB | 4.1/174 kBProgress (5): 7.2/12 MB | 5.2/9.0 MB | 1.0/2.2 MB | 487/945 kB | 7.7/174 kBProgress (5): 7.2/12 MB | 5.2/9.0 MB | 1.0/2.2 MB | 495/945 kB | 7.7/174 kBProgress (5): 7.2/12 MB | 5.2/9.0 MB | 1.0/2.2 MB | 495/945 kB | 7.7/174 kBProgress (5): 7.2/12 MB | 5.2/9.0 MB | 1.0/2.2 MB | 503/945 kB | 7.7/174 kBProgress (5): 7.3/12 MB | 5.2/9.0 MB | 1.0/2.2 MB | 503/945 kB | 7.7/174 kBProgress (5): 7.3/12 MB | 5.2/9.0 MB | 1.0/2.2 MB | 512/945 kB | 7.7/174 kBProgress (5): 7.3/12 MB | 5.2/9.0 MB | 1.0/2.2 MB | 512/945 kB | 12/174 kB Progress (5): 7.3/12 MB | 5.2/9.0 MB | 1.0/2.2 MB | 512/945 kB | 12/174 kBProgress (5): 7.3/12 MB | 5.2/9.0 MB | 1.0/2.2 MB | 512/945 kB | 12/174 kBProgress (5): 7.3/12 MB | 5.2/9.0 MB | 1.0/2.2 MB | 520/945 kB | 12/174 kBProgress (5): 7.3/12 MB | 5.2/9.0 MB | 1.0/2.2 MB | 520/945 kB | 16/174 kBProgress (5): 7.3/12 MB | 5.2/9.0 MB | 1.0/2.2 MB | 520/945 kB | 20/174 kBProgress (5): 7.3/12 MB | 5.2/9.0 MB | 1.0/2.2 MB | 520/945 kB | 24/174 kBProgress (5): 7.3/12 MB | 5.2/9.0 MB | 1.1/2.2 MB | 520/945 kB | 24/174 kBProgress (5): 7.3/12 MB | 5.2/9.0 MB | 1.1/2.2 MB | 528/945 kB | 24/174 kBProgress (5): 7.3/12 MB | 5.2/9.0 MB | 1.1/2.2 MB | 536/945 kB | 24/174 kBProgress (5): 7.3/12 MB | 5.2/9.0 MB | 1.1/2.2 MB | 536/945 kB | 28/174 kBProgress (5): 7.3/12 MB | 5.2/9.0 MB | 1.1/2.2 MB | 536/945 kB | 32/174 kBProgress (5): 7.3/12 MB | 5.2/9.0 MB | 1.1/2.2 MB | 536/945 kB | 36/174 kBProgress (5): 7.3/12 MB | 5.2/9.0 MB | 1.1/2.2 MB | 536/945 kB | 40/174 kBProgress (5): 7.3/12 MB | 5.2/9.0 MB | 1.1/2.2 MB | 544/945 kB | 40/174 kBProgress (5): 7.3/12 MB | 5.2/9.0 MB | 1.1/2.2 MB | 544/945 kB | 40/174 kBProgress (5): 7.3/12 MB | 5.2/9.0 MB | 1.1/2.2 MB | 553/945 kB | 40/174 kBProgress (5): 7.3/12 MB | 5.3/9.0 MB | 1.1/2.2 MB | 553/945 kB | 40/174 kBProgress (5): 7.3/12 MB | 5.3/9.0 MB | 1.1/2.2 MB | 553/945 kB | 45/174 kBProgress (5): 7.3/12 MB | 5.3/9.0 MB | 1.1/2.2 MB | 553/945 kB | 49/174 kBProgress (5): 7.3/12 MB | 5.3/9.0 MB | 1.1/2.2 MB | 553/945 kB | 53/174 kBProgress (5): 7.3/12 MB | 5.3/9.0 MB | 1.1/2.2 MB | 553/945 kB | 57/174 kBProgress (5): 7.3/12 MB | 5.3/9.0 MB | 1.1/2.2 MB | 561/945 kB | 57/174 kBProgress (5): 7.3/12 MB | 5.3/9.0 MB | 1.1/2.2 MB | 561/945 kB | 57/174 kBProgress (5): 7.3/12 MB | 5.3/9.0 MB | 1.1/2.2 MB | 569/945 kB | 57/174 kBProgress (5): 7.3/12 MB | 5.3/9.0 MB | 1.1/2.2 MB | 569/945 kB | 57/174 kBProgress (5): 7.3/12 MB | 5.3/9.0 MB | 1.1/2.2 MB | 569/945 kB | 61/174 kBProgress (5): 7.3/12 MB | 5.3/9.0 MB | 1.1/2.2 MB | 577/945 kB | 61/174 kBProgress (5): 7.3/12 MB | 5.3/9.0 MB | 1.1/2.2 MB | 577/945 kB | 65/174 kBProgress (5): 7.3/12 MB | 5.3/9.0 MB | 1.1/2.2 MB | 585/945 kB | 65/174 kBProgress (5): 7.3/12 MB | 5.3/9.0 MB | 1.1/2.2 MB | 585/945 kB | 69/174 kBProgress (5): 7.3/12 MB | 5.3/9.0 MB | 1.1/2.2 MB | 585/945 kB | 73/174 kBProgress (5): 7.3/12 MB | 5.3/9.0 MB | 1.1/2.2 MB | 585/945 kB | 73/174 kBProgress (5): 7.3/12 MB | 5.3/9.0 MB | 1.1/2.2 MB | 585/945 kB | 73/174 kBProgress (5): 7.3/12 MB | 5.3/9.0 MB | 1.1/2.2 MB | 594/945 kB | 73/174 kBProgress (5): 7.3/12 MB | 5.3/9.0 MB | 1.1/2.2 MB | 602/945 kB | 73/174 kBProgress (5): 7.3/12 MB | 5.3/9.0 MB | 1.1/2.2 MB | 602/945 kB | 77/174 kBProgress (5): 7.3/12 MB | 5.3/9.0 MB | 1.1/2.2 MB | 602/945 kB | 81/174 kBProgress (5): 7.3/12 MB | 5.3/9.0 MB | 1.1/2.2 MB | 602/945 kB | 81/174 kBProgress (5): 7.3/12 MB | 5.3/9.0 MB | 1.1/2.2 MB | 602/945 kB | 86/174 kBProgress (5): 7.3/12 MB | 5.3/9.0 MB | 1.1/2.2 MB | 602/945 kB | 90/174 kBProgress (5): 7.3/12 MB | 5.3/9.0 MB | 1.1/2.2 MB | 610/945 kB | 90/174 kBProgress (5): 7.3/12 MB | 5.3/9.0 MB | 1.1/2.2 MB | 610/945 kB | 90/174 kBProgress (5): 7.3/12 MB | 5.4/9.0 MB | 1.1/2.2 MB | 610/945 kB | 90/174 kBProgress (5): 7.4/12 MB | 5.4/9.0 MB | 1.1/2.2 MB | 610/945 kB | 90/174 kBProgress (5): 7.4/12 MB | 5.4/9.0 MB | 1.1/2.2 MB | 618/945 kB | 90/174 kBProgress (5): 7.4/12 MB | 5.4/9.0 MB | 1.1/2.2 MB | 618/945 kB | 94/174 kBProgress (5): 7.4/12 MB | 5.4/9.0 MB | 1.1/2.2 MB | 618/945 kB | 98/174 kBProgress (5): 7.4/12 MB | 5.4/9.0 MB | 1.1/2.2 MB | 618/945 kB | 102/174 kBProgress (5): 7.4/12 MB | 5.4/9.0 MB | 1.1/2.2 MB | 618/945 kB | 106/174 kBProgress (5): 7.4/12 MB | 5.4/9.0 MB | 1.1/2.2 MB | 618/945 kB | 110/174 kBProgress (5): 7.4/12 MB | 5.4/9.0 MB | 1.1/2.2 MB | 618/945 kB | 114/174 kBProgress (5): 7.4/12 MB | 5.4/9.0 MB | 1.1/2.2 MB | 618/945 kB | 118/174 kBProgress (5): 7.4/12 MB | 5.4/9.0 MB | 1.1/2.2 MB | 618/945 kB | 122/174 kBProgress (5): 7.4/12 MB | 5.4/9.0 MB | 1.2/2.2 MB | 618/945 kB | 122/174 kBProgress (5): 7.4/12 MB | 5.4/9.0 MB | 1.2/2.2 MB | 626/945 kB | 122/174 kBProgress (5): 7.4/12 MB | 5.4/9.0 MB | 1.2/2.2 MB | 635/945 kB | 122/174 kBProgress (5): 7.4/12 MB | 5.4/9.0 MB | 1.2/2.2 MB | 635/945 kB | 122/174 kBProgress (5): 7.4/12 MB | 5.4/9.0 MB | 1.2/2.2 MB | 635/945 kB | 126/174 kBProgress (5): 7.4/12 MB | 5.4/9.0 MB | 1.2/2.2 MB | 635/945 kB | 131/174 kBProgress (5): 7.4/12 MB | 5.4/9.0 MB | 1.2/2.2 MB | 635/945 kB | 135/174 kBProgress (5): 7.4/12 MB | 5.4/9.0 MB | 1.2/2.2 MB | 635/945 kB | 139/174 kBProgress (5): 7.4/12 MB | 5.4/9.0 MB | 1.2/2.2 MB | 635/945 kB | 139/174 kBProgress (5): 7.4/12 MB | 5.4/9.0 MB | 1.2/2.2 MB | 643/945 kB | 139/174 kBProgress (5): 7.4/12 MB | 5.4/9.0 MB | 1.2/2.2 MB | 651/945 kB | 139/174 kBProgress (5): 7.5/12 MB | 5.4/9.0 MB | 1.2/2.2 MB | 651/945 kB | 139/174 kBProgress (5): 7.5/12 MB | 5.4/9.0 MB | 1.2/2.2 MB | 651/945 kB | 139/174 kBProgress (5): 7.5/12 MB | 5.4/9.0 MB | 1.2/2.2 MB | 659/945 kB | 139/174 kBProgress (5): 7.5/12 MB | 5.4/9.0 MB | 1.2/2.2 MB | 667/945 kB | 139/174 kBProgress (5): 7.5/12 MB | 5.4/9.0 MB | 1.2/2.2 MB | 667/945 kB | 139/174 kBProgress (5): 7.5/12 MB | 5.5/9.0 MB | 1.2/2.2 MB | 667/945 kB | 139/174 kBProgress (5): 7.5/12 MB | 5.5/9.0 MB | 1.2/2.2 MB | 667/945 kB | 143/174 kBProgress (5): 7.5/12 MB | 5.5/9.0 MB | 1.2/2.2 MB | 667/945 kB | 147/174 kBProgress (5): 7.5/12 MB | 5.5/9.0 MB | 1.2/2.2 MB | 667/945 kB | 151/174 kBProgress (5): 7.5/12 MB | 5.5/9.0 MB | 1.2/2.2 MB | 667/945 kB | 155/174 kBProgress (5): 7.5/12 MB | 5.5/9.0 MB | 1.2/2.2 MB | 667/945 kB | 159/174 kBProgress (5): 7.5/12 MB | 5.5/9.0 MB | 1.2/2.2 MB | 667/945 kB | 163/174 kBProgress (5): 7.5/12 MB | 5.5/9.0 MB | 1.2/2.2 MB | 667/945 kB | 167/174 kBProgress (5): 7.5/12 MB | 5.5/9.0 MB | 1.2/2.2 MB | 667/945 kB | 172/174 kBProgress (5): 7.5/12 MB | 5.5/9.0 MB | 1.2/2.2 MB | 667/945 kB | 174 kB    Progress (5): 7.5/12 MB | 5.5/9.0 MB | 1.2/2.2 MB | 667/945 kB | 174 kBProgress (5): 7.5/12 MB | 5.5/9.0 MB | 1.2/2.2 MB | 676/945 kB | 174 kBProgress (5): 7.5/12 MB | 5.5/9.0 MB | 1.2/2.2 MB | 676/945 kB | 174 kBProgress (5): 7.5/12 MB | 5.5/9.0 MB | 1.2/2.2 MB | 684/945 kB | 174 kBProgress (5): 7.5/12 MB | 5.5/9.0 MB | 1.2/2.2 MB | 684/945 kB | 174 kBProgress (5): 7.5/12 MB | 5.5/9.0 MB | 1.2/2.2 MB | 692/945 kB | 174 kBProgress (5): 7.5/12 MB | 5.5/9.0 MB | 1.2/2.2 MB | 692/945 kB | 174 kB                                                                       Downloaded from central: https://repo.maven.apache.org/maven2/org/unbescape/unbescape/1.1.6.RELEASE/unbescape-1.1.6.RELEASE.jar (174 kB at 14 kB/s)
Progress (4): 7.5/12 MB | 5.5/9.0 MB | 1.3/2.2 MB | 692/945 kBProgress (4): 7.5/12 MB | 5.5/9.0 MB | 1.3/2.2 MB | 700/945 kB                                                              Downloading from central: https://repo.maven.apache.org/maven2/org/springframework/boot/spring-boot-starter-validation/3.5.15/spring-boot-starter-validation-3.5.15.jar
Progress (4): 7.5/12 MB | 5.5/9.0 MB | 1.3/2.2 MB | 700/945 kBProgress (4): 7.5/12 MB | 5.6/9.0 MB | 1.3/2.2 MB | 700/945 kBProgress (4): 7.5/12 MB | 5.6/9.0 MB | 1.3/2.2 MB | 708/945 kBProgress (4): 7.5/12 MB | 5.6/9.0 MB | 1.3/2.2 MB | 716/945 kBProgress (4): 7.5/12 MB | 5.6/9.0 MB | 1.3/2.2 MB | 725/945 kBProgress (4): 7.5/12 MB | 5.6/9.0 MB | 1.3/2.2 MB | 733/945 kBProgress (4): 7.5/12 MB | 5.6/9.0 MB | 1.3/2.2 MB | 741/945 kBProgress (4): 7.5/12 MB | 5.6/9.0 MB | 1.3/2.2 MB | 749/945 kBProgress (4): 7.5/12 MB | 5.6/9.0 MB | 1.3/2.2 MB | 757/945 kBProgress (4): 7.5/12 MB | 5.6/9.0 MB | 1.3/2.2 MB | 766/945 kBProgress (4): 7.5/12 MB | 5.6/9.0 MB | 1.3/2.2 MB | 774/945 kBProgress (4): 7.5/12 MB | 5.6/9.0 MB | 1.3/2.2 MB | 782/945 kBProgress (4): 7.5/12 MB | 5.6/9.0 MB | 1.3/2.2 MB | 782/945 kBProgress (4): 7.5/12 MB | 5.6/9.0 MB | 1.3/2.2 MB | 790/945 kBProgress (4): 7.6/12 MB | 5.6/9.0 MB | 1.3/2.2 MB | 790/945 kBProgress (4): 7.6/12 MB | 5.6/9.0 MB | 1.3/2.2 MB | 798/945 kBProgress (4): 7.6/12 MB | 5.6/9.0 MB | 1.3/2.2 MB | 798/945 kBProgress (4): 7.6/12 MB | 5.6/9.0 MB | 1.3/2.2 MB | 807/945 kBProgress (4): 7.6/12 MB | 5.6/9.0 MB | 1.3/2.2 MB | 807/945 kBProgress (5): 7.6/12 MB | 5.6/9.0 MB | 1.3/2.2 MB | 807/945 kB | 3.2/4.8 kBProgress (5): 7.6/12 MB | 5.6/9.0 MB | 1.3/2.2 MB | 807/945 kB | 4.8 kB    Progress (5): 7.6/12 MB | 5.6/9.0 MB | 1.3/2.2 MB | 815/945 kB | 4.8 kBProgress (5): 7.6/12 MB | 5.6/9.0 MB | 1.3/2.2 MB | 815/945 kB | 4.8 kBProgress (5): 7.6/12 MB | 5.6/9.0 MB | 1.3/2.2 MB | 823/945 kB | 4.8 kBProgress (5): 7.6/12 MB | 5.7/9.0 MB | 1.3/2.2 MB | 823/945 kB | 4.8 kBProgress (5): 7.6/12 MB | 5.7/9.0 MB | 1.3/2.2 MB | 823/945 kB | 4.8 kBProgress (5): 7.6/12 MB | 5.7/9.0 MB | 1.3/2.2 MB | 831/945 kB | 4.8 kBProgress (5): 7.6/12 MB | 5.7/9.0 MB | 1.3/2.2 MB | 839/945 kB | 4.8 kBProgress (5): 7.6/12 MB | 5.7/9.0 MB | 1.3/2.2 MB | 848/945 kB | 4.8 kBProgress (5): 7.6/12 MB | 5.7/9.0 MB | 1.4/2.2 MB | 848/945 kB | 4.8 kBProgress (5): 7.6/12 MB | 5.7/9.0 MB | 1.4/2.2 MB | 856/945 kB | 4.8 kBProgress (5): 7.6/12 MB | 5.7/9.0 MB | 1.4/2.2 MB | 864/945 kB | 4.8 kBProgress (5): 7.6/12 MB | 5.7/9.0 MB | 1.4/2.2 MB | 864/945 kB | 4.8 kBProgress (5): 7.6/12 MB | 5.7/9.0 MB | 1.4/2.2 MB | 872/945 kB | 4.8 kBProgress (5): 7.6/12 MB | 5.7/9.0 MB | 1.4/2.2 MB | 872/945 kB | 4.8 kBProgress (5): 7.7/12 MB | 5.7/9.0 MB | 1.4/2.2 MB | 872/945 kB | 4.8 kB                                                                       Downloaded from central: https://repo.maven.apache.org/maven2/org/springframework/boot/spring-boot-starter-validation/3.5.15/spring-boot-starter-validation-3.5.15.jar (4.8 kB at 385 B/s)
Downloading from central: https://repo.maven.apache.org/maven2/org/apache/tomcat/embed/tomcat-embed-el/10.1.55/tomcat-embed-el-10.1.55.jar
Progress (4): 7.7/12 MB | 5.7/9.0 MB | 1.4/2.2 MB | 880/945 kBProgress (4): 7.7/12 MB | 5.7/9.0 MB | 1.4/2.2 MB | 880/945 kBProgress (4): 7.7/12 MB | 5.8/9.0 MB | 1.4/2.2 MB | 880/945 kBProgress (4): 7.7/12 MB | 5.8/9.0 MB | 1.4/2.2 MB | 889/945 kBProgress (4): 7.7/12 MB | 5.8/9.0 MB | 1.4/2.2 MB | 889/945 kBProgress (4): 7.7/12 MB | 5.8/9.0 MB | 1.4/2.2 MB | 897/945 kBProgress (4): 7.7/12 MB | 5.8/9.0 MB | 1.4/2.2 MB | 897/945 kBProgress (4): 7.7/12 MB | 5.8/9.0 MB | 1.4/2.2 MB | 905/945 kBProgress (4): 7.7/12 MB | 5.8/9.0 MB | 1.4/2.2 MB | 913/945 kBProgress (4): 7.7/12 MB | 5.8/9.0 MB | 1.4/2.2 MB | 921/945 kBProgress (4): 7.7/12 MB | 5.8/9.0 MB | 1.4/2.2 MB | 921/945 kBProgress (4): 7.7/12 MB | 5.8/9.0 MB | 1.4/2.2 MB | 921/945 kBProgress (4): 7.7/12 MB | 5.8/9.0 MB | 1.4/2.2 MB | 921/945 kBProgress (5): 7.7/12 MB | 5.8/9.0 MB | 1.4/2.2 MB | 921/945 kB | 4.1/264 kBProgress (5): 7.7/12 MB | 5.8/9.0 MB | 1.4/2.2 MB | 921/945 kB | 7.7/264 kBProgress (5): 7.7/12 MB | 5.8/9.0 MB | 1.4/2.2 MB | 921/945 kB | 11/264 kB Progress (5): 7.8/12 MB | 5.8/9.0 MB | 1.4/2.2 MB | 921/945 kB | 11/264 kBProgress (5): 7.8/12 MB | 5.8/9.0 MB | 1.4/2.2 MB | 921/945 kB | 11/264 kBProgress (5): 7.8/12 MB | 5.8/9.0 MB | 1.4/2.2 MB | 921/945 kB | 15/264 kBProgress (5): 7.8/12 MB | 5.8/9.0 MB | 1.4/2.2 MB | 921/945 kB | 20/264 kBProgress (5): 7.8/12 MB | 5.8/9.0 MB | 1.4/2.2 MB | 921/945 kB | 24/264 kBProgress (5): 7.8/12 MB | 5.8/9.0 MB | 1.4/2.2 MB | 921/945 kB | 28/264 kBProgress (5): 7.8/12 MB | 5.9/9.0 MB | 1.4/2.2 MB | 921/945 kB | 28/264 kBProgress (5): 7.8/12 MB | 5.9/9.0 MB | 1.4/2.2 MB | 921/945 kB | 32/264 kBProgress (5): 7.8/12 MB | 5.9/9.0 MB | 1.4/2.2 MB | 921/945 kB | 36/264 kBProgress (5): 7.8/12 MB | 5.9/9.0 MB | 1.4/2.2 MB | 921/945 kB | 40/264 kBProgress (5): 7.8/12 MB | 5.9/9.0 MB | 1.4/2.2 MB | 921/945 kB | 44/264 kBProgress (5): 7.8/12 MB | 5.9/9.0 MB | 1.4/2.2 MB | 921/945 kB | 48/264 kBProgress (5): 7.8/12 MB | 5.9/9.0 MB | 1.4/2.2 MB | 921/945 kB | 52/264 kBProgress (5): 7.8/12 MB | 5.9/9.0 MB | 1.4/2.2 MB | 921/945 kB | 56/264 kBProgress (5): 7.8/12 MB | 5.9/9.0 MB | 1.4/2.2 MB | 921/945 kB | 61/264 kBProgress (5): 7.8/12 MB | 5.9/9.0 MB | 1.4/2.2 MB | 929/945 kB | 61/264 kBProgress (5): 7.8/12 MB | 5.9/9.0 MB | 1.4/2.2 MB | 938/945 kB | 61/264 kBProgress (5): 7.8/12 MB | 5.9/9.0 MB | 1.4/2.2 MB | 938/945 kB | 61/264 kBProgress (5): 7.8/12 MB | 5.9/9.0 MB | 1.4/2.2 MB | 945 kB | 61/264 kB    Progress (5): 7.8/12 MB | 5.9/9.0 MB | 1.4/2.2 MB | 945 kB | 61/264 kBProgress (5): 7.8/12 MB | 5.9/9.0 MB | 1.5/2.2 MB | 945 kB | 61/264 kBProgress (5): 7.8/12 MB | 5.9/9.0 MB | 1.5/2.2 MB | 945 kB | 61/264 kBProgress (5): 7.8/12 MB | 5.9/9.0 MB | 1.5/2.2 MB | 945 kB | 61/264 kBProgress (5): 7.8/12 MB | 5.9/9.0 MB | 1.5/2.2 MB | 945 kB | 65/264 kBProgress (5): 7.8/12 MB | 5.9/9.0 MB | 1.5/2.2 MB | 945 kB | 69/264 kBProgress (5): 7.8/12 MB | 5.9/9.0 MB | 1.5/2.2 MB | 945 kB | 73/264 kBProgress (5): 7.8/12 MB | 5.9/9.0 MB | 1.5/2.2 MB | 945 kB | 77/264 kBProgress (5): 7.9/12 MB | 5.9/9.0 MB | 1.5/2.2 MB | 945 kB | 77/264 kBProgress (5): 7.9/12 MB | 5.9/9.0 MB | 1.5/2.2 MB | 945 kB | 81/264 kBProgress (5): 7.9/12 MB | 5.9/9.0 MB | 1.5/2.2 MB | 945 kB | 85/264 kBProgress (5): 7.9/12 MB | 5.9/9.0 MB | 1.5/2.2 MB | 945 kB | 89/264 kBProgress (5): 7.9/12 MB | 5.9/9.0 MB | 1.5/2.2 MB | 945 kB | 93/264 kBProgress (5): 7.9/12 MB | 5.9/9.0 MB | 1.5/2.2 MB | 945 kB | 93/264 kBProgress (5): 7.9/12 MB | 5.9/9.0 MB | 1.5/2.2 MB | 945 kB | 93/264 kBProgress (5): 7.9/12 MB | 5.9/9.0 MB | 1.5/2.2 MB | 945 kB | 93/264 kBProgress (5): 7.9/12 MB | 5.9/9.0 MB | 1.5/2.2 MB | 945 kB | 93/264 kBProgress (5): 7.9/12 MB | 6.0/9.0 MB | 1.5/2.2 MB | 945 kB | 93/264 kB                                                                      Downloaded from central: https://repo.maven.apache.org/maven2/org/thymeleaf/thymeleaf/3.1.5.RELEASE/thymeleaf-3.1.5.RELEASE.jar (945 kB at 75 kB/s)
Downloading from central: https://repo.maven.apache.org/maven2/org/hibernate/validator/hibernate-validator/8.0.3.Final/hibernate-validator-8.0.3.Final.jar
Progress (4): 7.9/12 MB | 6.0/9.0 MB | 1.5/2.2 MB | 93/264 kBProgress (4): 8.0/12 MB | 6.0/9.0 MB | 1.5/2.2 MB | 93/264 kBProgress (4): 8.1/12 MB | 6.0/9.0 MB | 1.5/2.2 MB | 93/264 kBProgress (4): 8.1/12 MB | 6.0/9.0 MB | 1.5/2.2 MB | 97/264 kBProgress (4): 8.1/12 MB | 6.0/9.0 MB | 1.6/2.2 MB | 97/264 kBProgress (4): 8.1/12 MB | 6.0/9.0 MB | 1.6/2.2 MB | 101/264 kBProgress (4): 8.1/12 MB | 6.0/9.0 MB | 1.6/2.2 MB | 106/264 kBProgress (4): 8.1/12 MB | 6.0/9.0 MB | 1.6/2.2 MB | 106/264 kBProgress (4): 8.1/12 MB | 6.0/9.0 MB | 1.6/2.2 MB | 110/264 kBProgress (4): 8.1/12 MB | 6.0/9.0 MB | 1.6/2.2 MB | 110/264 kBProgress (4): 8.1/12 MB | 6.0/9.0 MB | 1.6/2.2 MB | 110/264 kBProgress (4): 8.1/12 MB | 6.0/9.0 MB | 1.6/2.2 MB | 114/264 kBProgress (4): 8.1/12 MB | 6.0/9.0 MB | 1.6/2.2 MB | 118/264 kBProgress (4): 8.1/12 MB | 6.0/9.0 MB | 1.6/2.2 MB | 122/264 kBProgress (4): 8.1/12 MB | 6.0/9.0 MB | 1.6/2.2 MB | 126/264 kBProgress (4): 8.1/12 MB | 6.0/9.0 MB | 1.6/2.2 MB | 130/264 kBProgress (4): 8.1/12 MB | 6.0/9.0 MB | 1.6/2.2 MB | 134/264 kBProgress (4): 8.1/12 MB | 6.0/9.0 MB | 1.6/2.2 MB | 138/264 kBProgress (4): 8.1/12 MB | 6.0/9.0 MB | 1.6/2.2 MB | 142/264 kBProgress (4): 8.1/12 MB | 6.0/9.0 MB | 1.6/2.2 MB | 147/264 kBProgress (4): 8.1/12 MB | 6.0/9.0 MB | 1.6/2.2 MB | 151/264 kBProgress (4): 8.1/12 MB | 6.0/9.0 MB | 1.6/2.2 MB | 155/264 kBProgress (4): 8.1/12 MB | 6.0/9.0 MB | 1.6/2.2 MB | 159/264 kBProgress (4): 8.1/12 MB | 6.0/9.0 MB | 1.6/2.2 MB | 163/264 kBProgress (4): 8.1/12 MB | 6.0/9.0 MB | 1.6/2.2 MB | 167/264 kBProgress (4): 8.1/12 MB | 6.0/9.0 MB | 1.6/2.2 MB | 171/264 kBProgress (4): 8.1/12 MB | 6.0/9.0 MB | 1.6/2.2 MB | 175/264 kBProgress (4): 8.1/12 MB | 6.0/9.0 MB | 1.6/2.2 MB | 179/264 kBProgress (4): 8.1/12 MB | 6.0/9.0 MB | 1.6/2.2 MB | 183/264 kBProgress (4): 8.1/12 MB | 6.0/9.0 MB | 1.6/2.2 MB | 187/264 kBProgress (4): 8.1/12 MB | 6.0/9.0 MB | 1.6/2.2 MB | 192/264 kBProgress (5): 8.1/12 MB | 6.0/9.0 MB | 1.6/2.2 MB | 192/264 kB | 0/1.3 MBProgress (5): 8.1/12 MB | 6.0/9.0 MB | 1.6/2.2 MB | 192/264 kB | 0/1.3 MBProgress (5): 8.1/12 MB | 6.0/9.0 MB | 1.6/2.2 MB | 196/264 kB | 0/1.3 MBProgress (5): 8.1/12 MB | 6.0/9.0 MB | 1.6/2.2 MB | 200/264 kB | 0/1.3 MBProgress (5): 8.1/12 MB | 6.0/9.0 MB | 1.6/2.2 MB | 204/264 kB | 0/1.3 MBProgress (5): 8.1/12 MB | 6.0/9.0 MB | 1.6/2.2 MB | 208/264 kB | 0/1.3 MBProgress (5): 8.1/12 MB | 6.0/9.0 MB | 1.6/2.2 MB | 208/264 kB | 0/1.3 MBProgress (5): 8.1/12 MB | 6.0/9.0 MB | 1.6/2.2 MB | 208/264 kB | 0/1.3 MBProgress (5): 8.1/12 MB | 6.0/9.0 MB | 1.6/2.2 MB | 208/264 kB | 0/1.3 MBProgress (5): 8.1/12 MB | 6.0/9.0 MB | 1.6/2.2 MB | 208/264 kB | 0/1.3 MBProgress (5): 8.1/12 MB | 6.0/9.0 MB | 1.6/2.2 MB | 212/264 kB | 0/1.3 MBProgress (5): 8.1/12 MB | 6.0/9.0 MB | 1.6/2.2 MB | 216/264 kB | 0/1.3 MBProgress (5): 8.1/12 MB | 6.0/9.0 MB | 1.6/2.2 MB | 220/264 kB | 0/1.3 MBProgress (5): 8.1/12 MB | 6.0/9.0 MB | 1.6/2.2 MB | 220/264 kB | 0.1/1.3 MBProgress (5): 8.1/12 MB | 6.0/9.0 MB | 1.6/2.2 MB | 224/264 kB | 0.1/1.3 MBProgress (5): 8.1/12 MB | 6.0/9.0 MB | 1.6/2.2 MB | 224/264 kB | 0.1/1.3 MBProgress (5): 8.1/12 MB | 6.0/9.0 MB | 1.6/2.2 MB | 224/264 kB | 0.1/1.3 MBProgress (5): 8.1/12 MB | 6.0/9.0 MB | 1.6/2.2 MB | 224/264 kB | 0.1/1.3 MBProgress (5): 8.1/12 MB | 6.0/9.0 MB | 1.6/2.2 MB | 224/264 kB | 0.1/1.3 MBProgress (5): 8.1/12 MB | 6.0/9.0 MB | 1.6/2.2 MB | 228/264 kB | 0.1/1.3 MBProgress (5): 8.1/12 MB | 6.0/9.0 MB | 1.6/2.2 MB | 233/264 kB | 0.1/1.3 MBProgress (5): 8.1/12 MB | 6.0/9.0 MB | 1.6/2.2 MB | 237/264 kB | 0.1/1.3 MBProgress (5): 8.1/12 MB | 6.0/9.0 MB | 1.6/2.2 MB | 241/264 kB | 0.1/1.3 MBProgress (5): 8.1/12 MB | 6.0/9.0 MB | 1.7/2.2 MB | 241/264 kB | 0.1/1.3 MBProgress (5): 8.1/12 MB | 6.0/9.0 MB | 1.7/2.2 MB | 241/264 kB | 0.1/1.3 MBProgress (5): 8.1/12 MB | 6.0/9.0 MB | 1.7/2.2 MB | 241/264 kB | 0.1/1.3 MBProgress (5): 8.1/12 MB | 6.1/9.0 MB | 1.7/2.2 MB | 241/264 kB | 0.1/1.3 MBProgress (5): 8.1/12 MB | 6.1/9.0 MB | 1.7/2.2 MB | 245/264 kB | 0.1/1.3 MBProgress (5): 8.1/12 MB | 6.1/9.0 MB | 1.7/2.2 MB | 249/264 kB | 0.1/1.3 MBProgress (5): 8.1/12 MB | 6.1/9.0 MB | 1.7/2.2 MB | 253/264 kB | 0.1/1.3 MBProgress (5): 8.1/12 MB | 6.1/9.0 MB | 1.7/2.2 MB | 257/264 kB | 0.1/1.3 MBProgress (5): 8.1/12 MB | 6.1/9.0 MB | 1.7/2.2 MB | 257/264 kB | 0.1/1.3 MBProgress (5): 8.1/12 MB | 6.1/9.0 MB | 1.7/2.2 MB | 257/264 kB | 0.1/1.3 MBProgress (5): 8.1/12 MB | 6.1/9.0 MB | 1.7/2.2 MB | 257/264 kB | 0.1/1.3 MBProgress (5): 8.1/12 MB | 6.1/9.0 MB | 1.7/2.2 MB | 257/264 kB | 0.1/1.3 MBProgress (5): 8.1/12 MB | 6.1/9.0 MB | 1.7/2.2 MB | 261/264 kB | 0.1/1.3 MBProgress (5): 8.1/12 MB | 6.1/9.0 MB | 1.7/2.2 MB | 264 kB | 0.1/1.3 MB    Progress (5): 8.1/12 MB | 6.1/9.0 MB | 1.7/2.2 MB | 264 kB | 0.1/1.3 MBProgress (5): 8.1/12 MB | 6.1/9.0 MB | 1.7/2.2 MB | 264 kB | 0.1/1.3 MBProgress (5): 8.2/12 MB | 6.1/9.0 MB | 1.7/2.2 MB | 264 kB | 0.1/1.3 MBProgress (5): 8.2/12 MB | 6.1/9.0 MB | 1.7/2.2 MB | 264 kB | 0.1/1.3 MBProgress (5): 8.2/12 MB | 6.1/9.0 MB | 1.7/2.2 MB | 264 kB | 0.1/1.3 MBProgress (5): 8.2/12 MB | 6.1/9.0 MB | 1.7/2.2 MB | 264 kB | 0.1/1.3 MBProgress (5): 8.2/12 MB | 6.1/9.0 MB | 1.7/2.2 MB | 264 kB | 0.1/1.3 MBProgress (5): 8.2/12 MB | 6.1/9.0 MB | 1.7/2.2 MB | 264 kB | 0.1/1.3 MBProgress (5): 8.2/12 MB | 6.1/9.0 MB | 1.7/2.2 MB | 264 kB | 0.1/1.3 MBProgress (5): 8.2/12 MB | 6.1/9.0 MB | 1.7/2.2 MB | 264 kB | 0.1/1.3 MBProgress (5): 8.2/12 MB | 6.1/9.0 MB | 1.8/2.2 MB | 264 kB | 0.1/1.3 MBProgress (5): 8.2/12 MB | 6.1/9.0 MB | 1.8/2.2 MB | 264 kB | 0.1/1.3 MBProgress (5): 8.2/12 MB | 6.1/9.0 MB | 1.8/2.2 MB | 264 kB | 0.1/1.3 MBProgress (5): 8.2/12 MB | 6.2/9.0 MB | 1.8/2.2 MB | 264 kB | 0.1/1.3 MBProgress (5): 8.2/12 MB | 6.2/9.0 MB | 1.8/2.2 MB | 264 kB | 0.1/1.3 MBProgress (5): 8.2/12 MB | 6.3/9.0 MB | 1.8/2.2 MB | 264 kB | 0.1/1.3 MBProgress (5): 8.2/12 MB | 6.3/9.0 MB | 1.8/2.2 MB | 264 kB | 0.2/1.3 MBProgress (5): 8.2/12 MB | 6.3/9.0 MB | 1.8/2.2 MB | 264 kB | 0.2/1.3 MBProgress (5): 8.2/12 MB | 6.3/9.0 MB | 1.8/2.2 MB | 264 kB | 0.2/1.3 MBProgress (5): 8.3/12 MB | 6.3/9.0 MB | 1.8/2.2 MB | 264 kB | 0.2/1.3 MB                                                                       Downloaded from central: https://repo.maven.apache.org/maven2/org/apache/tomcat/embed/tomcat-embed-el/10.1.55/tomcat-embed-el-10.1.55.jar (264 kB at 20 kB/s)
Downloading from central: https://repo.maven.apache.org/maven2/jakarta/validation/jakarta.validation-api/3.0.2/jakarta.validation-api-3.0.2.jar
Progress (4): 8.3/12 MB | 6.3/9.0 MB | 1.8/2.2 MB | 0.2/1.3 MBProgress (4): 8.3/12 MB | 6.3/9.0 MB | 1.8/2.2 MB | 0.2/1.3 MBProgress (4): 8.3/12 MB | 6.3/9.0 MB | 1.8/2.2 MB | 0.2/1.3 MBProgress (4): 8.3/12 MB | 6.3/9.0 MB | 1.8/2.2 MB | 0.2/1.3 MBProgress (4): 8.3/12 MB | 6.3/9.0 MB | 1.8/2.2 MB | 0.2/1.3 MBProgress (4): 8.3/12 MB | 6.3/9.0 MB | 1.8/2.2 MB | 0.2/1.3 MBProgress (4): 8.3/12 MB | 6.3/9.0 MB | 1.8/2.2 MB | 0.2/1.3 MBProgress (4): 8.3/12 MB | 6.4/9.0 MB | 1.8/2.2 MB | 0.2/1.3 MBProgress (4): 8.4/12 MB | 6.4/9.0 MB | 1.8/2.2 MB | 0.2/1.3 MBProgress (4): 8.4/12 MB | 6.4/9.0 MB | 1.8/2.2 MB | 0.2/1.3 MBProgress (4): 8.4/12 MB | 6.4/9.0 MB | 1.8/2.2 MB | 0.2/1.3 MBProgress (4): 8.4/12 MB | 6.4/9.0 MB | 1.8/2.2 MB | 0.2/1.3 MBProgress (4): 8.4/12 MB | 6.4/9.0 MB | 1.8/2.2 MB | 0.2/1.3 MBProgress (5): 8.4/12 MB | 6.4/9.0 MB | 1.8/2.2 MB | 0.2/1.3 MB | 4.1/93 kBProgress (5): 8.4/12 MB | 6.4/9.0 MB | 1.8/2.2 MB | 0.2/1.3 MB | 7.7/93 kBProgress (5): 8.4/12 MB | 6.4/9.0 MB | 1.8/2.2 MB | 0.2/1.3 MB | 12/93 kB Progress (5): 8.4/12 MB | 6.4/9.0 MB | 1.8/2.2 MB | 0.2/1.3 MB | 16/93 kBProgress (5): 8.4/12 MB | 6.4/9.0 MB | 1.8/2.2 MB | 0.2/1.3 MB | 20/93 kBProgress (5): 8.4/12 MB | 6.4/9.0 MB | 1.9/2.2 MB | 0.2/1.3 MB | 20/93 kBProgress (5): 8.4/12 MB | 6.4/9.0 MB | 1.9/2.2 MB | 0.2/1.3 MB | 20/93 kBProgress (5): 8.4/12 MB | 6.4/9.0 MB | 1.9/2.2 MB | 0.2/1.3 MB | 20/93 kBProgress (5): 8.4/12 MB | 6.4/9.0 MB | 1.9/2.2 MB | 0.2/1.3 MB | 24/93 kBProgress (5): 8.4/12 MB | 6.4/9.0 MB | 1.9/2.2 MB | 0.2/1.3 MB | 24/93 kBProgress (5): 8.4/12 MB | 6.4/9.0 MB | 1.9/2.2 MB | 0.2/1.3 MB | 24/93 kBProgress (5): 8.4/12 MB | 6.4/9.0 MB | 1.9/2.2 MB | 0.2/1.3 MB | 24/93 kBProgress (5): 8.4/12 MB | 6.5/9.0 MB | 1.9/2.2 MB | 0.2/1.3 MB | 24/93 kBProgress (5): 8.4/12 MB | 6.5/9.0 MB | 1.9/2.2 MB | 0.2/1.3 MB | 24/93 kBProgress (5): 8.4/12 MB | 6.5/9.0 MB | 1.9/2.2 MB | 0.2/1.3 MB | 28/93 kBProgress (5): 8.4/12 MB | 6.5/9.0 MB | 1.9/2.2 MB | 0.2/1.3 MB | 32/93 kBProgress (5): 8.4/12 MB | 6.5/9.0 MB | 1.9/2.2 MB | 0.3/1.3 MB | 32/93 kBProgress (5): 8.4/12 MB | 6.5/9.0 MB | 1.9/2.2 MB | 0.3/1.3 MB | 36/93 kBProgress (5): 8.4/12 MB | 6.5/9.0 MB | 1.9/2.2 MB | 0.3/1.3 MB | 40/93 kBProgress (5): 8.4/12 MB | 6.5/9.0 MB | 1.9/2.2 MB | 0.3/1.3 MB | 40/93 kBProgress (5): 8.4/12 MB | 6.5/9.0 MB | 1.9/2.2 MB | 0.3/1.3 MB | 40/93 kBProgress (5): 8.4/12 MB | 6.5/9.0 MB | 1.9/2.2 MB | 0.3/1.3 MB | 40/93 kBProgress (5): 8.4/12 MB | 6.5/9.0 MB | 1.9/2.2 MB | 0.3/1.3 MB | 40/93 kBProgress (5): 8.4/12 MB | 6.5/9.0 MB | 1.9/2.2 MB | 0.3/1.3 MB | 40/93 kBProgress (5): 8.4/12 MB | 6.5/9.0 MB | 1.9/2.2 MB | 0.3/1.3 MB | 40/93 kBProgress (5): 8.4/12 MB | 6.5/9.0 MB | 1.9/2.2 MB | 0.3/1.3 MB | 40/93 kBProgress (5): 8.4/12 MB | 6.5/9.0 MB | 1.9/2.2 MB | 0.3/1.3 MB | 40/93 kBProgress (5): 8.4/12 MB | 6.5/9.0 MB | 1.9/2.2 MB | 0.3/1.3 MB | 45/93 kBProgress (5): 8.4/12 MB | 6.5/9.0 MB | 1.9/2.2 MB | 0.3/1.3 MB | 49/93 kBProgress (5): 8.4/12 MB | 6.5/9.0 MB | 1.9/2.2 MB | 0.3/1.3 MB | 53/93 kBProgress (5): 8.4/12 MB | 6.5/9.0 MB | 1.9/2.2 MB | 0.3/1.3 MB | 57/93 kBProgress (5): 8.4/12 MB | 6.5/9.0 MB | 1.9/2.2 MB | 0.3/1.3 MB | 61/93 kBProgress (5): 8.4/12 MB | 6.5/9.0 MB | 1.9/2.2 MB | 0.3/1.3 MB | 65/93 kBProgress (5): 8.4/12 MB | 6.5/9.0 MB | 1.9/2.2 MB | 0.3/1.3 MB | 69/93 kBProgress (5): 8.4/12 MB | 6.5/9.0 MB | 1.9/2.2 MB | 0.3/1.3 MB | 73/93 kBProgress (5): 8.5/12 MB | 6.5/9.0 MB | 1.9/2.2 MB | 0.3/1.3 MB | 73/93 kBProgress (5): 8.5/12 MB | 6.5/9.0 MB | 1.9/2.2 MB | 0.3/1.3 MB | 73/93 kBProgress (5): 8.5/12 MB | 6.5/9.0 MB | 1.9/2.2 MB | 0.3/1.3 MB | 73/93 kBProgress (5): 8.5/12 MB | 6.5/9.0 MB | 1.9/2.2 MB | 0.3/1.3 MB | 77/93 kBProgress (5): 8.5/12 MB | 6.5/9.0 MB | 1.9/2.2 MB | 0.3/1.3 MB | 81/93 kBProgress (5): 8.5/12 MB | 6.5/9.0 MB | 1.9/2.2 MB | 0.3/1.3 MB | 86/93 kBProgress (5): 8.5/12 MB | 6.5/9.0 MB | 1.9/2.2 MB | 0.3/1.3 MB | 90/93 kBProgress (5): 8.5/12 MB | 6.5/9.0 MB | 1.9/2.2 MB | 0.3/1.3 MB | 93 kB   Progress (5): 8.5/12 MB | 6.5/9.0 MB | 2.0/2.2 MB | 0.3/1.3 MB | 93 kBProgress (5): 8.5/12 MB | 6.5/9.0 MB | 2.0/2.2 MB | 0.3/1.3 MB | 93 kBProgress (5): 8.5/12 MB | 6.5/9.0 MB | 2.0/2.2 MB | 0.3/1.3 MB | 93 kBProgress (5): 8.5/12 MB | 6.5/9.0 MB | 2.0/2.2 MB | 0.3/1.3 MB | 93 kBProgress (5): 8.5/12 MB | 6.5/9.0 MB | 2.0/2.2 MB | 0.3/1.3 MB | 93 kBProgress (5): 8.5/12 MB | 6.6/9.0 MB | 2.0/2.2 MB | 0.3/1.3 MB | 93 kB                                                                      Downloaded from central: https://repo.maven.apache.org/maven2/jakarta/validation/jakarta.validation-api/3.0.2/jakarta.validation-api-3.0.2.jar (93 kB at 6.9 kB/s)
Progress (4): 8.5/12 MB | 6.6/9.0 MB | 2.0/2.2 MB | 0.3/1.3 MB                                                              Downloading from central: https://repo.maven.apache.org/maven2/org/springframework/boot/spring-boot-starter-web/3.5.15/spring-boot-starter-web-3.5.15.jar
Progress (4): 8.5/12 MB | 6.7/9.0 MB | 2.0/2.2 MB | 0.3/1.3 MBProgress (4): 8.5/12 MB | 6.7/9.0 MB | 2.0/2.2 MB | 0.3/1.3 MBProgress (4): 8.5/12 MB | 6.7/9.0 MB | 2.0/2.2 MB | 0.3/1.3 MBProgress (4): 8.5/12 MB | 6.7/9.0 MB | 2.0/2.2 MB | 0.3/1.3 MBProgress (4): 8.5/12 MB | 6.7/9.0 MB | 2.0/2.2 MB | 0.3/1.3 MBProgress (4): 8.5/12 MB | 6.7/9.0 MB | 2.0/2.2 MB | 0.3/1.3 MBProgress (4): 8.5/12 MB | 6.7/9.0 MB | 2.0/2.2 MB | 0.3/1.3 MBProgress (4): 8.5/12 MB | 6.7/9.0 MB | 2.0/2.2 MB | 0.4/1.3 MBProgress (4): 8.6/12 MB | 6.7/9.0 MB | 2.0/2.2 MB | 0.4/1.3 MBProgress (4): 8.6/12 MB | 6.7/9.0 MB | 2.0/2.2 MB | 0.4/1.3 MBProgress (4): 8.6/12 MB | 6.7/9.0 MB | 2.0/2.2 MB | 0.4/1.3 MBProgress (4): 8.6/12 MB | 6.7/9.0 MB | 2.0/2.2 MB | 0.4/1.3 MBProgress (4): 8.6/12 MB | 6.7/9.0 MB | 2.0/2.2 MB | 0.4/1.3 MBProgress (4): 8.6/12 MB | 6.7/9.0 MB | 2.1/2.2 MB | 0.4/1.3 MBProgress (4): 8.6/12 MB | 6.7/9.0 MB | 2.1/2.2 MB | 0.4/1.3 MBProgress (4): 8.6/12 MB | 6.7/9.0 MB | 2.1/2.2 MB | 0.4/1.3 MBProgress (4): 8.6/12 MB | 6.7/9.0 MB | 2.1/2.2 MB | 0.4/1.3 MBProgress (4): 8.6/12 MB | 6.7/9.0 MB | 2.1/2.2 MB | 0.4/1.3 MBProgress (4): 8.6/12 MB | 6.8/9.0 MB | 2.1/2.2 MB | 0.4/1.3 MBProgress (4): 8.7/12 MB | 6.8/9.0 MB | 2.1/2.2 MB | 0.4/1.3 MBProgress (4): 8.7/12 MB | 6.8/9.0 MB | 2.1/2.2 MB | 0.4/1.3 MBProgress (5): 8.7/12 MB | 6.8/9.0 MB | 2.1/2.2 MB | 0.4/1.3 MB | 4.1/4.8 kBProgress (5): 8.7/12 MB | 6.8/9.0 MB | 2.1/2.2 MB | 0.4/1.3 MB | 4.1/4.8 kBProgress (5): 8.7/12 MB | 6.8/9.0 MB | 2.1/2.2 MB | 0.4/1.3 MB | 4.8 kB    Progress (5): 8.7/12 MB | 6.8/9.0 MB | 2.1/2.2 MB | 0.4/1.3 MB | 4.8 kBProgress (5): 8.7/12 MB | 6.8/9.0 MB | 2.1/2.2 MB | 0.4/1.3 MB | 4.8 kBProgress (5): 8.7/12 MB | 6.8/9.0 MB | 2.1/2.2 MB | 0.4/1.3 MB | 4.8 kBProgress (5): 8.7/12 MB | 6.8/9.0 MB | 2.1/2.2 MB | 0.4/1.3 MB | 4.8 kBProgress (5): 8.8/12 MB | 6.8/9.0 MB | 2.1/2.2 MB | 0.4/1.3 MB | 4.8 kBProgress (5): 8.8/12 MB | 6.9/9.0 MB | 2.1/2.2 MB | 0.4/1.3 MB | 4.8 kBProgress (5): 8.8/12 MB | 6.9/9.0 MB | 2.2/2.2 MB | 0.4/1.3 MB | 4.8 kBProgress (5): 8.8/12 MB | 6.9/9.0 MB | 2.2/2.2 MB | 0.4/1.3 MB | 4.8 kBProgress (5): 8.8/12 MB | 6.9/9.0 MB | 2.2/2.2 MB | 0.4/1.3 MB | 4.8 kBProgress (5): 8.8/12 MB | 6.9/9.0 MB | 2.2/2.2 MB | 0.4/1.3 MB | 4.8 kBProgress (5): 8.8/12 MB | 6.9/9.0 MB | 2.2/2.2 MB | 0.4/1.3 MB | 4.8 kBProgress (5): 8.8/12 MB | 6.9/9.0 MB | 2.2/2.2 MB | 0.4/1.3 MB | 4.8 kBProgress (5): 8.8/12 MB | 6.9/9.0 MB | 2.2/2.2 MB | 0.4/1.3 MB | 4.8 kBProgress (5): 8.8/12 MB | 6.9/9.0 MB | 2.2/2.2 MB | 0.4/1.3 MB | 4.8 kBProgress (5): 8.8/12 MB | 6.9/9.0 MB | 2.2/2.2 MB | 0.4/1.3 MB | 4.8 kBProgress (5): 8.8/12 MB | 6.9/9.0 MB | 2.2/2.2 MB | 0.4/1.3 MB | 4.8 kBProgress (5): 8.8/12 MB | 6.9/9.0 MB | 2.2 MB | 0.4/1.3 MB | 4.8 kB    Progress (5): 8.8/12 MB | 6.9/9.0 MB | 2.2 MB | 0.4/1.3 MB | 4.8 kB                                                                   Downloaded from central: https://repo.maven.apache.org/maven2/org/springframework/boot/spring-boot-starter-web/3.5.15/spring-boot-starter-web-3.5.15.jar (4.8 kB at 344 B/s)
Downloading from central: https://repo.maven.apache.org/maven2/org/springframework/boot/spring-boot-starter-json/3.5.15/spring-boot-starter-json-3.5.15.jar
Progress (4): 8.8/12 MB | 6.9/9.0 MB | 2.2 MB | 0.4/1.3 MBProgress (4): 8.8/12 MB | 6.9/9.0 MB | 2.2 MB | 0.5/1.3 MBProgress (4): 8.8/12 MB | 6.9/9.0 MB | 2.2 MB | 0.5/1.3 MBProgress (4): 8.8/12 MB | 6.9/9.0 MB | 2.2 MB | 0.5/1.3 MBProgress (4): 8.8/12 MB | 7.0/9.0 MB | 2.2 MB | 0.5/1.3 MBProgress (4): 8.8/12 MB | 7.0/9.0 MB | 2.2 MB | 0.5/1.3 MBProgress (4): 8.8/12 MB | 7.0/9.0 MB | 2.2 MB | 0.5/1.3 MBProgress (4): 8.8/12 MB | 7.0/9.0 MB | 2.2 MB | 0.5/1.3 MBProgress (4): 8.8/12 MB | 7.0/9.0 MB | 2.2 MB | 0.5/1.3 MBProgress (4): 8.8/12 MB | 7.0/9.0 MB | 2.2 MB | 0.5/1.3 MBProgress (4): 8.8/12 MB | 7.0/9.0 MB | 2.2 MB | 0.5/1.3 MBProgress (4): 8.9/12 MB | 7.0/9.0 MB | 2.2 MB | 0.5/1.3 MBProgress (4): 8.9/12 MB | 7.0/9.0 MB | 2.2 MB | 0.5/1.3 MBProgress (4): 8.9/12 MB | 7.1/9.0 MB | 2.2 MB | 0.5/1.3 MBProgress (4): 9.0/12 MB | 7.1/9.0 MB | 2.2 MB | 0.5/1.3 MBProgress (4): 9.0/12 MB | 7.1/9.0 MB | 2.2 MB | 0.5/1.3 MBProgress (4): 9.0/12 MB | 7.1/9.0 MB | 2.2 MB | 0.5/1.3 MBProgress (4): 9.0/12 MB | 7.1/9.0 MB | 2.2 MB | 0.5/1.3 MBProgress (4): 9.0/12 MB | 7.1/9.0 MB | 2.2 MB | 0.5/1.3 MBProgress (4): 9.0/12 MB | 7.1/9.0 MB | 2.2 MB | 0.6/1.3 MBProgress (4): 9.0/12 MB | 7.1/9.0 MB | 2.2 MB | 0.6/1.3 MBProgress (4): 9.0/12 MB | 7.2/9.0 MB | 2.2 MB | 0.6/1.3 MBProgress (4): 9.0/12 MB | 7.2/9.0 MB | 2.2 MB | 0.6/1.3 MBProgress (4): 9.0/12 MB | 7.2/9.0 MB | 2.2 MB | 0.6/1.3 MB                                                          Downloaded from central: https://repo.maven.apache.org/maven2/org/aspectj/aspectjweaver/1.9.25.1/aspectjweaver-1.9.25.1.jar (2.2 MB at 156 kB/s)
Downloading from central: https://repo.maven.apache.org/maven2/com/fasterxml/jackson/core/jackson-databind/2.21.4/jackson-databind-2.21.4.jar
Progress (4): 9.0/12 MB | 7.2/9.0 MB | 0.6/1.3 MB | 4.1/4.7 kBProgress (4): 9.0/12 MB | 7.2/9.0 MB | 0.6/1.3 MB | 4.7 kB    Progress (4): 9.0/12 MB | 7.2/9.0 MB | 0.6/1.3 MB | 4.7 kBProgress (4): 9.0/12 MB | 7.2/9.0 MB | 0.6/1.3 MB | 4.7 kBProgress (4): 9.0/12 MB | 7.2/9.0 MB | 0.6/1.3 MB | 4.7 kBProgress (4): 9.0/12 MB | 7.3/9.0 MB | 0.6/1.3 MB | 4.7 kBProgress (4): 9.0/12 MB | 7.3/9.0 MB | 0.6/1.3 MB | 4.7 kBProgress (4): 9.0/12 MB | 7.3/9.0 MB | 0.6/1.3 MB | 4.7 kBProgress (4): 9.0/12 MB | 7.3/9.0 MB | 0.6/1.3 MB | 4.7 kBProgress (4): 9.0/12 MB | 7.3/9.0 MB | 0.6/1.3 MB | 4.7 kBProgress (4): 9.1/12 MB | 7.3/9.0 MB | 0.6/1.3 MB | 4.7 kBProgress (4): 9.1/12 MB | 7.3/9.0 MB | 0.6/1.3 MB | 4.7 kBProgress (4): 9.1/12 MB | 7.3/9.0 MB | 0.6/1.3 MB | 4.7 kB                                                          Downloaded from central: https://repo.maven.apache.org/maven2/org/springframework/boot/spring-boot-starter-json/3.5.15/spring-boot-starter-json-3.5.15.jar (4.7 kB at 335 B/s)
Downloading from central: https://repo.maven.apache.org/maven2/com/fasterxml/jackson/core/jackson-annotations/2.21/jackson-annotations-2.21.jar
Progress (3): 9.1/12 MB | 7.3/9.0 MB | 0.6/1.3 MBProgress (3): 9.1/12 MB | 7.3/9.0 MB | 0.7/1.3 MBProgress (4): 9.1/12 MB | 7.3/9.0 MB | 0.7/1.3 MB | 0/1.7 MBProgress (4): 9.1/12 MB | 7.3/9.0 MB | 0.7/1.3 MB | 0/1.7 MBProgress (4): 9.1/12 MB | 7.3/9.0 MB | 0.7/1.3 MB | 0/1.7 MBProgress (4): 9.1/12 MB | 7.3/9.0 MB | 0.7/1.3 MB | 0/1.7 MBProgress (4): 9.1/12 MB | 7.3/9.0 MB | 0.7/1.3 MB | 0/1.7 MBProgress (4): 9.1/12 MB | 7.3/9.0 MB | 0.7/1.3 MB | 0/1.7 MBProgress (4): 9.1/12 MB | 7.3/9.0 MB | 0.7/1.3 MB | 0/1.7 MBProgress (4): 9.2/12 MB | 7.3/9.0 MB | 0.7/1.3 MB | 0/1.7 MBProgress (4): 9.2/12 MB | 7.3/9.0 MB | 0.7/1.3 MB | 0/1.7 MBProgress (4): 9.2/12 MB | 7.3/9.0 MB | 0.7/1.3 MB | 0/1.7 MBProgress (4): 9.2/12 MB | 7.3/9.0 MB | 0.7/1.3 MB | 0/1.7 MBProgress (4): 9.2/12 MB | 7.3/9.0 MB | 0.7/1.3 MB | 0/1.7 MBProgress (4): 9.2/12 MB | 7.3/9.0 MB | 0.7/1.3 MB | 0/1.7 MBProgress (4): 9.2/12 MB | 7.3/9.0 MB | 0.7/1.3 MB | 0/1.7 MBProgress (4): 9.2/12 MB | 7.3/9.0 MB | 0.7/1.3 MB | 0.1/1.7 MBProgress (4): 9.2/12 MB | 7.3/9.0 MB | 0.7/1.3 MB | 0.1/1.7 MBProgress (4): 9.2/12 MB | 7.3/9.0 MB | 0.7/1.3 MB | 0.1/1.7 MBProgress (4): 9.2/12 MB | 7.3/9.0 MB | 0.7/1.3 MB | 0.1/1.7 MBProgress (4): 9.2/12 MB | 7.3/9.0 MB | 0.7/1.3 MB | 0.1/1.7 MBProgress (4): 9.2/12 MB | 7.3/9.0 MB | 0.7/1.3 MB | 0.1/1.7 MBProgress (4): 9.2/12 MB | 7.3/9.0 MB | 0.7/1.3 MB | 0.1/1.7 MBProgress (4): 9.2/12 MB | 7.4/9.0 MB | 0.7/1.3 MB | 0.1/1.7 MBProgress (4): 9.2/12 MB | 7.4/9.0 MB | 0.7/1.3 MB | 0.1/1.7 MBProgress (4): 9.2/12 MB | 7.5/9.0 MB | 0.7/1.3 MB | 0.1/1.7 MBProgress (5): 9.2/12 MB | 7.5/9.0 MB | 0.7/1.3 MB | 0.1/1.7 MB | 4.1/82 kBProgress (5): 9.2/12 MB | 7.5/9.0 MB | 0.7/1.3 MB | 0.1/1.7 MB | 7.7/82 kBProgress (5): 9.2/12 MB | 7.5/9.0 MB | 0.7/1.3 MB | 0.1/1.7 MB | 12/82 kB Progress (5): 9.2/12 MB | 7.5/9.0 MB | 0.7/1.3 MB | 0.1/1.7 MB | 15/82 kBProgress (5): 9.2/12 MB | 7.5/9.0 MB | 0.8/1.3 MB | 0.1/1.7 MB | 15/82 kBProgress (5): 9.2/12 MB | 7.5/9.0 MB | 0.8/1.3 MB | 0.1/1.7 MB | 15/82 kBProgress (5): 9.2/12 MB | 7.5/9.0 MB | 0.8/1.3 MB | 0.1/1.7 MB | 15/82 kBProgress (5): 9.2/12 MB | 7.5/9.0 MB | 0.8/1.3 MB | 0.1/1.7 MB | 15/82 kBProgress (5): 9.2/12 MB | 7.5/9.0 MB | 0.8/1.3 MB | 0.1/1.7 MB | 15/82 kBProgress (5): 9.2/12 MB | 7.5/9.0 MB | 0.8/1.3 MB | 0.1/1.7 MB | 20/82 kBProgress (5): 9.2/12 MB | 7.5/9.0 MB | 0.8/1.3 MB | 0.1/1.7 MB | 24/82 kBProgress (5): 9.2/12 MB | 7.5/9.0 MB | 0.8/1.3 MB | 0.1/1.7 MB | 28/82 kBProgress (5): 9.2/12 MB | 7.5/9.0 MB | 0.8/1.3 MB | 0.1/1.7 MB | 32/82 kBProgress (5): 9.2/12 MB | 7.5/9.0 MB | 0.8/1.3 MB | 0.1/1.7 MB | 36/82 kBProgress (5): 9.2/12 MB | 7.5/9.0 MB | 0.8/1.3 MB | 0.1/1.7 MB | 40/82 kBProgress (5): 9.2/12 MB | 7.5/9.0 MB | 0.8/1.3 MB | 0.1/1.7 MB | 44/82 kBProgress (5): 9.2/12 MB | 7.5/9.0 MB | 0.8/1.3 MB | 0.1/1.7 MB | 48/82 kBProgress (5): 9.2/12 MB | 7.5/9.0 MB | 0.8/1.3 MB | 0.1/1.7 MB | 48/82 kBProgress (5): 9.2/12 MB | 7.5/9.0 MB | 0.8/1.3 MB | 0.1/1.7 MB | 48/82 kBProgress (5): 9.2/12 MB | 7.5/9.0 MB | 0.8/1.3 MB | 0.1/1.7 MB | 48/82 kBProgress (5): 9.2/12 MB | 7.6/9.0 MB | 0.8/1.3 MB | 0.1/1.7 MB | 48/82 kBProgress (5): 9.2/12 MB | 7.6/9.0 MB | 0.8/1.3 MB | 0.1/1.7 MB | 48/82 kBProgress (5): 9.2/12 MB | 7.6/9.0 MB | 0.8/1.3 MB | 0.1/1.7 MB | 48/82 kBProgress (5): 9.2/12 MB | 7.6/9.0 MB | 0.8/1.3 MB | 0.1/1.7 MB | 48/82 kBProgress (5): 9.2/12 MB | 7.6/9.0 MB | 0.8/1.3 MB | 0.1/1.7 MB | 48/82 kBProgress (5): 9.2/12 MB | 7.6/9.0 MB | 0.8/1.3 MB | 0.1/1.7 MB | 48/82 kBProgress (5): 9.2/12 MB | 7.6/9.0 MB | 0.8/1.3 MB | 0.1/1.7 MB | 48/82 kBProgress (5): 9.2/12 MB | 7.6/9.0 MB | 0.8/1.3 MB | 0.1/1.7 MB | 48/82 kBProgress (5): 9.2/12 MB | 7.6/9.0 MB | 0.8/1.3 MB | 0.1/1.7 MB | 48/82 kBProgress (5): 9.2/12 MB | 7.6/9.0 MB | 0.8/1.3 MB | 0.1/1.7 MB | 48/82 kBProgress (5): 9.2/12 MB | 7.6/9.0 MB | 0.8/1.3 MB | 0.1/1.7 MB | 48/82 kBProgress (5): 9.2/12 MB | 7.6/9.0 MB | 0.8/1.3 MB | 0.1/1.7 MB | 48/82 kBProgress (5): 9.2/12 MB | 7.6/9.0 MB | 0.8/1.3 MB | 0.2/1.7 MB | 48/82 kBProgress (5): 9.2/12 MB | 7.6/9.0 MB | 0.8/1.3 MB | 0.2/1.7 MB | 48/82 kBProgress (5): 9.2/12 MB | 7.6/9.0 MB | 0.8/1.3 MB | 0.2/1.7 MB | 48/82 kBProgress (5): 9.2/12 MB | 7.6/9.0 MB | 0.8/1.3 MB | 0.2/1.7 MB | 48/82 kBProgress (5): 9.2/12 MB | 7.7/9.0 MB | 0.8/1.3 MB | 0.2/1.7 MB | 48/82 kBProgress (5): 9.2/12 MB | 7.7/9.0 MB | 0.8/1.3 MB | 0.2/1.7 MB | 48/82 kBProgress (5): 9.2/12 MB | 7.7/9.0 MB | 0.8/1.3 MB | 0.2/1.7 MB | 48/82 kBProgress (5): 9.2/12 MB | 7.7/9.0 MB | 0.8/1.3 MB | 0.2/1.7 MB | 48/82 kBProgress (5): 9.3/12 MB | 7.7/9.0 MB | 0.8/1.3 MB | 0.2/1.7 MB | 48/82 kBProgress (5): 9.4/12 MB | 7.7/9.0 MB | 0.8/1.3 MB | 0.2/1.7 MB | 48/82 kBProgress (5): 9.4/12 MB | 7.7/9.0 MB | 0.8/1.3 MB | 0.2/1.7 MB | 48/82 kBProgress (5): 9.4/12 MB | 7.7/9.0 MB | 0.8/1.3 MB | 0.2/1.7 MB | 48/82 kBProgress (5): 9.4/12 MB | 7.7/9.0 MB | 0.8/1.3 MB | 0.2/1.7 MB | 48/82 kBProgress (5): 9.4/12 MB | 7.7/9.0 MB | 0.8/1.3 MB | 0.2/1.7 MB | 48/82 kBProgress (5): 9.4/12 MB | 7.7/9.0 MB | 0.8/1.3 MB | 0.2/1.7 MB | 48/82 kBProgress (5): 9.4/12 MB | 7.7/9.0 MB | 0.8/1.3 MB | 0.2/1.7 MB | 48/82 kBProgress (5): 9.4/12 MB | 7.7/9.0 MB | 0.8/1.3 MB | 0.2/1.7 MB | 48/82 kBProgress (5): 9.4/12 MB | 7.7/9.0 MB | 0.8/1.3 MB | 0.2/1.7 MB | 48/82 kBProgress (5): 9.4/12 MB | 7.7/9.0 MB | 0.8/1.3 MB | 0.2/1.7 MB | 48/82 kBProgress (5): 9.4/12 MB | 7.7/9.0 MB | 0.8/1.3 MB | 0.2/1.7 MB | 48/82 kBProgress (5): 9.4/12 MB | 7.7/9.0 MB | 0.8/1.3 MB | 0.2/1.7 MB | 48/82 kBProgress (5): 9.4/12 MB | 7.7/9.0 MB | 0.8/1.3 MB | 0.2/1.7 MB | 48/82 kBProgress (5): 9.4/12 MB | 7.7/9.0 MB | 0.8/1.3 MB | 0.2/1.7 MB | 48/82 kBProgress (5): 9.4/12 MB | 7.7/9.0 MB | 0.9/1.3 MB | 0.2/1.7 MB | 48/82 kBProgress (5): 9.4/12 MB | 7.7/9.0 MB | 0.9/1.3 MB | 0.2/1.7 MB | 48/82 kBProgress (5): 9.4/12 MB | 7.7/9.0 MB | 0.9/1.3 MB | 0.2/1.7 MB | 48/82 kBProgress (5): 9.4/12 MB | 7.7/9.0 MB | 0.9/1.3 MB | 0.2/1.7 MB | 48/82 kBProgress (5): 9.4/12 MB | 7.7/9.0 MB | 0.9/1.3 MB | 0.2/1.7 MB | 48/82 kBProgress (5): 9.4/12 MB | 7.7/9.0 MB | 0.9/1.3 MB | 0.2/1.7 MB | 48/82 kBProgress (5): 9.4/12 MB | 7.7/9.0 MB | 0.9/1.3 MB | 0.3/1.7 MB | 48/82 kBProgress (5): 9.4/12 MB | 7.7/9.0 MB | 0.9/1.3 MB | 0.3/1.7 MB | 48/82 kBProgress (5): 9.4/12 MB | 7.7/9.0 MB | 0.9/1.3 MB | 0.3/1.7 MB | 48/82 kBProgress (5): 9.4/12 MB | 7.7/9.0 MB | 0.9/1.3 MB | 0.3/1.7 MB | 48/82 kBProgress (5): 9.4/12 MB | 7.7/9.0 MB | 0.9/1.3 MB | 0.3/1.7 MB | 48/82 kBProgress (5): 9.4/12 MB | 7.7/9.0 MB | 0.9/1.3 MB | 0.3/1.7 MB | 48/82 kBProgress (5): 9.4/12 MB | 7.7/9.0 MB | 0.9/1.3 MB | 0.3/1.7 MB | 48/82 kBProgress (5): 9.4/12 MB | 7.7/9.0 MB | 0.9/1.3 MB | 0.3/1.7 MB | 48/82 kBProgress (5): 9.4/12 MB | 7.7/9.0 MB | 0.9/1.3 MB | 0.3/1.7 MB | 48/82 kBProgress (5): 9.4/12 MB | 7.7/9.0 MB | 0.9/1.3 MB | 0.3/1.7 MB | 48/82 kBProgress (5): 9.5/12 MB | 7.7/9.0 MB | 0.9/1.3 MB | 0.3/1.7 MB | 48/82 kBProgress (5): 9.5/12 MB | 7.7/9.0 MB | 0.9/1.3 MB | 0.3/1.7 MB | 48/82 kBProgress (5): 9.5/12 MB | 7.7/9.0 MB | 0.9/1.3 MB | 0.3/1.7 MB | 48/82 kBProgress (5): 9.5/12 MB | 7.8/9.0 MB | 0.9/1.3 MB | 0.3/1.7 MB | 48/82 kBProgress (5): 9.5/12 MB | 7.8/9.0 MB | 0.9/1.3 MB | 0.3/1.7 MB | 48/82 kBProgress (5): 9.5/12 MB | 7.9/9.0 MB | 0.9/1.3 MB | 0.3/1.7 MB | 48/82 kBProgress (5): 9.5/12 MB | 7.9/9.0 MB | 0.9/1.3 MB | 0.3/1.7 MB | 48/82 kBProgress (5): 9.5/12 MB | 8.0/9.0 MB | 0.9/1.3 MB | 0.3/1.7 MB | 48/82 kBProgress (5): 9.5/12 MB | 8.0/9.0 MB | 0.9/1.3 MB | 0.3/1.7 MB | 48/82 kBProgress (5): 9.5/12 MB | 8.0/9.0 MB | 0.9/1.3 MB | 0.3/1.7 MB | 48/82 kBProgress (5): 9.5/12 MB | 8.0/9.0 MB | 1.0/1.3 MB | 0.3/1.7 MB | 48/82 kBProgress (5): 9.5/12 MB | 8.0/9.0 MB | 1.0/1.3 MB | 0.3/1.7 MB | 48/82 kBProgress (5): 9.5/12 MB | 8.0/9.0 MB | 1.0/1.3 MB | 0.3/1.7 MB | 48/82 kBProgress (5): 9.5/12 MB | 8.0/9.0 MB | 1.0/1.3 MB | 0.3/1.7 MB | 48/82 kBProgress (5): 9.5/12 MB | 8.0/9.0 MB | 1.0/1.3 MB | 0.3/1.7 MB | 52/82 kBProgress (5): 9.5/12 MB | 8.0/9.0 MB | 1.0/1.3 MB | 0.3/1.7 MB | 56/82 kBProgress (5): 9.5/12 MB | 8.0/9.0 MB | 1.0/1.3 MB | 0.3/1.7 MB | 61/82 kBProgress (5): 9.5/12 MB | 8.0/9.0 MB | 1.0/1.3 MB | 0.3/1.7 MB | 65/82 kBProgress (5): 9.5/12 MB | 8.0/9.0 MB | 1.0/1.3 MB | 0.3/1.7 MB | 69/82 kBProgress (5): 9.5/12 MB | 8.0/9.0 MB | 1.0/1.3 MB | 0.3/1.7 MB | 73/82 kBProgress (5): 9.5/12 MB | 8.0/9.0 MB | 1.0/1.3 MB | 0.3/1.7 MB | 77/82 kBProgress (5): 9.5/12 MB | 8.0/9.0 MB | 1.0/1.3 MB | 0.3/1.7 MB | 81/82 kBProgress (5): 9.5/12 MB | 8.0/9.0 MB | 1.0/1.3 MB | 0.3/1.7 MB | 82 kB   Progress (5): 9.5/12 MB | 8.0/9.0 MB | 1.0/1.3 MB | 0.3/1.7 MB | 82 kBProgress (5): 9.5/12 MB | 8.0/9.0 MB | 1.0/1.3 MB | 0.3/1.7 MB | 82 kBProgress (5): 9.5/12 MB | 8.0/9.0 MB | 1.0/1.3 MB | 0.3/1.7 MB | 82 kBProgress (5): 9.6/12 MB | 8.0/9.0 MB | 1.0/1.3 MB | 0.3/1.7 MB | 82 kBProgress (5): 9.6/12 MB | 8.0/9.0 MB | 1.0/1.3 MB | 0.3/1.7 MB | 82 kBProgress (5): 9.6/12 MB | 8.0/9.0 MB | 1.0/1.3 MB | 0.3/1.7 MB | 82 kBProgress (5): 9.6/12 MB | 8.0/9.0 MB | 1.0/1.3 MB | 0.3/1.7 MB | 82 kBProgress (5): 9.6/12 MB | 8.0/9.0 MB | 1.0/1.3 MB | 0.3/1.7 MB | 82 kBProgress (5): 9.6/12 MB | 8.0/9.0 MB | 1.0/1.3 MB | 0.3/1.7 MB | 82 kBProgress (5): 9.6/12 MB | 8.0/9.0 MB | 1.0/1.3 MB | 0.3/1.7 MB | 82 kBProgress (5): 9.6/12 MB | 8.0/9.0 MB | 1.0/1.3 MB | 0.3/1.7 MB | 82 kBProgress (5): 9.6/12 MB | 8.0/9.0 MB | 1.0/1.3 MB | 0.3/1.7 MB | 82 kBProgress (5): 9.6/12 MB | 8.0/9.0 MB | 1.0/1.3 MB | 0.3/1.7 MB | 82 kBProgress (5): 9.6/12 MB | 8.0/9.0 MB | 1.0/1.3 MB | 0.3/1.7 MB | 82 kBProgress (5): 9.6/12 MB | 8.0/9.0 MB | 1.0/1.3 MB | 0.4/1.7 MB | 82 kBProgress (5): 9.6/12 MB | 8.0/9.0 MB | 1.1/1.3 MB | 0.4/1.7 MB | 82 kBProgress (5): 9.6/12 MB | 8.0/9.0 MB | 1.1/1.3 MB | 0.4/1.7 MB | 82 kBProgress (5): 9.6/12 MB | 8.0/9.0 MB | 1.1/1.3 MB | 0.4/1.7 MB | 82 kBProgress (5): 9.6/12 MB | 8.0/9.0 MB | 1.1/1.3 MB | 0.4/1.7 MB | 82 kBProgress (5): 9.6/12 MB | 8.0/9.0 MB | 1.1/1.3 MB | 0.4/1.7 MB | 82 kBProgress (5): 9.6/12 MB | 8.0/9.0 MB | 1.1/1.3 MB | 0.4/1.7 MB | 82 kBProgress (5): 9.6/12 MB | 8.0/9.0 MB | 1.1/1.3 MB | 0.4/1.7 MB | 82 kBProgress (5): 9.6/12 MB | 8.0/9.0 MB | 1.1/1.3 MB | 0.4/1.7 MB | 82 kBProgress (5): 9.6/12 MB | 8.0/9.0 MB | 1.1/1.3 MB | 0.4/1.7 MB | 82 kBProgress (5): 9.6/12 MB | 8.0/9.0 MB | 1.1/1.3 MB | 0.4/1.7 MB | 82 kBProgress (5): 9.6/12 MB | 8.0/9.0 MB | 1.1/1.3 MB | 0.4/1.7 MB | 82 kBProgress (5): 9.6/12 MB | 8.0/9.0 MB | 1.1/1.3 MB | 0.4/1.7 MB | 82 kB                                                                      Downloaded from central: https://repo.maven.apache.org/maven2/com/fasterxml/jackson/core/jackson-annotations/2.21/jackson-annotations-2.21.jar (82 kB at 5.5 kB/s)
Downloading from central: https://repo.maven.apache.org/maven2/com/fasterxml/jackson/core/jackson-core/2.21.4/jackson-core-2.21.4.jar
Progress (4): 9.6/12 MB | 8.0/9.0 MB | 1.1/1.3 MB | 0.4/1.7 MBProgress (4): 9.6/12 MB | 8.0/9.0 MB | 1.1/1.3 MB | 0.4/1.7 MBProgress (4): 9.6/12 MB | 8.0/9.0 MB | 1.1/1.3 MB | 0.4/1.7 MBProgress (4): 9.6/12 MB | 8.0/9.0 MB | 1.1/1.3 MB | 0.4/1.7 MBProgress (4): 9.6/12 MB | 8.1/9.0 MB | 1.1/1.3 MB | 0.4/1.7 MBProgress (4): 9.6/12 MB | 8.1/9.0 MB | 1.1/1.3 MB | 0.4/1.7 MBProgress (4): 9.6/12 MB | 8.2/9.0 MB | 1.1/1.3 MB | 0.4/1.7 MBProgress (4): 9.6/12 MB | 8.2/9.0 MB | 1.1/1.3 MB | 0.4/1.7 MBProgress (4): 9.6/12 MB | 8.3/9.0 MB | 1.1/1.3 MB | 0.4/1.7 MBProgress (4): 9.6/12 MB | 8.3/9.0 MB | 1.1/1.3 MB | 0.4/1.7 MBProgress (4): 9.6/12 MB | 8.3/9.0 MB | 1.1/1.3 MB | 0.4/1.7 MBProgress (4): 9.7/12 MB | 8.3/9.0 MB | 1.1/1.3 MB | 0.4/1.7 MBProgress (4): 9.7/12 MB | 8.3/9.0 MB | 1.1/1.3 MB | 0.4/1.7 MBProgress (4): 9.7/12 MB | 8.3/9.0 MB | 1.1/1.3 MB | 0.4/1.7 MBProgress (4): 9.7/12 MB | 8.3/9.0 MB | 1.1/1.3 MB | 0.4/1.7 MBProgress (4): 9.7/12 MB | 8.3/9.0 MB | 1.1/1.3 MB | 0.4/1.7 MBProgress (4): 9.7/12 MB | 8.3/9.0 MB | 1.1/1.3 MB | 0.4/1.7 MBProgress (4): 9.7/12 MB | 8.3/9.0 MB | 1.1/1.3 MB | 0.4/1.7 MBProgress (4): 9.7/12 MB | 8.3/9.0 MB | 1.1/1.3 MB | 0.4/1.7 MBProgress (4): 9.7/12 MB | 8.3/9.0 MB | 1.1/1.3 MB | 0.5/1.7 MBProgress (5): 9.7/12 MB | 8.3/9.0 MB | 1.1/1.3 MB | 0.5/1.7 MB | 4.1/594 kBProgress (5): 9.7/12 MB | 8.3/9.0 MB | 1.1/1.3 MB | 0.5/1.7 MB | 4.1/594 kBProgress (5): 9.7/12 MB | 8.3/9.0 MB | 1.1/1.3 MB | 0.5/1.7 MB | 7.7/594 kBProgress (5): 9.7/12 MB | 8.3/9.0 MB | 1.1/1.3 MB | 0.5/1.7 MB | 12/594 kB Progress (5): 9.7/12 MB | 8.3/9.0 MB | 1.1/1.3 MB | 0.5/1.7 MB | 12/594 kBProgress (5): 9.7/12 MB | 8.3/9.0 MB | 1.1/1.3 MB | 0.5/1.7 MB | 16/594 kBProgress (5): 9.7/12 MB | 8.3/9.0 MB | 1.2/1.3 MB | 0.5/1.7 MB | 16/594 kBProgress (5): 9.7/12 MB | 8.3/9.0 MB | 1.2/1.3 MB | 0.5/1.7 MB | 16/594 kBProgress (5): 9.7/12 MB | 8.3/9.0 MB | 1.2/1.3 MB | 0.5/1.7 MB | 16/594 kBProgress (5): 9.7/12 MB | 8.3/9.0 MB | 1.2/1.3 MB | 0.5/1.7 MB | 16/594 kBProgress (5): 9.7/12 MB | 8.3/9.0 MB | 1.2/1.3 MB | 0.5/1.7 MB | 16/594 kBProgress (5): 9.7/12 MB | 8.3/9.0 MB | 1.2/1.3 MB | 0.5/1.7 MB | 20/594 kBProgress (5): 9.7/12 MB | 8.3/9.0 MB | 1.2/1.3 MB | 0.5/1.7 MB | 24/594 kBProgress (5): 9.7/12 MB | 8.4/9.0 MB | 1.2/1.3 MB | 0.5/1.7 MB | 24/594 kBProgress (5): 9.7/12 MB | 8.4/9.0 MB | 1.2/1.3 MB | 0.5/1.7 MB | 24/594 kBProgress (5): 9.7/12 MB | 8.4/9.0 MB | 1.2/1.3 MB | 0.5/1.7 MB | 28/594 kBProgress (5): 9.7/12 MB | 8.4/9.0 MB | 1.2/1.3 MB | 0.5/1.7 MB | 28/594 kBProgress (5): 9.7/12 MB | 8.4/9.0 MB | 1.2/1.3 MB | 0.5/1.7 MB | 32/594 kBProgress (5): 9.7/12 MB | 8.4/9.0 MB | 1.2/1.3 MB | 0.5/1.7 MB | 36/594 kBProgress (5): 9.7/12 MB | 8.4/9.0 MB | 1.2/1.3 MB | 0.5/1.7 MB | 40/594 kBProgress (5): 9.7/12 MB | 8.4/9.0 MB | 1.2/1.3 MB | 0.5/1.7 MB | 45/594 kBProgress (5): 9.7/12 MB | 8.4/9.0 MB | 1.2/1.3 MB | 0.5/1.7 MB | 49/594 kBProgress (5): 9.7/12 MB | 8.4/9.0 MB | 1.2/1.3 MB | 0.5/1.7 MB | 53/594 kBProgress (5): 9.7/12 MB | 8.4/9.0 MB | 1.2/1.3 MB | 0.5/1.7 MB | 57/594 kBProgress (5): 9.7/12 MB | 8.4/9.0 MB | 1.2/1.3 MB | 0.5/1.7 MB | 61/594 kBProgress (5): 9.7/12 MB | 8.4/9.0 MB | 1.2/1.3 MB | 0.5/1.7 MB | 61/594 kBProgress (5): 9.7/12 MB | 8.4/9.0 MB | 1.2/1.3 MB | 0.5/1.7 MB | 61/594 kBProgress (5): 9.7/12 MB | 8.4/9.0 MB | 1.2/1.3 MB | 0.5/1.7 MB | 65/594 kBProgress (5): 9.7/12 MB | 8.4/9.0 MB | 1.2/1.3 MB | 0.5/1.7 MB | 65/594 kBProgress (5): 9.7/12 MB | 8.4/9.0 MB | 1.2/1.3 MB | 0.5/1.7 MB | 65/594 kBProgress (5): 9.7/12 MB | 8.4/9.0 MB | 1.2/1.3 MB | 0.5/1.7 MB | 69/594 kBProgress (5): 9.7/12 MB | 8.4/9.0 MB | 1.2/1.3 MB | 0.5/1.7 MB | 73/594 kBProgress (5): 9.7/12 MB | 8.4/9.0 MB | 1.2/1.3 MB | 0.5/1.7 MB | 77/594 kBProgress (5): 9.7/12 MB | 8.4/9.0 MB | 1.2/1.3 MB | 0.5/1.7 MB | 77/594 kBProgress (5): 9.7/12 MB | 8.4/9.0 MB | 1.2/1.3 MB | 0.5/1.7 MB | 77/594 kBProgress (5): 9.7/12 MB | 8.4/9.0 MB | 1.2/1.3 MB | 0.5/1.7 MB | 77/594 kBProgress (5): 9.8/12 MB | 8.4/9.0 MB | 1.2/1.3 MB | 0.5/1.7 MB | 77/594 kBProgress (5): 9.8/12 MB | 8.4/9.0 MB | 1.2/1.3 MB | 0.5/1.7 MB | 77/594 kBProgress (5): 9.8/12 MB | 8.4/9.0 MB | 1.2/1.3 MB | 0.5/1.7 MB | 77/594 kBProgress (5): 9.8/12 MB | 8.4/9.0 MB | 1.2/1.3 MB | 0.5/1.7 MB | 77/594 kBProgress (5): 9.8/12 MB | 8.4/9.0 MB | 1.2/1.3 MB | 0.5/1.7 MB | 81/594 kBProgress (5): 9.8/12 MB | 8.4/9.0 MB | 1.2/1.3 MB | 0.5/1.7 MB | 86/594 kBProgress (5): 9.8/12 MB | 8.4/9.0 MB | 1.2/1.3 MB | 0.5/1.7 MB | 90/594 kBProgress (5): 9.8/12 MB | 8.4/9.0 MB | 1.2/1.3 MB | 0.5/1.7 MB | 94/594 kBProgress (5): 9.8/12 MB | 8.4/9.0 MB | 1.2/1.3 MB | 0.5/1.7 MB | 94/594 kBProgress (5): 9.8/12 MB | 8.4/9.0 MB | 1.2/1.3 MB | 0.5/1.7 MB | 94/594 kBProgress (5): 9.8/12 MB | 8.4/9.0 MB | 1.2/1.3 MB | 0.5/1.7 MB | 94/594 kBProgress (5): 9.8/12 MB | 8.4/9.0 MB | 1.2/1.3 MB | 0.6/1.7 MB | 94/594 kBProgress (5): 9.8/12 MB | 8.5/9.0 MB | 1.2/1.3 MB | 0.6/1.7 MB | 94/594 kBProgress (5): 9.8/12 MB | 8.5/9.0 MB | 1.2/1.3 MB | 0.6/1.7 MB | 98/594 kBProgress (5): 9.8/12 MB | 8.5/9.0 MB | 1.2/1.3 MB | 0.6/1.7 MB | 102/594 kBProgress (5): 9.8/12 MB | 8.5/9.0 MB | 1.2/1.3 MB | 0.6/1.7 MB | 106/594 kBProgress (5): 9.8/12 MB | 8.5/9.0 MB | 1.2/1.3 MB | 0.6/1.7 MB | 110/594 kBProgress (5): 9.8/12 MB | 8.5/9.0 MB | 1.2/1.3 MB | 0.6/1.7 MB | 110/594 kBProgress (5): 9.8/12 MB | 8.5/9.0 MB | 1.2/1.3 MB | 0.6/1.7 MB | 110/594 kBProgress (5): 9.8/12 MB | 8.5/9.0 MB | 1.2/1.3 MB | 0.6/1.7 MB | 110/594 kBProgress (5): 9.8/12 MB | 8.5/9.0 MB | 1.2/1.3 MB | 0.6/1.7 MB | 110/594 kBProgress (5): 9.8/12 MB | 8.5/9.0 MB | 1.2/1.3 MB | 0.6/1.7 MB | 110/594 kBProgress (5): 9.8/12 MB | 8.5/9.0 MB | 1.2/1.3 MB | 0.6/1.7 MB | 110/594 kBProgress (5): 9.8/12 MB | 8.5/9.0 MB | 1.2/1.3 MB | 0.6/1.7 MB | 110/594 kBProgress (5): 9.8/12 MB | 8.5/9.0 MB | 1.2/1.3 MB | 0.6/1.7 MB | 114/594 kBProgress (5): 9.8/12 MB | 8.5/9.0 MB | 1.2/1.3 MB | 0.6/1.7 MB | 118/594 kBProgress (5): 9.8/12 MB | 8.5/9.0 MB | 1.2/1.3 MB | 0.6/1.7 MB | 122/594 kBProgress (5): 9.8/12 MB | 8.5/9.0 MB | 1.2/1.3 MB | 0.6/1.7 MB | 126/594 kBProgress (5): 9.8/12 MB | 8.5/9.0 MB | 1.2/1.3 MB | 0.6/1.7 MB | 131/594 kBProgress (5): 9.8/12 MB | 8.5/9.0 MB | 1.2/1.3 MB | 0.6/1.7 MB | 135/594 kBProgress (5): 9.8/12 MB | 8.5/9.0 MB | 1.2/1.3 MB | 0.6/1.7 MB | 139/594 kBProgress (5): 9.8/12 MB | 8.5/9.0 MB | 1.2/1.3 MB | 0.6/1.7 MB | 143/594 kBProgress (5): 9.8/12 MB | 8.5/9.0 MB | 1.2/1.3 MB | 0.6/1.7 MB | 143/594 kBProgress (5): 9.8/12 MB | 8.5/9.0 MB | 1.2/1.3 MB | 0.6/1.7 MB | 143/594 kBProgress (5): 9.8/12 MB | 8.5/9.0 MB | 1.2/1.3 MB | 0.6/1.7 MB | 143/594 kBProgress (5): 9.8/12 MB | 8.5/9.0 MB | 1.2/1.3 MB | 0.6/1.7 MB | 143/594 kBProgress (5): 9.8/12 MB | 8.5/9.0 MB | 1.2/1.3 MB | 0.6/1.7 MB | 143/594 kBProgress (5): 9.9/12 MB | 8.5/9.0 MB | 1.2/1.3 MB | 0.6/1.7 MB | 143/594 kBProgress (5): 9.9/12 MB | 8.5/9.0 MB | 1.2/1.3 MB | 0.6/1.7 MB | 147/594 kBProgress (5): 9.9/12 MB | 8.5/9.0 MB | 1.2/1.3 MB | 0.6/1.7 MB | 151/594 kBProgress (5): 9.9/12 MB | 8.5/9.0 MB | 1.2/1.3 MB | 0.6/1.7 MB | 155/594 kBProgress (5): 9.9/12 MB | 8.5/9.0 MB | 1.2/1.3 MB | 0.6/1.7 MB | 159/594 kBProgress (5): 9.9/12 MB | 8.5/9.0 MB | 1.3/1.3 MB | 0.6/1.7 MB | 159/594 kBProgress (5): 9.9/12 MB | 8.5/9.0 MB | 1.3/1.3 MB | 0.6/1.7 MB | 159/594 kBProgress (5): 9.9/12 MB | 8.5/9.0 MB | 1.3/1.3 MB | 0.6/1.7 MB | 159/594 kBProgress (5): 9.9/12 MB | 8.5/9.0 MB | 1.3/1.3 MB | 0.6/1.7 MB | 159/594 kBProgress (5): 9.9/12 MB | 8.5/9.0 MB | 1.3/1.3 MB | 0.6/1.7 MB | 159/594 kBProgress (5): 9.9/12 MB | 8.5/9.0 MB | 1.3/1.3 MB | 0.6/1.7 MB | 159/594 kBProgress (5): 9.9/12 MB | 8.5/9.0 MB | 1.3/1.3 MB | 0.6/1.7 MB | 159/594 kBProgress (5): 9.9/12 MB | 8.5/9.0 MB | 1.3/1.3 MB | 0.6/1.7 MB | 159/594 kBProgress (5): 9.9/12 MB | 8.6/9.0 MB | 1.3/1.3 MB | 0.6/1.7 MB | 159/594 kBProgress (5): 9.9/12 MB | 8.6/9.0 MB | 1.3/1.3 MB | 0.6/1.7 MB | 159/594 kBProgress (5): 9.9/12 MB | 8.6/9.0 MB | 1.3/1.3 MB | 0.6/1.7 MB | 159/594 kBProgress (5): 9.9/12 MB | 8.6/9.0 MB | 1.3/1.3 MB | 0.6/1.7 MB | 159/594 kBProgress (5): 9.9/12 MB | 8.6/9.0 MB | 1.3/1.3 MB | 0.6/1.7 MB | 159/594 kBProgress (5): 9.9/12 MB | 8.6/9.0 MB | 1.3 MB | 0.6/1.7 MB | 159/594 kB    Progress (5): 10.0/12 MB | 8.6/9.0 MB | 1.3 MB | 0.6/1.7 MB | 159/594 kBProgress (5): 10.0/12 MB | 8.6/9.0 MB | 1.3 MB | 0.6/1.7 MB | 163/594 kBProgress (5): 10.0/12 MB | 8.6/9.0 MB | 1.3 MB | 0.6/1.7 MB | 167/594 kBProgress (5): 10.0/12 MB | 8.6/9.0 MB | 1.3 MB | 0.6/1.7 MB | 172/594 kBProgress (5): 10.0/12 MB | 8.6/9.0 MB | 1.3 MB | 0.6/1.7 MB | 176/594 kBProgress (5): 10.0/12 MB | 8.6/9.0 MB | 1.3 MB | 0.6/1.7 MB | 176/594 kBProgress (5): 10.0/12 MB | 8.6/9.0 MB | 1.3 MB | 0.6/1.7 MB | 176/594 kBProgress (5): 10.0/12 MB | 8.6/9.0 MB | 1.3 MB | 0.6/1.7 MB | 176/594 kBProgress (5): 10.0/12 MB | 8.6/9.0 MB | 1.3 MB | 0.6/1.7 MB | 176/594 kBProgress (5): 10.0/12 MB | 8.6/9.0 MB | 1.3 MB | 0.7/1.7 MB | 176/594 kBProgress (5): 10.0/12 MB | 8.7/9.0 MB | 1.3 MB | 0.7/1.7 MB | 176/594 kBProgress (5): 10/12 MB | 8.7/9.0 MB | 1.3 MB | 0.7/1.7 MB | 176/594 kB  Progress (5): 10/12 MB | 8.7/9.0 MB | 1.3 MB | 0.7/1.7 MB | 176/594 kBProgress (5): 10/12 MB | 8.8/9.0 MB | 1.3 MB | 0.7/1.7 MB | 176/594 kBProgress (5): 10/12 MB | 8.8/9.0 MB | 1.3 MB | 0.7/1.7 MB | 176/594 kBProgress (5): 10/12 MB | 8.8/9.0 MB | 1.3 MB | 0.7/1.7 MB | 176/594 kB                                                                      Downloaded from central: https://repo.maven.apache.org/maven2/org/hibernate/validator/hibernate-validator/8.0.3.Final/hibernate-validator-8.0.3.Final.jar (1.3 MB at 84 kB/s)
Downloading from central: https://repo.maven.apache.org/maven2/com/fasterxml/jackson/datatype/jackson-datatype-jdk8/2.21.4/jackson-datatype-jdk8-2.21.4.jar
Progress (4): 10/12 MB | 8.8/9.0 MB | 0.7/1.7 MB | 176/594 kBProgress (4): 10/12 MB | 8.8/9.0 MB | 0.7/1.7 MB | 180/594 kBProgress (4): 10/12 MB | 8.8/9.0 MB | 0.7/1.7 MB | 184/594 kBProgress (4): 10/12 MB | 8.8/9.0 MB | 0.7/1.7 MB | 188/594 kBProgress (4): 10/12 MB | 8.8/9.0 MB | 0.7/1.7 MB | 192/594 kBProgress (4): 10/12 MB | 8.8/9.0 MB | 0.7/1.7 MB | 196/594 kBProgress (4): 10/12 MB | 8.8/9.0 MB | 0.7/1.7 MB | 200/594 kBProgress (4): 10/12 MB | 8.8/9.0 MB | 0.7/1.7 MB | 204/594 kBProgress (4): 10/12 MB | 8.8/9.0 MB | 0.7/1.7 MB | 208/594 kBProgress (4): 10/12 MB | 8.8/9.0 MB | 0.7/1.7 MB | 213/594 kBProgress (4): 10/12 MB | 8.8/9.0 MB | 0.7/1.7 MB | 217/594 kBProgress (4): 10/12 MB | 8.8/9.0 MB | 0.7/1.7 MB | 221/594 kBProgress (4): 10/12 MB | 8.8/9.0 MB | 0.7/1.7 MB | 225/594 kBProgress (4): 10/12 MB | 8.8/9.0 MB | 0.7/1.7 MB | 229/594 kBProgress (4): 10/12 MB | 8.8/9.0 MB | 0.7/1.7 MB | 233/594 kBProgress (4): 10/12 MB | 8.8/9.0 MB | 0.7/1.7 MB | 237/594 kBProgress (4): 10/12 MB | 8.8/9.0 MB | 0.7/1.7 MB | 241/594 kBProgress (4): 10/12 MB | 8.8/9.0 MB | 0.7/1.7 MB | 245/594 kBProgress (4): 10/12 MB | 8.8/9.0 MB | 0.7/1.7 MB | 249/594 kBProgress (4): 10/12 MB | 8.8/9.0 MB | 0.7/1.7 MB | 253/594 kBProgress (4): 10/12 MB | 8.8/9.0 MB | 0.7/1.7 MB | 258/594 kBProgress (4): 10/12 MB | 8.8/9.0 MB | 0.7/1.7 MB | 258/594 kBProgress (4): 10/12 MB | 8.8/9.0 MB | 0.7/1.7 MB | 258/594 kBProgress (4): 10/12 MB | 8.8/9.0 MB | 0.7/1.7 MB | 258/594 kBProgress (4): 10/12 MB | 8.8/9.0 MB | 0.7/1.7 MB | 262/594 kBProgress (4): 10/12 MB | 8.8/9.0 MB | 0.7/1.7 MB | 266/594 kBProgress (4): 10/12 MB | 8.8/9.0 MB | 0.7/1.7 MB | 270/594 kBProgress (4): 10/12 MB | 8.8/9.0 MB | 0.7/1.7 MB | 274/594 kBProgress (4): 10/12 MB | 8.8/9.0 MB | 0.7/1.7 MB | 274/594 kBProgress (4): 10/12 MB | 8.8/9.0 MB | 0.7/1.7 MB | 274/594 kBProgress (4): 10/12 MB | 8.8/9.0 MB | 0.7/1.7 MB | 278/594 kBProgress (4): 10/12 MB | 8.8/9.0 MB | 0.7/1.7 MB | 282/594 kBProgress (4): 10/12 MB | 8.8/9.0 MB | 0.7/1.7 MB | 286/594 kBProgress (4): 10/12 MB | 8.8/9.0 MB | 0.7/1.7 MB | 290/594 kBProgress (4): 10/12 MB | 8.8/9.0 MB | 0.7/1.7 MB | 290/594 kBProgress (4): 10/12 MB | 8.8/9.0 MB | 0.7/1.7 MB | 290/594 kBProgress (4): 10/12 MB | 8.8/9.0 MB | 0.7/1.7 MB | 290/594 kBProgress (4): 10/12 MB | 8.8/9.0 MB | 0.7/1.7 MB | 294/594 kBProgress (4): 10/12 MB | 8.8/9.0 MB | 0.7/1.7 MB | 299/594 kBProgress (4): 10/12 MB | 8.8/9.0 MB | 0.7/1.7 MB | 303/594 kBProgress (4): 10/12 MB | 8.8/9.0 MB | 0.7/1.7 MB | 307/594 kBProgress (4): 10/12 MB | 8.8/9.0 MB | 0.7/1.7 MB | 307/594 kBProgress (4): 10/12 MB | 8.8/9.0 MB | 0.7/1.7 MB | 307/594 kBProgress (4): 10/12 MB | 8.8/9.0 MB | 0.7/1.7 MB | 307/594 kBProgress (4): 10/12 MB | 8.8/9.0 MB | 0.8/1.7 MB | 307/594 kBProgress (4): 10/12 MB | 8.9/9.0 MB | 0.8/1.7 MB | 307/594 kBProgress (4): 10/12 MB | 8.9/9.0 MB | 0.8/1.7 MB | 307/594 kBProgress (4): 10/12 MB | 8.9/9.0 MB | 0.8/1.7 MB | 311/594 kBProgress (4): 10/12 MB | 8.9/9.0 MB | 0.8/1.7 MB | 315/594 kBProgress (4): 10/12 MB | 9.0/9.0 MB | 0.8/1.7 MB | 315/594 kBProgress (4): 10/12 MB | 9.0/9.0 MB | 0.8/1.7 MB | 319/594 kBProgress (5): 10/12 MB | 9.0/9.0 MB | 0.8/1.7 MB | 319/594 kB | 4.1/36 kBProgress (5): 10/12 MB | 9.0/9.0 MB | 0.8/1.7 MB | 323/594 kB | 4.1/36 kBProgress (5): 10/12 MB | 9.0/9.0 MB | 0.8/1.7 MB | 323/594 kB | 7.7/36 kBProgress (5): 10/12 MB | 9.0/9.0 MB | 0.8/1.7 MB | 323/594 kB | 7.7/36 kBProgress (5): 10/12 MB | 9.0/9.0 MB | 0.8/1.7 MB | 323/594 kB | 7.7/36 kBProgress (5): 10/12 MB | 9.0 MB | 0.8/1.7 MB | 323/594 kB | 7.7/36 kB    Progress (5): 10/12 MB | 9.0 MB | 0.8/1.7 MB | 323/594 kB | 7.7/36 kBProgress (5): 10/12 MB | 9.0 MB | 0.8/1.7 MB | 323/594 kB | 12/36 kB Progress (5): 10/12 MB | 9.0 MB | 0.8/1.7 MB | 327/594 kB | 12/36 kBProgress (5): 10/12 MB | 9.0 MB | 0.8/1.7 MB | 327/594 kB | 16/36 kBProgress (5): 10/12 MB | 9.0 MB | 0.8/1.7 MB | 327/594 kB | 16/36 kBProgress (5): 10/12 MB | 9.0 MB | 0.8/1.7 MB | 331/594 kB | 16/36 kBProgress (5): 10/12 MB | 9.0 MB | 0.8/1.7 MB | 331/594 kB | 20/36 kBProgress (5): 10/12 MB | 9.0 MB | 0.8/1.7 MB | 335/594 kB | 20/36 kBProgress (5): 10/12 MB | 9.0 MB | 0.8/1.7 MB | 335/594 kB | 24/36 kBProgress (5): 10/12 MB | 9.0 MB | 0.8/1.7 MB | 335/594 kB | 24/36 kBProgress (5): 10/12 MB | 9.0 MB | 0.8/1.7 MB | 339/594 kB | 24/36 kBProgress (5): 10/12 MB | 9.0 MB | 0.8/1.7 MB | 339/594 kB | 28/36 kBProgress (5): 10/12 MB | 9.0 MB | 0.8/1.7 MB | 339/594 kB | 32/36 kBProgress (5): 10/12 MB | 9.0 MB | 0.8/1.7 MB | 339/594 kB | 36 kB   Progress (5): 10/12 MB | 9.0 MB | 0.8/1.7 MB | 344/594 kB | 36 kBProgress (5): 10/12 MB | 9.0 MB | 0.8/1.7 MB | 344/594 kB | 36 kBProgress (5): 10/12 MB | 9.0 MB | 0.8/1.7 MB | 348/594 kB | 36 kBProgress (5): 10/12 MB | 9.0 MB | 0.8/1.7 MB | 348/594 kB | 36 kBProgress (5): 10/12 MB | 9.0 MB | 0.8/1.7 MB | 352/594 kB | 36 kBProgress (5): 10/12 MB | 9.0 MB | 0.8/1.7 MB | 356/594 kB | 36 kBProgress (5): 10/12 MB | 9.0 MB | 0.8/1.7 MB | 356/594 kB | 36 kBProgress (5): 10/12 MB | 9.0 MB | 0.8/1.7 MB | 360/594 kB | 36 kBProgress (5): 10/12 MB | 9.0 MB | 0.8/1.7 MB | 364/594 kB | 36 kBProgress (5): 10/12 MB | 9.0 MB | 0.8/1.7 MB | 368/594 kB | 36 kBProgress (5): 10/12 MB | 9.0 MB | 0.8/1.7 MB | 372/594 kB | 36 kB                                                                 Downloaded from central: https://repo.maven.apache.org/maven2/net/bytebuddy/byte-buddy/1.17.8/byte-buddy-1.17.8.jar (9.0 MB at 561 kB/s)
Downloading from central: https://repo.maven.apache.org/maven2/com/fasterxml/jackson/datatype/jackson-datatype-jsr310/2.21.4/jackson-datatype-jsr310-2.21.4.jar
Progress (4): 10/12 MB | 0.8/1.7 MB | 372/594 kB | 36 kBProgress (4): 10/12 MB | 0.8/1.7 MB | 372/594 kB | 36 kB                                                        Downloaded from central: https://repo.maven.apache.org/maven2/com/fasterxml/jackson/datatype/jackson-datatype-jdk8/2.21.4/jackson-datatype-jdk8-2.21.4.jar (36 kB at 2.2 kB/s)
Downloading from central: https://repo.maven.apache.org/maven2/com/fasterxml/jackson/module/jackson-module-parameter-names/2.21.4/jackson-module-parameter-names-2.21.4.jar
Progress (3): 10/12 MB | 0.8/1.7 MB | 376/594 kBProgress (3): 10/12 MB | 0.8/1.7 MB | 380/594 kBProgress (3): 10/12 MB | 0.8/1.7 MB | 385/594 kBProgress (3): 10/12 MB | 0.8/1.7 MB | 389/594 kBProgress (3): 10/12 MB | 0.8/1.7 MB | 389/594 kBProgress (3): 10/12 MB | 0.8/1.7 MB | 389/594 kBProgress (4): 10/12 MB | 0.8/1.7 MB | 389/594 kB | 3.2/137 kBProgress (4): 10/12 MB | 0.8/1.7 MB | 393/594 kB | 3.2/137 kBProgress (4): 10/12 MB | 0.8/1.7 MB | 397/594 kB | 3.2/137 kBProgress (4): 10/12 MB | 0.8/1.7 MB | 401/594 kB | 3.2/137 kBProgress (4): 10/12 MB | 0.8/1.7 MB | 405/594 kB | 3.2/137 kBProgress (4): 10/12 MB | 0.8/1.7 MB | 405/594 kB | 3.2/137 kBProgress (4): 10/12 MB | 0.8/1.7 MB | 405/594 kB | 7.3/137 kBProgress (4): 10/12 MB | 0.8/1.7 MB | 405/594 kB | 11/137 kB Progress (4): 10/12 MB | 0.8/1.7 MB | 405/594 kB | 15/137 kBProgress (4): 10/12 MB | 0.8/1.7 MB | 405/594 kB | 20/137 kBProgress (4): 10/12 MB | 0.8/1.7 MB | 405/594 kB | 20/137 kBProgress (4): 10/12 MB | 0.9/1.7 MB | 405/594 kB | 20/137 kBProgress (4): 10/12 MB | 0.9/1.7 MB | 405/594 kB | 24/137 kBProgress (4): 10/12 MB | 0.9/1.7 MB | 405/594 kB | 28/137 kBProgress (5): 10/12 MB | 0.9/1.7 MB | 405/594 kB | 28/137 kB | 4.1/10 kBProgress (5): 10/12 MB | 0.9/1.7 MB | 405/594 kB | 28/137 kB | 7.7/10 kBProgress (5): 10/12 MB | 0.9/1.7 MB | 405/594 kB | 28/137 kB | 10 kB    Progress (5): 10/12 MB | 0.9/1.7 MB | 405/594 kB | 32/137 kB | 10 kBProgress (5): 10/12 MB | 0.9/1.7 MB | 405/594 kB | 36/137 kB | 10 kBProgress (5): 10/12 MB | 0.9/1.7 MB | 405/594 kB | 40/137 kB | 10 kBProgress (5): 10/12 MB | 0.9/1.7 MB | 405/594 kB | 44/137 kB | 10 kBProgress (5): 10/12 MB | 0.9/1.7 MB | 409/594 kB | 44/137 kB | 10 kBProgress (5): 10/12 MB | 0.9/1.7 MB | 413/594 kB | 44/137 kB | 10 kBProgress (5): 10/12 MB | 0.9/1.7 MB | 417/594 kB | 44/137 kB | 10 kBProgress (5): 10/12 MB | 0.9/1.7 MB | 421/594 kB | 44/137 kB | 10 kBProgress (5): 10/12 MB | 0.9/1.7 MB | 421/594 kB | 44/137 kB | 10 kBProgress (5): 10/12 MB | 0.9/1.7 MB | 421/594 kB | 44/137 kB | 10 kBProgress (5): 10/12 MB | 0.9/1.7 MB | 421/594 kB | 48/137 kB | 10 kBProgress (5): 10/12 MB | 0.9/1.7 MB | 421/594 kB | 52/137 kB | 10 kBProgress (5): 10/12 MB | 0.9/1.7 MB | 421/594 kB | 56/137 kB | 10 kBProgress (5): 10/12 MB | 0.9/1.7 MB | 421/594 kB | 61/137 kB | 10 kBProgress (5): 10/12 MB | 0.9/1.7 MB | 421/594 kB | 65/137 kB | 10 kBProgress (5): 10/12 MB | 0.9/1.7 MB | 421/594 kB | 69/137 kB | 10 kBProgress (5): 10/12 MB | 0.9/1.7 MB | 421/594 kB | 73/137 kB | 10 kBProgress (5): 10/12 MB | 0.9/1.7 MB | 421/594 kB | 77/137 kB | 10 kBProgress (5): 10/12 MB | 0.9/1.7 MB | 426/594 kB | 77/137 kB | 10 kBProgress (5): 10/12 MB | 0.9/1.7 MB | 430/594 kB | 77/137 kB | 10 kBProgress (5): 10/12 MB | 0.9/1.7 MB | 434/594 kB | 77/137 kB | 10 kBProgress (5): 10/12 MB | 0.9/1.7 MB | 438/594 kB | 77/137 kB | 10 kBProgress (5): 10/12 MB | 0.9/1.7 MB | 438/594 kB | 77/137 kB | 10 kBProgress (5): 10/12 MB | 0.9/1.7 MB | 438/594 kB | 77/137 kB | 10 kBProgress (5): 10/12 MB | 0.9/1.7 MB | 438/594 kB | 81/137 kB | 10 kBProgress (5): 10/12 MB | 0.9/1.7 MB | 438/594 kB | 85/137 kB | 10 kBProgress (5): 10/12 MB | 0.9/1.7 MB | 438/594 kB | 89/137 kB | 10 kBProgress (5): 10/12 MB | 0.9/1.7 MB | 438/594 kB | 93/137 kB | 10 kBProgress (5): 10/12 MB | 0.9/1.7 MB | 438/594 kB | 93/137 kB | 10 kBProgress (5): 10/12 MB | 0.9/1.7 MB | 438/594 kB | 97/137 kB | 10 kBProgress (5): 10/12 MB | 0.9/1.7 MB | 438/594 kB | 101/137 kB | 10 kBProgress (5): 10/12 MB | 0.9/1.7 MB | 438/594 kB | 106/137 kB | 10 kBProgress (5): 10/12 MB | 0.9/1.7 MB | 438/594 kB | 110/137 kB | 10 kBProgress (5): 10/12 MB | 0.9/1.7 MB | 442/594 kB | 110/137 kB | 10 kBProgress (5): 10/12 MB | 0.9/1.7 MB | 446/594 kB | 110/137 kB | 10 kBProgress (5): 10/12 MB | 0.9/1.7 MB | 450/594 kB | 110/137 kB | 10 kBProgress (5): 10/12 MB | 0.9/1.7 MB | 454/594 kB | 110/137 kB | 10 kBProgress (5): 10/12 MB | 0.9/1.7 MB | 454/594 kB | 114/137 kB | 10 kBProgress (5): 10/12 MB | 0.9/1.7 MB | 454/594 kB | 118/137 kB | 10 kBProgress (5): 10/12 MB | 0.9/1.7 MB | 454/594 kB | 122/137 kB | 10 kBProgress (5): 10/12 MB | 0.9/1.7 MB | 454/594 kB | 126/137 kB | 10 kBProgress (5): 10/12 MB | 0.9/1.7 MB | 454/594 kB | 126/137 kB | 10 kBProgress (5): 10/12 MB | 0.9/1.7 MB | 454/594 kB | 126/137 kB | 10 kBProgress (5): 10/12 MB | 0.9/1.7 MB | 454/594 kB | 130/137 kB | 10 kBProgress (5): 10/12 MB | 0.9/1.7 MB | 454/594 kB | 134/137 kB | 10 kBProgress (5): 10/12 MB | 0.9/1.7 MB | 454/594 kB | 137 kB | 10 kB    Progress (5): 10/12 MB | 0.9/1.7 MB | 458/594 kB | 137 kB | 10 kBProgress (5): 10/12 MB | 0.9/1.7 MB | 462/594 kB | 137 kB | 10 kBProgress (5): 10/12 MB | 0.9/1.7 MB | 466/594 kB | 137 kB | 10 kBProgress (5): 10/12 MB | 0.9/1.7 MB | 471/594 kB | 137 kB | 10 kBProgress (5): 10/12 MB | 0.9/1.7 MB | 471/594 kB | 137 kB | 10 kBProgress (5): 10/12 MB | 0.9/1.7 MB | 471/594 kB | 137 kB | 10 kBProgress (5): 10/12 MB | 0.9/1.7 MB | 475/594 kB | 137 kB | 10 kBProgress (5): 10/12 MB | 0.9/1.7 MB | 479/594 kB | 137 kB | 10 kBProgress (5): 10/12 MB | 0.9/1.7 MB | 483/594 kB | 137 kB | 10 kBProgress (5): 10/12 MB | 0.9/1.7 MB | 487/594 kB | 137 kB | 10 kBProgress (5): 10/12 MB | 0.9/1.7 MB | 487/594 kB | 137 kB | 10 kB                                                                 Downloaded from central: https://repo.maven.apache.org/maven2/com/fasterxml/jackson/module/jackson-module-parameter-names/2.21.4/jackson-module-parameter-names-2.21.4.jar (10 kB at 624 B/s)
Downloading from central: https://repo.maven.apache.org/maven2/org/springframework/boot/spring-boot-starter-tomcat/3.5.15/spring-boot-starter-tomcat-3.5.15.jar
Progress (4): 10/12 MB | 0.9/1.7 MB | 487/594 kB | 137 kBProgress (4): 10/12 MB | 0.9/1.7 MB | 487/594 kB | 137 kBProgress (4): 10/12 MB | 0.9/1.7 MB | 491/594 kB | 137 kBProgress (4): 10/12 MB | 0.9/1.7 MB | 495/594 kB | 137 kBProgress (4): 10/12 MB | 0.9/1.7 MB | 499/594 kB | 137 kBProgress (4): 10/12 MB | 0.9/1.7 MB | 503/594 kB | 137 kB                                                         Downloaded from central: https://repo.maven.apache.org/maven2/com/fasterxml/jackson/datatype/jackson-datatype-jsr310/2.21.4/jackson-datatype-jsr310-2.21.4.jar (137 kB at 8.4 kB/s)
Downloading from central: https://repo.maven.apache.org/maven2/org/apache/tomcat/embed/tomcat-embed-core/10.1.55/tomcat-embed-core-10.1.55.jar
Progress (3): 10/12 MB | 0.9/1.7 MB | 503/594 kBProgress (3): 10/12 MB | 0.9/1.7 MB | 503/594 kBProgress (3): 10/12 MB | 0.9/1.7 MB | 507/594 kBProgress (3): 10/12 MB | 0.9/1.7 MB | 512/594 kBProgress (3): 10/12 MB | 0.9/1.7 MB | 516/594 kBProgress (3): 10/12 MB | 0.9/1.7 MB | 520/594 kBProgress (4): 10/12 MB | 0.9/1.7 MB | 520/594 kB | 3.2/4.8 kBProgress (4): 10/12 MB | 0.9/1.7 MB | 520/594 kB | 4.8 kB    Progress (4): 11/12 MB | 0.9/1.7 MB | 520/594 kB | 4.8 kBProgress (4): 11/12 MB | 1.0/1.7 MB | 520/594 kB | 4.8 kBProgress (4): 11/12 MB | 1.0/1.7 MB | 520/594 kB | 4.8 kBProgress (4): 11/12 MB | 1.0/1.7 MB | 524/594 kB | 4.8 kBProgress (4): 11/12 MB | 1.0/1.7 MB | 528/594 kB | 4.8 kBProgress (4): 11/12 MB | 1.0/1.7 MB | 532/594 kB | 4.8 kBProgress (4): 11/12 MB | 1.0/1.7 MB | 536/594 kB | 4.8 kBProgress (4): 11/12 MB | 1.0/1.7 MB | 536/594 kB | 4.8 kBProgress (4): 11/12 MB | 1.0/1.7 MB | 536/594 kB | 4.8 kBProgress (4): 11/12 MB | 1.0/1.7 MB | 540/594 kB | 4.8 kBProgress (4): 11/12 MB | 1.0/1.7 MB | 544/594 kB | 4.8 kBProgress (4): 11/12 MB | 1.0/1.7 MB | 548/594 kB | 4.8 kBProgress (4): 11/12 MB | 1.0/1.7 MB | 552/594 kB | 4.8 kBProgress (5): 11/12 MB | 1.0/1.7 MB | 552/594 kB | 4.8 kB | 0/3.7 MB                                                                    Downloaded from central: https://repo.maven.apache.org/maven2/org/springframework/boot/spring-boot-starter-tomcat/3.5.15/spring-boot-starter-tomcat-3.5.15.jar (4.8 kB at 291 B/s)
Downloading from central: https://repo.maven.apache.org/maven2/org/apache/tomcat/embed/tomcat-embed-websocket/10.1.55/tomcat-embed-websocket-10.1.55.jar
Progress (4): 11/12 MB | 1.0/1.7 MB | 557/594 kB | 0/3.7 MBProgress (4): 11/12 MB | 1.0/1.7 MB | 557/594 kB | 0/3.7 MBProgress (4): 11/12 MB | 1.0/1.7 MB | 557/594 kB | 0/3.7 MBProgress (4): 11/12 MB | 1.0/1.7 MB | 561/594 kB | 0/3.7 MBProgress (4): 11/12 MB | 1.0/1.7 MB | 561/594 kB | 0/3.7 MBProgress (4): 11/12 MB | 1.0/1.7 MB | 565/594 kB | 0/3.7 MBProgress (4): 11/12 MB | 1.0/1.7 MB | 565/594 kB | 0/3.7 MBProgress (4): 11/12 MB | 1.0/1.7 MB | 569/594 kB | 0/3.7 MBProgress (4): 11/12 MB | 1.0/1.7 MB | 569/594 kB | 0.1/3.7 MBProgress (4): 11/12 MB | 1.0/1.7 MB | 569/594 kB | 0.1/3.7 MBProgress (4): 11/12 MB | 1.0/1.7 MB | 569/594 kB | 0.1/3.7 MBProgress (4): 11/12 MB | 1.0/1.7 MB | 569/594 kB | 0.1/3.7 MBProgress (4): 11/12 MB | 1.0/1.7 MB | 573/594 kB | 0.1/3.7 MBProgress (4): 11/12 MB | 1.0/1.7 MB | 573/594 kB | 0.1/3.7 MBProgress (4): 11/12 MB | 1.0/1.7 MB | 577/594 kB | 0.1/3.7 MBProgress (4): 11/12 MB | 1.0/1.7 MB | 581/594 kB | 0.1/3.7 MBProgress (4): 11/12 MB | 1.0/1.7 MB | 585/594 kB | 0.1/3.7 MBProgress (4): 11/12 MB | 1.0/1.7 MB | 589/594 kB | 0.1/3.7 MBProgress (4): 11/12 MB | 1.0/1.7 MB | 593/594 kB | 0.1/3.7 MBProgress (4): 11/12 MB | 1.0/1.7 MB | 594 kB | 0.1/3.7 MB    Progress (4): 11/12 MB | 1.0/1.7 MB | 594 kB | 0.1/3.7 MBProgress (4): 11/12 MB | 1.0/1.7 MB | 594 kB | 0.1/3.7 MBProgress (4): 11/12 MB | 1.0/1.7 MB | 594 kB | 0.1/3.7 MBProgress (4): 11/12 MB | 1.0/1.7 MB | 594 kB | 0.1/3.7 MBProgress (4): 11/12 MB | 1.0/1.7 MB | 594 kB | 0.1/3.7 MBProgress (4): 11/12 MB | 1.0/1.7 MB | 594 kB | 0.1/3.7 MBProgress (5): 11/12 MB | 1.0/1.7 MB | 594 kB | 0.1/3.7 MB | 4.1/284 kBProgress (5): 11/12 MB | 1.0/1.7 MB | 594 kB | 0.1/3.7 MB | 7.7/284 kBProgress (5): 11/12 MB | 1.0/1.7 MB | 594 kB | 0.1/3.7 MB | 12/284 kB Progress (5): 11/12 MB | 1.0/1.7 MB | 594 kB | 0.1/3.7 MB | 16/284 kBProgress (5): 11/12 MB | 1.0/1.7 MB | 594 kB | 0.1/3.7 MB | 16/284 kBProgress (5): 11/12 MB | 1.0/1.7 MB | 594 kB | 0.1/3.7 MB | 16/284 kBProgress (5): 11/12 MB | 1.0/1.7 MB | 594 kB | 0.1/3.7 MB | 20/284 kBProgress (5): 11/12 MB | 1.0/1.7 MB | 594 kB | 0.1/3.7 MB | 24/284 kBProgress (5): 11/12 MB | 1.0/1.7 MB | 594 kB | 0.2/3.7 MB | 24/284 kBProgress (5): 11/12 MB | 1.0/1.7 MB | 594 kB | 0.2/3.7 MB | 28/284 kBProgress (5): 11/12 MB | 1.0/1.7 MB | 594 kB | 0.2/3.7 MB | 28/284 kBProgress (5): 11/12 MB | 1.0/1.7 MB | 594 kB | 0.2/3.7 MB | 32/284 kBProgress (5): 11/12 MB | 1.0/1.7 MB | 594 kB | 0.2/3.7 MB | 32/284 kBProgress (5): 11/12 MB | 1.0/1.7 MB | 594 kB | 0.2/3.7 MB | 36/284 kBProgress (5): 11/12 MB | 1.1/1.7 MB | 594 kB | 0.2/3.7 MB | 36/284 kBProgress (5): 11/12 MB | 1.1/1.7 MB | 594 kB | 0.2/3.7 MB | 40/284 kBProgress (5): 11/12 MB | 1.1/1.7 MB | 594 kB | 0.2/3.7 MB | 40/284 kB                                                                     Downloaded from central: https://repo.maven.apache.org/maven2/com/fasterxml/jackson/core/jackson-core/2.21.4/jackson-core-2.21.4.jar (594 kB at 36 kB/s)
Downloading from central: https://repo.maven.apache.org/maven2/org/springframework/spring-web/6.2.19/spring-web-6.2.19.jar
Progress (4): 11/12 MB | 1.1/1.7 MB | 0.2/3.7 MB | 45/284 kBProgress (4): 11/12 MB | 1.1/1.7 MB | 0.2/3.7 MB | 45/284 kBProgress (4): 11/12 MB | 1.1/1.7 MB | 0.2/3.7 MB | 49/284 kBProgress (4): 11/12 MB | 1.1/1.7 MB | 0.2/3.7 MB | 53/284 kBProgress (4): 11/12 MB | 1.1/1.7 MB | 0.2/3.7 MB | 57/284 kBProgress (4): 11/12 MB | 1.1/1.7 MB | 0.2/3.7 MB | 57/284 kBProgress (4): 11/12 MB | 1.1/1.7 MB | 0.2/3.7 MB | 57/284 kBProgress (4): 11/12 MB | 1.1/1.7 MB | 0.2/3.7 MB | 57/284 kBProgress (4): 11/12 MB | 1.1/1.7 MB | 0.2/3.7 MB | 57/284 kBProgress (4): 11/12 MB | 1.1/1.7 MB | 0.2/3.7 MB | 61/284 kBProgress (4): 11/12 MB | 1.1/1.7 MB | 0.2/3.7 MB | 61/284 kBProgress (4): 11/12 MB | 1.1/1.7 MB | 0.2/3.7 MB | 61/284 kBProgress (4): 11/12 MB | 1.1/1.7 MB | 0.2/3.7 MB | 65/284 kBProgress (4): 11/12 MB | 1.1/1.7 MB | 0.2/3.7 MB | 65/284 kBProgress (4): 11/12 MB | 1.1/1.7 MB | 0.2/3.7 MB | 69/284 kBProgress (4): 11/12 MB | 1.1/1.7 MB | 0.2/3.7 MB | 73/284 kBProgress (4): 11/12 MB | 1.1/1.7 MB | 0.2/3.7 MB | 73/284 kBProgress (4): 11/12 MB | 1.1/1.7 MB | 0.3/3.7 MB | 73/284 kBProgress (4): 11/12 MB | 1.1/1.7 MB | 0.3/3.7 MB | 77/284 kBProgress (4): 11/12 MB | 1.1/1.7 MB | 0.3/3.7 MB | 81/284 kBProgress (4): 11/12 MB | 1.1/1.7 MB | 0.3/3.7 MB | 86/284 kBProgress (4): 11/12 MB | 1.1/1.7 MB | 0.3/3.7 MB | 90/284 kBProgress (4): 11/12 MB | 1.1/1.7 MB | 0.3/3.7 MB | 90/284 kBProgress (4): 11/12 MB | 1.1/1.7 MB | 0.3/3.7 MB | 90/284 kBProgress (4): 11/12 MB | 1.1/1.7 MB | 0.3/3.7 MB | 90/284 kBProgress (4): 11/12 MB | 1.1/1.7 MB | 0.3/3.7 MB | 90/284 kBProgress (4): 11/12 MB | 1.1/1.7 MB | 0.3/3.7 MB | 90/284 kBProgress (4): 11/12 MB | 1.1/1.7 MB | 0.3/3.7 MB | 94/284 kBProgress (4): 11/12 MB | 1.1/1.7 MB | 0.3/3.7 MB | 98/284 kBProgress (4): 11/12 MB | 1.1/1.7 MB | 0.3/3.7 MB | 102/284 kBProgress (4): 11/12 MB | 1.1/1.7 MB | 0.3/3.7 MB | 106/284 kBProgress (4): 11/12 MB | 1.1/1.7 MB | 0.3/3.7 MB | 106/284 kBProgress (4): 11/12 MB | 1.1/1.7 MB | 0.3/3.7 MB | 106/284 kBProgress (4): 11/12 MB | 1.1/1.7 MB | 0.3/3.7 MB | 106/284 kBProgress (4): 11/12 MB | 1.1/1.7 MB | 0.3/3.7 MB | 110/284 kBProgress (4): 11/12 MB | 1.1/1.7 MB | 0.3/3.7 MB | 114/284 kBProgress (4): 11/12 MB | 1.1/1.7 MB | 0.3/3.7 MB | 118/284 kBProgress (4): 11/12 MB | 1.1/1.7 MB | 0.3/3.7 MB | 122/284 kBProgress (4): 11/12 MB | 1.1/1.7 MB | 0.3/3.7 MB | 122/284 kBProgress (4): 11/12 MB | 1.1/1.7 MB | 0.3/3.7 MB | 122/284 kBProgress (4): 11/12 MB | 1.1/1.7 MB | 0.3/3.7 MB | 122/284 kBProgress (4): 11/12 MB | 1.1/1.7 MB | 0.3/3.7 MB | 122/284 kBProgress (4): 11/12 MB | 1.1/1.7 MB | 0.3/3.7 MB | 122/284 kBProgress (4): 11/12 MB | 1.1/1.7 MB | 0.3/3.7 MB | 126/284 kBProgress (4): 11/12 MB | 1.1/1.7 MB | 0.3/3.7 MB | 131/284 kBProgress (4): 11/12 MB | 1.1/1.7 MB | 0.3/3.7 MB | 135/284 kBProgress (4): 11/12 MB | 1.1/1.7 MB | 0.3/3.7 MB | 139/284 kBProgress (4): 11/12 MB | 1.1/1.7 MB | 0.4/3.7 MB | 139/284 kBProgress (4): 11/12 MB | 1.1/1.7 MB | 0.4/3.7 MB | 139/284 kBProgress (4): 11/12 MB | 1.2/1.7 MB | 0.4/3.7 MB | 139/284 kBProgress (4): 11/12 MB | 1.2/1.7 MB | 0.4/3.7 MB | 139/284 kBProgress (4): 11/12 MB | 1.2/1.7 MB | 0.4/3.7 MB | 139/284 kBProgress (4): 11/12 MB | 1.2/1.7 MB | 0.4/3.7 MB | 143/284 kBProgress (4): 11/12 MB | 1.2/1.7 MB | 0.4/3.7 MB | 147/284 kBProgress (4): 11/12 MB | 1.2/1.7 MB | 0.4/3.7 MB | 151/284 kBProgress (4): 11/12 MB | 1.2/1.7 MB | 0.4/3.7 MB | 155/284 kBProgress (5): 11/12 MB | 1.2/1.7 MB | 0.4/3.7 MB | 155/284 kB | 0/2.1 MBProgress (5): 11/12 MB | 1.2/1.7 MB | 0.4/3.7 MB | 155/284 kB | 0/2.1 MBProgress (5): 11/12 MB | 1.2/1.7 MB | 0.4/3.7 MB | 155/284 kB | 0/2.1 MBProgress (5): 11/12 MB | 1.2/1.7 MB | 0.4/3.7 MB | 155/284 kB | 0.1/2.1 MBProgress (5): 11/12 MB | 1.2/1.7 MB | 0.4/3.7 MB | 155/284 kB | 0.1/2.1 MBProgress (5): 11/12 MB | 1.2/1.7 MB | 0.4/3.7 MB | 155/284 kB | 0.1/2.1 MBProgress (5): 11/12 MB | 1.2/1.7 MB | 0.4/3.7 MB | 155/284 kB | 0.1/2.1 MBProgress (5): 11/12 MB | 1.2/1.7 MB | 0.4/3.7 MB | 155/284 kB | 0.1/2.1 MBProgress (5): 11/12 MB | 1.2/1.7 MB | 0.4/3.7 MB | 155/284 kB | 0.1/2.1 MBProgress (5): 11/12 MB | 1.2/1.7 MB | 0.4/3.7 MB | 155/284 kB | 0.1/2.1 MBProgress (5): 11/12 MB | 1.2/1.7 MB | 0.4/3.7 MB | 159/284 kB | 0.1/2.1 MBProgress (5): 11/12 MB | 1.2/1.7 MB | 0.4/3.7 MB | 163/284 kB | 0.1/2.1 MBProgress (5): 11/12 MB | 1.2/1.7 MB | 0.4/3.7 MB | 167/284 kB | 0.1/2.1 MBProgress (5): 11/12 MB | 1.2/1.7 MB | 0.4/3.7 MB | 172/284 kB | 0.1/2.1 MBProgress (5): 11/12 MB | 1.2/1.7 MB | 0.4/3.7 MB | 172/284 kB | 0.1/2.1 MBProgress (5): 11/12 MB | 1.2/1.7 MB | 0.4/3.7 MB | 172/284 kB | 0.1/2.1 MBProgress (5): 11/12 MB | 1.2/1.7 MB | 0.4/3.7 MB | 172/284 kB | 0.1/2.1 MBProgress (5): 11/12 MB | 1.2/1.7 MB | 0.4/3.7 MB | 176/284 kB | 0.1/2.1 MBProgress (5): 11/12 MB | 1.2/1.7 MB | 0.4/3.7 MB | 180/284 kB | 0.1/2.1 MBProgress (5): 11/12 MB | 1.2/1.7 MB | 0.4/3.7 MB | 184/284 kB | 0.1/2.1 MBProgress (5): 11/12 MB | 1.2/1.7 MB | 0.4/3.7 MB | 188/284 kB | 0.1/2.1 MBProgress (5): 11/12 MB | 1.2/1.7 MB | 0.4/3.7 MB | 188/284 kB | 0.1/2.1 MBProgress (5): 11/12 MB | 1.2/1.7 MB | 0.4/3.7 MB | 188/284 kB | 0.1/2.1 MBProgress (5): 11/12 MB | 1.2/1.7 MB | 0.4/3.7 MB | 192/284 kB | 0.1/2.1 MBProgress (5): 11/12 MB | 1.2/1.7 MB | 0.4/3.7 MB | 196/284 kB | 0.1/2.1 MBProgress (5): 11/12 MB | 1.2/1.7 MB | 0.4/3.7 MB | 200/284 kB | 0.1/2.1 MBProgress (5): 11/12 MB | 1.2/1.7 MB | 0.4/3.7 MB | 204/284 kB | 0.1/2.1 MBProgress (5): 11/12 MB | 1.2/1.7 MB | 0.4/3.7 MB | 204/284 kB | 0.1/2.1 MBProgress (5): 11/12 MB | 1.2/1.7 MB | 0.4/3.7 MB | 204/284 kB | 0.1/2.1 MBProgress (5): 11/12 MB | 1.2/1.7 MB | 0.4/3.7 MB | 208/284 kB | 0.1/2.1 MBProgress (5): 11/12 MB | 1.2/1.7 MB | 0.4/3.7 MB | 213/284 kB | 0.1/2.1 MBProgress (5): 11/12 MB | 1.2/1.7 MB | 0.4/3.7 MB | 217/284 kB | 0.1/2.1 MBProgress (5): 11/12 MB | 1.2/1.7 MB | 0.4/3.7 MB | 221/284 kB | 0.1/2.1 MBProgress (5): 11/12 MB | 1.2/1.7 MB | 0.4/3.7 MB | 225/284 kB | 0.1/2.1 MBProgress (5): 11/12 MB | 1.2/1.7 MB | 0.4/3.7 MB | 229/284 kB | 0.1/2.1 MBProgress (5): 11/12 MB | 1.2/1.7 MB | 0.4/3.7 MB | 233/284 kB | 0.1/2.1 MBProgress (5): 11/12 MB | 1.2/1.7 MB | 0.4/3.7 MB | 237/284 kB | 0.1/2.1 MBProgress (5): 11/12 MB | 1.2/1.7 MB | 0.4/3.7 MB | 237/284 kB | 0.1/2.1 MBProgress (5): 11/12 MB | 1.2/1.7 MB | 0.4/3.7 MB | 237/284 kB | 0.1/2.1 MBProgress (5): 11/12 MB | 1.2/1.7 MB | 0.4/3.7 MB | 237/284 kB | 0.1/2.1 MBProgress (5): 11/12 MB | 1.2/1.7 MB | 0.4/3.7 MB | 237/284 kB | 0.1/2.1 MBProgress (5): 11/12 MB | 1.2/1.7 MB | 0.4/3.7 MB | 237/284 kB | 0.1/2.1 MBProgress (5): 11/12 MB | 1.2/1.7 MB | 0.4/3.7 MB | 237/284 kB | 0.1/2.1 MBProgress (5): 11/12 MB | 1.2/1.7 MB | 0.4/3.7 MB | 237/284 kB | 0.1/2.1 MBProgress (5): 11/12 MB | 1.2/1.7 MB | 0.5/3.7 MB | 237/284 kB | 0.1/2.1 MBProgress (5): 11/12 MB | 1.2/1.7 MB | 0.5/3.7 MB | 237/284 kB | 0.1/2.1 MBProgress (5): 11/12 MB | 1.2/1.7 MB | 0.5/3.7 MB | 237/284 kB | 0.1/2.1 MBProgress (5): 11/12 MB | 1.2/1.7 MB | 0.5/3.7 MB | 237/284 kB | 0.1/2.1 MBProgress (5): 11/12 MB | 1.2/1.7 MB | 0.5/3.7 MB | 237/284 kB | 0.1/2.1 MBProgress (5): 11/12 MB | 1.2/1.7 MB | 0.5/3.7 MB | 237/284 kB | 0.1/2.1 MBProgress (5): 11/12 MB | 1.2/1.7 MB | 0.6/3.7 MB | 237/284 kB | 0.1/2.1 MBProgress (5): 11/12 MB | 1.3/1.7 MB | 0.6/3.7 MB | 237/284 kB | 0.1/2.1 MBProgress (5): 11/12 MB | 1.3/1.7 MB | 0.6/3.7 MB | 237/284 kB | 0.1/2.1 MBProgress (5): 11/12 MB | 1.3/1.7 MB | 0.6/3.7 MB | 241/284 kB | 0.1/2.1 MBProgress (5): 11/12 MB | 1.3/1.7 MB | 0.6/3.7 MB | 245/284 kB | 0.1/2.1 MBProgress (5): 11/12 MB | 1.3/1.7 MB | 0.6/3.7 MB | 245/284 kB | 0.1/2.1 MBProgress (5): 11/12 MB | 1.3/1.7 MB | 0.6/3.7 MB | 249/284 kB | 0.1/2.1 MBProgress (5): 11/12 MB | 1.3/1.7 MB | 0.6/3.7 MB | 253/284 kB | 0.1/2.1 MBProgress (5): 11/12 MB | 1.3/1.7 MB | 0.6/3.7 MB | 253/284 kB | 0.1/2.1 MBProgress (5): 11/12 MB | 1.3/1.7 MB | 0.6/3.7 MB | 253/284 kB | 0.1/2.1 MBProgress (5): 11/12 MB | 1.3/1.7 MB | 0.6/3.7 MB | 258/284 kB | 0.1/2.1 MBProgress (5): 11/12 MB | 1.3/1.7 MB | 0.6/3.7 MB | 262/284 kB | 0.1/2.1 MBProgress (5): 11/12 MB | 1.3/1.7 MB | 0.6/3.7 MB | 266/284 kB | 0.1/2.1 MBProgress (5): 11/12 MB | 1.3/1.7 MB | 0.6/3.7 MB | 270/284 kB | 0.1/2.1 MBProgress (5): 11/12 MB | 1.3/1.7 MB | 0.6/3.7 MB | 270/284 kB | 0.1/2.1 MBProgress (5): 11/12 MB | 1.3/1.7 MB | 0.6/3.7 MB | 270/284 kB | 0.1/2.1 MBProgress (5): 11/12 MB | 1.3/1.7 MB | 0.6/3.7 MB | 270/284 kB | 0.1/2.1 MBProgress (5): 11/12 MB | 1.3/1.7 MB | 0.6/3.7 MB | 270/284 kB | 0.1/2.1 MBProgress (5): 11/12 MB | 1.3/1.7 MB | 0.6/3.7 MB | 270/284 kB | 0.2/2.1 MBProgress (5): 11/12 MB | 1.3/1.7 MB | 0.6/3.7 MB | 270/284 kB | 0.2/2.1 MBProgress (5): 11/12 MB | 1.3/1.7 MB | 0.6/3.7 MB | 274/284 kB | 0.2/2.1 MBProgress (5): 11/12 MB | 1.3/1.7 MB | 0.6/3.7 MB | 278/284 kB | 0.2/2.1 MBProgress (5): 11/12 MB | 1.3/1.7 MB | 0.6/3.7 MB | 282/284 kB | 0.2/2.1 MBProgress (5): 11/12 MB | 1.3/1.7 MB | 0.6/3.7 MB | 284 kB | 0.2/2.1 MB    Progress (5): 11/12 MB | 1.3/1.7 MB | 0.6/3.7 MB | 284 kB | 0.2/2.1 MBProgress (5): 11/12 MB | 1.3/1.7 MB | 0.6/3.7 MB | 284 kB | 0.2/2.1 MBProgress (5): 11/12 MB | 1.3/1.7 MB | 0.6/3.7 MB | 284 kB | 0.2/2.1 MBProgress (5): 11/12 MB | 1.3/1.7 MB | 0.6/3.7 MB | 284 kB | 0.2/2.1 MBProgress (5): 11/12 MB | 1.3/1.7 MB | 0.7/3.7 MB | 284 kB | 0.2/2.1 MBProgress (5): 11/12 MB | 1.3/1.7 MB | 0.7/3.7 MB | 284 kB | 0.2/2.1 MBProgress (5): 11/12 MB | 1.3/1.7 MB | 0.7/3.7 MB | 284 kB | 0.2/2.1 MBProgress (5): 11/12 MB | 1.3/1.7 MB | 0.7/3.7 MB | 284 kB | 0.2/2.1 MBProgress (5): 11/12 MB | 1.3/1.7 MB | 0.7/3.7 MB | 284 kB | 0.2/2.1 MBProgress (5): 11/12 MB | 1.3/1.7 MB | 0.7/3.7 MB | 284 kB | 0.2/2.1 MBProgress (5): 11/12 MB | 1.3/1.7 MB | 0.7/3.7 MB | 284 kB | 0.2/2.1 MB                                                                      Downloaded from central: https://repo.maven.apache.org/maven2/org/apache/tomcat/embed/tomcat-embed-websocket/10.1.55/tomcat-embed-websocket-10.1.55.jar (284 kB at 17 kB/s)
Downloading from central: https://repo.maven.apache.org/maven2/io/micrometer/micrometer-observation/1.15.12/micrometer-observation-1.15.12.jar
Progress (4): 11/12 MB | 1.3/1.7 MB | 0.7/3.7 MB | 0.2/2.1 MBProgress (4): 11/12 MB | 1.3/1.7 MB | 0.7/3.7 MB | 0.2/2.1 MBProgress (4): 11/12 MB | 1.3/1.7 MB | 0.7/3.7 MB | 0.2/2.1 MBProgress (4): 11/12 MB | 1.3/1.7 MB | 0.7/3.7 MB | 0.2/2.1 MBProgress (4): 11/12 MB | 1.3/1.7 MB | 0.7/3.7 MB | 0.2/2.1 MBProgress (4): 11/12 MB | 1.3/1.7 MB | 0.7/3.7 MB | 0.2/2.1 MBProgress (4): 11/12 MB | 1.3/1.7 MB | 0.7/3.7 MB | 0.2/2.1 MBProgress (4): 11/12 MB | 1.3/1.7 MB | 0.7/3.7 MB | 0.2/2.1 MBProgress (4): 11/12 MB | 1.3/1.7 MB | 0.7/3.7 MB | 0.2/2.1 MBProgress (4): 11/12 MB | 1.4/1.7 MB | 0.7/3.7 MB | 0.2/2.1 MBProgress (4): 11/12 MB | 1.4/1.7 MB | 0.7/3.7 MB | 0.2/2.1 MBProgress (4): 11/12 MB | 1.4/1.7 MB | 0.7/3.7 MB | 0.2/2.1 MBProgress (4): 11/12 MB | 1.4/1.7 MB | 0.8/3.7 MB | 0.2/2.1 MBProgress (4): 11/12 MB | 1.4/1.7 MB | 0.8/3.7 MB | 0.2/2.1 MBProgress (4): 11/12 MB | 1.4/1.7 MB | 0.8/3.7 MB | 0.2/2.1 MBProgress (4): 11/12 MB | 1.4/1.7 MB | 0.8/3.7 MB | 0.2/2.1 MBProgress (4): 11/12 MB | 1.4/1.7 MB | 0.8/3.7 MB | 0.2/2.1 MBProgress (4): 11/12 MB | 1.4/1.7 MB | 0.8/3.7 MB | 0.2/2.1 MBProgress (4): 11/12 MB | 1.4/1.7 MB | 0.8/3.7 MB | 0.2/2.1 MBProgress (5): 11/12 MB | 1.4/1.7 MB | 0.8/3.7 MB | 0.2/2.1 MB | 4.1/76 kBProgress (5): 11/12 MB | 1.4/1.7 MB | 0.8/3.7 MB | 0.2/2.1 MB | 7.7/76 kBProgress (5): 11/12 MB | 1.4/1.7 MB | 0.8/3.7 MB | 0.2/2.1 MB | 12/76 kB Progress (5): 11/12 MB | 1.4/1.7 MB | 0.8/3.7 MB | 0.2/2.1 MB | 15/76 kBProgress (5): 11/12 MB | 1.4/1.7 MB | 0.8/3.7 MB | 0.2/2.1 MB | 15/76 kBProgress (5): 11/12 MB | 1.4/1.7 MB | 0.8/3.7 MB | 0.2/2.1 MB | 15/76 kBProgress (5): 11/12 MB | 1.4/1.7 MB | 0.8/3.7 MB | 0.2/2.1 MB | 15/76 kBProgress (5): 11/12 MB | 1.4/1.7 MB | 0.8/3.7 MB | 0.2/2.1 MB | 15/76 kBProgress (5): 11/12 MB | 1.4/1.7 MB | 0.8/3.7 MB | 0.2/2.1 MB | 20/76 kBProgress (5): 11/12 MB | 1.4/1.7 MB | 0.8/3.7 MB | 0.3/2.1 MB | 20/76 kBProgress (5): 11/12 MB | 1.4/1.7 MB | 0.8/3.7 MB | 0.3/2.1 MB | 24/76 kBProgress (5): 11/12 MB | 1.4/1.7 MB | 0.8/3.7 MB | 0.3/2.1 MB | 28/76 kBProgress (5): 11/12 MB | 1.4/1.7 MB | 0.8/3.7 MB | 0.3/2.1 MB | 32/76 kBProgress (5): 11/12 MB | 1.4/1.7 MB | 0.8/3.7 MB | 0.3/2.1 MB | 32/76 kBProgress (5): 11/12 MB | 1.4/1.7 MB | 0.8/3.7 MB | 0.3/2.1 MB | 32/76 kBProgress (5): 11/12 MB | 1.4/1.7 MB | 0.8/3.7 MB | 0.3/2.1 MB | 32/76 kBProgress (5): 11/12 MB | 1.4/1.7 MB | 0.9/3.7 MB | 0.3/2.1 MB | 32/76 kBProgress (5): 11/12 MB | 1.4/1.7 MB | 0.9/3.7 MB | 0.3/2.1 MB | 32/76 kBProgress (5): 11/12 MB | 1.4/1.7 MB | 0.9/3.7 MB | 0.3/2.1 MB | 36/76 kBProgress (5): 11/12 MB | 1.4/1.7 MB | 0.9/3.7 MB | 0.3/2.1 MB | 40/76 kBProgress (5): 11/12 MB | 1.4/1.7 MB | 0.9/3.7 MB | 0.3/2.1 MB | 44/76 kBProgress (5): 11/12 MB | 1.4/1.7 MB | 0.9/3.7 MB | 0.3/2.1 MB | 48/76 kBProgress (5): 11/12 MB | 1.4/1.7 MB | 0.9/3.7 MB | 0.3/2.1 MB | 48/76 kBProgress (5): 11/12 MB | 1.4/1.7 MB | 0.9/3.7 MB | 0.3/2.1 MB | 48/76 kBProgress (5): 11/12 MB | 1.4/1.7 MB | 0.9/3.7 MB | 0.3/2.1 MB | 48/76 kBProgress (5): 11/12 MB | 1.4/1.7 MB | 0.9/3.7 MB | 0.3/2.1 MB | 52/76 kBProgress (5): 11/12 MB | 1.4/1.7 MB | 0.9/3.7 MB | 0.3/2.1 MB | 52/76 kBProgress (5): 11/12 MB | 1.4/1.7 MB | 0.9/3.7 MB | 0.3/2.1 MB | 52/76 kBProgress (5): 11/12 MB | 1.4/1.7 MB | 0.9/3.7 MB | 0.3/2.1 MB | 56/76 kBProgress (5): 11/12 MB | 1.4/1.7 MB | 0.9/3.7 MB | 0.3/2.1 MB | 56/76 kBProgress (5): 11/12 MB | 1.4/1.7 MB | 0.9/3.7 MB | 0.3/2.1 MB | 61/76 kBProgress (5): 11/12 MB | 1.4/1.7 MB | 0.9/3.7 MB | 0.3/2.1 MB | 65/76 kBProgress (5): 11/12 MB | 1.4/1.7 MB | 0.9/3.7 MB | 0.3/2.1 MB | 65/76 kBProgress (5): 11/12 MB | 1.4/1.7 MB | 0.9/3.7 MB | 0.3/2.1 MB | 65/76 kBProgress (5): 12/12 MB | 1.4/1.7 MB | 0.9/3.7 MB | 0.3/2.1 MB | 65/76 kBProgress (5): 12/12 MB | 1.4/1.7 MB | 0.9/3.7 MB | 0.3/2.1 MB | 65/76 kBProgress (5): 12/12 MB | 1.4/1.7 MB | 0.9/3.7 MB | 0.3/2.1 MB | 65/76 kBProgress (5): 12/12 MB | 1.4/1.7 MB | 0.9/3.7 MB | 0.3/2.1 MB | 65/76 kBProgress (5): 12/12 MB | 1.4/1.7 MB | 0.9/3.7 MB | 0.3/2.1 MB | 65/76 kBProgress (5): 12/12 MB | 1.4/1.7 MB | 0.9/3.7 MB | 0.3/2.1 MB | 65/76 kBProgress (5): 12/12 MB | 1.4/1.7 MB | 0.9/3.7 MB | 0.3/2.1 MB | 65/76 kBProgress (5): 12/12 MB | 1.4/1.7 MB | 1.0/3.7 MB | 0.3/2.1 MB | 65/76 kBProgress (5): 12/12 MB | 1.4/1.7 MB | 1.0/3.7 MB | 0.3/2.1 MB | 65/76 kBProgress (5): 12/12 MB | 1.4/1.7 MB | 1.0/3.7 MB | 0.3/2.1 MB | 65/76 kBProgress (5): 12/12 MB | 1.5/1.7 MB | 1.0/3.7 MB | 0.3/2.1 MB | 65/76 kBProgress (5): 12/12 MB | 1.5/1.7 MB | 1.0/3.7 MB | 0.3/2.1 MB | 65/76 kBProgress (5): 12/12 MB | 1.5/1.7 MB | 1.0/3.7 MB | 0.3/2.1 MB | 65/76 kBProgress (5): 12/12 MB | 1.5/1.7 MB | 1.0/3.7 MB | 0.3/2.1 MB | 65/76 kBProgress (5): 12/12 MB | 1.5/1.7 MB | 1.0/3.7 MB | 0.3/2.1 MB | 65/76 kBProgress (5): 12/12 MB | 1.5/1.7 MB | 1.0/3.7 MB | 0.3/2.1 MB | 65/76 kBProgress (5): 12/12 MB | 1.5/1.7 MB | 1.0/3.7 MB | 0.3/2.1 MB | 65/76 kBProgress (5): 12/12 MB | 1.5/1.7 MB | 1.0/3.7 MB | 0.3/2.1 MB | 65/76 kBProgress (5): 12/12 MB | 1.5/1.7 MB | 1.0/3.7 MB | 0.3/2.1 MB | 65/76 kBProgress (5): 12/12 MB | 1.5/1.7 MB | 1.0/3.7 MB | 0.3/2.1 MB | 65/76 kBProgress (5): 12/12 MB | 1.5/1.7 MB | 1.0/3.7 MB | 0.3/2.1 MB | 65/76 kBProgress (5): 12/12 MB | 1.5/1.7 MB | 1.0/3.7 MB | 0.3/2.1 MB | 65/76 kBProgress (5): 12/12 MB | 1.5/1.7 MB | 1.1/3.7 MB | 0.3/2.1 MB | 65/76 kBProgress (5): 12/12 MB | 1.5/1.7 MB | 1.1/3.7 MB | 0.3/2.1 MB | 65/76 kBProgress (5): 12/12 MB | 1.5/1.7 MB | 1.1/3.7 MB | 0.4/2.1 MB | 65/76 kBProgress (5): 12/12 MB | 1.5/1.7 MB | 1.1/3.7 MB | 0.4/2.1 MB | 65/76 kBProgress (5): 12/12 MB | 1.5/1.7 MB | 1.1/3.7 MB | 0.4/2.1 MB | 65/76 kBProgress (5): 12/12 MB | 1.5/1.7 MB | 1.1/3.7 MB | 0.4/2.1 MB | 65/76 kBProgress (5): 12/12 MB | 1.5/1.7 MB | 1.1/3.7 MB | 0.4/2.1 MB | 65/76 kBProgress (5): 12/12 MB | 1.5/1.7 MB | 1.1/3.7 MB | 0.4/2.1 MB | 65/76 kBProgress (5): 12/12 MB | 1.5/1.7 MB | 1.1/3.7 MB | 0.4/2.1 MB | 65/76 kBProgress (5): 12/12 MB | 1.5/1.7 MB | 1.1/3.7 MB | 0.4/2.1 MB | 65/76 kBProgress (5): 12/12 MB | 1.5/1.7 MB | 1.1/3.7 MB | 0.4/2.1 MB | 65/76 kBProgress (5): 12/12 MB | 1.5/1.7 MB | 1.1/3.7 MB | 0.4/2.1 MB | 65/76 kBProgress (5): 12/12 MB | 1.5/1.7 MB | 1.1/3.7 MB | 0.4/2.1 MB | 65/76 kBProgress (5): 12/12 MB | 1.5/1.7 MB | 1.1/3.7 MB | 0.4/2.1 MB | 65/76 kBProgress (5): 12/12 MB | 1.5/1.7 MB | 1.1/3.7 MB | 0.4/2.1 MB | 65/76 kBProgress (5): 12/12 MB | 1.5/1.7 MB | 1.1/3.7 MB | 0.4/2.1 MB | 65/76 kBProgress (5): 12/12 MB | 1.5/1.7 MB | 1.1/3.7 MB | 0.4/2.1 MB | 65/76 kBProgress (5): 12/12 MB | 1.5/1.7 MB | 1.1/3.7 MB | 0.4/2.1 MB | 65/76 kBProgress (5): 12/12 MB | 1.5/1.7 MB | 1.2/3.7 MB | 0.4/2.1 MB | 65/76 kBProgress (5): 12/12 MB | 1.5/1.7 MB | 1.2/3.7 MB | 0.4/2.1 MB | 65/76 kBProgress (5): 12/12 MB | 1.5/1.7 MB | 1.2/3.7 MB | 0.4/2.1 MB | 65/76 kBProgress (5): 12/12 MB | 1.6/1.7 MB | 1.2/3.7 MB | 0.4/2.1 MB | 65/76 kBProgress (5): 12/12 MB | 1.6/1.7 MB | 1.2/3.7 MB | 0.4/2.1 MB | 65/76 kBProgress (5): 12/12 MB | 1.6/1.7 MB | 1.2/3.7 MB | 0.4/2.1 MB | 65/76 kBProgress (5): 12/12 MB | 1.6/1.7 MB | 1.2/3.7 MB | 0.4/2.1 MB | 65/76 kBProgress (5): 12/12 MB | 1.6/1.7 MB | 1.2/3.7 MB | 0.4/2.1 MB | 65/76 kBProgress (5): 12/12 MB | 1.6/1.7 MB | 1.2/3.7 MB | 0.4/2.1 MB | 65/76 kBProgress (5): 12/12 MB | 1.6/1.7 MB | 1.2/3.7 MB | 0.4/2.1 MB | 65/76 kBProgress (5): 12/12 MB | 1.6/1.7 MB | 1.2/3.7 MB | 0.4/2.1 MB | 65/76 kBProgress (5): 12/12 MB | 1.6/1.7 MB | 1.2/3.7 MB | 0.5/2.1 MB | 65/76 kBProgress (5): 12/12 MB | 1.6/1.7 MB | 1.2/3.7 MB | 0.5/2.1 MB | 65/76 kBProgress (5): 12/12 MB | 1.6/1.7 MB | 1.2/3.7 MB | 0.5/2.1 MB | 65/76 kBProgress (5): 12/12 MB | 1.6/1.7 MB | 1.2/3.7 MB | 0.5/2.1 MB | 65/76 kBProgress (5): 12/12 MB | 1.6/1.7 MB | 1.2/3.7 MB | 0.5/2.1 MB | 65/76 kBProgress (5): 12/12 MB | 1.6/1.7 MB | 1.2/3.7 MB | 0.5/2.1 MB | 65/76 kBProgress (5): 12/12 MB | 1.6/1.7 MB | 1.2/3.7 MB | 0.5/2.1 MB | 65/76 kBProgress (5): 12/12 MB | 1.6/1.7 MB | 1.2/3.7 MB | 0.5/2.1 MB | 65/76 kBProgress (5): 12/12 MB | 1.6/1.7 MB | 1.2/3.7 MB | 0.5/2.1 MB | 65/76 kBProgress (5): 12/12 MB | 1.6/1.7 MB | 1.3/3.7 MB | 0.5/2.1 MB | 65/76 kBProgress (5): 12/12 MB | 1.6/1.7 MB | 1.3/3.7 MB | 0.5/2.1 MB | 65/76 kBProgress (5): 12/12 MB | 1.6/1.7 MB | 1.3/3.7 MB | 0.5/2.1 MB | 65/76 kBProgress (5): 12/12 MB | 1.6/1.7 MB | 1.3/3.7 MB | 0.5/2.1 MB | 65/76 kBProgress (5): 12/12 MB | 1.6/1.7 MB | 1.3/3.7 MB | 0.5/2.1 MB | 65/76 kBProgress (5): 12/12 MB | 1.6/1.7 MB | 1.3/3.7 MB | 0.5/2.1 MB | 65/76 kBProgress (5): 12/12 MB | 1.6/1.7 MB | 1.3/3.7 MB | 0.5/2.1 MB | 65/76 kBProgress (5): 12/12 MB | 1.6/1.7 MB | 1.3/3.7 MB | 0.5/2.1 MB | 65/76 kBProgress (5): 12/12 MB | 1.6/1.7 MB | 1.3/3.7 MB | 0.5/2.1 MB | 65/76 kBProgress (5): 12/12 MB | 1.6/1.7 MB | 1.3/3.7 MB | 0.5/2.1 MB | 65/76 kBProgress (5): 12/12 MB | 1.6/1.7 MB | 1.3/3.7 MB | 0.5/2.1 MB | 65/76 kBProgress (5): 12/12 MB | 1.6/1.7 MB | 1.3/3.7 MB | 0.5/2.1 MB | 65/76 kBProgress (5): 12/12 MB | 1.6/1.7 MB | 1.3/3.7 MB | 0.5/2.1 MB | 65/76 kBProgress (5): 12/12 MB | 1.6/1.7 MB | 1.3/3.7 MB | 0.5/2.1 MB | 65/76 kBProgress (5): 12/12 MB | 1.6/1.7 MB | 1.4/3.7 MB | 0.5/2.1 MB | 65/76 kBProgress (5): 12/12 MB | 1.6/1.7 MB | 1.4/3.7 MB | 0.5/2.1 MB | 65/76 kBProgress (5): 12/12 MB | 1.6/1.7 MB | 1.4/3.7 MB | 0.5/2.1 MB | 65/76 kBProgress (5): 12/12 MB | 1.6/1.7 MB | 1.4/3.7 MB | 0.5/2.1 MB | 65/76 kBProgress (5): 12/12 MB | 1.6/1.7 MB | 1.4/3.7 MB | 0.5/2.1 MB | 65/76 kBProgress (5): 12/12 MB | 1.6/1.7 MB | 1.4/3.7 MB | 0.5/2.1 MB | 65/76 kBProgress (5): 12/12 MB | 1.6/1.7 MB | 1.4/3.7 MB | 0.6/2.1 MB | 65/76 kBProgress (5): 12/12 MB | 1.6/1.7 MB | 1.4/3.7 MB | 0.6/2.1 MB | 65/76 kBProgress (5): 12/12 MB | 1.6/1.7 MB | 1.4/3.7 MB | 0.6/2.1 MB | 69/76 kBProgress (5): 12/12 MB | 1.6/1.7 MB | 1.4/3.7 MB | 0.6/2.1 MB | 69/76 kBProgress (5): 12/12 MB | 1.6/1.7 MB | 1.4/3.7 MB | 0.6/2.1 MB | 73/76 kBProgress (5): 12/12 MB | 1.6/1.7 MB | 1.4/3.7 MB | 0.6/2.1 MB | 76 kB   Progress (5): 12/12 MB | 1.6/1.7 MB | 1.4/3.7 MB | 0.6/2.1 MB | 76 kBProgress (5): 12/12 MB | 1.6/1.7 MB | 1.4/3.7 MB | 0.6/2.1 MB | 76 kBProgress (5): 12/12 MB | 1.6/1.7 MB | 1.5/3.7 MB | 0.6/2.1 MB | 76 kBProgress (5): 12/12 MB | 1.6/1.7 MB | 1.5/3.7 MB | 0.6/2.1 MB | 76 kBProgress (5): 12/12 MB | 1.6/1.7 MB | 1.5/3.7 MB | 0.6/2.1 MB | 76 kBProgress (5): 12/12 MB | 1.6/1.7 MB | 1.5/3.7 MB | 0.6/2.1 MB | 76 kBProgress (5): 12/12 MB | 1.7/1.7 MB | 1.5/3.7 MB | 0.6/2.1 MB | 76 kBProgress (5): 12/12 MB | 1.7/1.7 MB | 1.5/3.7 MB | 0.6/2.1 MB | 76 kBProgress (5): 12 MB | 1.7/1.7 MB | 1.5/3.7 MB | 0.6/2.1 MB | 76 kB   Progress (5): 12 MB | 1.7/1.7 MB | 1.5/3.7 MB | 0.6/2.1 MB | 76 kBProgress (5): 12 MB | 1.7/1.7 MB | 1.5/3.7 MB | 0.6/2.1 MB | 76 kBProgress (5): 12 MB | 1.7/1.7 MB | 1.5/3.7 MB | 0.6/2.1 MB | 76 kBProgress (5): 12 MB | 1.7/1.7 MB | 1.5/3.7 MB | 0.6/2.1 MB | 76 kBProgress (5): 12 MB | 1.7 MB | 1.5/3.7 MB | 0.6/2.1 MB | 76 kB    Progress (5): 12 MB | 1.7 MB | 1.5/3.7 MB | 0.6/2.1 MB | 76 kBProgress (5): 12 MB | 1.7 MB | 1.5/3.7 MB | 0.6/2.1 MB | 76 kBProgress (5): 12 MB | 1.7 MB | 1.5/3.7 MB | 0.6/2.1 MB | 76 kBProgress (5): 12 MB | 1.7 MB | 1.5/3.7 MB | 0.6/2.1 MB | 76 kB                                                              Downloaded from central: https://repo.maven.apache.org/maven2/io/micrometer/micrometer-observation/1.15.12/micrometer-observation-1.15.12.jar (76 kB at 4.2 kB/s)
Downloading from central: https://repo.maven.apache.org/maven2/io/micrometer/micrometer-commons/1.15.12/micrometer-commons-1.15.12.jar
Progress (4): 12 MB | 1.7 MB | 1.5/3.7 MB | 0.6/2.1 MBProgress (4): 12 MB | 1.7 MB | 1.5/3.7 MB | 0.6/2.1 MBProgress (4): 12 MB | 1.7 MB | 1.6/3.7 MB | 0.6/2.1 MBProgress (4): 12 MB | 1.7 MB | 1.6/3.7 MB | 0.6/2.1 MB                                                      Downloaded from central: https://repo.maven.apache.org/maven2/org/hibernate/orm/hibernate-core/6.6.53.Final/hibernate-core-6.6.53.Final.jar (12 MB at 668 kB/s)
Downloading from central: https://repo.maven.apache.org/maven2/org/springframework/spring-webmvc/6.2.19/spring-webmvc-6.2.19.jar
Progress (3): 1.7 MB | 1.6/3.7 MB | 0.6/2.1 MBProgress (3): 1.7 MB | 1.6/3.7 MB | 0.7/2.1 MB                                              Downloaded from central: https://repo.maven.apache.org/maven2/com/fasterxml/jackson/core/jackson-databind/2.21.4/jackson-databind-2.21.4.jar (1.7 MB at 94 kB/s)
Downloading from central: https://repo.maven.apache.org/maven2/org/springframework/spring-expression/6.2.19/spring-expression-6.2.19.jar
Progress (2): 1.6/3.7 MB | 0.7/2.1 MBProgress (2): 1.6/3.7 MB | 0.7/2.1 MBProgress (3): 1.6/3.7 MB | 0.7/2.1 MB | 4.1/49 kBProgress (3): 1.6/3.7 MB | 0.7/2.1 MB | 7.7/49 kBProgress (3): 1.6/3.7 MB | 0.7/2.1 MB | 12/49 kB Progress (3): 1.6/3.7 MB | 0.7/2.1 MB | 16/49 kBProgress (3): 1.6/3.7 MB | 0.7/2.1 MB | 16/49 kBProgress (3): 1.6/3.7 MB | 0.7/2.1 MB | 20/49 kBProgress (3): 1.6/3.7 MB | 0.7/2.1 MB | 20/49 kBProgress (3): 1.6/3.7 MB | 0.7/2.1 MB | 24/49 kBProgress (4): 1.6/3.7 MB | 0.7/2.1 MB | 24/49 kB | 0/1.1 MBProgress (4): 1.6/3.7 MB | 0.7/2.1 MB | 24/49 kB | 0/1.1 MBProgress (4): 1.6/3.7 MB | 0.7/2.1 MB | 24/49 kB | 0/1.1 MBProgress (4): 1.6/3.7 MB | 0.7/2.1 MB | 24/49 kB | 0/1.1 MBProgress (4): 1.6/3.7 MB | 0.7/2.1 MB | 24/49 kB | 0/1.1 MBProgress (4): 1.6/3.7 MB | 0.7/2.1 MB | 24/49 kB | 0/1.1 MBProgress (4): 1.6/3.7 MB | 0.7/2.1 MB | 24/49 kB | 0/1.1 MBProgress (4): 1.6/3.7 MB | 0.7/2.1 MB | 24/49 kB | 0/1.1 MBProgress (4): 1.6/3.7 MB | 0.7/2.1 MB | 28/49 kB | 0/1.1 MBProgress (4): 1.7/3.7 MB | 0.7/2.1 MB | 28/49 kB | 0/1.1 MBProgress (4): 1.7/3.7 MB | 0.7/2.1 MB | 32/49 kB | 0/1.1 MBProgress (4): 1.7/3.7 MB | 0.7/2.1 MB | 36/49 kB | 0/1.1 MBProgress (4): 1.7/3.7 MB | 0.7/2.1 MB | 40/49 kB | 0/1.1 MBProgress (4): 1.7/3.7 MB | 0.7/2.1 MB | 40/49 kB | 0.1/1.1 MBProgress (4): 1.7/3.7 MB | 0.7/2.1 MB | 40/49 kB | 0.1/1.1 MBProgress (4): 1.7/3.7 MB | 0.7/2.1 MB | 45/49 kB | 0.1/1.1 MBProgress (4): 1.7/3.7 MB | 0.7/2.1 MB | 45/49 kB | 0.1/1.1 MBProgress (4): 1.7/3.7 MB | 0.7/2.1 MB | 49/49 kB | 0.1/1.1 MBProgress (4): 1.7/3.7 MB | 0.7/2.1 MB | 49 kB | 0.1/1.1 MB   Progress (4): 1.7/3.7 MB | 0.7/2.1 MB | 49 kB | 0.1/1.1 MBProgress (4): 1.7/3.7 MB | 0.7/2.1 MB | 49 kB | 0.1/1.1 MBProgress (4): 1.7/3.7 MB | 0.7/2.1 MB | 49 kB | 0.1/1.1 MBProgress (4): 1.7/3.7 MB | 0.7/2.1 MB | 49 kB | 0.1/1.1 MBProgress (4): 1.7/3.7 MB | 0.7/2.1 MB | 49 kB | 0.1/1.1 MBProgress (4): 1.7/3.7 MB | 0.7/2.1 MB | 49 kB | 0.1/1.1 MBProgress (4): 1.7/3.7 MB | 0.7/2.1 MB | 49 kB | 0.1/1.1 MBProgress (4): 1.7/3.7 MB | 0.7/2.1 MB | 49 kB | 0.1/1.1 MBProgress (4): 1.7/3.7 MB | 0.7/2.1 MB | 49 kB | 0.1/1.1 MBProgress (4): 1.7/3.7 MB | 0.7/2.1 MB | 49 kB | 0.1/1.1 MBProgress (4): 1.7/3.7 MB | 0.7/2.1 MB | 49 kB | 0.1/1.1 MBProgress (4): 1.7/3.7 MB | 0.7/2.1 MB | 49 kB | 0.1/1.1 MBProgress (4): 1.7/3.7 MB | 0.7/2.1 MB | 49 kB | 0.1/1.1 MBProgress (4): 1.7/3.7 MB | 0.7/2.1 MB | 49 kB | 0.1/1.1 MBProgress (4): 1.8/3.7 MB | 0.7/2.1 MB | 49 kB | 0.1/1.1 MBProgress (4): 1.8/3.7 MB | 0.7/2.1 MB | 49 kB | 0.1/1.1 MBProgress (4): 1.8/3.7 MB | 0.7/2.1 MB | 49 kB | 0.1/1.1 MBProgress (4): 1.8/3.7 MB | 0.7/2.1 MB | 49 kB | 0.1/1.1 MBProgress (4): 1.8/3.7 MB | 0.7/2.1 MB | 49 kB | 0.1/1.1 MBProgress (4): 1.8/3.7 MB | 0.8/2.1 MB | 49 kB | 0.1/1.1 MBProgress (4): 1.8/3.7 MB | 0.8/2.1 MB | 49 kB | 0.1/1.1 MBProgress (4): 1.8/3.7 MB | 0.8/2.1 MB | 49 kB | 0.1/1.1 MB                                                          Downloaded from central: https://repo.maven.apache.org/maven2/io/micrometer/micrometer-commons/1.15.12/micrometer-commons-1.15.12.jar (49 kB at 2.7 kB/s)
Downloading from central: https://repo.maven.apache.org/maven2/com/google/zxing/core/3.5.3/core-3.5.3.jar
Progress (4): 1.8/3.7 MB | 0.8/2.1 MB | 0.1/1.1 MB | 4.1/321 kBProgress (4): 1.8/3.7 MB | 0.8/2.1 MB | 0.1/1.1 MB | 7.7/321 kBProgress (4): 1.8/3.7 MB | 0.8/2.1 MB | 0.1/1.1 MB | 12/321 kB Progress (4): 1.8/3.7 MB | 0.8/2.1 MB | 0.1/1.1 MB | 16/321 kBProgress (4): 1.8/3.7 MB | 0.8/2.1 MB | 0.1/1.1 MB | 20/321 kBProgress (4): 1.8/3.7 MB | 0.8/2.1 MB | 0.1/1.1 MB | 24/321 kBProgress (4): 1.8/3.7 MB | 0.8/2.1 MB | 0.1/1.1 MB | 28/321 kBProgress (4): 1.8/3.7 MB | 0.8/2.1 MB | 0.1/1.1 MB | 32/321 kBProgress (4): 1.8/3.7 MB | 0.8/2.1 MB | 0.1/1.1 MB | 36/321 kBProgress (4): 1.8/3.7 MB | 0.8/2.1 MB | 0.1/1.1 MB | 40/321 kBProgress (4): 1.8/3.7 MB | 0.8/2.1 MB | 0.1/1.1 MB | 44/321 kBProgress (4): 1.8/3.7 MB | 0.8/2.1 MB | 0.1/1.1 MB | 48/321 kBProgress (4): 1.8/3.7 MB | 0.8/2.1 MB | 0.1/1.1 MB | 52/321 kBProgress (4): 1.8/3.7 MB | 0.8/2.1 MB | 0.1/1.1 MB | 56/321 kBProgress (4): 1.8/3.7 MB | 0.8/2.1 MB | 0.1/1.1 MB | 61/321 kBProgress (4): 1.8/3.7 MB | 0.8/2.1 MB | 0.1/1.1 MB | 65/321 kBProgress (4): 1.8/3.7 MB | 0.8/2.1 MB | 0.1/1.1 MB | 65/321 kBProgress (4): 1.8/3.7 MB | 0.8/2.1 MB | 0.1/1.1 MB | 65/321 kBProgress (4): 1.8/3.7 MB | 0.8/2.1 MB | 0.1/1.1 MB | 65/321 kBProgress (4): 1.8/3.7 MB | 0.8/2.1 MB | 0.1/1.1 MB | 65/321 kBProgress (4): 1.8/3.7 MB | 0.8/2.1 MB | 0.1/1.1 MB | 69/321 kBProgress (4): 1.8/3.7 MB | 0.8/2.1 MB | 0.1/1.1 MB | 73/321 kBProgress (4): 1.8/3.7 MB | 0.8/2.1 MB | 0.1/1.1 MB | 77/321 kBProgress (4): 1.8/3.7 MB | 0.8/2.1 MB | 0.1/1.1 MB | 81/321 kBProgress (4): 1.8/3.7 MB | 0.8/2.1 MB | 0.2/1.1 MB | 81/321 kBProgress (4): 1.8/3.7 MB | 0.8/2.1 MB | 0.2/1.1 MB | 81/321 kBProgress (4): 1.8/3.7 MB | 0.8/2.1 MB | 0.2/1.1 MB | 81/321 kBProgress (4): 1.9/3.7 MB | 0.8/2.1 MB | 0.2/1.1 MB | 81/321 kBProgress (4): 1.9/3.7 MB | 0.8/2.1 MB | 0.2/1.1 MB | 81/321 kBProgress (4): 1.9/3.7 MB | 0.8/2.1 MB | 0.2/1.1 MB | 81/321 kBProgress (4): 1.9/3.7 MB | 0.8/2.1 MB | 0.2/1.1 MB | 81/321 kBProgress (4): 1.9/3.7 MB | 0.8/2.1 MB | 0.2/1.1 MB | 81/321 kBProgress (4): 1.9/3.7 MB | 0.8/2.1 MB | 0.2/1.1 MB | 81/321 kBProgress (4): 1.9/3.7 MB | 0.8/2.1 MB | 0.2/1.1 MB | 81/321 kBProgress (4): 1.9/3.7 MB | 0.8/2.1 MB | 0.2/1.1 MB | 81/321 kBProgress (4): 1.9/3.7 MB | 0.8/2.1 MB | 0.2/1.1 MB | 81/321 kBProgress (4): 1.9/3.7 MB | 0.8/2.1 MB | 0.2/1.1 MB | 81/321 kBProgress (4): 1.9/3.7 MB | 0.8/2.1 MB | 0.2/1.1 MB | 81/321 kBProgress (4): 1.9/3.7 MB | 0.8/2.1 MB | 0.2/1.1 MB | 81/321 kBProgress (4): 1.9/3.7 MB | 0.8/2.1 MB | 0.2/1.1 MB | 81/321 kBProgress (4): 1.9/3.7 MB | 0.8/2.1 MB | 0.2/1.1 MB | 81/321 kBProgress (4): 1.9/3.7 MB | 0.8/2.1 MB | 0.3/1.1 MB | 81/321 kBProgress (4): 1.9/3.7 MB | 0.8/2.1 MB | 0.3/1.1 MB | 81/321 kBProgress (4): 1.9/3.7 MB | 0.8/2.1 MB | 0.3/1.1 MB | 81/321 kBProgress (4): 1.9/3.7 MB | 0.8/2.1 MB | 0.3/1.1 MB | 81/321 kBProgress (4): 1.9/3.7 MB | 0.9/2.1 MB | 0.3/1.1 MB | 81/321 kBProgress (4): 1.9/3.7 MB | 0.9/2.1 MB | 0.3/1.1 MB | 81/321 kBProgress (4): 1.9/3.7 MB | 0.9/2.1 MB | 0.3/1.1 MB | 81/321 kBProgress (4): 1.9/3.7 MB | 0.9/2.1 MB | 0.3/1.1 MB | 81/321 kBProgress (4): 1.9/3.7 MB | 0.9/2.1 MB | 0.3/1.1 MB | 81/321 kBProgress (4): 1.9/3.7 MB | 0.9/2.1 MB | 0.3/1.1 MB | 81/321 kBProgress (4): 1.9/3.7 MB | 0.9/2.1 MB | 0.3/1.1 MB | 85/321 kBProgress (4): 1.9/3.7 MB | 0.9/2.1 MB | 0.3/1.1 MB | 85/321 kBProgress (4): 1.9/3.7 MB | 0.9/2.1 MB | 0.3/1.1 MB | 89/321 kBProgress (4): 1.9/3.7 MB | 0.9/2.1 MB | 0.3/1.1 MB | 89/321 kBProgress (4): 1.9/3.7 MB | 0.9/2.1 MB | 0.3/1.1 MB | 89/321 kBProgress (4): 1.9/3.7 MB | 0.9/2.1 MB | 0.3/1.1 MB | 89/321 kBProgress (4): 1.9/3.7 MB | 0.9/2.1 MB | 0.3/1.1 MB | 93/321 kBProgress (4): 1.9/3.7 MB | 0.9/2.1 MB | 0.3/1.1 MB | 93/321 kBProgress (4): 1.9/3.7 MB | 0.9/2.1 MB | 0.3/1.1 MB | 93/321 kBProgress (4): 1.9/3.7 MB | 0.9/2.1 MB | 0.3/1.1 MB | 93/321 kBProgress (4): 1.9/3.7 MB | 0.9/2.1 MB | 0.3/1.1 MB | 93/321 kBProgress (5): 1.9/3.7 MB | 0.9/2.1 MB | 0.3/1.1 MB | 93/321 kB | 4.1/608 kBProgress (5): 2.0/3.7 MB | 0.9/2.1 MB | 0.3/1.1 MB | 93/321 kB | 4.1/608 kBProgress (5): 2.0/3.7 MB | 0.9/2.1 MB | 0.3/1.1 MB | 97/321 kB | 4.1/608 kBProgress (5): 2.0/3.7 MB | 0.9/2.1 MB | 0.3/1.1 MB | 97/321 kB | 4.1/608 kBProgress (5): 2.0/3.7 MB | 0.9/2.1 MB | 0.3/1.1 MB | 101/321 kB | 4.1/608 kBProgress (5): 2.0/3.7 MB | 0.9/2.1 MB | 0.4/1.1 MB | 101/321 kB | 4.1/608 kBProgress (5): 2.0/3.7 MB | 0.9/2.1 MB | 0.4/1.1 MB | 101/321 kB | 7.7/608 kBProgress (5): 2.0/3.7 MB | 0.9/2.1 MB | 0.4/1.1 MB | 106/321 kB | 7.7/608 kBProgress (5): 2.0/3.7 MB | 0.9/2.1 MB | 0.4/1.1 MB | 106/321 kB | 12/608 kB Progress (5): 2.0/3.7 MB | 0.9/2.1 MB | 0.4/1.1 MB | 110/321 kB | 12/608 kBProgress (5): 2.0/3.7 MB | 0.9/2.1 MB | 0.4/1.1 MB | 110/321 kB | 16/608 kBProgress (5): 2.0/3.7 MB | 0.9/2.1 MB | 0.4/1.1 MB | 114/321 kB | 16/608 kBProgress (5): 2.0/3.7 MB | 0.9/2.1 MB | 0.4/1.1 MB | 118/321 kB | 16/608 kBProgress (5): 2.0/3.7 MB | 0.9/2.1 MB | 0.4/1.1 MB | 122/321 kB | 16/608 kBProgress (5): 2.0/3.7 MB | 0.9/2.1 MB | 0.4/1.1 MB | 126/321 kB | 16/608 kBProgress (5): 2.0/3.7 MB | 0.9/2.1 MB | 0.4/1.1 MB | 130/321 kB | 16/608 kBProgress (5): 2.0/3.7 MB | 0.9/2.1 MB | 0.4/1.1 MB | 130/321 kB | 16/608 kBProgress (5): 2.0/3.7 MB | 0.9/2.1 MB | 0.4/1.1 MB | 130/321 kB | 16/608 kBProgress (5): 2.0/3.7 MB | 0.9/2.1 MB | 0.4/1.1 MB | 130/321 kB | 16/608 kBProgress (5): 2.0/3.7 MB | 0.9/2.1 MB | 0.4/1.1 MB | 130/321 kB | 16/608 kBProgress (5): 2.0/3.7 MB | 0.9/2.1 MB | 0.4/1.1 MB | 130/321 kB | 16/608 kBProgress (5): 2.0/3.7 MB | 0.9/2.1 MB | 0.4/1.1 MB | 130/321 kB | 16/608 kBProgress (5): 2.0/3.7 MB | 0.9/2.1 MB | 0.4/1.1 MB | 130/321 kB | 16/608 kBProgress (5): 2.0/3.7 MB | 0.9/2.1 MB | 0.4/1.1 MB | 130/321 kB | 16/608 kBProgress (5): 2.0/3.7 MB | 0.9/2.1 MB | 0.4/1.1 MB | 130/321 kB | 16/608 kBProgress (5): 2.0/3.7 MB | 0.9/2.1 MB | 0.4/1.1 MB | 130/321 kB | 16/608 kBProgress (5): 2.0/3.7 MB | 0.9/2.1 MB | 0.4/1.1 MB | 130/321 kB | 16/608 kBProgress (5): 2.0/3.7 MB | 0.9/2.1 MB | 0.4/1.1 MB | 130/321 kB | 16/608 kBProgress (5): 2.0/3.7 MB | 0.9/2.1 MB | 0.4/1.1 MB | 130/321 kB | 16/608 kBProgress (5): 2.0/3.7 MB | 0.9/2.1 MB | 0.4/1.1 MB | 130/321 kB | 16/608 kBProgress (5): 2.0/3.7 MB | 0.9/2.1 MB | 0.4/1.1 MB | 130/321 kB | 16/608 kBProgress (5): 2.0/3.7 MB | 0.9/2.1 MB | 0.4/1.1 MB | 130/321 kB | 16/608 kBProgress (5): 2.1/3.7 MB | 0.9/2.1 MB | 0.4/1.1 MB | 130/321 kB | 16/608 kBProgress (5): 2.1/3.7 MB | 0.9/2.1 MB | 0.4/1.1 MB | 130/321 kB | 16/608 kBProgress (5): 2.1/3.7 MB | 0.9/2.1 MB | 0.4/1.1 MB | 130/321 kB | 16/608 kBProgress (5): 2.1/3.7 MB | 0.9/2.1 MB | 0.4/1.1 MB | 130/321 kB | 16/608 kBProgress (5): 2.1/3.7 MB | 0.9/2.1 MB | 0.4/1.1 MB | 130/321 kB | 16/608 kBProgress (5): 2.1/3.7 MB | 0.9/2.1 MB | 0.4/1.1 MB | 130/321 kB | 16/608 kBProgress (5): 2.1/3.7 MB | 0.9/2.1 MB | 0.4/1.1 MB | 130/321 kB | 16/608 kBProgress (5): 2.1/3.7 MB | 0.9/2.1 MB | 0.4/1.1 MB | 130/321 kB | 16/608 kBProgress (5): 2.2/3.7 MB | 0.9/2.1 MB | 0.4/1.1 MB | 130/321 kB | 16/608 kBProgress (5): 2.2/3.7 MB | 0.9/2.1 MB | 0.4/1.1 MB | 134/321 kB | 16/608 kBProgress (5): 2.2/3.7 MB | 0.9/2.1 MB | 0.4/1.1 MB | 134/321 kB | 16/608 kBProgress (5): 2.2/3.7 MB | 0.9/2.1 MB | 0.4/1.1 MB | 138/321 kB | 16/608 kBProgress (5): 2.2/3.7 MB | 0.9/2.1 MB | 0.4/1.1 MB | 142/321 kB | 16/608 kBProgress (5): 2.2/3.7 MB | 0.9/2.1 MB | 0.4/1.1 MB | 142/321 kB | 20/608 kBProgress (5): 2.2/3.7 MB | 0.9/2.1 MB | 0.4/1.1 MB | 147/321 kB | 20/608 kBProgress (5): 2.2/3.7 MB | 0.9/2.1 MB | 0.4/1.1 MB | 147/321 kB | 24/608 kBProgress (5): 2.2/3.7 MB | 0.9/2.1 MB | 0.4/1.1 MB | 151/321 kB | 24/608 kBProgress (5): 2.2/3.7 MB | 0.9/2.1 MB | 0.4/1.1 MB | 155/321 kB | 24/608 kBProgress (5): 2.2/3.7 MB | 0.9/2.1 MB | 0.4/1.1 MB | 159/321 kB | 24/608 kBProgress (5): 2.2/3.7 MB | 0.9/2.1 MB | 0.4/1.1 MB | 159/321 kB | 28/608 kBProgress (5): 2.2/3.7 MB | 0.9/2.1 MB | 0.4/1.1 MB | 159/321 kB | 32/608 kBProgress (5): 2.2/3.7 MB | 0.9/2.1 MB | 0.4/1.1 MB | 163/321 kB | 32/608 kBProgress (5): 2.2/3.7 MB | 0.9/2.1 MB | 0.4/1.1 MB | 163/321 kB | 36/608 kBProgress (5): 2.2/3.7 MB | 0.9/2.1 MB | 0.4/1.1 MB | 167/321 kB | 36/608 kBProgress (5): 2.2/3.7 MB | 0.9/2.1 MB | 0.4/1.1 MB | 167/321 kB | 40/608 kBProgress (5): 2.2/3.7 MB | 0.9/2.1 MB | 0.4/1.1 MB | 171/321 kB | 40/608 kBProgress (5): 2.2/3.7 MB | 0.9/2.1 MB | 0.4/1.1 MB | 175/321 kB | 40/608 kBProgress (5): 2.2/3.7 MB | 0.9/2.1 MB | 0.4/1.1 MB | 179/321 kB | 40/608 kBProgress (5): 2.2/3.7 MB | 0.9/2.1 MB | 0.4/1.1 MB | 179/321 kB | 45/608 kBProgress (5): 2.2/3.7 MB | 0.9/2.1 MB | 0.4/1.1 MB | 179/321 kB | 49/608 kBProgress (5): 2.2/3.7 MB | 0.9/2.1 MB | 0.4/1.1 MB | 179/321 kB | 53/608 kBProgress (5): 2.2/3.7 MB | 0.9/2.1 MB | 0.4/1.1 MB | 179/321 kB | 57/608 kBProgress (5): 2.2/3.7 MB | 0.9/2.1 MB | 0.4/1.1 MB | 179/321 kB | 61/608 kBProgress (5): 2.2/3.7 MB | 0.9/2.1 MB | 0.4/1.1 MB | 179/321 kB | 65/608 kBProgress (5): 2.2/3.7 MB | 0.9/2.1 MB | 0.4/1.1 MB | 179/321 kB | 69/608 kBProgress (5): 2.2/3.7 MB | 0.9/2.1 MB | 0.4/1.1 MB | 179/321 kB | 73/608 kBProgress (5): 2.2/3.7 MB | 0.9/2.1 MB | 0.4/1.1 MB | 179/321 kB | 77/608 kBProgress (5): 2.2/3.7 MB | 0.9/2.1 MB | 0.4/1.1 MB | 179/321 kB | 81/608 kBProgress (5): 2.2/3.7 MB | 0.9/2.1 MB | 0.4/1.1 MB | 183/321 kB | 81/608 kBProgress (5): 2.2/3.7 MB | 0.9/2.1 MB | 0.4/1.1 MB | 183/321 kB | 86/608 kBProgress (5): 2.2/3.7 MB | 0.9/2.1 MB | 0.4/1.1 MB | 187/321 kB | 86/608 kBProgress (5): 2.2/3.7 MB | 0.9/2.1 MB | 0.4/1.1 MB | 187/321 kB | 90/608 kBProgress (5): 2.2/3.7 MB | 0.9/2.1 MB | 0.4/1.1 MB | 192/321 kB | 90/608 kBProgress (5): 2.2/3.7 MB | 0.9/2.1 MB | 0.4/1.1 MB | 192/321 kB | 94/608 kBProgress (5): 2.2/3.7 MB | 0.9/2.1 MB | 0.4/1.1 MB | 196/321 kB | 94/608 kBProgress (5): 2.2/3.7 MB | 0.9/2.1 MB | 0.4/1.1 MB | 196/321 kB | 98/608 kBProgress (5): 2.2/3.7 MB | 0.9/2.1 MB | 0.4/1.1 MB | 200/321 kB | 98/608 kBProgress (5): 2.2/3.7 MB | 0.9/2.1 MB | 0.4/1.1 MB | 200/321 kB | 102/608 kBProgress (5): 2.2/3.7 MB | 0.9/2.1 MB | 0.4/1.1 MB | 200/321 kB | 106/608 kBProgress (5): 2.2/3.7 MB | 0.9/2.1 MB | 0.4/1.1 MB | 200/321 kB | 110/608 kBProgress (5): 2.2/3.7 MB | 0.9/2.1 MB | 0.4/1.1 MB | 200/321 kB | 114/608 kBProgress (5): 2.2/3.7 MB | 0.9/2.1 MB | 0.4/1.1 MB | 200/321 kB | 118/608 kBProgress (5): 2.2/3.7 MB | 0.9/2.1 MB | 0.4/1.1 MB | 200/321 kB | 122/608 kBProgress (5): 2.2/3.7 MB | 0.9/2.1 MB | 0.4/1.1 MB | 200/321 kB | 126/608 kBProgress (5): 2.2/3.7 MB | 0.9/2.1 MB | 0.4/1.1 MB | 200/321 kB | 131/608 kBProgress (5): 2.2/3.7 MB | 0.9/2.1 MB | 0.4/1.1 MB | 204/321 kB | 131/608 kBProgress (5): 2.2/3.7 MB | 0.9/2.1 MB | 0.4/1.1 MB | 208/321 kB | 131/608 kBProgress (5): 2.2/3.7 MB | 0.9/2.1 MB | 0.4/1.1 MB | 212/321 kB | 131/608 kBProgress (5): 2.2/3.7 MB | 0.9/2.1 MB | 0.4/1.1 MB | 212/321 kB | 135/608 kBProgress (5): 2.2/3.7 MB | 0.9/2.1 MB | 0.4/1.1 MB | 212/321 kB | 139/608 kBProgress (5): 2.2/3.7 MB | 0.9/2.1 MB | 0.4/1.1 MB | 212/321 kB | 143/608 kBProgress (5): 2.2/3.7 MB | 0.9/2.1 MB | 0.4/1.1 MB | 212/321 kB | 143/608 kBProgress (5): 2.2/3.7 MB | 0.9/2.1 MB | 0.5/1.1 MB | 212/321 kB | 143/608 kBProgress (5): 2.2/3.7 MB | 0.9/2.1 MB | 0.5/1.1 MB | 216/321 kB | 143/608 kBProgress (5): 2.2/3.7 MB | 0.9/2.1 MB | 0.5/1.1 MB | 216/321 kB | 143/608 kBProgress (5): 2.2/3.7 MB | 0.9/2.1 MB | 0.5/1.1 MB | 216/321 kB | 143/608 kBProgress (5): 2.2/3.7 MB | 0.9/2.1 MB | 0.5/1.1 MB | 216/321 kB | 147/608 kBProgress (5): 2.2/3.7 MB | 0.9/2.1 MB | 0.5/1.1 MB | 216/321 kB | 151/608 kBProgress (5): 2.2/3.7 MB | 0.9/2.1 MB | 0.5/1.1 MB | 216/321 kB | 151/608 kBProgress (5): 2.2/3.7 MB | 0.9/2.1 MB | 0.5/1.1 MB | 216/321 kB | 151/608 kBProgress (5): 2.2/3.7 MB | 0.9/2.1 MB | 0.5/1.1 MB | 220/321 kB | 151/608 kBProgress (5): 2.2/3.7 MB | 0.9/2.1 MB | 0.5/1.1 MB | 220/321 kB | 151/608 kBProgress (5): 2.2/3.7 MB | 0.9/2.1 MB | 0.5/1.1 MB | 220/321 kB | 155/608 kBProgress (5): 2.2/3.7 MB | 0.9/2.1 MB | 0.5/1.1 MB | 220/321 kB | 159/608 kBProgress (5): 2.2/3.7 MB | 0.9/2.1 MB | 0.5/1.1 MB | 224/321 kB | 159/608 kBProgress (5): 2.2/3.7 MB | 0.9/2.1 MB | 0.5/1.1 MB | 224/321 kB | 159/608 kBProgress (5): 2.2/3.7 MB | 0.9/2.1 MB | 0.5/1.1 MB | 228/321 kB | 159/608 kBProgress (5): 2.2/3.7 MB | 0.9/2.1 MB | 0.5/1.1 MB | 228/321 kB | 163/608 kBProgress (5): 2.2/3.7 MB | 0.9/2.1 MB | 0.5/1.1 MB | 228/321 kB | 167/608 kBProgress (5): 2.2/3.7 MB | 0.9/2.1 MB | 0.5/1.1 MB | 228/321 kB | 171/608 kBProgress (5): 2.2/3.7 MB | 0.9/2.1 MB | 0.5/1.1 MB | 228/321 kB | 176/608 kBProgress (5): 2.2/3.7 MB | 0.9/2.1 MB | 0.5/1.1 MB | 228/321 kB | 180/608 kBProgress (5): 2.2/3.7 MB | 0.9/2.1 MB | 0.5/1.1 MB | 228/321 kB | 180/608 kBProgress (5): 2.2/3.7 MB | 0.9/2.1 MB | 0.5/1.1 MB | 228/321 kB | 180/608 kBProgress (5): 2.2/3.7 MB | 0.9/2.1 MB | 0.5/1.1 MB | 228/321 kB | 180/608 kBProgress (5): 2.2/3.7 MB | 0.9/2.1 MB | 0.5/1.1 MB | 228/321 kB | 180/608 kBProgress (5): 2.2/3.7 MB | 0.9/2.1 MB | 0.5/1.1 MB | 228/321 kB | 180/608 kBProgress (5): 2.2/3.7 MB | 0.9/2.1 MB | 0.5/1.1 MB | 228/321 kB | 180/608 kBProgress (5): 2.2/3.7 MB | 0.9/2.1 MB | 0.5/1.1 MB | 233/321 kB | 180/608 kBProgress (5): 2.2/3.7 MB | 0.9/2.1 MB | 0.5/1.1 MB | 233/321 kB | 180/608 kBProgress (5): 2.2/3.7 MB | 0.9/2.1 MB | 0.5/1.1 MB | 237/321 kB | 180/608 kBProgress (5): 2.2/3.7 MB | 0.9/2.1 MB | 0.5/1.1 MB | 241/321 kB | 180/608 kBProgress (5): 2.2/3.7 MB | 0.9/2.1 MB | 0.5/1.1 MB | 245/321 kB | 180/608 kBProgress (5): 2.2/3.7 MB | 0.9/2.1 MB | 0.5/1.1 MB | 245/321 kB | 184/608 kBProgress (5): 2.2/3.7 MB | 0.9/2.1 MB | 0.5/1.1 MB | 245/321 kB | 188/608 kBProgress (5): 2.2/3.7 MB | 0.9/2.1 MB | 0.5/1.1 MB | 245/321 kB | 192/608 kBProgress (5): 2.2/3.7 MB | 0.9/2.1 MB | 0.5/1.1 MB | 245/321 kB | 196/608 kBProgress (5): 2.2/3.7 MB | 0.9/2.1 MB | 0.5/1.1 MB | 245/321 kB | 196/608 kBProgress (5): 2.2/3.7 MB | 0.9/2.1 MB | 0.5/1.1 MB | 245/321 kB | 196/608 kBProgress (5): 2.2/3.7 MB | 1.0/2.1 MB | 0.5/1.1 MB | 245/321 kB | 196/608 kBProgress (5): 2.2/3.7 MB | 1.0/2.1 MB | 0.5/1.1 MB | 245/321 kB | 200/608 kBProgress (5): 2.2/3.7 MB | 1.0/2.1 MB | 0.5/1.1 MB | 245/321 kB | 204/608 kBProgress (5): 2.2/3.7 MB | 1.0/2.1 MB | 0.5/1.1 MB | 245/321 kB | 208/608 kBProgress (5): 2.2/3.7 MB | 1.0/2.1 MB | 0.5/1.1 MB | 245/321 kB | 212/608 kBProgress (5): 2.2/3.7 MB | 1.0/2.1 MB | 0.5/1.1 MB | 245/321 kB | 212/608 kBProgress (5): 2.2/3.7 MB | 1.0/2.1 MB | 0.6/1.1 MB | 245/321 kB | 212/608 kBProgress (5): 2.2/3.7 MB | 1.0/2.1 MB | 0.6/1.1 MB | 245/321 kB | 212/608 kBProgress (5): 2.2/3.7 MB | 1.0/2.1 MB | 0.6/1.1 MB | 245/321 kB | 212/608 kBProgress (5): 2.2/3.7 MB | 1.0/2.1 MB | 0.6/1.1 MB | 245/321 kB | 212/608 kBProgress (5): 2.2/3.7 MB | 1.0/2.1 MB | 0.6/1.1 MB | 245/321 kB | 212/608 kBProgress (5): 2.2/3.7 MB | 1.0/2.1 MB | 0.6/1.1 MB | 245/321 kB | 212/608 kBProgress (5): 2.2/3.7 MB | 1.0/2.1 MB | 0.6/1.1 MB | 245/321 kB | 212/608 kBProgress (5): 2.3/3.7 MB | 1.0/2.1 MB | 0.6/1.1 MB | 245/321 kB | 212/608 kBProgress (5): 2.3/3.7 MB | 1.0/2.1 MB | 0.6/1.1 MB | 245/321 kB | 212/608 kBProgress (5): 2.3/3.7 MB | 1.0/2.1 MB | 0.6/1.1 MB | 245/321 kB | 212/608 kBProgress (5): 2.3/3.7 MB | 1.0/2.1 MB | 0.6/1.1 MB | 245/321 kB | 212/608 kBProgress (5): 2.3/3.7 MB | 1.0/2.1 MB | 0.6/1.1 MB | 245/321 kB | 212/608 kBProgress (5): 2.3/3.7 MB | 1.0/2.1 MB | 0.6/1.1 MB | 245/321 kB | 212/608 kBProgress (5): 2.3/3.7 MB | 1.0/2.1 MB | 0.6/1.1 MB | 245/321 kB | 212/608 kBProgress (5): 2.3/3.7 MB | 1.0/2.1 MB | 0.6/1.1 MB | 245/321 kB | 212/608 kBProgress (5): 2.3/3.7 MB | 1.0/2.1 MB | 0.6/1.1 MB | 249/321 kB | 212/608 kBProgress (5): 2.3/3.7 MB | 1.0/2.1 MB | 0.6/1.1 MB | 249/321 kB | 212/608 kBProgress (5): 2.3/3.7 MB | 1.0/2.1 MB | 0.6/1.1 MB | 249/321 kB | 212/608 kBProgress (5): 2.3/3.7 MB | 1.0/2.1 MB | 0.6/1.1 MB | 249/321 kB | 212/608 kBProgress (5): 2.3/3.7 MB | 1.0/2.1 MB | 0.6/1.1 MB | 253/321 kB | 212/608 kBProgress (5): 2.3/3.7 MB | 1.0/2.1 MB | 0.6/1.1 MB | 257/321 kB | 212/608 kBProgress (5): 2.3/3.7 MB | 1.0/2.1 MB | 0.6/1.1 MB | 261/321 kB | 212/608 kBProgress (5): 2.3/3.7 MB | 1.0/2.1 MB | 0.6/1.1 MB | 261/321 kB | 212/608 kBProgress (5): 2.3/3.7 MB | 1.0/2.1 MB | 0.7/1.1 MB | 261/321 kB | 212/608 kBProgress (5): 2.3/3.7 MB | 1.0/2.1 MB | 0.7/1.1 MB | 265/321 kB | 212/608 kBProgress (5): 2.3/3.7 MB | 1.0/2.1 MB | 0.7/1.1 MB | 265/321 kB | 212/608 kBProgress (5): 2.3/3.7 MB | 1.0/2.1 MB | 0.7/1.1 MB | 269/321 kB | 212/608 kBProgress (5): 2.3/3.7 MB | 1.0/2.1 MB | 0.7/1.1 MB | 274/321 kB | 212/608 kBProgress (5): 2.3/3.7 MB | 1.0/2.1 MB | 0.7/1.1 MB | 278/321 kB | 212/608 kBProgress (5): 2.3/3.7 MB | 1.0/2.1 MB | 0.7/1.1 MB | 282/321 kB | 212/608 kBProgress (5): 2.3/3.7 MB | 1.0/2.1 MB | 0.7/1.1 MB | 286/321 kB | 212/608 kBProgress (5): 2.3/3.7 MB | 1.0/2.1 MB | 0.7/1.1 MB | 290/321 kB | 212/608 kBProgress (5): 2.3/3.7 MB | 1.0/2.1 MB | 0.7/1.1 MB | 294/321 kB | 212/608 kBProgress (5): 2.3/3.7 MB | 1.0/2.1 MB | 0.7/1.1 MB | 294/321 kB | 212/608 kBProgress (5): 2.3/3.7 MB | 1.0/2.1 MB | 0.7/1.1 MB | 294/321 kB | 212/608 kBProgress (5): 2.3/3.7 MB | 1.0/2.1 MB | 0.7/1.1 MB | 294/321 kB | 212/608 kBProgress (5): 2.3/3.7 MB | 1.0/2.1 MB | 0.7/1.1 MB | 294/321 kB | 212/608 kBProgress (5): 2.3/3.7 MB | 1.0/2.1 MB | 0.7/1.1 MB | 294/321 kB | 212/608 kBProgress (5): 2.3/3.7 MB | 1.0/2.1 MB | 0.7/1.1 MB | 294/321 kB | 217/608 kBProgress (5): 2.3/3.7 MB | 1.0/2.1 MB | 0.7/1.1 MB | 298/321 kB | 217/608 kBProgress (5): 2.3/3.7 MB | 1.0/2.1 MB | 0.7/1.1 MB | 302/321 kB | 217/608 kBProgress (5): 2.3/3.7 MB | 1.0/2.1 MB | 0.7/1.1 MB | 306/321 kB | 217/608 kBProgress (5): 2.4/3.7 MB | 1.0/2.1 MB | 0.7/1.1 MB | 306/321 kB | 217/608 kBProgress (5): 2.4/3.7 MB | 1.0/2.1 MB | 0.7/1.1 MB | 306/321 kB | 221/608 kBProgress (5): 2.4/3.7 MB | 1.0/2.1 MB | 0.7/1.1 MB | 310/321 kB | 221/608 kBProgress (5): 2.4/3.7 MB | 1.0/2.1 MB | 0.7/1.1 MB | 310/321 kB | 225/608 kBProgress (5): 2.4/3.7 MB | 1.0/2.1 MB | 0.7/1.1 MB | 310/321 kB | 229/608 kBProgress (5): 2.4/3.7 MB | 1.0/2.1 MB | 0.7/1.1 MB | 310/321 kB | 233/608 kBProgress (5): 2.4/3.7 MB | 1.0/2.1 MB | 0.7/1.1 MB | 310/321 kB | 237/608 kBProgress (5): 2.4/3.7 MB | 1.0/2.1 MB | 0.7/1.1 MB | 310/321 kB | 241/608 kBProgress (5): 2.4/3.7 MB | 1.0/2.1 MB | 0.7/1.1 MB | 310/321 kB | 245/608 kBProgress (5): 2.4/3.7 MB | 1.0/2.1 MB | 0.7/1.1 MB | 310/321 kB | 249/608 kBProgress (5): 2.4/3.7 MB | 1.0/2.1 MB | 0.7/1.1 MB | 310/321 kB | 253/608 kBProgress (5): 2.4/3.7 MB | 1.0/2.1 MB | 0.7/1.1 MB | 310/321 kB | 257/608 kBProgress (5): 2.4/3.7 MB | 1.0/2.1 MB | 0.7/1.1 MB | 310/321 kB | 262/608 kBProgress (5): 2.4/3.7 MB | 1.0/2.1 MB | 0.7/1.1 MB | 310/321 kB | 262/608 kBProgress (5): 2.4/3.7 MB | 1.0/2.1 MB | 0.7/1.1 MB | 310/321 kB | 262/608 kBProgress (5): 2.4/3.7 MB | 1.0/2.1 MB | 0.7/1.1 MB | 310/321 kB | 262/608 kBProgress (5): 2.4/3.7 MB | 1.0/2.1 MB | 0.7/1.1 MB | 310/321 kB | 262/608 kBProgress (5): 2.4/3.7 MB | 1.0/2.1 MB | 0.7/1.1 MB | 310/321 kB | 262/608 kBProgress (5): 2.4/3.7 MB | 1.0/2.1 MB | 0.7/1.1 MB | 314/321 kB | 262/608 kBProgress (5): 2.4/3.7 MB | 1.0/2.1 MB | 0.7/1.1 MB | 314/321 kB | 266/608 kBProgress (5): 2.4/3.7 MB | 1.0/2.1 MB | 0.7/1.1 MB | 319/321 kB | 266/608 kBProgress (5): 2.4/3.7 MB | 1.0/2.1 MB | 0.7/1.1 MB | 321 kB | 266/608 kB    Progress (5): 2.4/3.7 MB | 1.0/2.1 MB | 0.7/1.1 MB | 321 kB | 270/608 kBProgress (5): 2.4/3.7 MB | 1.0/2.1 MB | 0.7/1.1 MB | 321 kB | 274/608 kBProgress (5): 2.4/3.7 MB | 1.0/2.1 MB | 0.7/1.1 MB | 321 kB | 278/608 kBProgress (5): 2.4/3.7 MB | 1.0/2.1 MB | 0.7/1.1 MB | 321 kB | 278/608 kBProgress (5): 2.4/3.7 MB | 1.0/2.1 MB | 0.7/1.1 MB | 321 kB | 278/608 kBProgress (5): 2.4/3.7 MB | 1.0/2.1 MB | 0.7/1.1 MB | 321 kB | 278/608 kBProgress (5): 2.4/3.7 MB | 1.0/2.1 MB | 0.7/1.1 MB | 321 kB | 278/608 kBProgress (5): 2.4/3.7 MB | 1.1/2.1 MB | 0.7/1.1 MB | 321 kB | 278/608 kBProgress (5): 2.4/3.7 MB | 1.1/2.1 MB | 0.7/1.1 MB | 321 kB | 278/608 kBProgress (5): 2.4/3.7 MB | 1.1/2.1 MB | 0.7/1.1 MB | 321 kB | 278/608 kBProgress (5): 2.4/3.7 MB | 1.1/2.1 MB | 0.7/1.1 MB | 321 kB | 278/608 kBProgress (5): 2.4/3.7 MB | 1.1/2.1 MB | 0.7/1.1 MB | 321 kB | 278/608 kBProgress (5): 2.4/3.7 MB | 1.1/2.1 MB | 0.7/1.1 MB | 321 kB | 278/608 kBProgress (5): 2.4/3.7 MB | 1.1/2.1 MB | 0.7/1.1 MB | 321 kB | 278/608 kBProgress (5): 2.4/3.7 MB | 1.1/2.1 MB | 0.7/1.1 MB | 321 kB | 278/608 kBProgress (5): 2.4/3.7 MB | 1.1/2.1 MB | 0.7/1.1 MB | 321 kB | 278/608 kB                                                                        Downloaded from central: https://repo.maven.apache.org/maven2/org/springframework/spring-expression/6.2.19/spring-expression-6.2.19.jar (321 kB at 17 kB/s)
Downloading from central: https://repo.maven.apache.org/maven2/com/google/zxing/javase/3.5.3/javase-3.5.3.jar
Progress (4): 2.4/3.7 MB | 1.1/2.1 MB | 0.8/1.1 MB | 278/608 kBProgress (4): 2.4/3.7 MB | 1.1/2.1 MB | 0.8/1.1 MB | 278/608 kBProgress (4): 2.4/3.7 MB | 1.1/2.1 MB | 0.8/1.1 MB | 282/608 kBProgress (4): 2.4/3.7 MB | 1.1/2.1 MB | 0.8/1.1 MB | 286/608 kBProgress (4): 2.4/3.7 MB | 1.1/2.1 MB | 0.8/1.1 MB | 290/608 kBProgress (4): 2.4/3.7 MB | 1.1/2.1 MB | 0.8/1.1 MB | 294/608 kBProgress (5): 2.4/3.7 MB | 1.1/2.1 MB | 0.8/1.1 MB | 294/608 kB | 4.1/38 kBProgress (5): 2.4/3.7 MB | 1.1/2.1 MB | 0.8/1.1 MB | 294/608 kB | 7.7/38 kBProgress (5): 2.4/3.7 MB | 1.1/2.1 MB | 0.8/1.1 MB | 294/608 kB | 12/38 kB Progress (5): 2.4/3.7 MB | 1.1/2.1 MB | 0.8/1.1 MB | 294/608 kB | 16/38 kBProgress (5): 2.4/3.7 MB | 1.1/2.1 MB | 0.8/1.1 MB | 294/608 kB | 20/38 kBProgress (5): 2.4/3.7 MB | 1.1/2.1 MB | 0.8/1.1 MB | 294/608 kB | 24/38 kBProgress (5): 2.4/3.7 MB | 1.1/2.1 MB | 0.8/1.1 MB | 294/608 kB | 24/38 kBProgress (5): 2.4/3.7 MB | 1.1/2.1 MB | 0.8/1.1 MB | 294/608 kB | 24/38 kBProgress (5): 2.4/3.7 MB | 1.1/2.1 MB | 0.8/1.1 MB | 294/608 kB | 24/38 kBProgress (5): 2.4/3.7 MB | 1.2/2.1 MB | 0.8/1.1 MB | 294/608 kB | 24/38 kBProgress (5): 2.4/3.7 MB | 1.2/2.1 MB | 0.8/1.1 MB | 294/608 kB | 24/38 kBProgress (5): 2.4/3.7 MB | 1.2/2.1 MB | 0.8/1.1 MB | 294/608 kB | 24/38 kBProgress (5): 2.4/3.7 MB | 1.2/2.1 MB | 0.8/1.1 MB | 294/608 kB | 24/38 kBProgress (5): 2.4/3.7 MB | 1.2/2.1 MB | 0.8/1.1 MB | 294/608 kB | 24/38 kBProgress (5): 2.4/3.7 MB | 1.2/2.1 MB | 0.8/1.1 MB | 294/608 kB | 24/38 kBProgress (5): 2.4/3.7 MB | 1.2/2.1 MB | 0.8/1.1 MB | 294/608 kB | 24/38 kBProgress (5): 2.4/3.7 MB | 1.2/2.1 MB | 0.8/1.1 MB | 294/608 kB | 24/38 kBProgress (5): 2.4/3.7 MB | 1.2/2.1 MB | 0.8/1.1 MB | 294/608 kB | 24/38 kBProgress (5): 2.4/3.7 MB | 1.2/2.1 MB | 0.8/1.1 MB | 294/608 kB | 24/38 kBProgress (5): 2.4/3.7 MB | 1.2/2.1 MB | 0.8/1.1 MB | 294/608 kB | 24/38 kBProgress (5): 2.4/3.7 MB | 1.2/2.1 MB | 0.8/1.1 MB | 298/608 kB | 24/38 kBProgress (5): 2.4/3.7 MB | 1.2/2.1 MB | 0.8/1.1 MB | 303/608 kB | 24/38 kBProgress (5): 2.4/3.7 MB | 1.2/2.1 MB | 0.8/1.1 MB | 303/608 kB | 24/38 kBProgress (5): 2.4/3.7 MB | 1.2/2.1 MB | 0.8/1.1 MB | 307/608 kB | 24/38 kBProgress (5): 2.4/3.7 MB | 1.2/2.1 MB | 0.8/1.1 MB | 311/608 kB | 24/38 kBProgress (5): 2.4/3.7 MB | 1.2/2.1 MB | 0.8/1.1 MB | 311/608 kB | 24/38 kBProgress (5): 2.4/3.7 MB | 1.2/2.1 MB | 0.8/1.1 MB | 315/608 kB | 24/38 kBProgress (5): 2.4/3.7 MB | 1.2/2.1 MB | 0.9/1.1 MB | 315/608 kB | 24/38 kBProgress (5): 2.4/3.7 MB | 1.2/2.1 MB | 0.9/1.1 MB | 315/608 kB | 24/38 kBProgress (5): 2.4/3.7 MB | 1.2/2.1 MB | 0.9/1.1 MB | 319/608 kB | 24/38 kBProgress (5): 2.4/3.7 MB | 1.2/2.1 MB | 0.9/1.1 MB | 323/608 kB | 24/38 kBProgress (5): 2.4/3.7 MB | 1.2/2.1 MB | 0.9/1.1 MB | 323/608 kB | 24/38 kBProgress (5): 2.4/3.7 MB | 1.2/2.1 MB | 0.9/1.1 MB | 323/608 kB | 24/38 kBProgress (5): 2.4/3.7 MB | 1.2/2.1 MB | 0.9/1.1 MB | 327/608 kB | 24/38 kBProgress (5): 2.5/3.7 MB | 1.2/2.1 MB | 0.9/1.1 MB | 327/608 kB | 24/38 kBProgress (5): 2.5/3.7 MB | 1.2/2.1 MB | 0.9/1.1 MB | 327/608 kB | 24/38 kBProgress (5): 2.5/3.7 MB | 1.2/2.1 MB | 0.9/1.1 MB | 327/608 kB | 28/38 kBProgress (5): 2.5/3.7 MB | 1.2/2.1 MB | 0.9/1.1 MB | 327/608 kB | 32/38 kBProgress (5): 2.5/3.7 MB | 1.2/2.1 MB | 0.9/1.1 MB | 327/608 kB | 32/38 kBProgress (5): 2.5/3.7 MB | 1.2/2.1 MB | 0.9/1.1 MB | 327/608 kB | 36/38 kBProgress (5): 2.5/3.7 MB | 1.2/2.1 MB | 0.9/1.1 MB | 327/608 kB | 36/38 kBProgress (5): 2.5/3.7 MB | 1.2/2.1 MB | 0.9/1.1 MB | 327/608 kB | 38 kB   Progress (5): 2.5/3.7 MB | 1.2/2.1 MB | 0.9/1.1 MB | 327/608 kB | 38 kBProgress (5): 2.5/3.7 MB | 1.2/2.1 MB | 0.9/1.1 MB | 327/608 kB | 38 kBProgress (5): 2.5/3.7 MB | 1.2/2.1 MB | 0.9/1.1 MB | 327/608 kB | 38 kBProgress (5): 2.5/3.7 MB | 1.2/2.1 MB | 0.9/1.1 MB | 327/608 kB | 38 kBProgress (5): 2.5/3.7 MB | 1.2/2.1 MB | 0.9/1.1 MB | 327/608 kB | 38 kBProgress (5): 2.5/3.7 MB | 1.2/2.1 MB | 0.9/1.1 MB | 327/608 kB | 38 kBProgress (5): 2.5/3.7 MB | 1.2/2.1 MB | 0.9/1.1 MB | 327/608 kB | 38 kBProgress (5): 2.5/3.7 MB | 1.2/2.1 MB | 0.9/1.1 MB | 327/608 kB | 38 kBProgress (5): 2.5/3.7 MB | 1.2/2.1 MB | 0.9/1.1 MB | 327/608 kB | 38 kBProgress (5): 2.6/3.7 MB | 1.2/2.1 MB | 0.9/1.1 MB | 327/608 kB | 38 kBProgress (5): 2.6/3.7 MB | 1.2/2.1 MB | 0.9/1.1 MB | 327/608 kB | 38 kBProgress (5): 2.6/3.7 MB | 1.2/2.1 MB | 0.9/1.1 MB | 327/608 kB | 38 kBProgress (5): 2.6/3.7 MB | 1.2/2.1 MB | 0.9/1.1 MB | 327/608 kB | 38 kBProgress (5): 2.6/3.7 MB | 1.2/2.1 MB | 0.9/1.1 MB | 331/608 kB | 38 kBProgress (5): 2.6/3.7 MB | 1.2/2.1 MB | 0.9/1.1 MB | 331/608 kB | 38 kBProgress (5): 2.6/3.7 MB | 1.2/2.1 MB | 0.9/1.1 MB | 335/608 kB | 38 kBProgress (5): 2.6/3.7 MB | 1.2/2.1 MB | 0.9/1.1 MB | 339/608 kB | 38 kBProgress (5): 2.6/3.7 MB | 1.2/2.1 MB | 0.9/1.1 MB | 344/608 kB | 38 kB                                                                       Downloaded from central: https://repo.maven.apache.org/maven2/com/google/zxing/javase/3.5.3/javase-3.5.3.jar (38 kB at 2.0 kB/s)
Downloading from central: https://repo.maven.apache.org/maven2/com/beust/jcommander/1.82/jcommander-1.82.jar
Progress (4): 2.6/3.7 MB | 1.2/2.1 MB | 0.9/1.1 MB | 348/608 kBProgress (4): 2.6/3.7 MB | 1.2/2.1 MB | 0.9/1.1 MB | 352/608 kBProgress (4): 2.6/3.7 MB | 1.2/2.1 MB | 0.9/1.1 MB | 356/608 kBProgress (4): 2.6/3.7 MB | 1.2/2.1 MB | 0.9/1.1 MB | 360/608 kBProgress (4): 2.6/3.7 MB | 1.3/2.1 MB | 0.9/1.1 MB | 360/608 kBProgress (4): 2.6/3.7 MB | 1.3/2.1 MB | 0.9/1.1 MB | 360/608 kBProgress (4): 2.6/3.7 MB | 1.3/2.1 MB | 0.9/1.1 MB | 360/608 kBProgress (4): 2.6/3.7 MB | 1.3/2.1 MB | 0.9/1.1 MB | 360/608 kBProgress (4): 2.6/3.7 MB | 1.3/2.1 MB | 0.9/1.1 MB | 360/608 kBProgress (4): 2.6/3.7 MB | 1.3/2.1 MB | 0.9/1.1 MB | 360/608 kBProgress (4): 2.6/3.7 MB | 1.3/2.1 MB | 0.9/1.1 MB | 360/608 kBProgress (4): 2.6/3.7 MB | 1.3/2.1 MB | 0.9/1.1 MB | 360/608 kBProgress (4): 2.6/3.7 MB | 1.3/2.1 MB | 1.0/1.1 MB | 360/608 kBProgress (4): 2.6/3.7 MB | 1.3/2.1 MB | 1.0/1.1 MB | 360/608 kBProgress (4): 2.6/3.7 MB | 1.3/2.1 MB | 1.0/1.1 MB | 360/608 kBProgress (4): 2.6/3.7 MB | 1.3/2.1 MB | 1.0/1.1 MB | 360/608 kBProgress (4): 2.6/3.7 MB | 1.3/2.1 MB | 1.0/1.1 MB | 360/608 kBProgress (4): 2.6/3.7 MB | 1.3/2.1 MB | 1.0/1.1 MB | 360/608 kBProgress (4): 2.6/3.7 MB | 1.3/2.1 MB | 1.0/1.1 MB | 360/608 kBProgress (4): 2.6/3.7 MB | 1.3/2.1 MB | 1.0/1.1 MB | 360/608 kBProgress (4): 2.6/3.7 MB | 1.3/2.1 MB | 1.0/1.1 MB | 360/608 kBProgress (4): 2.6/3.7 MB | 1.3/2.1 MB | 1.0/1.1 MB | 360/608 kBProgress (4): 2.6/3.7 MB | 1.3/2.1 MB | 1.0/1.1 MB | 360/608 kBProgress (4): 2.6/3.7 MB | 1.3/2.1 MB | 1.0/1.1 MB | 360/608 kBProgress (4): 2.6/3.7 MB | 1.3/2.1 MB | 1.0/1.1 MB | 360/608 kBProgress (4): 2.6/3.7 MB | 1.3/2.1 MB | 1.0/1.1 MB | 360/608 kBProgress (4): 2.6/3.7 MB | 1.3/2.1 MB | 1.0/1.1 MB | 360/608 kBProgress (4): 2.6/3.7 MB | 1.3/2.1 MB | 1.0/1.1 MB | 360/608 kBProgress (4): 2.6/3.7 MB | 1.3/2.1 MB | 1.0/1.1 MB | 360/608 kBProgress (4): 2.6/3.7 MB | 1.3/2.1 MB | 1.1/1.1 MB | 360/608 kBProgress (4): 2.6/3.7 MB | 1.3/2.1 MB | 1.1/1.1 MB | 360/608 kBProgress (4): 2.6/3.7 MB | 1.3/2.1 MB | 1.1/1.1 MB | 360/608 kBProgress (4): 2.6/3.7 MB | 1.3/2.1 MB | 1.1/1.1 MB | 360/608 kBProgress (4): 2.6/3.7 MB | 1.3/2.1 MB | 1.1/1.1 MB | 360/608 kBProgress (4): 2.6/3.7 MB | 1.3/2.1 MB | 1.1/1.1 MB | 360/608 kBProgress (4): 2.6/3.7 MB | 1.3/2.1 MB | 1.1 MB | 360/608 kB    Progress (4): 2.7/3.7 MB | 1.3/2.1 MB | 1.1 MB | 360/608 kBProgress (4): 2.7/3.7 MB | 1.3/2.1 MB | 1.1 MB | 360/608 kBProgress (4): 2.7/3.7 MB | 1.3/2.1 MB | 1.1 MB | 360/608 kBProgress (4): 2.7/3.7 MB | 1.3/2.1 MB | 1.1 MB | 360/608 kBProgress (4): 2.7/3.7 MB | 1.3/2.1 MB | 1.1 MB | 360/608 kBProgress (4): 2.7/3.7 MB | 1.3/2.1 MB | 1.1 MB | 360/608 kBProgress (5): 2.7/3.7 MB | 1.3/2.1 MB | 1.1 MB | 360/608 kB | 4.1/88 kBProgress (5): 2.7/3.7 MB | 1.3/2.1 MB | 1.1 MB | 360/608 kB | 7.7/88 kBProgress (5): 2.7/3.7 MB | 1.3/2.1 MB | 1.1 MB | 360/608 kB | 12/88 kB Progress (5): 2.7/3.7 MB | 1.3/2.1 MB | 1.1 MB | 360/608 kB | 16/88 kBProgress (5): 2.8/3.7 MB | 1.3/2.1 MB | 1.1 MB | 360/608 kB | 16/88 kBProgress (5): 2.8/3.7 MB | 1.3/2.1 MB | 1.1 MB | 360/608 kB | 16/88 kBProgress (5): 2.8/3.7 MB | 1.4/2.1 MB | 1.1 MB | 360/608 kB | 16/88 kBProgress (5): 2.8/3.7 MB | 1.4/2.1 MB | 1.1 MB | 360/608 kB | 16/88 kB                                                                      Downloaded from central: https://repo.maven.apache.org/maven2/org/springframework/spring-webmvc/6.2.19/spring-webmvc-6.2.19.jar (1.1 MB at 56 kB/s)
Downloading from central: https://repo.maven.apache.org/maven2/com/github/jai-imageio/jai-imageio-core/1.4.0/jai-imageio-core-1.4.0.jar
Progress (4): 2.8/3.7 MB | 1.4/2.1 MB | 360/608 kB | 16/88 kBProgress (4): 2.8/3.7 MB | 1.4/2.1 MB | 364/608 kB | 16/88 kBProgress (4): 2.8/3.7 MB | 1.4/2.1 MB | 368/608 kB | 16/88 kBProgress (4): 2.8/3.7 MB | 1.4/2.1 MB | 372/608 kB | 16/88 kBProgress (4): 2.8/3.7 MB | 1.4/2.1 MB | 376/608 kB | 16/88 kBProgress (4): 2.8/3.7 MB | 1.4/2.1 MB | 380/608 kB | 16/88 kBProgress (4): 2.8/3.7 MB | 1.4/2.1 MB | 384/608 kB | 16/88 kBProgress (4): 2.8/3.7 MB | 1.4/2.1 MB | 389/608 kB | 16/88 kBProgress (4): 2.8/3.7 MB | 1.4/2.1 MB | 393/608 kB | 16/88 kBProgress (4): 2.8/3.7 MB | 1.4/2.1 MB | 397/608 kB | 16/88 kBProgress (4): 2.8/3.7 MB | 1.4/2.1 MB | 401/608 kB | 16/88 kBProgress (4): 2.8/3.7 MB | 1.4/2.1 MB | 405/608 kB | 16/88 kBProgress (4): 2.8/3.7 MB | 1.4/2.1 MB | 409/608 kB | 16/88 kBProgress (4): 2.8/3.7 MB | 1.4/2.1 MB | 413/608 kB | 16/88 kBProgress (4): 2.8/3.7 MB | 1.4/2.1 MB | 417/608 kB | 16/88 kBProgress (4): 2.8/3.7 MB | 1.4/2.1 MB | 421/608 kB | 16/88 kBProgress (4): 2.8/3.7 MB | 1.4/2.1 MB | 425/608 kB | 16/88 kBProgress (4): 2.8/3.7 MB | 1.4/2.1 MB | 430/608 kB | 16/88 kBProgress (4): 2.8/3.7 MB | 1.4/2.1 MB | 434/608 kB | 16/88 kBProgress (4): 2.8/3.7 MB | 1.4/2.1 MB | 438/608 kB | 16/88 kBProgress (4): 2.8/3.7 MB | 1.4/2.1 MB | 442/608 kB | 16/88 kBProgress (4): 2.8/3.7 MB | 1.4/2.1 MB | 446/608 kB | 16/88 kBProgress (4): 2.8/3.7 MB | 1.4/2.1 MB | 450/608 kB | 16/88 kBProgress (4): 2.8/3.7 MB | 1.4/2.1 MB | 450/608 kB | 20/88 kBProgress (4): 2.8/3.7 MB | 1.4/2.1 MB | 450/608 kB | 24/88 kBProgress (4): 2.8/3.7 MB | 1.4/2.1 MB | 450/608 kB | 28/88 kBProgress (4): 2.8/3.7 MB | 1.4/2.1 MB | 450/608 kB | 32/88 kBProgress (4): 2.8/3.7 MB | 1.4/2.1 MB | 450/608 kB | 36/88 kBProgress (4): 2.8/3.7 MB | 1.4/2.1 MB | 450/608 kB | 40/88 kBProgress (4): 2.8/3.7 MB | 1.4/2.1 MB | 450/608 kB | 45/88 kBProgress (4): 2.8/3.7 MB | 1.4/2.1 MB | 450/608 kB | 49/88 kBProgress (4): 2.8/3.7 MB | 1.4/2.1 MB | 454/608 kB | 49/88 kBProgress (4): 2.8/3.7 MB | 1.4/2.1 MB | 458/608 kB | 49/88 kBProgress (4): 2.8/3.7 MB | 1.4/2.1 MB | 462/608 kB | 49/88 kBProgress (4): 2.8/3.7 MB | 1.4/2.1 MB | 466/608 kB | 49/88 kBProgress (4): 2.8/3.7 MB | 1.4/2.1 MB | 470/608 kB | 49/88 kBProgress (4): 2.8/3.7 MB | 1.4/2.1 MB | 475/608 kB | 49/88 kBProgress (4): 2.8/3.7 MB | 1.4/2.1 MB | 479/608 kB | 49/88 kBProgress (4): 2.8/3.7 MB | 1.4/2.1 MB | 483/608 kB | 49/88 kBProgress (4): 2.8/3.7 MB | 1.4/2.1 MB | 483/608 kB | 49/88 kBProgress (4): 2.8/3.7 MB | 1.4/2.1 MB | 483/608 kB | 49/88 kBProgress (4): 2.8/3.7 MB | 1.4/2.1 MB | 483/608 kB | 49/88 kBProgress (4): 2.8/3.7 MB | 1.4/2.1 MB | 487/608 kB | 49/88 kBProgress (4): 2.8/3.7 MB | 1.4/2.1 MB | 487/608 kB | 49/88 kBProgress (4): 2.8/3.7 MB | 1.4/2.1 MB | 491/608 kB | 49/88 kBProgress (4): 2.8/3.7 MB | 1.4/2.1 MB | 495/608 kB | 49/88 kBProgress (4): 2.8/3.7 MB | 1.4/2.1 MB | 499/608 kB | 49/88 kBProgress (4): 2.8/3.7 MB | 1.4/2.1 MB | 499/608 kB | 53/88 kBProgress (4): 2.8/3.7 MB | 1.4/2.1 MB | 499/608 kB | 57/88 kBProgress (4): 2.8/3.7 MB | 1.4/2.1 MB | 499/608 kB | 61/88 kBProgress (4): 2.8/3.7 MB | 1.4/2.1 MB | 499/608 kB | 65/88 kBProgress (4): 2.8/3.7 MB | 1.4/2.1 MB | 499/608 kB | 69/88 kBProgress (4): 2.8/3.7 MB | 1.4/2.1 MB | 499/608 kB | 73/88 kBProgress (4): 2.8/3.7 MB | 1.4/2.1 MB | 499/608 kB | 73/88 kBProgress (5): 2.8/3.7 MB | 1.4/2.1 MB | 499/608 kB | 73/88 kB | 4.1/628 kBProgress (5): 2.8/3.7 MB | 1.4/2.1 MB | 499/608 kB | 73/88 kB | 7.7/628 kBProgress (5): 2.8/3.7 MB | 1.4/2.1 MB | 499/608 kB | 73/88 kB | 12/628 kB Progress (5): 2.8/3.7 MB | 1.4/2.1 MB | 499/608 kB | 73/88 kB | 16/628 kBProgress (5): 2.8/3.7 MB | 1.4/2.1 MB | 499/608 kB | 73/88 kB | 16/628 kBProgress (5): 2.8/3.7 MB | 1.4/2.1 MB | 499/608 kB | 73/88 kB | 16/628 kBProgress (5): 2.9/3.7 MB | 1.4/2.1 MB | 499/608 kB | 73/88 kB | 16/628 kBProgress (5): 2.9/3.7 MB | 1.5/2.1 MB | 499/608 kB | 73/88 kB | 16/628 kBProgress (5): 2.9/3.7 MB | 1.5/2.1 MB | 499/608 kB | 73/88 kB | 16/628 kBProgress (5): 2.9/3.7 MB | 1.5/2.1 MB | 499/608 kB | 73/88 kB | 16/628 kBProgress (5): 2.9/3.7 MB | 1.5/2.1 MB | 499/608 kB | 73/88 kB | 20/628 kBProgress (5): 2.9/3.7 MB | 1.5/2.1 MB | 499/608 kB | 73/88 kB | 24/628 kBProgress (5): 2.9/3.7 MB | 1.5/2.1 MB | 499/608 kB | 73/88 kB | 28/628 kBProgress (5): 2.9/3.7 MB | 1.5/2.1 MB | 499/608 kB | 77/88 kB | 28/628 kBProgress (5): 2.9/3.7 MB | 1.5/2.1 MB | 499/608 kB | 81/88 kB | 28/628 kBProgress (5): 2.9/3.7 MB | 1.5/2.1 MB | 499/608 kB | 86/88 kB | 28/628 kBProgress (5): 2.9/3.7 MB | 1.5/2.1 MB | 499/608 kB | 88 kB | 28/628 kB   Progress (5): 2.9/3.7 MB | 1.5/2.1 MB | 503/608 kB | 88 kB | 28/628 kBProgress (5): 2.9/3.7 MB | 1.5/2.1 MB | 507/608 kB | 88 kB | 28/628 kBProgress (5): 2.9/3.7 MB | 1.5/2.1 MB | 507/608 kB | 88 kB | 28/628 kBProgress (5): 2.9/3.7 MB | 1.5/2.1 MB | 511/608 kB | 88 kB | 28/628 kBProgress (5): 2.9/3.7 MB | 1.5/2.1 MB | 516/608 kB | 88 kB | 28/628 kBProgress (5): 2.9/3.7 MB | 1.5/2.1 MB | 516/608 kB | 88 kB | 32/628 kBProgress (5): 2.9/3.7 MB | 1.5/2.1 MB | 516/608 kB | 88 kB | 36/628 kBProgress (5): 2.9/3.7 MB | 1.5/2.1 MB | 516/608 kB | 88 kB | 40/628 kBProgress (5): 2.9/3.7 MB | 1.5/2.1 MB | 516/608 kB | 88 kB | 44/628 kBProgress (5): 2.9/3.7 MB | 1.5/2.1 MB | 516/608 kB | 88 kB | 48/628 kBProgress (5): 2.9/3.7 MB | 1.5/2.1 MB | 516/608 kB | 88 kB | 52/628 kBProgress (5): 2.9/3.7 MB | 1.5/2.1 MB | 516/608 kB | 88 kB | 56/628 kBProgress (5): 2.9/3.7 MB | 1.5/2.1 MB | 516/608 kB | 88 kB | 61/628 kBProgress (5): 2.9/3.7 MB | 1.5/2.1 MB | 516/608 kB | 88 kB | 61/628 kBProgress (5): 2.9/3.7 MB | 1.5/2.1 MB | 520/608 kB | 88 kB | 61/628 kBProgress (5): 2.9/3.7 MB | 1.5/2.1 MB | 524/608 kB | 88 kB | 61/628 kBProgress (5): 2.9/3.7 MB | 1.5/2.1 MB | 528/608 kB | 88 kB | 61/628 kBProgress (5): 2.9/3.7 MB | 1.5/2.1 MB | 532/608 kB | 88 kB | 61/628 kBProgress (5): 2.9/3.7 MB | 1.5/2.1 MB | 532/608 kB | 88 kB | 65/628 kBProgress (5): 2.9/3.7 MB | 1.5/2.1 MB | 532/608 kB | 88 kB | 69/628 kBProgress (5): 2.9/3.7 MB | 1.5/2.1 MB | 532/608 kB | 88 kB | 73/628 kBProgress (5): 2.9/3.7 MB | 1.5/2.1 MB | 532/608 kB | 88 kB | 77/628 kBProgress (5): 2.9/3.7 MB | 1.5/2.1 MB | 532/608 kB | 88 kB | 77/628 kBProgress (5): 2.9/3.7 MB | 1.5/2.1 MB | 532/608 kB | 88 kB | 81/628 kBProgress (5): 2.9/3.7 MB | 1.5/2.1 MB | 532/608 kB | 88 kB | 85/628 kBProgress (5): 2.9/3.7 MB | 1.5/2.1 MB | 532/608 kB | 88 kB | 89/628 kBProgress (5): 2.9/3.7 MB | 1.5/2.1 MB | 532/608 kB | 88 kB | 93/628 kBProgress (5): 2.9/3.7 MB | 1.5/2.1 MB | 532/608 kB | 88 kB | 97/628 kBProgress (5): 2.9/3.7 MB | 1.5/2.1 MB | 536/608 kB | 88 kB | 97/628 kBProgress (5): 2.9/3.7 MB | 1.5/2.1 MB | 540/608 kB | 88 kB | 97/628 kBProgress (5): 2.9/3.7 MB | 1.5/2.1 MB | 544/608 kB | 88 kB | 97/628 kBProgress (5): 2.9/3.7 MB | 1.5/2.1 MB | 548/608 kB | 88 kB | 97/628 kBProgress (5): 2.9/3.7 MB | 1.5/2.1 MB | 548/608 kB | 88 kB | 101/628 kBProgress (5): 2.9/3.7 MB | 1.5/2.1 MB | 548/608 kB | 88 kB | 106/628 kBProgress (5): 2.9/3.7 MB | 1.5/2.1 MB | 548/608 kB | 88 kB | 110/628 kBProgress (5): 2.9/3.7 MB | 1.5/2.1 MB | 548/608 kB | 88 kB | 114/628 kBProgress (5): 2.9/3.7 MB | 1.5/2.1 MB | 548/608 kB | 88 kB | 118/628 kBProgress (5): 2.9/3.7 MB | 1.5/2.1 MB | 548/608 kB | 88 kB | 122/628 kBProgress (5): 2.9/3.7 MB | 1.5/2.1 MB | 548/608 kB | 88 kB | 126/628 kBProgress (5): 2.9/3.7 MB | 1.5/2.1 MB | 548/608 kB | 88 kB | 130/628 kBProgress (5): 2.9/3.7 MB | 1.5/2.1 MB | 552/608 kB | 88 kB | 130/628 kBProgress (5): 2.9/3.7 MB | 1.5/2.1 MB | 557/608 kB | 88 kB | 130/628 kBProgress (5): 2.9/3.7 MB | 1.5/2.1 MB | 561/608 kB | 88 kB | 130/628 kBProgress (5): 2.9/3.7 MB | 1.5/2.1 MB | 565/608 kB | 88 kB | 130/628 kBProgress (5): 2.9/3.7 MB | 1.5/2.1 MB | 569/608 kB | 88 kB | 130/628 kBProgress (5): 2.9/3.7 MB | 1.5/2.1 MB | 573/608 kB | 88 kB | 130/628 kBProgress (5): 2.9/3.7 MB | 1.5/2.1 MB | 577/608 kB | 88 kB | 130/628 kBProgress (5): 2.9/3.7 MB | 1.5/2.1 MB | 581/608 kB | 88 kB | 130/628 kBProgress (5): 2.9/3.7 MB | 1.5/2.1 MB | 581/608 kB | 88 kB | 134/628 kBProgress (5): 2.9/3.7 MB | 1.5/2.1 MB | 581/608 kB | 88 kB | 138/628 kBProgress (5): 2.9/3.7 MB | 1.5/2.1 MB | 581/608 kB | 88 kB | 142/628 kBProgress (5): 2.9/3.7 MB | 1.5/2.1 MB | 581/608 kB | 88 kB | 147/628 kBProgress (5): 2.9/3.7 MB | 1.5/2.1 MB | 581/608 kB | 88 kB | 147/628 kBProgress (5): 2.9/3.7 MB | 1.6/2.1 MB | 581/608 kB | 88 kB | 147/628 kBProgress (5): 2.9/3.7 MB | 1.6/2.1 MB | 581/608 kB | 88 kB | 147/628 kBProgress (5): 2.9/3.7 MB | 1.6/2.1 MB | 581/608 kB | 88 kB | 147/628 kB                                                                       Downloaded from central: https://repo.maven.apache.org/maven2/com/beust/jcommander/1.82/jcommander-1.82.jar (88 kB at 4.5 kB/s)
Downloading from central: https://repo.maven.apache.org/maven2/com/openhtmltopdf/openhtmltopdf-pdfbox/1.0.10/openhtmltopdf-pdfbox-1.0.10.jar
Progress (4): 2.9/3.7 MB | 1.6/2.1 MB | 581/608 kB | 147/628 kBProgress (4): 2.9/3.7 MB | 1.6/2.1 MB | 581/608 kB | 151/628 kBProgress (4): 2.9/3.7 MB | 1.6/2.1 MB | 581/608 kB | 155/628 kBProgress (4): 2.9/3.7 MB | 1.6/2.1 MB | 581/608 kB | 159/628 kBProgress (4): 2.9/3.7 MB | 1.6/2.1 MB | 581/608 kB | 163/628 kBProgress (4): 2.9/3.7 MB | 1.6/2.1 MB | 581/608 kB | 167/628 kBProgress (4): 2.9/3.7 MB | 1.6/2.1 MB | 581/608 kB | 171/628 kBProgress (4): 2.9/3.7 MB | 1.6/2.1 MB | 581/608 kB | 175/628 kBProgress (4): 2.9/3.7 MB | 1.6/2.1 MB | 581/608 kB | 179/628 kBProgress (4): 2.9/3.7 MB | 1.6/2.1 MB | 585/608 kB | 179/628 kBProgress (4): 2.9/3.7 MB | 1.6/2.1 MB | 589/608 kB | 179/628 kBProgress (4): 2.9/3.7 MB | 1.6/2.1 MB | 593/608 kB | 179/628 kBProgress (4): 2.9/3.7 MB | 1.6/2.1 MB | 597/608 kB | 179/628 kBProgress (4): 2.9/3.7 MB | 1.6/2.1 MB | 597/608 kB | 179/628 kBProgress (4): 2.9/3.7 MB | 1.6/2.1 MB | 602/608 kB | 179/628 kBProgress (4): 2.9/3.7 MB | 1.6/2.1 MB | 606/608 kB | 179/628 kBProgress (4): 2.9/3.7 MB | 1.6/2.1 MB | 608 kB | 179/628 kB    Progress (4): 2.9/3.7 MB | 1.6/2.1 MB | 608 kB | 183/628 kBProgress (4): 2.9/3.7 MB | 1.6/2.1 MB | 608 kB | 183/628 kBProgress (4): 2.9/3.7 MB | 1.6/2.1 MB | 608 kB | 187/628 kBProgress (4): 2.9/3.7 MB | 1.6/2.1 MB | 608 kB | 192/628 kBProgress (4): 2.9/3.7 MB | 1.6/2.1 MB | 608 kB | 196/628 kBProgress (4): 2.9/3.7 MB | 1.6/2.1 MB | 608 kB | 200/628 kBProgress (4): 2.9/3.7 MB | 1.6/2.1 MB | 608 kB | 204/628 kBProgress (4): 2.9/3.7 MB | 1.6/2.1 MB | 608 kB | 208/628 kBProgress (4): 2.9/3.7 MB | 1.6/2.1 MB | 608 kB | 212/628 kBProgress (4): 2.9/3.7 MB | 1.6/2.1 MB | 608 kB | 216/628 kBProgress (4): 2.9/3.7 MB | 1.6/2.1 MB | 608 kB | 220/628 kBProgress (4): 2.9/3.7 MB | 1.6/2.1 MB | 608 kB | 224/628 kBProgress (4): 2.9/3.7 MB | 1.6/2.1 MB | 608 kB | 228/628 kBProgress (4): 2.9/3.7 MB | 1.6/2.1 MB | 608 kB | 233/628 kBProgress (4): 2.9/3.7 MB | 1.6/2.1 MB | 608 kB | 237/628 kBProgress (4): 2.9/3.7 MB | 1.6/2.1 MB | 608 kB | 241/628 kBProgress (4): 2.9/3.7 MB | 1.6/2.1 MB | 608 kB | 245/628 kBProgress (4): 2.9/3.7 MB | 1.6/2.1 MB | 608 kB | 249/628 kBProgress (4): 2.9/3.7 MB | 1.6/2.1 MB | 608 kB | 253/628 kBProgress (4): 2.9/3.7 MB | 1.6/2.1 MB | 608 kB | 257/628 kBProgress (4): 2.9/3.7 MB | 1.6/2.1 MB | 608 kB | 261/628 kB                                                           Downloaded from central: https://repo.maven.apache.org/maven2/com/google/zxing/core/3.5.3/core-3.5.3.jar (608 kB at 31 kB/s)
Downloading from central: https://repo.maven.apache.org/maven2/org/apache/pdfbox/pdfbox/2.0.24/pdfbox-2.0.24.jar
Progress (3): 2.9/3.7 MB | 1.6/2.1 MB | 261/628 kBProgress (3): 2.9/3.7 MB | 1.6/2.1 MB | 265/628 kBProgress (3): 2.9/3.7 MB | 1.6/2.1 MB | 269/628 kBProgress (3): 2.9/3.7 MB | 1.6/2.1 MB | 274/628 kBProgress (3): 2.9/3.7 MB | 1.6/2.1 MB | 278/628 kBProgress (3): 2.9/3.7 MB | 1.6/2.1 MB | 278/628 kBProgress (3): 2.9/3.7 MB | 1.6/2.1 MB | 278/628 kBProgress (3): 2.9/3.7 MB | 1.7/2.1 MB | 278/628 kBProgress (3): 2.9/3.7 MB | 1.7/2.1 MB | 278/628 kBProgress (4): 2.9/3.7 MB | 1.7/2.1 MB | 278/628 kB | 4.1/259 kBProgress (4): 2.9/3.7 MB | 1.7/2.1 MB | 278/628 kB | 7.7/259 kBProgress (4): 2.9/3.7 MB | 1.7/2.1 MB | 278/628 kB | 12/259 kB Progress (4): 2.9/3.7 MB | 1.7/2.1 MB | 278/628 kB | 16/259 kBProgress (4): 2.9/3.7 MB | 1.7/2.1 MB | 278/628 kB | 20/259 kBProgress (4): 2.9/3.7 MB | 1.7/2.1 MB | 278/628 kB | 24/259 kBProgress (4): 2.9/3.7 MB | 1.7/2.1 MB | 278/628 kB | 24/259 kBProgress (4): 2.9/3.7 MB | 1.7/2.1 MB | 282/628 kB | 24/259 kBProgress (4): 2.9/3.7 MB | 1.7/2.1 MB | 286/628 kB | 24/259 kBProgress (4): 2.9/3.7 MB | 1.7/2.1 MB | 290/628 kB | 24/259 kBProgress (4): 2.9/3.7 MB | 1.7/2.1 MB | 294/628 kB | 24/259 kBProgress (4): 2.9/3.7 MB | 1.7/2.1 MB | 298/628 kB | 24/259 kBProgress (4): 2.9/3.7 MB | 1.7/2.1 MB | 302/628 kB | 24/259 kBProgress (4): 2.9/3.7 MB | 1.7/2.1 MB | 306/628 kB | 24/259 kBProgress (4): 2.9/3.7 MB | 1.7/2.1 MB | 310/628 kB | 24/259 kBProgress (4): 2.9/3.7 MB | 1.7/2.1 MB | 310/628 kB | 24/259 kBProgress (4): 2.9/3.7 MB | 1.7/2.1 MB | 310/628 kB | 24/259 kBProgress (5): 2.9/3.7 MB | 1.7/2.1 MB | 310/628 kB | 24/259 kB | 0/2.7 MBProgress (5): 2.9/3.7 MB | 1.7/2.1 MB | 310/628 kB | 24/259 kB | 0/2.7 MBProgress (5): 2.9/3.7 MB | 1.7/2.1 MB | 310/628 kB | 24/259 kB | 0/2.7 MBProgress (5): 2.9/3.7 MB | 1.7/2.1 MB | 310/628 kB | 24/259 kB | 0/2.7 MBProgress (5): 2.9/3.7 MB | 1.7/2.1 MB | 310/628 kB | 24/259 kB | 0/2.7 MBProgress (5): 2.9/3.7 MB | 1.8/2.1 MB | 310/628 kB | 24/259 kB | 0/2.7 MBProgress (5): 3.0/3.7 MB | 1.8/2.1 MB | 310/628 kB | 24/259 kB | 0/2.7 MBProgress (5): 3.0/3.7 MB | 1.8/2.1 MB | 310/628 kB | 24/259 kB | 0/2.7 MBProgress (5): 3.0/3.7 MB | 1.8/2.1 MB | 310/628 kB | 24/259 kB | 0/2.7 MBProgress (5): 3.0/3.7 MB | 1.8/2.1 MB | 310/628 kB | 24/259 kB | 0/2.7 MBProgress (5): 3.0/3.7 MB | 1.8/2.1 MB | 310/628 kB | 24/259 kB | 0/2.7 MBProgress (5): 3.0/3.7 MB | 1.8/2.1 MB | 310/628 kB | 24/259 kB | 0/2.7 MBProgress (5): 3.1/3.7 MB | 1.8/2.1 MB | 310/628 kB | 24/259 kB | 0/2.7 MBProgress (5): 3.1/3.7 MB | 1.8/2.1 MB | 310/628 kB | 24/259 kB | 0/2.7 MBProgress (5): 3.1/3.7 MB | 1.8/2.1 MB | 310/628 kB | 24/259 kB | 0/2.7 MBProgress (5): 3.1/3.7 MB | 1.8/2.1 MB | 310/628 kB | 24/259 kB | 0/2.7 MBProgress (5): 3.1/3.7 MB | 1.8/2.1 MB | 310/628 kB | 24/259 kB | 0.1/2.7 MBProgress (5): 3.1/3.7 MB | 1.8/2.1 MB | 310/628 kB | 24/259 kB | 0.1/2.7 MBProgress (5): 3.1/3.7 MB | 1.8/2.1 MB | 310/628 kB | 24/259 kB | 0.1/2.7 MBProgress (5): 3.1/3.7 MB | 1.8/2.1 MB | 314/628 kB | 24/259 kB | 0.1/2.7 MBProgress (5): 3.1/3.7 MB | 1.8/2.1 MB | 314/628 kB | 24/259 kB | 0.1/2.7 MBProgress (5): 3.1/3.7 MB | 1.8/2.1 MB | 314/628 kB | 28/259 kB | 0.1/2.7 MBProgress (5): 3.1/3.7 MB | 1.8/2.1 MB | 314/628 kB | 28/259 kB | 0.1/2.7 MBProgress (5): 3.1/3.7 MB | 1.8/2.1 MB | 319/628 kB | 28/259 kB | 0.1/2.7 MBProgress (5): 3.1/3.7 MB | 1.8/2.1 MB | 319/628 kB | 32/259 kB | 0.1/2.7 MBProgress (5): 3.1/3.7 MB | 1.8/2.1 MB | 319/628 kB | 36/259 kB | 0.1/2.7 MBProgress (5): 3.1/3.7 MB | 1.8/2.1 MB | 323/628 kB | 36/259 kB | 0.1/2.7 MBProgress (5): 3.1/3.7 MB | 1.8/2.1 MB | 323/628 kB | 40/259 kB | 0.1/2.7 MBProgress (5): 3.1/3.7 MB | 1.8/2.1 MB | 327/628 kB | 40/259 kB | 0.1/2.7 MBProgress (5): 3.1/3.7 MB | 1.8/2.1 MB | 327/628 kB | 45/259 kB | 0.1/2.7 MBProgress (5): 3.1/3.7 MB | 1.8/2.1 MB | 331/628 kB | 45/259 kB | 0.1/2.7 MBProgress (5): 3.1/3.7 MB | 1.8/2.1 MB | 331/628 kB | 49/259 kB | 0.1/2.7 MBProgress (5): 3.1/3.7 MB | 1.8/2.1 MB | 335/628 kB | 49/259 kB | 0.1/2.7 MBProgress (5): 3.1/3.7 MB | 1.8/2.1 MB | 335/628 kB | 53/259 kB | 0.1/2.7 MBProgress (5): 3.1/3.7 MB | 1.8/2.1 MB | 339/628 kB | 53/259 kB | 0.1/2.7 MBProgress (5): 3.1/3.7 MB | 1.8/2.1 MB | 343/628 kB | 53/259 kB | 0.1/2.7 MBProgress (5): 3.1/3.7 MB | 1.8/2.1 MB | 343/628 kB | 57/259 kB | 0.1/2.7 MBProgress (5): 3.1/3.7 MB | 1.8/2.1 MB | 347/628 kB | 57/259 kB | 0.1/2.7 MBProgress (5): 3.1/3.7 MB | 1.8/2.1 MB | 347/628 kB | 57/259 kB | 0.1/2.7 MBProgress (5): 3.1/3.7 MB | 1.8/2.1 MB | 351/628 kB | 57/259 kB | 0.1/2.7 MBProgress (5): 3.1/3.7 MB | 1.8/2.1 MB | 355/628 kB | 57/259 kB | 0.1/2.7 MBProgress (5): 3.1/3.7 MB | 1.8/2.1 MB | 360/628 kB | 57/259 kB | 0.1/2.7 MBProgress (5): 3.1/3.7 MB | 1.8/2.1 MB | 364/628 kB | 57/259 kB | 0.1/2.7 MBProgress (5): 3.1/3.7 MB | 1.8/2.1 MB | 368/628 kB | 57/259 kB | 0.1/2.7 MBProgress (5): 3.1/3.7 MB | 1.8/2.1 MB | 372/628 kB | 57/259 kB | 0.1/2.7 MBProgress (5): 3.1/3.7 MB | 1.8/2.1 MB | 376/628 kB | 57/259 kB | 0.1/2.7 MBProgress (5): 3.1/3.7 MB | 1.8/2.1 MB | 380/628 kB | 57/259 kB | 0.1/2.7 MBProgress (5): 3.1/3.7 MB | 1.8/2.1 MB | 384/628 kB | 57/259 kB | 0.1/2.7 MBProgress (5): 3.1/3.7 MB | 1.8/2.1 MB | 388/628 kB | 57/259 kB | 0.1/2.7 MBProgress (5): 3.1/3.7 MB | 1.8/2.1 MB | 392/628 kB | 57/259 kB | 0.1/2.7 MBProgress (5): 3.1/3.7 MB | 1.8/2.1 MB | 396/628 kB | 57/259 kB | 0.1/2.7 MBProgress (5): 3.1/3.7 MB | 1.8/2.1 MB | 400/628 kB | 57/259 kB | 0.1/2.7 MBProgress (5): 3.1/3.7 MB | 1.8/2.1 MB | 405/628 kB | 57/259 kB | 0.1/2.7 MBProgress (5): 3.1/3.7 MB | 1.8/2.1 MB | 409/628 kB | 57/259 kB | 0.1/2.7 MBProgress (5): 3.1/3.7 MB | 1.8/2.1 MB | 413/628 kB | 57/259 kB | 0.1/2.7 MBProgress (5): 3.1/3.7 MB | 1.8/2.1 MB | 417/628 kB | 57/259 kB | 0.1/2.7 MBProgress (5): 3.1/3.7 MB | 1.8/2.1 MB | 421/628 kB | 57/259 kB | 0.1/2.7 MBProgress (5): 3.1/3.7 MB | 1.8/2.1 MB | 425/628 kB | 57/259 kB | 0.1/2.7 MBProgress (5): 3.1/3.7 MB | 1.8/2.1 MB | 429/628 kB | 57/259 kB | 0.1/2.7 MBProgress (5): 3.1/3.7 MB | 1.8/2.1 MB | 433/628 kB | 57/259 kB | 0.1/2.7 MBProgress (5): 3.1/3.7 MB | 1.8/2.1 MB | 437/628 kB | 57/259 kB | 0.1/2.7 MBProgress (5): 3.1/3.7 MB | 1.8/2.1 MB | 441/628 kB | 57/259 kB | 0.1/2.7 MBProgress (5): 3.1/3.7 MB | 1.8/2.1 MB | 446/628 kB | 57/259 kB | 0.1/2.7 MBProgress (5): 3.1/3.7 MB | 1.8/2.1 MB | 450/628 kB | 57/259 kB | 0.1/2.7 MBProgress (5): 3.1/3.7 MB | 1.8/2.1 MB | 454/628 kB | 57/259 kB | 0.1/2.7 MBProgress (5): 3.1/3.7 MB | 1.8/2.1 MB | 458/628 kB | 57/259 kB | 0.1/2.7 MBProgress (5): 3.1/3.7 MB | 1.8/2.1 MB | 462/628 kB | 57/259 kB | 0.1/2.7 MBProgress (5): 3.1/3.7 MB | 1.8/2.1 MB | 462/628 kB | 57/259 kB | 0.1/2.7 MBProgress (5): 3.1/3.7 MB | 1.8/2.1 MB | 466/628 kB | 57/259 kB | 0.1/2.7 MBProgress (5): 3.1/3.7 MB | 1.8/2.1 MB | 470/628 kB | 57/259 kB | 0.1/2.7 MBProgress (5): 3.1/3.7 MB | 1.8/2.1 MB | 474/628 kB | 57/259 kB | 0.1/2.7 MBProgress (5): 3.1/3.7 MB | 1.8/2.1 MB | 478/628 kB | 57/259 kB | 0.1/2.7 MBProgress (5): 3.1/3.7 MB | 1.8/2.1 MB | 482/628 kB | 57/259 kB | 0.1/2.7 MBProgress (5): 3.1/3.7 MB | 1.8/2.1 MB | 487/628 kB | 57/259 kB | 0.1/2.7 MBProgress (5): 3.1/3.7 MB | 1.8/2.1 MB | 491/628 kB | 57/259 kB | 0.1/2.7 MBProgress (5): 3.1/3.7 MB | 1.8/2.1 MB | 495/628 kB | 57/259 kB | 0.1/2.7 MBProgress (5): 3.1/3.7 MB | 1.8/2.1 MB | 499/628 kB | 57/259 kB | 0.1/2.7 MBProgress (5): 3.1/3.7 MB | 1.8/2.1 MB | 503/628 kB | 57/259 kB | 0.1/2.7 MBProgress (5): 3.1/3.7 MB | 1.8/2.1 MB | 507/628 kB | 57/259 kB | 0.1/2.7 MBProgress (5): 3.1/3.7 MB | 1.8/2.1 MB | 507/628 kB | 57/259 kB | 0.1/2.7 MBProgress (5): 3.1/3.7 MB | 1.8/2.1 MB | 507/628 kB | 57/259 kB | 0.1/2.7 MBProgress (5): 3.1/3.7 MB | 1.8/2.1 MB | 511/628 kB | 57/259 kB | 0.1/2.7 MBProgress (5): 3.1/3.7 MB | 1.8/2.1 MB | 515/628 kB | 57/259 kB | 0.1/2.7 MBProgress (5): 3.1/3.7 MB | 1.8/2.1 MB | 515/628 kB | 57/259 kB | 0.1/2.7 MBProgress (5): 3.1/3.7 MB | 1.8/2.1 MB | 519/628 kB | 57/259 kB | 0.1/2.7 MBProgress (5): 3.1/3.7 MB | 1.8/2.1 MB | 523/628 kB | 57/259 kB | 0.1/2.7 MBProgress (5): 3.1/3.7 MB | 1.8/2.1 MB | 523/628 kB | 61/259 kB | 0.1/2.7 MBProgress (5): 3.1/3.7 MB | 1.8/2.1 MB | 523/628 kB | 61/259 kB | 0.1/2.7 MBProgress (5): 3.1/3.7 MB | 1.8/2.1 MB | 523/628 kB | 65/259 kB | 0.1/2.7 MBProgress (5): 3.1/3.7 MB | 1.8/2.1 MB | 523/628 kB | 69/259 kB | 0.1/2.7 MBProgress (5): 3.1/3.7 MB | 1.8/2.1 MB | 523/628 kB | 73/259 kB | 0.1/2.7 MBProgress (5): 3.1/3.7 MB | 1.8/2.1 MB | 523/628 kB | 77/259 kB | 0.1/2.7 MBProgress (5): 3.1/3.7 MB | 1.8/2.1 MB | 523/628 kB | 81/259 kB | 0.1/2.7 MBProgress (5): 3.1/3.7 MB | 1.8/2.1 MB | 523/628 kB | 86/259 kB | 0.1/2.7 MBProgress (5): 3.1/3.7 MB | 1.8/2.1 MB | 523/628 kB | 90/259 kB | 0.1/2.7 MBProgress (5): 3.1/3.7 MB | 1.9/2.1 MB | 523/628 kB | 90/259 kB | 0.1/2.7 MBProgress (5): 3.1/3.7 MB | 1.9/2.1 MB | 527/628 kB | 90/259 kB | 0.1/2.7 MBProgress (5): 3.1/3.7 MB | 1.9/2.1 MB | 527/628 kB | 90/259 kB | 0.1/2.7 MBProgress (5): 3.1/3.7 MB | 1.9/2.1 MB | 532/628 kB | 90/259 kB | 0.1/2.7 MBProgress (5): 3.1/3.7 MB | 1.9/2.1 MB | 536/628 kB | 90/259 kB | 0.1/2.7 MBProgress (5): 3.1/3.7 MB | 1.9/2.1 MB | 540/628 kB | 90/259 kB | 0.1/2.7 MBProgress (5): 3.1/3.7 MB | 1.9/2.1 MB | 544/628 kB | 90/259 kB | 0.1/2.7 MBProgress (5): 3.2/3.7 MB | 1.9/2.1 MB | 544/628 kB | 90/259 kB | 0.1/2.7 MBProgress (5): 3.2/3.7 MB | 1.9/2.1 MB | 548/628 kB | 90/259 kB | 0.1/2.7 MBProgress (5): 3.2/3.7 MB | 1.9/2.1 MB | 552/628 kB | 90/259 kB | 0.1/2.7 MBProgress (5): 3.2/3.7 MB | 1.9/2.1 MB | 556/628 kB | 90/259 kB | 0.1/2.7 MBProgress (5): 3.2/3.7 MB | 1.9/2.1 MB | 560/628 kB | 90/259 kB | 0.1/2.7 MBProgress (5): 3.2/3.7 MB | 1.9/2.1 MB | 564/628 kB | 90/259 kB | 0.1/2.7 MBProgress (5): 3.2/3.7 MB | 1.9/2.1 MB | 568/628 kB | 90/259 kB | 0.1/2.7 MBProgress (5): 3.2/3.7 MB | 1.9/2.1 MB | 573/628 kB | 90/259 kB | 0.1/2.7 MBProgress (5): 3.2/3.7 MB | 1.9/2.1 MB | 573/628 kB | 90/259 kB | 0.1/2.7 MBProgress (5): 3.2/3.7 MB | 1.9/2.1 MB | 577/628 kB | 90/259 kB | 0.1/2.7 MBProgress (5): 3.2/3.7 MB | 1.9/2.1 MB | 581/628 kB | 90/259 kB | 0.1/2.7 MBProgress (5): 3.2/3.7 MB | 1.9/2.1 MB | 585/628 kB | 90/259 kB | 0.1/2.7 MBProgress (5): 3.2/3.7 MB | 1.9/2.1 MB | 589/628 kB | 90/259 kB | 0.1/2.7 MBProgress (5): 3.2/3.7 MB | 1.9/2.1 MB | 589/628 kB | 90/259 kB | 0.1/2.7 MBProgress (5): 3.2/3.7 MB | 1.9/2.1 MB | 589/628 kB | 90/259 kB | 0.1/2.7 MBProgress (5): 3.2/3.7 MB | 1.9/2.1 MB | 589/628 kB | 90/259 kB | 0.1/2.7 MBProgress (5): 3.2/3.7 MB | 1.9/2.1 MB | 589/628 kB | 94/259 kB | 0.1/2.7 MBProgress (5): 3.2/3.7 MB | 1.9/2.1 MB | 589/628 kB | 98/259 kB | 0.1/2.7 MBProgress (5): 3.2/3.7 MB | 1.9/2.1 MB | 589/628 kB | 102/259 kB | 0.1/2.7 MBProgress (5): 3.2/3.7 MB | 1.9/2.1 MB | 589/628 kB | 106/259 kB | 0.1/2.7 MBProgress (5): 3.2/3.7 MB | 1.9/2.1 MB | 589/628 kB | 106/259 kB | 0.1/2.7 MBProgress (5): 3.2/3.7 MB | 1.9/2.1 MB | 589/628 kB | 106/259 kB | 0.1/2.7 MBProgress (5): 3.2/3.7 MB | 1.9/2.1 MB | 593/628 kB | 106/259 kB | 0.1/2.7 MBProgress (5): 3.2/3.7 MB | 1.9/2.1 MB | 593/628 kB | 106/259 kB | 0.2/2.7 MBProgress (5): 3.2/3.7 MB | 1.9/2.1 MB | 593/628 kB | 106/259 kB | 0.2/2.7 MBProgress (5): 3.2/3.7 MB | 1.9/2.1 MB | 593/628 kB | 106/259 kB | 0.2/2.7 MBProgress (5): 3.2/3.7 MB | 1.9/2.1 MB | 597/628 kB | 106/259 kB | 0.2/2.7 MBProgress (5): 3.2/3.7 MB | 1.9/2.1 MB | 601/628 kB | 106/259 kB | 0.2/2.7 MBProgress (5): 3.2/3.7 MB | 1.9/2.1 MB | 605/628 kB | 106/259 kB | 0.2/2.7 MBProgress (5): 3.2/3.7 MB | 1.9/2.1 MB | 609/628 kB | 106/259 kB | 0.2/2.7 MBProgress (5): 3.2/3.7 MB | 1.9/2.1 MB | 613/628 kB | 106/259 kB | 0.2/2.7 MBProgress (5): 3.2/3.7 MB | 1.9/2.1 MB | 618/628 kB | 106/259 kB | 0.2/2.7 MBProgress (5): 3.2/3.7 MB | 1.9/2.1 MB | 622/628 kB | 106/259 kB | 0.2/2.7 MBProgress (5): 3.2/3.7 MB | 1.9/2.1 MB | 626/628 kB | 106/259 kB | 0.2/2.7 MBProgress (5): 3.2/3.7 MB | 1.9/2.1 MB | 628 kB | 106/259 kB | 0.2/2.7 MB    Progress (5): 3.2/3.7 MB | 1.9/2.1 MB | 628 kB | 110/259 kB | 0.2/2.7 MBProgress (5): 3.2/3.7 MB | 1.9/2.1 MB | 628 kB | 114/259 kB | 0.2/2.7 MBProgress (5): 3.2/3.7 MB | 1.9/2.1 MB | 628 kB | 118/259 kB | 0.2/2.7 MBProgress (5): 3.2/3.7 MB | 1.9/2.1 MB | 628 kB | 118/259 kB | 0.2/2.7 MBProgress (5): 3.2/3.7 MB | 1.9/2.1 MB | 628 kB | 122/259 kB | 0.2/2.7 MBProgress (5): 3.2/3.7 MB | 1.9/2.1 MB | 628 kB | 122/259 kB | 0.2/2.7 MBProgress (5): 3.2/3.7 MB | 1.9/2.1 MB | 628 kB | 122/259 kB | 0.2/2.7 MBProgress (5): 3.2/3.7 MB | 2.0/2.1 MB | 628 kB | 122/259 kB | 0.2/2.7 MBProgress (5): 3.2/3.7 MB | 2.0/2.1 MB | 628 kB | 122/259 kB | 0.2/2.7 MBProgress (5): 3.2/3.7 MB | 2.0/2.1 MB | 628 kB | 122/259 kB | 0.2/2.7 MBProgress (5): 3.3/3.7 MB | 2.0/2.1 MB | 628 kB | 122/259 kB | 0.2/2.7 MBProgress (5): 3.3/3.7 MB | 2.0/2.1 MB | 628 kB | 122/259 kB | 0.2/2.7 MBProgress (5): 3.3/3.7 MB | 2.0/2.1 MB | 628 kB | 122/259 kB | 0.2/2.7 MBProgress (5): 3.3/3.7 MB | 2.0/2.1 MB | 628 kB | 126/259 kB | 0.2/2.7 MBProgress (5): 3.3/3.7 MB | 2.0/2.1 MB | 628 kB | 126/259 kB | 0.2/2.7 MBProgress (5): 3.3/3.7 MB | 2.0/2.1 MB | 628 kB | 131/259 kB | 0.2/2.7 MBProgress (5): 3.3/3.7 MB | 2.0/2.1 MB | 628 kB | 135/259 kB | 0.2/2.7 MBProgress (5): 3.3/3.7 MB | 2.0/2.1 MB | 628 kB | 139/259 kB | 0.2/2.7 MBProgress (5): 3.3/3.7 MB | 2.0/2.1 MB | 628 kB | 143/259 kB | 0.2/2.7 MBProgress (5): 3.3/3.7 MB | 2.0/2.1 MB | 628 kB | 147/259 kB | 0.2/2.7 MBProgress (5): 3.3/3.7 MB | 2.0/2.1 MB | 628 kB | 151/259 kB | 0.2/2.7 MBProgress (5): 3.3/3.7 MB | 2.0/2.1 MB | 628 kB | 155/259 kB | 0.2/2.7 MBProgress (5): 3.3/3.7 MB | 2.0/2.1 MB | 628 kB | 155/259 kB | 0.2/2.7 MBProgress (5): 3.3/3.7 MB | 2.0/2.1 MB | 628 kB | 159/259 kB | 0.2/2.7 MBProgress (5): 3.3/3.7 MB | 2.0/2.1 MB | 628 kB | 159/259 kB | 0.2/2.7 MBProgress (5): 3.3/3.7 MB | 2.0/2.1 MB | 628 kB | 159/259 kB | 0.2/2.7 MBProgress (5): 3.3/3.7 MB | 2.0/2.1 MB | 628 kB | 163/259 kB | 0.2/2.7 MBProgress (5): 3.3/3.7 MB | 2.0/2.1 MB | 628 kB | 167/259 kB | 0.2/2.7 MBProgress (5): 3.3/3.7 MB | 2.0/2.1 MB | 628 kB | 172/259 kB | 0.2/2.7 MBProgress (5): 3.3/3.7 MB | 2.0/2.1 MB | 628 kB | 172/259 kB | 0.2/2.7 MBProgress (5): 3.3/3.7 MB | 2.0/2.1 MB | 628 kB | 172/259 kB | 0.2/2.7 MBProgress (5): 3.3/3.7 MB | 2.0/2.1 MB | 628 kB | 172/259 kB | 0.2/2.7 MBProgress (5): 3.3/3.7 MB | 2.0/2.1 MB | 628 kB | 172/259 kB | 0.2/2.7 MBProgress (5): 3.3/3.7 MB | 2.0/2.1 MB | 628 kB | 176/259 kB | 0.2/2.7 MBProgress (5): 3.3/3.7 MB | 2.0/2.1 MB | 628 kB | 176/259 kB | 0.2/2.7 MBProgress (5): 3.3/3.7 MB | 2.0/2.1 MB | 628 kB | 180/259 kB | 0.2/2.7 MBProgress (5): 3.3/3.7 MB | 2.0/2.1 MB | 628 kB | 184/259 kB | 0.2/2.7 MBProgress (5): 3.3/3.7 MB | 2.0/2.1 MB | 628 kB | 188/259 kB | 0.2/2.7 MBProgress (5): 3.4/3.7 MB | 2.0/2.1 MB | 628 kB | 188/259 kB | 0.2/2.7 MBProgress (5): 3.4/3.7 MB | 2.0/2.1 MB | 628 kB | 188/259 kB | 0.2/2.7 MBProgress (5): 3.4/3.7 MB | 2.0/2.1 MB | 628 kB | 188/259 kB | 0.2/2.7 MBProgress (5): 3.4/3.7 MB | 2.0/2.1 MB | 628 kB | 188/259 kB | 0.2/2.7 MBProgress (5): 3.4/3.7 MB | 2.0/2.1 MB | 628 kB | 188/259 kB | 0.2/2.7 MB                                                                        Downloaded from central: https://repo.maven.apache.org/maven2/com/github/jai-imageio/jai-imageio-core/1.4.0/jai-imageio-core-1.4.0.jar (628 kB at 31 kB/s)
Downloading from central: https://repo.maven.apache.org/maven2/org/apache/pdfbox/fontbox/2.0.24/fontbox-2.0.24.jar
Progress (4): 3.4/3.7 MB | 2.0/2.1 MB | 192/259 kB | 0.2/2.7 MBProgress (4): 3.4/3.7 MB | 2.0/2.1 MB | 196/259 kB | 0.2/2.7 MBProgress (4): 3.4/3.7 MB | 2.0/2.1 MB | 200/259 kB | 0.2/2.7 MBProgress (4): 3.4/3.7 MB | 2.0/2.1 MB | 204/259 kB | 0.2/2.7 MBProgress (4): 3.4/3.7 MB | 2.0/2.1 MB | 204/259 kB | 0.2/2.7 MBProgress (4): 3.4/3.7 MB | 2.0/2.1 MB | 204/259 kB | 0.2/2.7 MBProgress (4): 3.4/3.7 MB | 2.1/2.1 MB | 204/259 kB | 0.2/2.7 MBProgress (4): 3.4/3.7 MB | 2.1/2.1 MB | 204/259 kB | 0.2/2.7 MBProgress (4): 3.4/3.7 MB | 2.1/2.1 MB | 204/259 kB | 0.2/2.7 MBProgress (4): 3.4/3.7 MB | 2.1/2.1 MB | 204/259 kB | 0.3/2.7 MBProgress (4): 3.4/3.7 MB | 2.1/2.1 MB | 204/259 kB | 0.3/2.7 MBProgress (4): 3.4/3.7 MB | 2.1/2.1 MB | 204/259 kB | 0.3/2.7 MBProgress (4): 3.4/3.7 MB | 2.1 MB | 204/259 kB | 0.3/2.7 MB    Progress (4): 3.4/3.7 MB | 2.1 MB | 204/259 kB | 0.3/2.7 MBProgress (4): 3.5/3.7 MB | 2.1 MB | 204/259 kB | 0.3/2.7 MBProgress (4): 3.5/3.7 MB | 2.1 MB | 204/259 kB | 0.3/2.7 MBProgress (4): 3.5/3.7 MB | 2.1 MB | 204/259 kB | 0.3/2.7 MBProgress (4): 3.5/3.7 MB | 2.1 MB | 204/259 kB | 0.3/2.7 MB                                                           Downloaded from central: https://repo.maven.apache.org/maven2/org/springframework/spring-web/6.2.19/spring-web-6.2.19.jar (2.1 MB at 102 kB/s)
Downloading from central: https://repo.maven.apache.org/maven2/commons-logging/commons-logging/1.2/commons-logging-1.2.jar
Progress (3): 3.5/3.7 MB | 208/259 kB | 0.3/2.7 MBProgress (3): 3.5/3.7 MB | 208/259 kB | 0.3/2.7 MBProgress (3): 3.5/3.7 MB | 208/259 kB | 0.3/2.7 MBProgress (3): 3.5/3.7 MB | 213/259 kB | 0.3/2.7 MBProgress (3): 3.5/3.7 MB | 217/259 kB | 0.3/2.7 MBProgress (3): 3.5/3.7 MB | 221/259 kB | 0.3/2.7 MBProgress (3): 3.5/3.7 MB | 225/259 kB | 0.3/2.7 MBProgress (3): 3.5/3.7 MB | 229/259 kB | 0.3/2.7 MBProgress (3): 3.5/3.7 MB | 233/259 kB | 0.3/2.7 MBProgress (3): 3.5/3.7 MB | 237/259 kB | 0.3/2.7 MBProgress (3): 3.5/3.7 MB | 241/259 kB | 0.3/2.7 MBProgress (3): 3.5/3.7 MB | 245/259 kB | 0.3/2.7 MBProgress (3): 3.5/3.7 MB | 249/259 kB | 0.3/2.7 MBProgress (3): 3.5/3.7 MB | 253/259 kB | 0.3/2.7 MBProgress (4): 3.5/3.7 MB | 253/259 kB | 0.3/2.7 MB | 0/1.6 MBProgress (4): 3.5/3.7 MB | 253/259 kB | 0.3/2.7 MB | 0/1.6 MBProgress (4): 3.5/3.7 MB | 253/259 kB | 0.3/2.7 MB | 0/1.6 MBProgress (4): 3.5/3.7 MB | 258/259 kB | 0.3/2.7 MB | 0/1.6 MBProgress (4): 3.5/3.7 MB | 258/259 kB | 0.3/2.7 MB | 0/1.6 MBProgress (4): 3.5/3.7 MB | 259 kB | 0.3/2.7 MB | 0/1.6 MB    Progress (4): 3.5/3.7 MB | 259 kB | 0.3/2.7 MB | 0/1.6 MBProgress (4): 3.5/3.7 MB | 259 kB | 0.3/2.7 MB | 0/1.6 MBProgress (4): 3.5/3.7 MB | 259 kB | 0.3/2.7 MB | 0/1.6 MBProgress (4): 3.5/3.7 MB | 259 kB | 0.3/2.7 MB | 0/1.6 MBProgress (4): 3.5/3.7 MB | 259 kB | 0.3/2.7 MB | 0/1.6 MBProgress (4): 3.5/3.7 MB | 259 kB | 0.3/2.7 MB | 0.1/1.6 MBProgress (4): 3.6/3.7 MB | 259 kB | 0.3/2.7 MB | 0.1/1.6 MBProgress (4): 3.6/3.7 MB | 259 kB | 0.3/2.7 MB | 0.1/1.6 MBProgress (4): 3.6/3.7 MB | 259 kB | 0.3/2.7 MB | 0.1/1.6 MBProgress (4): 3.6/3.7 MB | 259 kB | 0.3/2.7 MB | 0.1/1.6 MBProgress (4): 3.6/3.7 MB | 259 kB | 0.3/2.7 MB | 0.1/1.6 MBProgress (4): 3.6/3.7 MB | 259 kB | 0.3/2.7 MB | 0.1/1.6 MBProgress (4): 3.6/3.7 MB | 259 kB | 0.3/2.7 MB | 0.1/1.6 MBProgress (4): 3.6/3.7 MB | 259 kB | 0.3/2.7 MB | 0.1/1.6 MBProgress (4): 3.6/3.7 MB | 259 kB | 0.4/2.7 MB | 0.1/1.6 MBProgress (4): 3.6/3.7 MB | 259 kB | 0.4/2.7 MB | 0.1/1.6 MBProgress (4): 3.6/3.7 MB | 259 kB | 0.4/2.7 MB | 0.1/1.6 MBProgress (4): 3.6/3.7 MB | 259 kB | 0.4/2.7 MB | 0.1/1.6 MBProgress (4): 3.6/3.7 MB | 259 kB | 0.4/2.7 MB | 0.1/1.6 MBProgress (4): 3.6/3.7 MB | 259 kB | 0.4/2.7 MB | 0.1/1.6 MBProgress (4): 3.6/3.7 MB | 259 kB | 0.4/2.7 MB | 0.1/1.6 MBProgress (4): 3.6/3.7 MB | 259 kB | 0.4/2.7 MB | 0.1/1.6 MBProgress (4): 3.6/3.7 MB | 259 kB | 0.4/2.7 MB | 0.1/1.6 MBProgress (4): 3.6/3.7 MB | 259 kB | 0.4/2.7 MB | 0.1/1.6 MBProgress (4): 3.6/3.7 MB | 259 kB | 0.4/2.7 MB | 0.1/1.6 MBProgress (4): 3.6/3.7 MB | 259 kB | 0.4/2.7 MB | 0.2/1.6 MBProgress (4): 3.6/3.7 MB | 259 kB | 0.4/2.7 MB | 0.2/1.6 MBProgress (4): 3.6/3.7 MB | 259 kB | 0.4/2.7 MB | 0.2/1.6 MBProgress (5): 3.6/3.7 MB | 259 kB | 0.4/2.7 MB | 0.2/1.6 MB | 4.1/62 kBProgress (5): 3.6/3.7 MB | 259 kB | 0.4/2.7 MB | 0.2/1.6 MB | 4.1/62 kBProgress (5): 3.6/3.7 MB | 259 kB | 0.4/2.7 MB | 0.2/1.6 MB | 7.7/62 kBProgress (5): 3.6/3.7 MB | 259 kB | 0.4/2.7 MB | 0.2/1.6 MB | 12/62 kB Progress (5): 3.6/3.7 MB | 259 kB | 0.4/2.7 MB | 0.2/1.6 MB | 16/62 kBProgress (5): 3.6/3.7 MB | 259 kB | 0.4/2.7 MB | 0.2/1.6 MB | 16/62 kBProgress (5): 3.6/3.7 MB | 259 kB | 0.4/2.7 MB | 0.2/1.6 MB | 16/62 kBProgress (5): 3.6/3.7 MB | 259 kB | 0.4/2.7 MB | 0.2/1.6 MB | 16/62 kBProgress (5): 3.6/3.7 MB | 259 kB | 0.4/2.7 MB | 0.2/1.6 MB | 20/62 kBProgress (5): 3.7/3.7 MB | 259 kB | 0.4/2.7 MB | 0.2/1.6 MB | 20/62 kBProgress (5): 3.7/3.7 MB | 259 kB | 0.4/2.7 MB | 0.2/1.6 MB | 24/62 kBProgress (5): 3.7/3.7 MB | 259 kB | 0.4/2.7 MB | 0.2/1.6 MB | 24/62 kBProgress (5): 3.7/3.7 MB | 259 kB | 0.4/2.7 MB | 0.2/1.6 MB | 24/62 kBProgress (5): 3.7/3.7 MB | 259 kB | 0.4/2.7 MB | 0.2/1.6 MB | 28/62 kBProgress (5): 3.7/3.7 MB | 259 kB | 0.4/2.7 MB | 0.2/1.6 MB | 28/62 kBProgress (5): 3.7/3.7 MB | 259 kB | 0.4/2.7 MB | 0.2/1.6 MB | 32/62 kBProgress (5): 3.7/3.7 MB | 259 kB | 0.4/2.7 MB | 0.2/1.6 MB | 36/62 kBProgress (5): 3.7/3.7 MB | 259 kB | 0.4/2.7 MB | 0.2/1.6 MB | 40/62 kBProgress (5): 3.7/3.7 MB | 259 kB | 0.4/2.7 MB | 0.2/1.6 MB | 45/62 kBProgress (5): 3.7/3.7 MB | 259 kB | 0.4/2.7 MB | 0.2/1.6 MB | 49/62 kBProgress (5): 3.7/3.7 MB | 259 kB | 0.4/2.7 MB | 0.2/1.6 MB | 53/62 kBProgress (5): 3.7/3.7 MB | 259 kB | 0.4/2.7 MB | 0.2/1.6 MB | 57/62 kBProgress (5): 3.7/3.7 MB | 259 kB | 0.4/2.7 MB | 0.2/1.6 MB | 61/62 kBProgress (5): 3.7/3.7 MB | 259 kB | 0.4/2.7 MB | 0.2/1.6 MB | 62 kB                                                                      Downloaded from central: https://repo.maven.apache.org/maven2/com/openhtmltopdf/openhtmltopdf-pdfbox/1.0.10/openhtmltopdf-pdfbox-1.0.10.jar (259 kB at 12 kB/s)
Downloading from central: https://repo.maven.apache.org/maven2/org/apache/pdfbox/xmpbox/2.0.24/xmpbox-2.0.24.jar
Progress (4): 3.7/3.7 MB | 0.4/2.7 MB | 0.2/1.6 MB | 62 kBProgress (4): 3.7/3.7 MB | 0.4/2.7 MB | 0.2/1.6 MB | 62 kBProgress (4): 3.7/3.7 MB | 0.4/2.7 MB | 0.2/1.6 MB | 62 kBProgress (4): 3.7/3.7 MB | 0.4/2.7 MB | 0.2/1.6 MB | 62 kBProgress (4): 3.7/3.7 MB | 0.4/2.7 MB | 0.2/1.6 MB | 62 kBProgress (4): 3.7 MB | 0.4/2.7 MB | 0.2/1.6 MB | 62 kB    Progress (4): 3.7 MB | 0.4/2.7 MB | 0.2/1.6 MB | 62 kBProgress (4): 3.7 MB | 0.4/2.7 MB | 0.3/1.6 MB | 62 kBProgress (4): 3.7 MB | 0.4/2.7 MB | 0.3/1.6 MB | 62 kBProgress (4): 3.7 MB | 0.4/2.7 MB | 0.3/1.6 MB | 62 kBProgress (4): 3.7 MB | 0.4/2.7 MB | 0.3/1.6 MB | 62 kBProgress (4): 3.7 MB | 0.4/2.7 MB | 0.3/1.6 MB | 62 kB                                                      Downloaded from central: https://repo.maven.apache.org/maven2/commons-logging/commons-logging/1.2/commons-logging-1.2.jar (62 kB at 3.0 kB/s)
Downloading from central: https://repo.maven.apache.org/maven2/com/openhtmltopdf/openhtmltopdf-core/1.0.10/openhtmltopdf-core-1.0.10.jar
Progress (3): 3.7 MB | 0.4/2.7 MB | 0.3/1.6 MBProgress (3): 3.7 MB | 0.4/2.7 MB | 0.3/1.6 MBProgress (3): 3.7 MB | 0.4/2.7 MB | 0.3/1.6 MBProgress (3): 3.7 MB | 0.4/2.7 MB | 0.3/1.6 MBProgress (3): 3.7 MB | 0.4/2.7 MB | 0.3/1.6 MBProgress (3): 3.7 MB | 0.4/2.7 MB | 0.3/1.6 MBProgress (3): 3.7 MB | 0.4/2.7 MB | 0.3/1.6 MBProgress (3): 3.7 MB | 0.4/2.7 MB | 0.3/1.6 MBProgress (3): 3.7 MB | 0.5/2.7 MB | 0.3/1.6 MBProgress (3): 3.7 MB | 0.5/2.7 MB | 0.3/1.6 MBProgress (4): 3.7 MB | 0.5/2.7 MB | 0.3/1.6 MB | 3.2/132 kBProgress (5): 3.7 MB | 0.5/2.7 MB | 0.3/1.6 MB | 3.2/132 kB | 0/1.0 MBProgress (5): 3.7 MB | 0.5/2.7 MB | 0.3/1.6 MB | 3.2/132 kB | 0/1.0 MB                                                                      Downloaded from central: https://repo.maven.apache.org/maven2/org/apache/tomcat/embed/tomcat-embed-core/10.1.55/tomcat-embed-core-10.1.55.jar (3.7 MB at 175 kB/s)
Downloading from central: https://repo.maven.apache.org/maven2/de/rototor/pdfbox/graphics2d/0.32/graphics2d-0.32.jar
Progress (4): 0.5/2.7 MB | 0.3/1.6 MB | 3.2/132 kB | 0/1.0 MBProgress (4): 0.5/2.7 MB | 0.4/1.6 MB | 3.2/132 kB | 0/1.0 MBProgress (4): 0.5/2.7 MB | 0.4/1.6 MB | 3.2/132 kB | 0/1.0 MBProgress (4): 0.5/2.7 MB | 0.4/1.6 MB | 3.2/132 kB | 0/1.0 MBProgress (4): 0.5/2.7 MB | 0.4/1.6 MB | 3.2/132 kB | 0/1.0 MBProgress (4): 0.5/2.7 MB | 0.4/1.6 MB | 3.2/132 kB | 0/1.0 MBProgress (4): 0.5/2.7 MB | 0.4/1.6 MB | 3.2/132 kB | 0/1.0 MBProgress (4): 0.5/2.7 MB | 0.4/1.6 MB | 3.2/132 kB | 0/1.0 MBProgress (4): 0.5/2.7 MB | 0.4/1.6 MB | 3.2/132 kB | 0/1.0 MBProgress (4): 0.5/2.7 MB | 0.4/1.6 MB | 3.2/132 kB | 0/1.0 MBProgress (4): 0.5/2.7 MB | 0.4/1.6 MB | 3.2/132 kB | 0/1.0 MBProgress (4): 0.5/2.7 MB | 0.4/1.6 MB | 7.3/132 kB | 0/1.0 MBProgress (4): 0.5/2.7 MB | 0.4/1.6 MB | 11/132 kB | 0/1.0 MB Progress (4): 0.5/2.7 MB | 0.4/1.6 MB | 15/132 kB | 0/1.0 MBProgress (4): 0.5/2.7 MB | 0.4/1.6 MB | 20/132 kB | 0/1.0 MBProgress (4): 0.5/2.7 MB | 0.4/1.6 MB | 20/132 kB | 0/1.0 MBProgress (4): 0.5/2.7 MB | 0.4/1.6 MB | 20/132 kB | 0/1.0 MBProgress (4): 0.5/2.7 MB | 0.4/1.6 MB | 20/132 kB | 0/1.0 MBProgress (4): 0.5/2.7 MB | 0.4/1.6 MB | 20/132 kB | 0/1.0 MBProgress (4): 0.5/2.7 MB | 0.4/1.6 MB | 20/132 kB | 0/1.0 MBProgress (4): 0.5/2.7 MB | 0.4/1.6 MB | 20/132 kB | 0/1.0 MBProgress (4): 0.5/2.7 MB | 0.4/1.6 MB | 20/132 kB | 0/1.0 MBProgress (4): 0.5/2.7 MB | 0.5/1.6 MB | 20/132 kB | 0/1.0 MBProgress (4): 0.5/2.7 MB | 0.5/1.6 MB | 20/132 kB | 0/1.0 MBProgress (4): 0.5/2.7 MB | 0.5/1.6 MB | 24/132 kB | 0/1.0 MBProgress (4): 0.5/2.7 MB | 0.5/1.6 MB | 24/132 kB | 0/1.0 MBProgress (4): 0.5/2.7 MB | 0.5/1.6 MB | 28/132 kB | 0/1.0 MBProgress (4): 0.5/2.7 MB | 0.5/1.6 MB | 32/132 kB | 0/1.0 MBProgress (4): 0.5/2.7 MB | 0.5/1.6 MB | 36/132 kB | 0/1.0 MBProgress (4): 0.5/2.7 MB | 0.5/1.6 MB | 36/132 kB | 0.1/1.0 MBProgress (4): 0.5/2.7 MB | 0.5/1.6 MB | 36/132 kB | 0.1/1.0 MBProgress (4): 0.5/2.7 MB | 0.5/1.6 MB | 36/132 kB | 0.1/1.0 MBProgress (4): 0.6/2.7 MB | 0.5/1.6 MB | 36/132 kB | 0.1/1.0 MBProgress (4): 0.6/2.7 MB | 0.5/1.6 MB | 36/132 kB | 0.1/1.0 MBProgress (4): 0.6/2.7 MB | 0.5/1.6 MB | 36/132 kB | 0.1/1.0 MBProgress (4): 0.6/2.7 MB | 0.5/1.6 MB | 36/132 kB | 0.1/1.0 MBProgress (4): 0.6/2.7 MB | 0.5/1.6 MB | 36/132 kB | 0.1/1.0 MBProgress (4): 0.6/2.7 MB | 0.5/1.6 MB | 36/132 kB | 0.1/1.0 MBProgress (4): 0.6/2.7 MB | 0.5/1.6 MB | 36/132 kB | 0.1/1.0 MBProgress (4): 0.6/2.7 MB | 0.5/1.6 MB | 36/132 kB | 0.1/1.0 MBProgress (4): 0.6/2.7 MB | 0.5/1.6 MB | 36/132 kB | 0.1/1.0 MBProgress (4): 0.6/2.7 MB | 0.5/1.6 MB | 36/132 kB | 0.1/1.0 MBProgress (4): 0.6/2.7 MB | 0.5/1.6 MB | 36/132 kB | 0.1/1.0 MBProgress (4): 0.6/2.7 MB | 0.5/1.6 MB | 36/132 kB | 0.1/1.0 MBProgress (4): 0.6/2.7 MB | 0.5/1.6 MB | 36/132 kB | 0.1/1.0 MBProgress (4): 0.6/2.7 MB | 0.5/1.6 MB | 36/132 kB | 0.1/1.0 MBProgress (4): 0.6/2.7 MB | 0.5/1.6 MB | 40/132 kB | 0.1/1.0 MBProgress (4): 0.6/2.7 MB | 0.5/1.6 MB | 44/132 kB | 0.1/1.0 MBProgress (4): 0.6/2.7 MB | 0.5/1.6 MB | 48/132 kB | 0.1/1.0 MBProgress (4): 0.6/2.7 MB | 0.5/1.6 MB | 52/132 kB | 0.1/1.0 MBProgress (4): 0.6/2.7 MB | 0.5/1.6 MB | 56/132 kB | 0.1/1.0 MBProgress (4): 0.6/2.7 MB | 0.5/1.6 MB | 61/132 kB | 0.1/1.0 MBProgress (4): 0.6/2.7 MB | 0.5/1.6 MB | 65/132 kB | 0.1/1.0 MBProgress (4): 0.6/2.7 MB | 0.5/1.6 MB | 65/132 kB | 0.1/1.0 MBProgress (4): 0.6/2.7 MB | 0.5/1.6 MB | 65/132 kB | 0.1/1.0 MBProgress (4): 0.6/2.7 MB | 0.5/1.6 MB | 65/132 kB | 0.1/1.0 MBProgress (5): 0.6/2.7 MB | 0.5/1.6 MB | 65/132 kB | 0.1/1.0 MB | 4.1/74 kBProgress (5): 0.6/2.7 MB | 0.5/1.6 MB | 65/132 kB | 0.1/1.0 MB | 7.7/74 kBProgress (5): 0.6/2.7 MB | 0.5/1.6 MB | 65/132 kB | 0.1/1.0 MB | 7.7/74 kBProgress (5): 0.6/2.7 MB | 0.5/1.6 MB | 65/132 kB | 0.1/1.0 MB | 12/74 kB Progress (5): 0.6/2.7 MB | 0.5/1.6 MB | 65/132 kB | 0.1/1.0 MB | 12/74 kBProgress (5): 0.6/2.7 MB | 0.5/1.6 MB | 69/132 kB | 0.1/1.0 MB | 12/74 kBProgress (5): 0.6/2.7 MB | 0.5/1.6 MB | 69/132 kB | 0.1/1.0 MB | 16/74 kBProgress (5): 0.6/2.7 MB | 0.5/1.6 MB | 69/132 kB | 0.1/1.0 MB | 20/74 kBProgress (5): 0.6/2.7 MB | 0.5/1.6 MB | 69/132 kB | 0.1/1.0 MB | 20/74 kBProgress (5): 0.6/2.7 MB | 0.5/1.6 MB | 73/132 kB | 0.1/1.0 MB | 20/74 kBProgress (5): 0.6/2.7 MB | 0.5/1.6 MB | 73/132 kB | 0.1/1.0 MB | 24/74 kBProgress (5): 0.6/2.7 MB | 0.5/1.6 MB | 77/132 kB | 0.1/1.0 MB | 24/74 kBProgress (5): 0.6/2.7 MB | 0.5/1.6 MB | 81/132 kB | 0.1/1.0 MB | 24/74 kBProgress (5): 0.6/2.7 MB | 0.5/1.6 MB | 81/132 kB | 0.1/1.0 MB | 24/74 kBProgress (5): 0.6/2.7 MB | 0.5/1.6 MB | 81/132 kB | 0.1/1.0 MB | 24/74 kBProgress (5): 0.6/2.7 MB | 0.5/1.6 MB | 81/132 kB | 0.1/1.0 MB | 28/74 kBProgress (5): 0.6/2.7 MB | 0.5/1.6 MB | 81/132 kB | 0.1/1.0 MB | 28/74 kBProgress (5): 0.6/2.7 MB | 0.5/1.6 MB | 81/132 kB | 0.1/1.0 MB | 32/74 kBProgress (5): 0.6/2.7 MB | 0.5/1.6 MB | 81/132 kB | 0.1/1.0 MB | 32/74 kBProgress (5): 0.6/2.7 MB | 0.5/1.6 MB | 81/132 kB | 0.1/1.0 MB | 36/74 kBProgress (5): 0.6/2.7 MB | 0.5/1.6 MB | 81/132 kB | 0.1/1.0 MB | 40/74 kBProgress (5): 0.6/2.7 MB | 0.5/1.6 MB | 81/132 kB | 0.1/1.0 MB | 45/74 kBProgress (5): 0.6/2.7 MB | 0.5/1.6 MB | 81/132 kB | 0.1/1.0 MB | 49/74 kBProgress (5): 0.6/2.7 MB | 0.5/1.6 MB | 81/132 kB | 0.1/1.0 MB | 53/74 kBProgress (5): 0.6/2.7 MB | 0.5/1.6 MB | 81/132 kB | 0.2/1.0 MB | 53/74 kBProgress (5): 0.6/2.7 MB | 0.5/1.6 MB | 81/132 kB | 0.2/1.0 MB | 57/74 kBProgress (5): 0.6/2.7 MB | 0.5/1.6 MB | 81/132 kB | 0.2/1.0 MB | 57/74 kBProgress (5): 0.6/2.7 MB | 0.6/1.6 MB | 81/132 kB | 0.2/1.0 MB | 57/74 kBProgress (5): 0.6/2.7 MB | 0.6/1.6 MB | 81/132 kB | 0.2/1.0 MB | 57/74 kBProgress (5): 0.6/2.7 MB | 0.6/1.6 MB | 81/132 kB | 0.2/1.0 MB | 57/74 kBProgress (5): 0.6/2.7 MB | 0.6/1.6 MB | 81/132 kB | 0.2/1.0 MB | 57/74 kBProgress (5): 0.6/2.7 MB | 0.6/1.6 MB | 81/132 kB | 0.2/1.0 MB | 57/74 kBProgress (5): 0.6/2.7 MB | 0.6/1.6 MB | 85/132 kB | 0.2/1.0 MB | 57/74 kBProgress (5): 0.6/2.7 MB | 0.6/1.6 MB | 89/132 kB | 0.2/1.0 MB | 57/74 kBProgress (5): 0.6/2.7 MB | 0.6/1.6 MB | 89/132 kB | 0.2/1.0 MB | 61/74 kBProgress (5): 0.6/2.7 MB | 0.6/1.6 MB | 89/132 kB | 0.2/1.0 MB | 65/74 kBProgress (5): 0.6/2.7 MB | 0.6/1.6 MB | 89/132 kB | 0.2/1.0 MB | 65/74 kBProgress (5): 0.6/2.7 MB | 0.6/1.6 MB | 89/132 kB | 0.2/1.0 MB | 65/74 kBProgress (5): 0.6/2.7 MB | 0.6/1.6 MB | 89/132 kB | 0.2/1.0 MB | 65/74 kBProgress (5): 0.6/2.7 MB | 0.6/1.6 MB | 93/132 kB | 0.2/1.0 MB | 65/74 kBProgress (5): 0.6/2.7 MB | 0.6/1.6 MB | 93/132 kB | 0.2/1.0 MB | 69/74 kBProgress (5): 0.6/2.7 MB | 0.6/1.6 MB | 93/132 kB | 0.2/1.0 MB | 73/74 kBProgress (5): 0.6/2.7 MB | 0.6/1.6 MB | 93/132 kB | 0.2/1.0 MB | 73/74 kBProgress (5): 0.6/2.7 MB | 0.6/1.6 MB | 93/132 kB | 0.2/1.0 MB | 73/74 kBProgress (5): 0.6/2.7 MB | 0.6/1.6 MB | 93/132 kB | 0.2/1.0 MB | 73/74 kBProgress (5): 0.6/2.7 MB | 0.6/1.6 MB | 97/132 kB | 0.2/1.0 MB | 73/74 kBProgress (5): 0.6/2.7 MB | 0.6/1.6 MB | 97/132 kB | 0.2/1.0 MB | 73/74 kBProgress (5): 0.6/2.7 MB | 0.6/1.6 MB | 97/132 kB | 0.2/1.0 MB | 74 kB   Progress (5): 0.6/2.7 MB | 0.6/1.6 MB | 97/132 kB | 0.2/1.0 MB | 74 kBProgress (5): 0.6/2.7 MB | 0.6/1.6 MB | 97/132 kB | 0.2/1.0 MB | 74 kBProgress (5): 0.6/2.7 MB | 0.6/1.6 MB | 97/132 kB | 0.2/1.0 MB | 74 kBProgress (5): 0.6/2.7 MB | 0.6/1.6 MB | 97/132 kB | 0.2/1.0 MB | 74 kBProgress (5): 0.7/2.7 MB | 0.6/1.6 MB | 97/132 kB | 0.2/1.0 MB | 74 kBProgress (5): 0.7/2.7 MB | 0.6/1.6 MB | 97/132 kB | 0.2/1.0 MB | 74 kBProgress (5): 0.7/2.7 MB | 0.6/1.6 MB | 97/132 kB | 0.2/1.0 MB | 74 kBProgress (5): 0.7/2.7 MB | 0.6/1.6 MB | 97/132 kB | 0.2/1.0 MB | 74 kBProgress (5): 0.7/2.7 MB | 0.6/1.6 MB | 97/132 kB | 0.2/1.0 MB | 74 kBProgress (5): 0.7/2.7 MB | 0.6/1.6 MB | 97/132 kB | 0.2/1.0 MB | 74 kBProgress (5): 0.7/2.7 MB | 0.6/1.6 MB | 97/132 kB | 0.2/1.0 MB | 74 kBProgress (5): 0.7/2.7 MB | 0.7/1.6 MB | 97/132 kB | 0.2/1.0 MB | 74 kBProgress (5): 0.7/2.7 MB | 0.7/1.6 MB | 97/132 kB | 0.2/1.0 MB | 74 kBProgress (5): 0.7/2.7 MB | 0.7/1.6 MB | 97/132 kB | 0.2/1.0 MB | 74 kBProgress (5): 0.7/2.7 MB | 0.7/1.6 MB | 97/132 kB | 0.2/1.0 MB | 74 kBProgress (5): 0.7/2.7 MB | 0.7/1.6 MB | 97/132 kB | 0.2/1.0 MB | 74 kBProgress (5): 0.7/2.7 MB | 0.7/1.6 MB | 97/132 kB | 0.2/1.0 MB | 74 kBProgress (5): 0.7/2.7 MB | 0.7/1.6 MB | 97/132 kB | 0.2/1.0 MB | 74 kBProgress (5): 0.7/2.7 MB | 0.7/1.6 MB | 97/132 kB | 0.2/1.0 MB | 74 kBProgress (5): 0.7/2.7 MB | 0.7/1.6 MB | 97/132 kB | 0.2/1.0 MB | 74 kBProgress (5): 0.7/2.7 MB | 0.7/1.6 MB | 97/132 kB | 0.2/1.0 MB | 74 kBProgress (5): 0.7/2.7 MB | 0.7/1.6 MB | 97/132 kB | 0.2/1.0 MB | 74 kBProgress (5): 0.7/2.7 MB | 0.7/1.6 MB | 97/132 kB | 0.2/1.0 MB | 74 kBProgress (5): 0.7/2.7 MB | 0.7/1.6 MB | 97/132 kB | 0.2/1.0 MB | 74 kBProgress (5): 0.7/2.7 MB | 0.7/1.6 MB | 97/132 kB | 0.2/1.0 MB | 74 kBProgress (5): 0.7/2.7 MB | 0.7/1.6 MB | 97/132 kB | 0.2/1.0 MB | 74 kBProgress (5): 0.7/2.7 MB | 0.7/1.6 MB | 97/132 kB | 0.2/1.0 MB | 74 kBProgress (5): 0.7/2.7 MB | 0.8/1.6 MB | 97/132 kB | 0.2/1.0 MB | 74 kBProgress (5): 0.7/2.7 MB | 0.8/1.6 MB | 97/132 kB | 0.2/1.0 MB | 74 kBProgress (5): 0.7/2.7 MB | 0.8/1.6 MB | 97/132 kB | 0.3/1.0 MB | 74 kBProgress (5): 0.7/2.7 MB | 0.8/1.6 MB | 97/132 kB | 0.3/1.0 MB | 74 kBProgress (5): 0.7/2.7 MB | 0.8/1.6 MB | 97/132 kB | 0.3/1.0 MB | 74 kBProgress (5): 0.7/2.7 MB | 0.8/1.6 MB | 97/132 kB | 0.3/1.0 MB | 74 kBProgress (5): 0.7/2.7 MB | 0.8/1.6 MB | 97/132 kB | 0.3/1.0 MB | 74 kBProgress (5): 0.7/2.7 MB | 0.8/1.6 MB | 101/132 kB | 0.3/1.0 MB | 74 kBProgress (5): 0.7/2.7 MB | 0.8/1.6 MB | 101/132 kB | 0.3/1.0 MB | 74 kBProgress (5): 0.7/2.7 MB | 0.8/1.6 MB | 106/132 kB | 0.3/1.0 MB | 74 kBProgress (5): 0.7/2.7 MB | 0.8/1.6 MB | 110/132 kB | 0.3/1.0 MB | 74 kBProgress (5): 0.7/2.7 MB | 0.8/1.6 MB | 110/132 kB | 0.3/1.0 MB | 74 kBProgress (5): 0.7/2.7 MB | 0.8/1.6 MB | 110/132 kB | 0.3/1.0 MB | 74 kBProgress (5): 0.7/2.7 MB | 0.8/1.6 MB | 114/132 kB | 0.3/1.0 MB | 74 kBProgress (5): 0.7/2.7 MB | 0.8/1.6 MB | 118/132 kB | 0.3/1.0 MB | 74 kBProgress (5): 0.7/2.7 MB | 0.8/1.6 MB | 122/132 kB | 0.3/1.0 MB | 74 kBProgress (5): 0.7/2.7 MB | 0.8/1.6 MB | 126/132 kB | 0.3/1.0 MB | 74 kB                                                                       Downloaded from central: https://repo.maven.apache.org/maven2/de/rototor/pdfbox/graphics2d/0.32/graphics2d-0.32.jar (74 kB at 3.5 kB/s)
Downloading from central: https://repo.maven.apache.org/maven2/com/mysql/mysql-connector-j/9.7.0/mysql-connector-j-9.7.0.jar
Progress (4): 0.7/2.7 MB | 0.8/1.6 MB | 130/132 kB | 0.3/1.0 MBProgress (4): 0.7/2.7 MB | 0.8/1.6 MB | 132 kB | 0.3/1.0 MB    Progress (4): 0.7/2.7 MB | 0.8/1.6 MB | 132 kB | 0.3/1.0 MBProgress (4): 0.7/2.7 MB | 0.8/1.6 MB | 132 kB | 0.3/1.0 MBProgress (4): 0.7/2.7 MB | 0.8/1.6 MB | 132 kB | 0.3/1.0 MBProgress (4): 0.7/2.7 MB | 0.8/1.6 MB | 132 kB | 0.3/1.0 MBProgress (4): 0.7/2.7 MB | 0.8/1.6 MB | 132 kB | 0.3/1.0 MBProgress (4): 0.7/2.7 MB | 0.8/1.6 MB | 132 kB | 0.3/1.0 MBProgress (4): 0.7/2.7 MB | 0.8/1.6 MB | 132 kB | 0.3/1.0 MBProgress (4): 0.7/2.7 MB | 0.8/1.6 MB | 132 kB | 0.3/1.0 MBProgress (4): 0.7/2.7 MB | 0.8/1.6 MB | 132 kB | 0.3/1.0 MBProgress (4): 0.7/2.7 MB | 0.8/1.6 MB | 132 kB | 0.3/1.0 MBProgress (4): 0.7/2.7 MB | 0.8/1.6 MB | 132 kB | 0.3/1.0 MBProgress (4): 0.7/2.7 MB | 0.8/1.6 MB | 132 kB | 0.3/1.0 MBProgress (4): 0.7/2.7 MB | 0.8/1.6 MB | 132 kB | 0.3/1.0 MBProgress (4): 0.7/2.7 MB | 0.9/1.6 MB | 132 kB | 0.3/1.0 MBProgress (4): 0.7/2.7 MB | 0.9/1.6 MB | 132 kB | 0.3/1.0 MBProgress (4): 0.7/2.7 MB | 0.9/1.6 MB | 132 kB | 0.3/1.0 MB                                                           Downloaded from central: https://repo.maven.apache.org/maven2/org/apache/pdfbox/xmpbox/2.0.24/xmpbox-2.0.24.jar (132 kB at 6.2 kB/s)
Downloading from central: https://repo.maven.apache.org/maven2/org/springframework/boot/spring-boot-starter-test/3.5.15/spring-boot-starter-test-3.5.15.jar
Progress (3): 0.7/2.7 MB | 0.9/1.6 MB | 0.3/1.0 MBProgress (3): 0.7/2.7 MB | 0.9/1.6 MB | 0.3/1.0 MBProgress (3): 0.7/2.7 MB | 0.9/1.6 MB | 0.3/1.0 MBProgress (3): 0.7/2.7 MB | 0.9/1.6 MB | 0.3/1.0 MBProgress (3): 0.7/2.7 MB | 0.9/1.6 MB | 0.3/1.0 MBProgress (3): 0.7/2.7 MB | 0.9/1.6 MB | 0.3/1.0 MBProgress (3): 0.7/2.7 MB | 0.9/1.6 MB | 0.3/1.0 MBProgress (3): 0.7/2.7 MB | 0.9/1.6 MB | 0.3/1.0 MBProgress (3): 0.7/2.7 MB | 0.9/1.6 MB | 0.3/1.0 MBProgress (4): 0.7/2.7 MB | 0.9/1.6 MB | 0.3/1.0 MB | 0/2.6 MBProgress (4): 0.7/2.7 MB | 0.9/1.6 MB | 0.3/1.0 MB | 0/2.6 MBProgress (4): 0.7/2.7 MB | 0.9/1.6 MB | 0.3/1.0 MB | 0/2.6 MBProgress (4): 0.8/2.7 MB | 0.9/1.6 MB | 0.3/1.0 MB | 0/2.6 MBProgress (4): 0.8/2.7 MB | 0.9/1.6 MB | 0.3/1.0 MB | 0/2.6 MBProgress (4): 0.8/2.7 MB | 0.9/1.6 MB | 0.3/1.0 MB | 0/2.6 MBProgress (4): 0.8/2.7 MB | 0.9/1.6 MB | 0.4/1.0 MB | 0/2.6 MBProgress (4): 0.8/2.7 MB | 0.9/1.6 MB | 0.4/1.0 MB | 0/2.6 MBProgress (4): 0.8/2.7 MB | 0.9/1.6 MB | 0.4/1.0 MB | 0/2.6 MBProgress (4): 0.8/2.7 MB | 0.9/1.6 MB | 0.4/1.0 MB | 0/2.6 MBProgress (4): 0.8/2.7 MB | 0.9/1.6 MB | 0.4/1.0 MB | 0/2.6 MBProgress (4): 0.8/2.7 MB | 0.9/1.6 MB | 0.4/1.0 MB | 0/2.6 MBProgress (4): 0.8/2.7 MB | 1.0/1.6 MB | 0.4/1.0 MB | 0/2.6 MBProgress (4): 0.8/2.7 MB | 1.0/1.6 MB | 0.4/1.0 MB | 0/2.6 MBProgress (4): 0.8/2.7 MB | 1.0/1.6 MB | 0.4/1.0 MB | 0/2.6 MBProgress (4): 0.8/2.7 MB | 1.0/1.6 MB | 0.4/1.0 MB | 0/2.6 MBProgress (4): 0.8/2.7 MB | 1.0/1.6 MB | 0.4/1.0 MB | 0/2.6 MBProgress (4): 0.8/2.7 MB | 1.0/1.6 MB | 0.4/1.0 MB | 0/2.6 MBProgress (4): 0.8/2.7 MB | 1.0/1.6 MB | 0.4/1.0 MB | 0/2.6 MBProgress (4): 0.8/2.7 MB | 1.0/1.6 MB | 0.4/1.0 MB | 0/2.6 MBProgress (4): 0.8/2.7 MB | 1.0/1.6 MB | 0.4/1.0 MB | 0/2.6 MBProgress (4): 0.8/2.7 MB | 1.0/1.6 MB | 0.4/1.0 MB | 0/2.6 MBProgress (4): 0.8/2.7 MB | 1.0/1.6 MB | 0.4/1.0 MB | 0/2.6 MBProgress (4): 0.8/2.7 MB | 1.0/1.6 MB | 0.4/1.0 MB | 0/2.6 MBProgress (4): 0.8/2.7 MB | 1.0/1.6 MB | 0.4/1.0 MB | 0/2.6 MBProgress (4): 0.8/2.7 MB | 1.0/1.6 MB | 0.4/1.0 MB | 0/2.6 MBProgress (4): 0.8/2.7 MB | 1.0/1.6 MB | 0.4/1.0 MB | 0/2.6 MBProgress (4): 0.8/2.7 MB | 1.0/1.6 MB | 0.4/1.0 MB | 0/2.6 MBProgress (4): 0.8/2.7 MB | 1.0/1.6 MB | 0.4/1.0 MB | 0/2.6 MBProgress (4): 0.8/2.7 MB | 1.0/1.6 MB | 0.4/1.0 MB | 0/2.6 MBProgress (4): 0.8/2.7 MB | 1.0/1.6 MB | 0.4/1.0 MB | 0/2.6 MBProgress (4): 0.8/2.7 MB | 1.0/1.6 MB | 0.4/1.0 MB | 0/2.6 MBProgress (4): 0.8/2.7 MB | 1.0/1.6 MB | 0.4/1.0 MB | 0/2.6 MBProgress (4): 0.8/2.7 MB | 1.0/1.6 MB | 0.4/1.0 MB | 0/2.6 MBProgress (4): 0.8/2.7 MB | 1.0/1.6 MB | 0.4/1.0 MB | 0/2.6 MBProgress (4): 0.8/2.7 MB | 1.0/1.6 MB | 0.4/1.0 MB | 0/2.6 MBProgress (4): 0.8/2.7 MB | 1.0/1.6 MB | 0.4/1.0 MB | 0/2.6 MBProgress (4): 0.8/2.7 MB | 1.1/1.6 MB | 0.4/1.0 MB | 0/2.6 MBProgress (5): 0.8/2.7 MB | 1.1/1.6 MB | 0.4/1.0 MB | 0/2.6 MB | 4.1/4.8 kBProgress (5): 0.8/2.7 MB | 1.1/1.6 MB | 0.4/1.0 MB | 0/2.6 MB | 4.1/4.8 kBProgress (5): 0.8/2.7 MB | 1.1/1.6 MB | 0.4/1.0 MB | 0/2.6 MB | 4.8 kB    Progress (5): 0.8/2.7 MB | 1.1/1.6 MB | 0.4/1.0 MB | 0/2.6 MB | 4.8 kBProgress (5): 0.8/2.7 MB | 1.1/1.6 MB | 0.4/1.0 MB | 0/2.6 MB | 4.8 kBProgress (5): 0.8/2.7 MB | 1.1/1.6 MB | 0.4/1.0 MB | 0.1/2.6 MB | 4.8 kBProgress (5): 0.8/2.7 MB | 1.1/1.6 MB | 0.4/1.0 MB | 0.1/2.6 MB | 4.8 kBProgress (5): 0.8/2.7 MB | 1.1/1.6 MB | 0.4/1.0 MB | 0.1/2.6 MB | 4.8 kBProgress (5): 0.8/2.7 MB | 1.1/1.6 MB | 0.4/1.0 MB | 0.1/2.6 MB | 4.8 kBProgress (5): 0.8/2.7 MB | 1.1/1.6 MB | 0.4/1.0 MB | 0.1/2.6 MB | 4.8 kBProgress (5): 0.8/2.7 MB | 1.1/1.6 MB | 0.4/1.0 MB | 0.1/2.6 MB | 4.8 kBProgress (5): 0.9/2.7 MB | 1.1/1.6 MB | 0.4/1.0 MB | 0.1/2.6 MB | 4.8 kBProgress (5): 0.9/2.7 MB | 1.1/1.6 MB | 0.4/1.0 MB | 0.1/2.6 MB | 4.8 kBProgress (5): 0.9/2.7 MB | 1.1/1.6 MB | 0.4/1.0 MB | 0.1/2.6 MB | 4.8 kBProgress (5): 0.9/2.7 MB | 1.1/1.6 MB | 0.4/1.0 MB | 0.1/2.6 MB | 4.8 kBProgress (5): 0.9/2.7 MB | 1.1/1.6 MB | 0.4/1.0 MB | 0.1/2.6 MB | 4.8 kBProgress (5): 0.9/2.7 MB | 1.1/1.6 MB | 0.5/1.0 MB | 0.1/2.6 MB | 4.8 kBProgress (5): 0.9/2.7 MB | 1.1/1.6 MB | 0.5/1.0 MB | 0.1/2.6 MB | 4.8 kBProgress (5): 0.9/2.7 MB | 1.1/1.6 MB | 0.5/1.0 MB | 0.1/2.6 MB | 4.8 kBProgress (5): 0.9/2.7 MB | 1.1/1.6 MB | 0.5/1.0 MB | 0.1/2.6 MB | 4.8 kBProgress (5): 0.9/2.7 MB | 1.1/1.6 MB | 0.5/1.0 MB | 0.1/2.6 MB | 4.8 kBProgress (5): 0.9/2.7 MB | 1.1/1.6 MB | 0.5/1.0 MB | 0.1/2.6 MB | 4.8 kBProgress (5): 0.9/2.7 MB | 1.2/1.6 MB | 0.5/1.0 MB | 0.1/2.6 MB | 4.8 kBProgress (5): 0.9/2.7 MB | 1.2/1.6 MB | 0.5/1.0 MB | 0.1/2.6 MB | 4.8 kBProgress (5): 0.9/2.7 MB | 1.2/1.6 MB | 0.5/1.0 MB | 0.1/2.6 MB | 4.8 kBProgress (5): 0.9/2.7 MB | 1.2/1.6 MB | 0.5/1.0 MB | 0.1/2.6 MB | 4.8 kBProgress (5): 0.9/2.7 MB | 1.2/1.6 MB | 0.5/1.0 MB | 0.1/2.6 MB | 4.8 kBProgress (5): 0.9/2.7 MB | 1.2/1.6 MB | 0.5/1.0 MB | 0.1/2.6 MB | 4.8 kBProgress (5): 0.9/2.7 MB | 1.2/1.6 MB | 0.5/1.0 MB | 0.1/2.6 MB | 4.8 kBProgress (5): 0.9/2.7 MB | 1.2/1.6 MB | 0.5/1.0 MB | 0.1/2.6 MB | 4.8 kB                                                                        Downloaded from central: https://repo.maven.apache.org/maven2/org/springframework/boot/spring-boot-starter-test/3.5.15/spring-boot-starter-test-3.5.15.jar (4.8 kB at 221 B/s)
Downloading from central: https://repo.maven.apache.org/maven2/org/springframework/boot/spring-boot-test/3.5.15/spring-boot-test-3.5.15.jar
Progress (4): 0.9/2.7 MB | 1.2/1.6 MB | 0.5/1.0 MB | 0.1/2.6 MBProgress (4): 0.9/2.7 MB | 1.2/1.6 MB | 0.5/1.0 MB | 0.1/2.6 MBProgress (4): 0.9/2.7 MB | 1.2/1.6 MB | 0.5/1.0 MB | 0.1/2.6 MBProgress (4): 0.9/2.7 MB | 1.2/1.6 MB | 0.5/1.0 MB | 0.1/2.6 MBProgress (4): 0.9/2.7 MB | 1.2/1.6 MB | 0.5/1.0 MB | 0.1/2.6 MBProgress (4): 0.9/2.7 MB | 1.2/1.6 MB | 0.5/1.0 MB | 0.1/2.6 MBProgress (4): 0.9/2.7 MB | 1.2/1.6 MB | 0.5/1.0 MB | 0.1/2.6 MBProgress (4): 0.9/2.7 MB | 1.2/1.6 MB | 0.5/1.0 MB | 0.1/2.6 MBProgress (4): 0.9/2.7 MB | 1.2/1.6 MB | 0.5/1.0 MB | 0.1/2.6 MBProgress (4): 0.9/2.7 MB | 1.2/1.6 MB | 0.5/1.0 MB | 0.1/2.6 MBProgress (4): 0.9/2.7 MB | 1.2/1.6 MB | 0.5/1.0 MB | 0.1/2.6 MBProgress (4): 0.9/2.7 MB | 1.2/1.6 MB | 0.5/1.0 MB | 0.1/2.6 MBProgress (4): 0.9/2.7 MB | 1.2/1.6 MB | 0.5/1.0 MB | 0.1/2.6 MBProgress (4): 0.9/2.7 MB | 1.2/1.6 MB | 0.5/1.0 MB | 0.1/2.6 MBProgress (4): 0.9/2.7 MB | 1.2/1.6 MB | 0.5/1.0 MB | 0.1/2.6 MBProgress (4): 0.9/2.7 MB | 1.2/1.6 MB | 0.5/1.0 MB | 0.1/2.6 MBProgress (5): 0.9/2.7 MB | 1.2/1.6 MB | 0.5/1.0 MB | 0.1/2.6 MB | 4.1/258 kBProgress (5): 0.9/2.7 MB | 1.2/1.6 MB | 0.5/1.0 MB | 0.1/2.6 MB | 4.1/258 kBProgress (5): 0.9/2.7 MB | 1.2/1.6 MB | 0.5/1.0 MB | 0.1/2.6 MB | 7.7/258 kBProgress (5): 0.9/2.7 MB | 1.3/1.6 MB | 0.5/1.0 MB | 0.1/2.6 MB | 7.7/258 kBProgress (5): 0.9/2.7 MB | 1.3/1.6 MB | 0.5/1.0 MB | 0.1/2.6 MB | 7.7/258 kBProgress (5): 0.9/2.7 MB | 1.3/1.6 MB | 0.5/1.0 MB | 0.1/2.6 MB | 12/258 kB Progress (5): 0.9/2.7 MB | 1.3/1.6 MB | 0.5/1.0 MB | 0.1/2.6 MB | 16/258 kBProgress (5): 0.9/2.7 MB | 1.3/1.6 MB | 0.5/1.0 MB | 0.1/2.6 MB | 16/258 kBProgress (5): 0.9/2.7 MB | 1.3/1.6 MB | 0.5/1.0 MB | 0.1/2.6 MB | 16/258 kBProgress (5): 0.9/2.7 MB | 1.3/1.6 MB | 0.5/1.0 MB | 0.1/2.6 MB | 20/258 kBProgress (5): 0.9/2.7 MB | 1.3/1.6 MB | 0.5/1.0 MB | 0.1/2.6 MB | 24/258 kBProgress (5): 0.9/2.7 MB | 1.3/1.6 MB | 0.5/1.0 MB | 0.1/2.6 MB | 28/258 kBProgress (5): 0.9/2.7 MB | 1.3/1.6 MB | 0.5/1.0 MB | 0.1/2.6 MB | 32/258 kBProgress (5): 0.9/2.7 MB | 1.3/1.6 MB | 0.5/1.0 MB | 0.1/2.6 MB | 36/258 kBProgress (5): 0.9/2.7 MB | 1.3/1.6 MB | 0.5/1.0 MB | 0.1/2.6 MB | 40/258 kBProgress (5): 0.9/2.7 MB | 1.3/1.6 MB | 0.5/1.0 MB | 0.1/2.6 MB | 45/258 kBProgress (5): 0.9/2.7 MB | 1.3/1.6 MB | 0.5/1.0 MB | 0.1/2.6 MB | 49/258 kBProgress (5): 0.9/2.7 MB | 1.3/1.6 MB | 0.5/1.0 MB | 0.1/2.6 MB | 53/258 kBProgress (5): 0.9/2.7 MB | 1.3/1.6 MB | 0.5/1.0 MB | 0.1/2.6 MB | 57/258 kBProgress (5): 0.9/2.7 MB | 1.3/1.6 MB | 0.5/1.0 MB | 0.1/2.6 MB | 61/258 kBProgress (5): 0.9/2.7 MB | 1.3/1.6 MB | 0.5/1.0 MB | 0.1/2.6 MB | 65/258 kBProgress (5): 0.9/2.7 MB | 1.3/1.6 MB | 0.5/1.0 MB | 0.1/2.6 MB | 69/258 kBProgress (5): 0.9/2.7 MB | 1.3/1.6 MB | 0.5/1.0 MB | 0.1/2.6 MB | 73/258 kBProgress (5): 0.9/2.7 MB | 1.3/1.6 MB | 0.5/1.0 MB | 0.1/2.6 MB | 77/258 kBProgress (5): 0.9/2.7 MB | 1.3/1.6 MB | 0.5/1.0 MB | 0.1/2.6 MB | 81/258 kBProgress (5): 0.9/2.7 MB | 1.3/1.6 MB | 0.5/1.0 MB | 0.1/2.6 MB | 86/258 kBProgress (5): 0.9/2.7 MB | 1.3/1.6 MB | 0.5/1.0 MB | 0.1/2.6 MB | 90/258 kBProgress (5): 0.9/2.7 MB | 1.3/1.6 MB | 0.5/1.0 MB | 0.1/2.6 MB | 90/258 kBProgress (5): 0.9/2.7 MB | 1.3/1.6 MB | 0.5/1.0 MB | 0.1/2.6 MB | 90/258 kBProgress (5): 0.9/2.7 MB | 1.3/1.6 MB | 0.5/1.0 MB | 0.1/2.6 MB | 90/258 kBProgress (5): 0.9/2.7 MB | 1.3/1.6 MB | 0.5/1.0 MB | 0.1/2.6 MB | 90/258 kBProgress (5): 0.9/2.7 MB | 1.3/1.6 MB | 0.5/1.0 MB | 0.1/2.6 MB | 90/258 kBProgress (5): 0.9/2.7 MB | 1.3/1.6 MB | 0.5/1.0 MB | 0.1/2.6 MB | 90/258 kBProgress (5): 0.9/2.7 MB | 1.3/1.6 MB | 0.5/1.0 MB | 0.1/2.6 MB | 94/258 kBProgress (5): 0.9/2.7 MB | 1.3/1.6 MB | 0.5/1.0 MB | 0.1/2.6 MB | 94/258 kBProgress (5): 0.9/2.7 MB | 1.3/1.6 MB | 0.5/1.0 MB | 0.1/2.6 MB | 94/258 kBProgress (5): 0.9/2.7 MB | 1.3/1.6 MB | 0.6/1.0 MB | 0.1/2.6 MB | 94/258 kBProgress (5): 0.9/2.7 MB | 1.3/1.6 MB | 0.6/1.0 MB | 0.1/2.6 MB | 98/258 kBProgress (5): 0.9/2.7 MB | 1.3/1.6 MB | 0.6/1.0 MB | 0.1/2.6 MB | 98/258 kBProgress (5): 1.0/2.7 MB | 1.3/1.6 MB | 0.6/1.0 MB | 0.1/2.6 MB | 98/258 kBProgress (5): 1.0/2.7 MB | 1.3/1.6 MB | 0.6/1.0 MB | 0.1/2.6 MB | 98/258 kBProgress (5): 1.0/2.7 MB | 1.3/1.6 MB | 0.6/1.0 MB | 0.1/2.6 MB | 102/258 kBProgress (5): 1.0/2.7 MB | 1.3/1.6 MB | 0.6/1.0 MB | 0.1/2.6 MB | 102/258 kBProgress (5): 1.0/2.7 MB | 1.3/1.6 MB | 0.6/1.0 MB | 0.1/2.6 MB | 102/258 kBProgress (5): 1.0/2.7 MB | 1.3/1.6 MB | 0.6/1.0 MB | 0.1/2.6 MB | 102/258 kBProgress (5): 1.0/2.7 MB | 1.3/1.6 MB | 0.6/1.0 MB | 0.1/2.6 MB | 106/258 kBProgress (5): 1.0/2.7 MB | 1.3/1.6 MB | 0.6/1.0 MB | 0.1/2.6 MB | 106/258 kBProgress (5): 1.0/2.7 MB | 1.3/1.6 MB | 0.6/1.0 MB | 0.1/2.6 MB | 106/258 kBProgress (5): 1.0/2.7 MB | 1.4/1.6 MB | 0.6/1.0 MB | 0.1/2.6 MB | 106/258 kBProgress (5): 1.0/2.7 MB | 1.4/1.6 MB | 0.6/1.0 MB | 0.1/2.6 MB | 106/258 kBProgress (5): 1.0/2.7 MB | 1.4/1.6 MB | 0.6/1.0 MB | 0.1/2.6 MB | 106/258 kBProgress (5): 1.0/2.7 MB | 1.4/1.6 MB | 0.6/1.0 MB | 0.1/2.6 MB | 106/258 kBProgress (5): 1.0/2.7 MB | 1.4/1.6 MB | 0.6/1.0 MB | 0.1/2.6 MB | 106/258 kBProgress (5): 1.0/2.7 MB | 1.4/1.6 MB | 0.6/1.0 MB | 0.1/2.6 MB | 110/258 kBProgress (5): 1.0/2.7 MB | 1.4/1.6 MB | 0.6/1.0 MB | 0.1/2.6 MB | 110/258 kBProgress (5): 1.0/2.7 MB | 1.4/1.6 MB | 0.6/1.0 MB | 0.1/2.6 MB | 110/258 kBProgress (5): 1.0/2.7 MB | 1.4/1.6 MB | 0.6/1.0 MB | 0.1/2.6 MB | 114/258 kBProgress (5): 1.0/2.7 MB | 1.4/1.6 MB | 0.6/1.0 MB | 0.1/2.6 MB | 114/258 kBProgress (5): 1.0/2.7 MB | 1.4/1.6 MB | 0.6/1.0 MB | 0.1/2.6 MB | 118/258 kBProgress (5): 1.0/2.7 MB | 1.4/1.6 MB | 0.6/1.0 MB | 0.1/2.6 MB | 118/258 kBProgress (5): 1.0/2.7 MB | 1.4/1.6 MB | 0.6/1.0 MB | 0.1/2.6 MB | 122/258 kBProgress (5): 1.0/2.7 MB | 1.4/1.6 MB | 0.6/1.0 MB | 0.1/2.6 MB | 122/258 kBProgress (5): 1.0/2.7 MB | 1.4/1.6 MB | 0.6/1.0 MB | 0.1/2.6 MB | 122/258 kBProgress (5): 1.0/2.7 MB | 1.4/1.6 MB | 0.6/1.0 MB | 0.1/2.6 MB | 122/258 kBProgress (5): 1.0/2.7 MB | 1.4/1.6 MB | 0.6/1.0 MB | 0.1/2.6 MB | 126/258 kBProgress (5): 1.0/2.7 MB | 1.4/1.6 MB | 0.6/1.0 MB | 0.1/2.6 MB | 126/258 kBProgress (5): 1.0/2.7 MB | 1.4/1.6 MB | 0.6/1.0 MB | 0.1/2.6 MB | 126/258 kBProgress (5): 1.0/2.7 MB | 1.4/1.6 MB | 0.6/1.0 MB | 0.1/2.6 MB | 131/258 kBProgress (5): 1.0/2.7 MB | 1.4/1.6 MB | 0.6/1.0 MB | 0.1/2.6 MB | 131/258 kBProgress (5): 1.0/2.7 MB | 1.4/1.6 MB | 0.6/1.0 MB | 0.1/2.6 MB | 131/258 kBProgress (5): 1.0/2.7 MB | 1.4/1.6 MB | 0.6/1.0 MB | 0.1/2.6 MB | 134/258 kBProgress (5): 1.0/2.7 MB | 1.4/1.6 MB | 0.6/1.0 MB | 0.1/2.6 MB | 134/258 kBProgress (5): 1.0/2.7 MB | 1.4/1.6 MB | 0.6/1.0 MB | 0.1/2.6 MB | 134/258 kBProgress (5): 1.0/2.7 MB | 1.4/1.6 MB | 0.7/1.0 MB | 0.1/2.6 MB | 134/258 kBProgress (5): 1.0/2.7 MB | 1.4/1.6 MB | 0.7/1.0 MB | 0.1/2.6 MB | 134/258 kBProgress (5): 1.0/2.7 MB | 1.4/1.6 MB | 0.7/1.0 MB | 0.1/2.6 MB | 134/258 kBProgress (5): 1.0/2.7 MB | 1.4/1.6 MB | 0.7/1.0 MB | 0.1/2.6 MB | 134/258 kBProgress (5): 1.0/2.7 MB | 1.4/1.6 MB | 0.7/1.0 MB | 0.1/2.6 MB | 134/258 kBProgress (5): 1.0/2.7 MB | 1.4/1.6 MB | 0.7/1.0 MB | 0.2/2.6 MB | 134/258 kBProgress (5): 1.0/2.7 MB | 1.4/1.6 MB | 0.7/1.0 MB | 0.2/2.6 MB | 134/258 kBProgress (5): 1.0/2.7 MB | 1.4/1.6 MB | 0.7/1.0 MB | 0.2/2.6 MB | 134/258 kBProgress (5): 1.0/2.7 MB | 1.5/1.6 MB | 0.7/1.0 MB | 0.2/2.6 MB | 134/258 kBProgress (5): 1.0/2.7 MB | 1.5/1.6 MB | 0.7/1.0 MB | 0.2/2.6 MB | 134/258 kBProgress (5): 1.0/2.7 MB | 1.5/1.6 MB | 0.7/1.0 MB | 0.2/2.6 MB | 134/258 kBProgress (5): 1.0/2.7 MB | 1.5/1.6 MB | 0.7/1.0 MB | 0.2/2.6 MB | 134/258 kBProgress (5): 1.0/2.7 MB | 1.5/1.6 MB | 0.7/1.0 MB | 0.2/2.6 MB | 134/258 kBProgress (5): 1.0/2.7 MB | 1.5/1.6 MB | 0.7/1.0 MB | 0.2/2.6 MB | 134/258 kBProgress (5): 1.0/2.7 MB | 1.5/1.6 MB | 0.7/1.0 MB | 0.2/2.6 MB | 134/258 kBProgress (5): 1.0/2.7 MB | 1.5/1.6 MB | 0.7/1.0 MB | 0.2/2.6 MB | 134/258 kBProgress (5): 1.0/2.7 MB | 1.5/1.6 MB | 0.7/1.0 MB | 0.2/2.6 MB | 134/258 kBProgress (5): 1.0/2.7 MB | 1.5/1.6 MB | 0.7/1.0 MB | 0.2/2.6 MB | 134/258 kBProgress (5): 1.0/2.7 MB | 1.5/1.6 MB | 0.7/1.0 MB | 0.2/2.6 MB | 134/258 kBProgress (5): 1.0/2.7 MB | 1.5/1.6 MB | 0.7/1.0 MB | 0.2/2.6 MB | 134/258 kBProgress (5): 1.0/2.7 MB | 1.5/1.6 MB | 0.7/1.0 MB | 0.2/2.6 MB | 134/258 kBProgress (5): 1.0/2.7 MB | 1.5/1.6 MB | 0.7/1.0 MB | 0.2/2.6 MB | 134/258 kBProgress (5): 1.0/2.7 MB | 1.5/1.6 MB | 0.7/1.0 MB | 0.2/2.6 MB | 134/258 kBProgress (5): 1.0/2.7 MB | 1.5/1.6 MB | 0.7/1.0 MB | 0.2/2.6 MB | 134/258 kBProgress (5): 1.0/2.7 MB | 1.5/1.6 MB | 0.7/1.0 MB | 0.2/2.6 MB | 134/258 kBProgress (5): 1.0/2.7 MB | 1.5/1.6 MB | 0.7/1.0 MB | 0.2/2.6 MB | 134/258 kBProgress (5): 1.0/2.7 MB | 1.5/1.6 MB | 0.7/1.0 MB | 0.2/2.6 MB | 134/258 kBProgress (5): 1.0/2.7 MB | 1.5/1.6 MB | 0.7/1.0 MB | 0.2/2.6 MB | 134/258 kBProgress (5): 1.0/2.7 MB | 1.5/1.6 MB | 0.7/1.0 MB | 0.2/2.6 MB | 134/258 kBProgress (5): 1.0/2.7 MB | 1.6/1.6 MB | 0.7/1.0 MB | 0.2/2.6 MB | 134/258 kBProgress (5): 1.0/2.7 MB | 1.6/1.6 MB | 0.7/1.0 MB | 0.2/2.6 MB | 138/258 kBProgress (5): 1.0/2.7 MB | 1.6/1.6 MB | 0.7/1.0 MB | 0.2/2.6 MB | 142/258 kBProgress (5): 1.0/2.7 MB | 1.6/1.6 MB | 0.7/1.0 MB | 0.2/2.6 MB | 147/258 kBProgress (5): 1.0/2.7 MB | 1.6/1.6 MB | 0.7/1.0 MB | 0.2/2.6 MB | 151/258 kBProgress (5): 1.0/2.7 MB | 1.6/1.6 MB | 0.7/1.0 MB | 0.2/2.6 MB | 151/258 kBProgress (5): 1.0/2.7 MB | 1.6/1.6 MB | 0.7/1.0 MB | 0.2/2.6 MB | 151/258 kBProgress (5): 1.0/2.7 MB | 1.6/1.6 MB | 0.7/1.0 MB | 0.2/2.6 MB | 155/258 kBProgress (5): 1.0/2.7 MB | 1.6/1.6 MB | 0.7/1.0 MB | 0.2/2.6 MB | 155/258 kBProgress (5): 1.0/2.7 MB | 1.6/1.6 MB | 0.7/1.0 MB | 0.2/2.6 MB | 155/258 kBProgress (5): 1.0/2.7 MB | 1.6/1.6 MB | 0.7/1.0 MB | 0.2/2.6 MB | 155/258 kBProgress (5): 1.0/2.7 MB | 1.6/1.6 MB | 0.7/1.0 MB | 0.2/2.6 MB | 159/258 kBProgress (5): 1.0/2.7 MB | 1.6/1.6 MB | 0.7/1.0 MB | 0.2/2.6 MB | 159/258 kBProgress (5): 1.0/2.7 MB | 1.6/1.6 MB | 0.7/1.0 MB | 0.2/2.6 MB | 159/258 kBProgress (5): 1.0/2.7 MB | 1.6/1.6 MB | 0.7/1.0 MB | 0.2/2.6 MB | 163/258 kBProgress (5): 1.0/2.7 MB | 1.6/1.6 MB | 0.7/1.0 MB | 0.2/2.6 MB | 163/258 kBProgress (5): 1.0/2.7 MB | 1.6/1.6 MB | 0.7/1.0 MB | 0.2/2.6 MB | 163/258 kBProgress (5): 1.0/2.7 MB | 1.6/1.6 MB | 0.7/1.0 MB | 0.2/2.6 MB | 167/258 kBProgress (5): 1.0/2.7 MB | 1.6/1.6 MB | 0.8/1.0 MB | 0.2/2.6 MB | 167/258 kBProgress (5): 1.0/2.7 MB | 1.6/1.6 MB | 0.8/1.0 MB | 0.2/2.6 MB | 167/258 kBProgress (5): 1.0/2.7 MB | 1.6/1.6 MB | 0.8/1.0 MB | 0.2/2.6 MB | 167/258 kBProgress (5): 1.0/2.7 MB | 1.6/1.6 MB | 0.8/1.0 MB | 0.2/2.6 MB | 167/258 kBProgress (5): 1.0/2.7 MB | 1.6/1.6 MB | 0.8/1.0 MB | 0.2/2.6 MB | 167/258 kBProgress (5): 1.0/2.7 MB | 1.6/1.6 MB | 0.8/1.0 MB | 0.2/2.6 MB | 167/258 kBProgress (5): 1.0/2.7 MB | 1.6/1.6 MB | 0.8/1.0 MB | 0.2/2.6 MB | 171/258 kBProgress (5): 1.0/2.7 MB | 1.6/1.6 MB | 0.8/1.0 MB | 0.2/2.6 MB | 171/258 kBProgress (5): 1.0/2.7 MB | 1.6/1.6 MB | 0.8/1.0 MB | 0.2/2.6 MB | 175/258 kBProgress (5): 1.0/2.7 MB | 1.6/1.6 MB | 0.8/1.0 MB | 0.2/2.6 MB | 179/258 kBProgress (5): 1.0/2.7 MB | 1.6/1.6 MB | 0.8/1.0 MB | 0.2/2.6 MB | 179/258 kBProgress (5): 1.0/2.7 MB | 1.6/1.6 MB | 0.8/1.0 MB | 0.2/2.6 MB | 183/258 kBProgress (5): 1.0/2.7 MB | 1.6/1.6 MB | 0.8/1.0 MB | 0.2/2.6 MB | 187/258 kBProgress (5): 1.0/2.7 MB | 1.6/1.6 MB | 0.8/1.0 MB | 0.2/2.6 MB | 192/258 kBProgress (5): 1.0/2.7 MB | 1.6/1.6 MB | 0.8/1.0 MB | 0.2/2.6 MB | 196/258 kBProgress (5): 1.0/2.7 MB | 1.6/1.6 MB | 0.8/1.0 MB | 0.2/2.6 MB | 200/258 kBProgress (5): 1.0/2.7 MB | 1.6/1.6 MB | 0.8/1.0 MB | 0.2/2.6 MB | 204/258 kBProgress (5): 1.0/2.7 MB | 1.6/1.6 MB | 0.8/1.0 MB | 0.2/2.6 MB | 208/258 kBProgress (5): 1.0/2.7 MB | 1.6/1.6 MB | 0.8/1.0 MB | 0.2/2.6 MB | 212/258 kBProgress (5): 1.0/2.7 MB | 1.6/1.6 MB | 0.8/1.0 MB | 0.2/2.6 MB | 216/258 kBProgress (5): 1.0/2.7 MB | 1.6/1.6 MB | 0.8/1.0 MB | 0.2/2.6 MB | 216/258 kBProgress (5): 1.1/2.7 MB | 1.6/1.6 MB | 0.8/1.0 MB | 0.2/2.6 MB | 216/258 kBProgress (5): 1.1/2.7 MB | 1.6/1.6 MB | 0.8/1.0 MB | 0.2/2.6 MB | 216/258 kBProgress (5): 1.1/2.7 MB | 1.6/1.6 MB | 0.8/1.0 MB | 0.2/2.6 MB | 216/258 kBProgress (5): 1.1/2.7 MB | 1.6/1.6 MB | 0.8/1.0 MB | 0.2/2.6 MB | 220/258 kBProgress (5): 1.1/2.7 MB | 1.6/1.6 MB | 0.8/1.0 MB | 0.2/2.6 MB | 220/258 kBProgress (5): 1.1/2.7 MB | 1.6/1.6 MB | 0.8/1.0 MB | 0.2/2.6 MB | 224/258 kBProgress (5): 1.1/2.7 MB | 1.6/1.6 MB | 0.8/1.0 MB | 0.2/2.6 MB | 224/258 kBProgress (5): 1.1/2.7 MB | 1.6/1.6 MB | 0.8/1.0 MB | 0.2/2.6 MB | 228/258 kBProgress (5): 1.1/2.7 MB | 1.6/1.6 MB | 0.8/1.0 MB | 0.2/2.6 MB | 233/258 kBProgress (5): 1.1/2.7 MB | 1.6/1.6 MB | 0.8/1.0 MB | 0.2/2.6 MB | 233/258 kBProgress (5): 1.1/2.7 MB | 1.6/1.6 MB | 0.8/1.0 MB | 0.2/2.6 MB | 233/258 kBProgress (5): 1.1/2.7 MB | 1.6/1.6 MB | 0.8/1.0 MB | 0.3/2.6 MB | 233/258 kBProgress (5): 1.1/2.7 MB | 1.6/1.6 MB | 0.8/1.0 MB | 0.3/2.6 MB | 233/258 kBProgress (5): 1.1/2.7 MB | 1.6/1.6 MB | 0.8/1.0 MB | 0.3/2.6 MB | 237/258 kBProgress (5): 1.1/2.7 MB | 1.6/1.6 MB | 0.8/1.0 MB | 0.3/2.6 MB | 241/258 kBProgress (5): 1.1/2.7 MB | 1.6/1.6 MB | 0.8/1.0 MB | 0.3/2.6 MB | 245/258 kBProgress (5): 1.1/2.7 MB | 1.6/1.6 MB | 0.8/1.0 MB | 0.3/2.6 MB | 249/258 kBProgress (5): 1.1/2.7 MB | 1.6/1.6 MB | 0.8/1.0 MB | 0.3/2.6 MB | 253/258 kBProgress (5): 1.1/2.7 MB | 1.6/1.6 MB | 0.8/1.0 MB | 0.3/2.6 MB | 253/258 kBProgress (5): 1.1/2.7 MB | 1.6/1.6 MB | 0.8/1.0 MB | 0.3/2.6 MB | 253/258 kBProgress (5): 1.1/2.7 MB | 1.6/1.6 MB | 0.8/1.0 MB | 0.3/2.6 MB | 257/258 kBProgress (5): 1.1/2.7 MB | 1.6/1.6 MB | 0.8/1.0 MB | 0.3/2.6 MB | 258 kB    Progress (5): 1.1/2.7 MB | 1.6/1.6 MB | 0.8/1.0 MB | 0.3/2.6 MB | 258 kBProgress (5): 1.1/2.7 MB | 1.6/1.6 MB | 0.9/1.0 MB | 0.3/2.6 MB | 258 kBProgress (5): 1.1/2.7 MB | 1.6/1.6 MB | 0.9/1.0 MB | 0.3/2.6 MB | 258 kBProgress (5): 1.1/2.7 MB | 1.6/1.6 MB | 0.9/1.0 MB | 0.3/2.6 MB | 258 kBProgress (5): 1.2/2.7 MB | 1.6/1.6 MB | 0.9/1.0 MB | 0.3/2.6 MB | 258 kBProgress (5): 1.2/2.7 MB | 1.6/1.6 MB | 0.9/1.0 MB | 0.3/2.6 MB | 258 kB                                                                        Downloaded from central: https://repo.maven.apache.org/maven2/org/springframework/boot/spring-boot-test/3.5.15/spring-boot-test-3.5.15.jar (258 kB at 12 kB/s)
Downloading from central: https://repo.maven.apache.org/maven2/org/springframework/boot/spring-boot-test-autoconfigure/3.5.15/spring-boot-test-autoconfigure-3.5.15.jar
Progress (4): 1.2/2.7 MB | 1.6/1.6 MB | 0.9/1.0 MB | 0.3/2.6 MBProgress (4): 1.2/2.7 MB | 1.6/1.6 MB | 0.9/1.0 MB | 0.3/2.6 MBProgress (4): 1.2/2.7 MB | 1.6/1.6 MB | 0.9/1.0 MB | 0.3/2.6 MBProgress (4): 1.2/2.7 MB | 1.6/1.6 MB | 0.9/1.0 MB | 0.3/2.6 MBProgress (4): 1.2/2.7 MB | 1.6/1.6 MB | 0.9/1.0 MB | 0.3/2.6 MBProgress (4): 1.2/2.7 MB | 1.6/1.6 MB | 0.9/1.0 MB | 0.3/2.6 MBProgress (4): 1.2/2.7 MB | 1.6/1.6 MB | 0.9/1.0 MB | 0.3/2.6 MBProgress (4): 1.2/2.7 MB | 1.6/1.6 MB | 0.9/1.0 MB | 0.3/2.6 MBProgress (4): 1.2/2.7 MB | 1.6/1.6 MB | 0.9/1.0 MB | 0.3/2.6 MBProgress (4): 1.2/2.7 MB | 1.6/1.6 MB | 0.9/1.0 MB | 0.3/2.6 MBProgress (4): 1.2/2.7 MB | 1.6 MB | 0.9/1.0 MB | 0.3/2.6 MB    Progress (4): 1.2/2.7 MB | 1.6 MB | 0.9/1.0 MB | 0.3/2.6 MBProgress (4): 1.2/2.7 MB | 1.6 MB | 0.9/1.0 MB | 0.3/2.6 MBProgress (4): 1.2/2.7 MB | 1.6 MB | 0.9/1.0 MB | 0.3/2.6 MBProgress (4): 1.2/2.7 MB | 1.6 MB | 0.9/1.0 MB | 0.3/2.6 MBProgress (4): 1.2/2.7 MB | 1.6 MB | 0.9/1.0 MB | 0.3/2.6 MBProgress (4): 1.2/2.7 MB | 1.6 MB | 0.9/1.0 MB | 0.3/2.6 MBProgress (4): 1.3/2.7 MB | 1.6 MB | 0.9/1.0 MB | 0.3/2.6 MBProgress (4): 1.3/2.7 MB | 1.6 MB | 0.9/1.0 MB | 0.3/2.6 MBProgress (4): 1.3/2.7 MB | 1.6 MB | 0.9/1.0 MB | 0.3/2.6 MBProgress (4): 1.3/2.7 MB | 1.6 MB | 0.9/1.0 MB | 0.3/2.6 MBProgress (4): 1.3/2.7 MB | 1.6 MB | 0.9/1.0 MB | 0.3/2.6 MBProgress (4): 1.3/2.7 MB | 1.6 MB | 0.9/1.0 MB | 0.3/2.6 MBProgress (4): 1.3/2.7 MB | 1.6 MB | 1.0/1.0 MB | 0.3/2.6 MBProgress (4): 1.3/2.7 MB | 1.6 MB | 1.0/1.0 MB | 0.3/2.6 MBProgress (4): 1.3/2.7 MB | 1.6 MB | 1.0/1.0 MB | 0.3/2.6 MB                                                           Downloaded from central: https://repo.maven.apache.org/maven2/org/apache/pdfbox/fontbox/2.0.24/fontbox-2.0.24.jar (1.6 MB at 70 kB/s)
Downloading from central: https://repo.maven.apache.org/maven2/com/jayway/jsonpath/json-path/2.9.0/json-path-2.9.0.jar
Progress (3): 1.3/2.7 MB | 1.0/1.0 MB | 0.3/2.6 MBProgress (3): 1.3/2.7 MB | 1.0/1.0 MB | 0.3/2.6 MBProgress (3): 1.3/2.7 MB | 1.0/1.0 MB | 0.3/2.6 MBProgress (3): 1.3/2.7 MB | 1.0/1.0 MB | 0.3/2.6 MBProgress (3): 1.3/2.7 MB | 1.0/1.0 MB | 0.3/2.6 MBProgress (3): 1.3/2.7 MB | 1.0/1.0 MB | 0.4/2.6 MBProgress (3): 1.3/2.7 MB | 1.0/1.0 MB | 0.4/2.6 MBProgress (4): 1.3/2.7 MB | 1.0/1.0 MB | 0.4/2.6 MB | 4.1/230 kBProgress (4): 1.3/2.7 MB | 1.0/1.0 MB | 0.4/2.6 MB | 7.7/230 kBProgress (4): 1.3/2.7 MB | 1.0/1.0 MB | 0.4/2.6 MB | 12/230 kB Progress (4): 1.3/2.7 MB | 1.0/1.0 MB | 0.4/2.6 MB | 16/230 kBProgress (4): 1.3/2.7 MB | 1.0/1.0 MB | 0.4/2.6 MB | 20/230 kBProgress (4): 1.3/2.7 MB | 1.0/1.0 MB | 0.4/2.6 MB | 24/230 kBProgress (4): 1.3/2.7 MB | 1.0/1.0 MB | 0.4/2.6 MB | 28/230 kBProgress (4): 1.3/2.7 MB | 1.0/1.0 MB | 0.4/2.6 MB | 32/230 kBProgress (4): 1.3/2.7 MB | 1.0/1.0 MB | 0.4/2.6 MB | 36/230 kBProgress (4): 1.3/2.7 MB | 1.0/1.0 MB | 0.4/2.6 MB | 40/230 kBProgress (4): 1.3/2.7 MB | 1.0/1.0 MB | 0.4/2.6 MB | 45/230 kBProgress (4): 1.3/2.7 MB | 1.0/1.0 MB | 0.4/2.6 MB | 49/230 kBProgress (4): 1.3/2.7 MB | 1.0/1.0 MB | 0.4/2.6 MB | 49/230 kBProgress (4): 1.3/2.7 MB | 1.0/1.0 MB | 0.4/2.6 MB | 49/230 kBProgress (4): 1.3/2.7 MB | 1.0/1.0 MB | 0.4/2.6 MB | 49/230 kBProgress (4): 1.3/2.7 MB | 1.0/1.0 MB | 0.4/2.6 MB | 49/230 kBProgress (4): 1.4/2.7 MB | 1.0/1.0 MB | 0.4/2.6 MB | 49/230 kBProgress (4): 1.4/2.7 MB | 1.0/1.0 MB | 0.4/2.6 MB | 49/230 kBProgress (4): 1.4/2.7 MB | 1.0 MB | 0.4/2.6 MB | 49/230 kB    Progress (4): 1.4/2.7 MB | 1.0 MB | 0.4/2.6 MB | 49/230 kBProgress (4): 1.4/2.7 MB | 1.0 MB | 0.4/2.6 MB | 49/230 kBProgress (4): 1.4/2.7 MB | 1.0 MB | 0.4/2.6 MB | 53/230 kBProgress (4): 1.4/2.7 MB | 1.0 MB | 0.4/2.6 MB | 53/230 kBProgress (4): 1.4/2.7 MB | 1.0 MB | 0.4/2.6 MB | 57/230 kBProgress (4): 1.4/2.7 MB | 1.0 MB | 0.4/2.6 MB | 61/230 kBProgress (4): 1.4/2.7 MB | 1.0 MB | 0.4/2.6 MB | 65/230 kBProgress (4): 1.4/2.7 MB | 1.0 MB | 0.4/2.6 MB | 65/230 kBProgress (4): 1.4/2.7 MB | 1.0 MB | 0.4/2.6 MB | 65/230 kBProgress (5): 1.4/2.7 MB | 1.0 MB | 0.4/2.6 MB | 65/230 kB | 4.1/277 kBProgress (5): 1.4/2.7 MB | 1.0 MB | 0.4/2.6 MB | 65/230 kB | 7.7/277 kBProgress (5): 1.4/2.7 MB | 1.0 MB | 0.4/2.6 MB | 65/230 kB | 12/277 kB                                                                       Downloaded from central: https://repo.maven.apache.org/maven2/com/openhtmltopdf/openhtmltopdf-core/1.0.10/openhtmltopdf-core-1.0.10.jar (1.0 MB at 46 kB/s)
Progress (4): 1.4/2.7 MB | 0.4/2.6 MB | 65/230 kB | 16/277 kB                                                             Downloading from central: https://repo.maven.apache.org/maven2/jakarta/xml/bind/jakarta.xml.bind-api/4.0.5/jakarta.xml.bind-api-4.0.5.jar
Progress (4): 1.4/2.7 MB | 0.4/2.6 MB | 65/230 kB | 20/277 kBProgress (4): 1.4/2.7 MB | 0.4/2.6 MB | 65/230 kB | 24/277 kBProgress (4): 1.4/2.7 MB | 0.4/2.6 MB | 65/230 kB | 28/277 kBProgress (4): 1.4/2.7 MB | 0.4/2.6 MB | 65/230 kB | 32/277 kBProgress (4): 1.4/2.7 MB | 0.4/2.6 MB | 65/230 kB | 36/277 kBProgress (4): 1.4/2.7 MB | 0.4/2.6 MB | 65/230 kB | 40/277 kBProgress (4): 1.4/2.7 MB | 0.4/2.6 MB | 65/230 kB | 45/277 kBProgress (4): 1.4/2.7 MB | 0.4/2.6 MB | 65/230 kB | 49/277 kBProgress (4): 1.4/2.7 MB | 0.4/2.6 MB | 69/230 kB | 49/277 kBProgress (4): 1.4/2.7 MB | 0.4/2.6 MB | 69/230 kB | 49/277 kBProgress (4): 1.4/2.7 MB | 0.4/2.6 MB | 73/230 kB | 49/277 kBProgress (4): 1.4/2.7 MB | 0.4/2.6 MB | 77/230 kB | 49/277 kBProgress (4): 1.4/2.7 MB | 0.4/2.6 MB | 81/230 kB | 49/277 kBProgress (4): 1.4/2.7 MB | 0.4/2.6 MB | 81/230 kB | 53/277 kBProgress (4): 1.4/2.7 MB | 0.4/2.6 MB | 81/230 kB | 57/277 kBProgress (4): 1.4/2.7 MB | 0.4/2.6 MB | 81/230 kB | 61/277 kBProgress (4): 1.4/2.7 MB | 0.4/2.6 MB | 81/230 kB | 65/277 kBProgress (4): 1.4/2.7 MB | 0.4/2.6 MB | 81/230 kB | 65/277 kBProgress (4): 1.4/2.7 MB | 0.4/2.6 MB | 81/230 kB | 69/277 kBProgress (4): 1.4/2.7 MB | 0.4/2.6 MB | 86/230 kB | 69/277 kBProgress (4): 1.4/2.7 MB | 0.4/2.6 MB | 86/230 kB | 73/277 kBProgress (4): 1.4/2.7 MB | 0.4/2.6 MB | 90/230 kB | 73/277 kBProgress (4): 1.4/2.7 MB | 0.4/2.6 MB | 94/230 kB | 73/277 kBProgress (4): 1.4/2.7 MB | 0.4/2.6 MB | 98/230 kB | 73/277 kBProgress (4): 1.4/2.7 MB | 0.4/2.6 MB | 98/230 kB | 77/277 kBProgress (4): 1.4/2.7 MB | 0.4/2.6 MB | 98/230 kB | 81/277 kBProgress (4): 1.5/2.7 MB | 0.4/2.6 MB | 98/230 kB | 81/277 kBProgress (4): 1.5/2.7 MB | 0.4/2.6 MB | 98/230 kB | 86/277 kBProgress (4): 1.5/2.7 MB | 0.4/2.6 MB | 98/230 kB | 90/277 kBProgress (4): 1.5/2.7 MB | 0.4/2.6 MB | 98/230 kB | 94/277 kBProgress (4): 1.5/2.7 MB | 0.4/2.6 MB | 98/230 kB | 98/277 kBProgress (4): 1.5/2.7 MB | 0.4/2.6 MB | 98/230 kB | 102/277 kBProgress (4): 1.5/2.7 MB | 0.4/2.6 MB | 98/230 kB | 106/277 kBProgress (4): 1.5/2.7 MB | 0.4/2.6 MB | 98/230 kB | 110/277 kBProgress (4): 1.5/2.7 MB | 0.4/2.6 MB | 98/230 kB | 114/277 kBProgress (4): 1.5/2.7 MB | 0.4/2.6 MB | 98/230 kB | 118/277 kBProgress (4): 1.5/2.7 MB | 0.4/2.6 MB | 98/230 kB | 118/277 kBProgress (5): 1.5/2.7 MB | 0.4/2.6 MB | 98/230 kB | 118/277 kB | 4.1/131 kBProgress (5): 1.5/2.7 MB | 0.4/2.6 MB | 98/230 kB | 118/277 kB | 4.1/131 kBProgress (5): 1.5/2.7 MB | 0.4/2.6 MB | 98/230 kB | 122/277 kB | 4.1/131 kBProgress (5): 1.5/2.7 MB | 0.4/2.6 MB | 98/230 kB | 126/277 kB | 4.1/131 kBProgress (5): 1.5/2.7 MB | 0.4/2.6 MB | 98/230 kB | 126/277 kB | 4.1/131 kBProgress (5): 1.5/2.7 MB | 0.4/2.6 MB | 98/230 kB | 126/277 kB | 7.7/131 kBProgress (5): 1.5/2.7 MB | 0.4/2.6 MB | 98/230 kB | 131/277 kB | 7.7/131 kBProgress (5): 1.5/2.7 MB | 0.4/2.6 MB | 98/230 kB | 131/277 kB | 12/131 kB Progress (5): 1.5/2.7 MB | 0.4/2.6 MB | 98/230 kB | 131/277 kB | 16/131 kBProgress (5): 1.5/2.7 MB | 0.4/2.6 MB | 98/230 kB | 135/277 kB | 16/131 kBProgress (5): 1.5/2.7 MB | 0.4/2.6 MB | 98/230 kB | 135/277 kB | 16/131 kBProgress (5): 1.5/2.7 MB | 0.4/2.6 MB | 98/230 kB | 135/277 kB | 20/131 kBProgress (5): 1.5/2.7 MB | 0.4/2.6 MB | 98/230 kB | 139/277 kB | 20/131 kBProgress (5): 1.5/2.7 MB | 0.4/2.6 MB | 98/230 kB | 143/277 kB | 20/131 kBProgress (5): 1.5/2.7 MB | 0.4/2.6 MB | 98/230 kB | 147/277 kB | 20/131 kBProgress (5): 1.5/2.7 MB | 0.4/2.6 MB | 98/230 kB | 147/277 kB | 24/131 kBProgress (5): 1.5/2.7 MB | 0.4/2.6 MB | 98/230 kB | 147/277 kB | 28/131 kBProgress (5): 1.5/2.7 MB | 0.4/2.6 MB | 98/230 kB | 147/277 kB | 32/131 kBProgress (5): 1.5/2.7 MB | 0.5/2.6 MB | 98/230 kB | 147/277 kB | 32/131 kBProgress (5): 1.5/2.7 MB | 0.5/2.6 MB | 98/230 kB | 151/277 kB | 32/131 kBProgress (5): 1.5/2.7 MB | 0.5/2.6 MB | 98/230 kB | 151/277 kB | 32/131 kBProgress (5): 1.5/2.7 MB | 0.5/2.6 MB | 98/230 kB | 155/277 kB | 32/131 kBProgress (5): 1.5/2.7 MB | 0.5/2.6 MB | 98/230 kB | 159/277 kB | 32/131 kBProgress (5): 1.5/2.7 MB | 0.5/2.6 MB | 98/230 kB | 163/277 kB | 32/131 kBProgress (5): 1.5/2.7 MB | 0.5/2.6 MB | 98/230 kB | 163/277 kB | 36/131 kBProgress (5): 1.5/2.7 MB | 0.5/2.6 MB | 98/230 kB | 167/277 kB | 36/131 kBProgress (5): 1.5/2.7 MB | 0.5/2.6 MB | 98/230 kB | 167/277 kB | 40/131 kBProgress (5): 1.5/2.7 MB | 0.5/2.6 MB | 98/230 kB | 171/277 kB | 40/131 kBProgress (5): 1.5/2.7 MB | 0.5/2.6 MB | 98/230 kB | 171/277 kB | 44/131 kBProgress (5): 1.5/2.7 MB | 0.5/2.6 MB | 98/230 kB | 171/277 kB | 48/131 kBProgress (5): 1.5/2.7 MB | 0.5/2.6 MB | 98/230 kB | 176/277 kB | 48/131 kBProgress (5): 1.5/2.7 MB | 0.5/2.6 MB | 98/230 kB | 180/277 kB | 48/131 kBProgress (5): 1.5/2.7 MB | 0.5/2.6 MB | 98/230 kB | 180/277 kB | 52/131 kBProgress (5): 1.5/2.7 MB | 0.5/2.6 MB | 98/230 kB | 180/277 kB | 56/131 kBProgress (5): 1.5/2.7 MB | 0.5/2.6 MB | 98/230 kB | 180/277 kB | 60/131 kBProgress (5): 1.5/2.7 MB | 0.5/2.6 MB | 98/230 kB | 180/277 kB | 65/131 kBProgress (5): 1.5/2.7 MB | 0.5/2.6 MB | 102/230 kB | 180/277 kB | 65/131 kBProgress (5): 1.5/2.7 MB | 0.5/2.6 MB | 102/230 kB | 180/277 kB | 69/131 kBProgress (5): 1.5/2.7 MB | 0.5/2.6 MB | 106/230 kB | 180/277 kB | 69/131 kBProgress (5): 1.5/2.7 MB | 0.5/2.6 MB | 106/230 kB | 180/277 kB | 73/131 kBProgress (5): 1.5/2.7 MB | 0.5/2.6 MB | 106/230 kB | 180/277 kB | 77/131 kBProgress (5): 1.5/2.7 MB | 0.5/2.6 MB | 106/230 kB | 180/277 kB | 81/131 kBProgress (5): 1.5/2.7 MB | 0.5/2.6 MB | 110/230 kB | 180/277 kB | 81/131 kBProgress (5): 1.5/2.7 MB | 0.5/2.6 MB | 114/230 kB | 180/277 kB | 81/131 kBProgress (5): 1.5/2.7 MB | 0.5/2.6 MB | 118/230 kB | 180/277 kB | 81/131 kBProgress (5): 1.5/2.7 MB | 0.5/2.6 MB | 122/230 kB | 180/277 kB | 81/131 kBProgress (5): 1.5/2.7 MB | 0.5/2.6 MB | 126/230 kB | 180/277 kB | 81/131 kBProgress (5): 1.5/2.7 MB | 0.5/2.6 MB | 131/230 kB | 180/277 kB | 81/131 kBProgress (5): 1.5/2.7 MB | 0.5/2.6 MB | 135/230 kB | 180/277 kB | 81/131 kBProgress (5): 1.5/2.7 MB | 0.5/2.6 MB | 139/230 kB | 180/277 kB | 81/131 kBProgress (5): 1.5/2.7 MB | 0.5/2.6 MB | 143/230 kB | 180/277 kB | 81/131 kBProgress (5): 1.5/2.7 MB | 0.5/2.6 MB | 147/230 kB | 180/277 kB | 81/131 kBProgress (5): 1.5/2.7 MB | 0.5/2.6 MB | 151/230 kB | 180/277 kB | 81/131 kBProgress (5): 1.5/2.7 MB | 0.5/2.6 MB | 155/230 kB | 180/277 kB | 81/131 kBProgress (5): 1.5/2.7 MB | 0.5/2.6 MB | 159/230 kB | 180/277 kB | 81/131 kBProgress (5): 1.5/2.7 MB | 0.5/2.6 MB | 163/230 kB | 180/277 kB | 81/131 kBProgress (5): 1.5/2.7 MB | 0.5/2.6 MB | 167/230 kB | 180/277 kB | 81/131 kBProgress (5): 1.5/2.7 MB | 0.5/2.6 MB | 171/230 kB | 180/277 kB | 81/131 kBProgress (5): 1.5/2.7 MB | 0.5/2.6 MB | 176/230 kB | 180/277 kB | 81/131 kBProgress (5): 1.5/2.7 MB | 0.5/2.6 MB | 180/230 kB | 180/277 kB | 81/131 kBProgress (5): 1.5/2.7 MB | 0.5/2.6 MB | 184/230 kB | 180/277 kB | 81/131 kBProgress (5): 1.5/2.7 MB | 0.5/2.6 MB | 184/230 kB | 180/277 kB | 85/131 kBProgress (5): 1.5/2.7 MB | 0.5/2.6 MB | 188/230 kB | 180/277 kB | 85/131 kBProgress (5): 1.5/2.7 MB | 0.5/2.6 MB | 188/230 kB | 180/277 kB | 89/131 kBProgress (5): 1.5/2.7 MB | 0.5/2.6 MB | 188/230 kB | 180/277 kB | 93/131 kBProgress (5): 1.5/2.7 MB | 0.5/2.6 MB | 192/230 kB | 180/277 kB | 93/131 kBProgress (5): 1.5/2.7 MB | 0.5/2.6 MB | 192/230 kB | 180/277 kB | 97/131 kBProgress (5): 1.5/2.7 MB | 0.5/2.6 MB | 196/230 kB | 180/277 kB | 97/131 kBProgress (5): 1.5/2.7 MB | 0.5/2.6 MB | 196/230 kB | 180/277 kB | 101/131 kBProgress (5): 1.5/2.7 MB | 0.5/2.6 MB | 200/230 kB | 180/277 kB | 101/131 kBProgress (5): 1.5/2.7 MB | 0.5/2.6 MB | 200/230 kB | 180/277 kB | 106/131 kBProgress (5): 1.5/2.7 MB | 0.5/2.6 MB | 204/230 kB | 180/277 kB | 106/131 kBProgress (5): 1.5/2.7 MB | 0.5/2.6 MB | 204/230 kB | 180/277 kB | 110/131 kBProgress (5): 1.5/2.7 MB | 0.5/2.6 MB | 208/230 kB | 180/277 kB | 110/131 kBProgress (5): 1.5/2.7 MB | 0.5/2.6 MB | 208/230 kB | 180/277 kB | 114/131 kBProgress (5): 1.5/2.7 MB | 0.5/2.6 MB | 212/230 kB | 180/277 kB | 114/131 kBProgress (5): 1.5/2.7 MB | 0.5/2.6 MB | 217/230 kB | 180/277 kB | 114/131 kBProgress (5): 1.5/2.7 MB | 0.5/2.6 MB | 221/230 kB | 180/277 kB | 114/131 kBProgress (5): 1.5/2.7 MB | 0.5/2.6 MB | 225/230 kB | 180/277 kB | 114/131 kBProgress (5): 1.5/2.7 MB | 0.5/2.6 MB | 229/230 kB | 180/277 kB | 114/131 kBProgress (5): 1.5/2.7 MB | 0.5/2.6 MB | 230 kB | 180/277 kB | 114/131 kB    Progress (5): 1.5/2.7 MB | 0.5/2.6 MB | 230 kB | 180/277 kB | 118/131 kBProgress (5): 1.5/2.7 MB | 0.5/2.6 MB | 230 kB | 180/277 kB | 122/131 kBProgress (5): 1.5/2.7 MB | 0.5/2.6 MB | 230 kB | 180/277 kB | 126/131 kBProgress (5): 1.5/2.7 MB | 0.5/2.6 MB | 230 kB | 180/277 kB | 130/131 kBProgress (5): 1.5/2.7 MB | 0.5/2.6 MB | 230 kB | 180/277 kB | 131 kB    Progress (5): 1.5/2.7 MB | 0.5/2.6 MB | 230 kB | 180/277 kB | 131 kBProgress (5): 1.5/2.7 MB | 0.5/2.6 MB | 230 kB | 180/277 kB | 131 kBProgress (5): 1.6/2.7 MB | 0.5/2.6 MB | 230 kB | 180/277 kB | 131 kBProgress (5): 1.6/2.7 MB | 0.5/2.6 MB | 230 kB | 180/277 kB | 131 kBProgress (5): 1.6/2.7 MB | 0.5/2.6 MB | 230 kB | 184/277 kB | 131 kBProgress (5): 1.6/2.7 MB | 0.5/2.6 MB | 230 kB | 188/277 kB | 131 kBProgress (5): 1.6/2.7 MB | 0.5/2.6 MB | 230 kB | 192/277 kB | 131 kBProgress (5): 1.6/2.7 MB | 0.5/2.6 MB | 230 kB | 196/277 kB | 131 kBProgress (5): 1.6/2.7 MB | 0.5/2.6 MB | 230 kB | 200/277 kB | 131 kBProgress (5): 1.6/2.7 MB | 0.5/2.6 MB | 230 kB | 204/277 kB | 131 kBProgress (5): 1.6/2.7 MB | 0.5/2.6 MB | 230 kB | 208/277 kB | 131 kBProgress (5): 1.6/2.7 MB | 0.5/2.6 MB | 230 kB | 212/277 kB | 131 kBProgress (5): 1.6/2.7 MB | 0.5/2.6 MB | 230 kB | 217/277 kB | 131 kBProgress (5): 1.6/2.7 MB | 0.5/2.6 MB | 230 kB | 221/277 kB | 131 kBProgress (5): 1.6/2.7 MB | 0.5/2.6 MB | 230 kB | 225/277 kB | 131 kBProgress (5): 1.6/2.7 MB | 0.5/2.6 MB | 230 kB | 229/277 kB | 131 kBProgress (5): 1.6/2.7 MB | 0.5/2.6 MB | 230 kB | 233/277 kB | 131 kBProgress (5): 1.6/2.7 MB | 0.5/2.6 MB | 230 kB | 237/277 kB | 131 kBProgress (5): 1.6/2.7 MB | 0.5/2.6 MB | 230 kB | 241/277 kB | 131 kBProgress (5): 1.6/2.7 MB | 0.5/2.6 MB | 230 kB | 245/277 kB | 131 kBProgress (5): 1.6/2.7 MB | 0.5/2.6 MB | 230 kB | 249/277 kB | 131 kBProgress (5): 1.6/2.7 MB | 0.5/2.6 MB | 230 kB | 253/277 kB | 131 kBProgress (5): 1.6/2.7 MB | 0.5/2.6 MB | 230 kB | 257/277 kB | 131 kBProgress (5): 1.6/2.7 MB | 0.5/2.6 MB | 230 kB | 262/277 kB | 131 kBProgress (5): 1.6/2.7 MB | 0.5/2.6 MB | 230 kB | 266/277 kB | 131 kBProgress (5): 1.6/2.7 MB | 0.5/2.6 MB | 230 kB | 270/277 kB | 131 kBProgress (5): 1.6/2.7 MB | 0.5/2.6 MB | 230 kB | 274/277 kB | 131 kBProgress (5): 1.6/2.7 MB | 0.5/2.6 MB | 230 kB | 277 kB | 131 kB    Progress (5): 1.6/2.7 MB | 0.5/2.6 MB | 230 kB | 277 kB | 131 kBProgress (5): 1.6/2.7 MB | 0.5/2.6 MB | 230 kB | 277 kB | 131 kBProgress (5): 1.6/2.7 MB | 0.5/2.6 MB | 230 kB | 277 kB | 131 kBProgress (5): 1.6/2.7 MB | 0.5/2.6 MB | 230 kB | 277 kB | 131 kBProgress (5): 1.6/2.7 MB | 0.5/2.6 MB | 230 kB | 277 kB | 131 kBProgress (5): 1.6/2.7 MB | 0.5/2.6 MB | 230 kB | 277 kB | 131 kBProgress (5): 1.6/2.7 MB | 0.5/2.6 MB | 230 kB | 277 kB | 131 kB                                                                Downloaded from central: https://repo.maven.apache.org/maven2/org/springframework/boot/spring-boot-test-autoconfigure/3.5.15/spring-boot-test-autoconfigure-3.5.15.jar (230 kB at 10 kB/s)
Downloading from central: https://repo.maven.apache.org/maven2/jakarta/activation/jakarta.activation-api/2.1.4/jakarta.activation-api-2.1.4.jar
Downloaded from central: https://repo.maven.apache.org/maven2/jakarta/xml/bind/jakarta.xml.bind-api/4.0.5/jakarta.xml.bind-api-4.0.5.jar (131 kB at 5.8 kB/s)
Downloading from central: https://repo.maven.apache.org/maven2/net/minidev/json-smart/2.5.2/json-smart-2.5.2.jar
Downloaded from central: https://repo.maven.apache.org/maven2/com/jayway/jsonpath/json-path/2.9.0/json-path-2.9.0.jar (277 kB at 12 kB/s)
Downloading from central: https://repo.maven.apache.org/maven2/net/minidev/accessors-smart/2.5.2/accessors-smart-2.5.2.jar
Progress (2): 1.6/2.7 MB | 0.5/2.6 MBProgress (2): 1.7/2.7 MB | 0.5/2.6 MBProgress (2): 1.7/2.7 MB | 0.5/2.6 MBProgress (2): 1.7/2.7 MB | 0.5/2.6 MBProgress (2): 1.7/2.7 MB | 0.5/2.6 MBProgress (2): 1.7/2.7 MB | 0.5/2.6 MBProgress (2): 1.7/2.7 MB | 0.5/2.6 MBProgress (3): 1.7/2.7 MB | 0.5/2.6 MB | 4.1/67 kBProgress (3): 1.7/2.7 MB | 0.5/2.6 MB | 7.7/67 kBProgress (3): 1.7/2.7 MB | 0.5/2.6 MB | 11/67 kB Progress (3): 1.7/2.7 MB | 0.5/2.6 MB | 11/67 kBProgress (4): 1.7/2.7 MB | 0.5/2.6 MB | 11/67 kB | 4.1/122 kBProgress (4): 1.7/2.7 MB | 0.5/2.6 MB | 11/67 kB | 7.7/122 kBProgress (4): 1.7/2.7 MB | 0.5/2.6 MB | 11/67 kB | 12/122 kB Progress (4): 1.7/2.7 MB | 0.5/2.6 MB | 11/67 kB | 15/122 kBProgress (4): 1.7/2.7 MB | 0.6/2.6 MB | 11/67 kB | 15/122 kBProgress (5): 1.7/2.7 MB | 0.6/2.6 MB | 11/67 kB | 15/122 kB | 4.1/30 kBProgress (5): 1.7/2.7 MB | 0.6/2.6 MB | 11/67 kB | 15/122 kB | 7.7/30 kBProgress (5): 1.7/2.7 MB | 0.6/2.6 MB | 11/67 kB | 15/122 kB | 11/30 kB Progress (5): 1.7/2.7 MB | 0.6/2.6 MB | 11/67 kB | 15/122 kB | 15/30 kBProgress (5): 1.7/2.7 MB | 0.6/2.6 MB | 15/67 kB | 15/122 kB | 15/30 kBProgress (5): 1.7/2.7 MB | 0.6/2.6 MB | 20/67 kB | 15/122 kB | 15/30 kBProgress (5): 1.7/2.7 MB | 0.6/2.6 MB | 24/67 kB | 15/122 kB | 15/30 kBProgress (5): 1.7/2.7 MB | 0.6/2.6 MB | 28/67 kB | 15/122 kB | 15/30 kBProgress (5): 1.8/2.7 MB | 0.6/2.6 MB | 28/67 kB | 15/122 kB | 15/30 kBProgress (5): 1.8/2.7 MB | 0.6/2.6 MB | 28/67 kB | 15/122 kB | 20/30 kBProgress (5): 1.8/2.7 MB | 0.6/2.6 MB | 28/67 kB | 15/122 kB | 24/30 kBProgress (5): 1.8/2.7 MB | 0.6/2.6 MB | 28/67 kB | 15/122 kB | 28/30 kBProgress (5): 1.8/2.7 MB | 0.6/2.6 MB | 28/67 kB | 15/122 kB | 30 kB   Progress (5): 1.8/2.7 MB | 0.6/2.6 MB | 32/67 kB | 15/122 kB | 30 kBProgress (5): 1.8/2.7 MB | 0.6/2.6 MB | 32/67 kB | 15/122 kB | 30 kBProgress (5): 1.8/2.7 MB | 0.6/2.6 MB | 36/67 kB | 15/122 kB | 30 kBProgress (5): 1.8/2.7 MB | 0.6/2.6 MB | 40/67 kB | 15/122 kB | 30 kBProgress (5): 1.8/2.7 MB | 0.6/2.6 MB | 44/67 kB | 15/122 kB | 30 kBProgress (5): 1.8/2.7 MB | 0.6/2.6 MB | 44/67 kB | 15/122 kB | 30 kBProgress (5): 1.8/2.7 MB | 0.6/2.6 MB | 44/67 kB | 15/122 kB | 30 kBProgress (5): 1.8/2.7 MB | 0.6/2.6 MB | 48/67 kB | 15/122 kB | 30 kBProgress (5): 1.8/2.7 MB | 0.6/2.6 MB | 52/67 kB | 15/122 kB | 30 kBProgress (5): 1.8/2.7 MB | 0.6/2.6 MB | 56/67 kB | 15/122 kB | 30 kBProgress (5): 1.8/2.7 MB | 0.6/2.6 MB | 61/67 kB | 15/122 kB | 30 kBProgress (5): 1.8/2.7 MB | 0.6/2.6 MB | 65/67 kB | 15/122 kB | 30 kBProgress (5): 1.8/2.7 MB | 0.6/2.6 MB | 65/67 kB | 15/122 kB | 30 kBProgress (5): 1.8/2.7 MB | 0.6/2.6 MB | 67 kB | 15/122 kB | 30 kB   Progress (5): 1.8/2.7 MB | 0.6/2.6 MB | 67 kB | 15/122 kB | 30 kBProgress (5): 1.8/2.7 MB | 0.6/2.6 MB | 67 kB | 15/122 kB | 30 kBProgress (5): 1.8/2.7 MB | 0.6/2.6 MB | 67 kB | 15/122 kB | 30 kBProgress (5): 1.8/2.7 MB | 0.6/2.6 MB | 67 kB | 20/122 kB | 30 kBProgress (5): 1.8/2.7 MB | 0.6/2.6 MB | 67 kB | 24/122 kB | 30 kBProgress (5): 1.8/2.7 MB | 0.6/2.6 MB | 67 kB | 28/122 kB | 30 kBProgress (5): 1.8/2.7 MB | 0.6/2.6 MB | 67 kB | 32/122 kB | 30 kBProgress (5): 1.8/2.7 MB | 0.6/2.6 MB | 67 kB | 36/122 kB | 30 kBProgress (5): 1.8/2.7 MB | 0.6/2.6 MB | 67 kB | 40/122 kB | 30 kBProgress (5): 1.8/2.7 MB | 0.6/2.6 MB | 67 kB | 44/122 kB | 30 kBProgress (5): 1.8/2.7 MB | 0.6/2.6 MB | 67 kB | 48/122 kB | 30 kBProgress (5): 1.8/2.7 MB | 0.6/2.6 MB | 67 kB | 52/122 kB | 30 kBProgress (5): 1.8/2.7 MB | 0.6/2.6 MB | 67 kB | 56/122 kB | 30 kBProgress (5): 1.8/2.7 MB | 0.6/2.6 MB | 67 kB | 61/122 kB | 30 kBProgress (5): 1.8/2.7 MB | 0.6/2.6 MB | 67 kB | 65/122 kB | 30 kBProgress (5): 1.8/2.7 MB | 0.6/2.6 MB | 67 kB | 69/122 kB | 30 kBProgress (5): 1.8/2.7 MB | 0.6/2.6 MB | 67 kB | 73/122 kB | 30 kBProgress (5): 1.8/2.7 MB | 0.6/2.6 MB | 67 kB | 77/122 kB | 30 kBProgress (5): 1.8/2.7 MB | 0.6/2.6 MB | 67 kB | 81/122 kB | 30 kBProgress (5): 1.8/2.7 MB | 0.6/2.6 MB | 67 kB | 85/122 kB | 30 kBProgress (5): 1.8/2.7 MB | 0.6/2.6 MB | 67 kB | 89/122 kB | 30 kBProgress (5): 1.8/2.7 MB | 0.6/2.6 MB | 67 kB | 93/122 kB | 30 kBProgress (5): 1.8/2.7 MB | 0.6/2.6 MB | 67 kB | 97/122 kB | 30 kBProgress (5): 1.8/2.7 MB | 0.6/2.6 MB | 67 kB | 101/122 kB | 30 kBProgress (5): 1.8/2.7 MB | 0.6/2.6 MB | 67 kB | 106/122 kB | 30 kBProgress (5): 1.8/2.7 MB | 0.6/2.6 MB | 67 kB | 110/122 kB | 30 kBProgress (5): 1.8/2.7 MB | 0.6/2.6 MB | 67 kB | 114/122 kB | 30 kBProgress (5): 1.8/2.7 MB | 0.6/2.6 MB | 67 kB | 118/122 kB | 30 kBProgress (5): 1.8/2.7 MB | 0.6/2.6 MB | 67 kB | 122/122 kB | 30 kBProgress (5): 1.8/2.7 MB | 0.6/2.6 MB | 67 kB | 122 kB | 30 kB    Progress (5): 1.8/2.7 MB | 0.6/2.6 MB | 67 kB | 122 kB | 30 kB                                                              Downloaded from central: https://repo.maven.apache.org/maven2/net/minidev/accessors-smart/2.5.2/accessors-smart-2.5.2.jar (30 kB at 1.3 kB/s)
Downloading from central: https://repo.maven.apache.org/maven2/org/ow2/asm/asm/9.7.1/asm-9.7.1.jar
Downloaded from central: https://repo.maven.apache.org/maven2/jakarta/activation/jakarta.activation-api/2.1.4/jakarta.activation-api-2.1.4.jar (67 kB at 2.9 kB/s)
Downloading from central: https://repo.maven.apache.org/maven2/org/assertj/assertj-core/3.27.7/assertj-core-3.27.7.jar
Progress (3): 1.8/2.7 MB | 0.6/2.6 MB | 122 kBProgress (3): 1.8/2.7 MB | 0.6/2.6 MB | 122 kBProgress (3): 1.9/2.7 MB | 0.6/2.6 MB | 122 kBProgress (3): 1.9/2.7 MB | 0.6/2.6 MB | 122 kBProgress (3): 1.9/2.7 MB | 0.6/2.6 MB | 122 kBProgress (3): 1.9/2.7 MB | 0.6/2.6 MB | 122 kBProgress (3): 1.9/2.7 MB | 0.6/2.6 MB | 122 kBProgress (3): 1.9/2.7 MB | 0.7/2.6 MB | 122 kBProgress (3): 1.9/2.7 MB | 0.7/2.6 MB | 122 kBProgress (3): 1.9/2.7 MB | 0.7/2.6 MB | 122 kBProgress (3): 1.9/2.7 MB | 0.7/2.6 MB | 122 kBProgress (3): 2.0/2.7 MB | 0.7/2.6 MB | 122 kB                                              Downloaded from central: https://repo.maven.apache.org/maven2/net/minidev/json-smart/2.5.2/json-smart-2.5.2.jar (122 kB at 5.3 kB/s)
Downloading from central: https://repo.maven.apache.org/maven2/org/awaitility/awaitility/4.2.2/awaitility-4.2.2.jar
Progress (3): 2.0/2.7 MB | 0.7/2.6 MB | 0/1.4 MBProgress (3): 2.0/2.7 MB | 0.7/2.6 MB | 0/1.4 MBProgress (3): 2.0/2.7 MB | 0.7/2.6 MB | 0/1.4 MBProgress (4): 2.0/2.7 MB | 0.7/2.6 MB | 0/1.4 MB | 4.1/126 kBProgress (4): 2.0/2.7 MB | 0.7/2.6 MB | 0/1.4 MB | 4.1/126 kBProgress (4): 2.0/2.7 MB | 0.7/2.6 MB | 0/1.4 MB | 8.2/126 kBProgress (4): 2.0/2.7 MB | 0.7/2.6 MB | 0/1.4 MB | 8.2/126 kBProgress (4): 2.0/2.7 MB | 0.7/2.6 MB | 0/1.4 MB | 8.2/126 kBProgress (4): 2.0/2.7 MB | 0.7/2.6 MB | 0/1.4 MB | 8.2/126 kBProgress (4): 2.0/2.7 MB | 0.7/2.6 MB | 0/1.4 MB | 8.2/126 kBProgress (4): 2.0/2.7 MB | 0.7/2.6 MB | 0/1.4 MB | 12/126 kB Progress (4): 2.0/2.7 MB | 0.7/2.6 MB | 0/1.4 MB | 16/126 kBProgress (4): 2.0/2.7 MB | 0.7/2.6 MB | 0/1.4 MB | 20/126 kBProgress (4): 2.0/2.7 MB | 0.7/2.6 MB | 0/1.4 MB | 25/126 kBProgress (4): 2.0/2.7 MB | 0.7/2.6 MB | 0/1.4 MB | 25/126 kBProgress (4): 2.0/2.7 MB | 0.7/2.6 MB | 0.1/1.4 MB | 25/126 kBProgress (4): 2.0/2.7 MB | 0.7/2.6 MB | 0.1/1.4 MB | 25/126 kBProgress (4): 2.0/2.7 MB | 0.7/2.6 MB | 0.1/1.4 MB | 25/126 kBProgress (4): 2.0/2.7 MB | 0.7/2.6 MB | 0.1/1.4 MB | 25/126 kBProgress (4): 2.0/2.7 MB | 0.7/2.6 MB | 0.1/1.4 MB | 25/126 kBProgress (4): 2.0/2.7 MB | 0.7/2.6 MB | 0.1/1.4 MB | 29/126 kBProgress (4): 2.0/2.7 MB | 0.7/2.6 MB | 0.1/1.4 MB | 29/126 kBProgress (4): 2.0/2.7 MB | 0.7/2.6 MB | 0.1/1.4 MB | 29/126 kBProgress (4): 2.0/2.7 MB | 0.7/2.6 MB | 0.1/1.4 MB | 33/126 kBProgress (4): 2.0/2.7 MB | 0.7/2.6 MB | 0.1/1.4 MB | 37/126 kBProgress (4): 2.0/2.7 MB | 0.7/2.6 MB | 0.1/1.4 MB | 41/126 kBProgress (4): 2.0/2.7 MB | 0.7/2.6 MB | 0.1/1.4 MB | 41/126 kBProgress (4): 2.0/2.7 MB | 0.7/2.6 MB | 0.1/1.4 MB | 41/126 kBProgress (4): 2.0/2.7 MB | 0.7/2.6 MB | 0.1/1.4 MB | 41/126 kBProgress (4): 2.0/2.7 MB | 0.7/2.6 MB | 0.1/1.4 MB | 41/126 kBProgress (4): 2.0/2.7 MB | 0.7/2.6 MB | 0.1/1.4 MB | 41/126 kBProgress (4): 2.0/2.7 MB | 0.7/2.6 MB | 0.1/1.4 MB | 45/126 kBProgress (4): 2.0/2.7 MB | 0.7/2.6 MB | 0.1/1.4 MB | 49/126 kBProgress (4): 2.0/2.7 MB | 0.7/2.6 MB | 0.1/1.4 MB | 49/126 kBProgress (4): 2.0/2.7 MB | 0.7/2.6 MB | 0.1/1.4 MB | 53/126 kBProgress (4): 2.0/2.7 MB | 0.7/2.6 MB | 0.1/1.4 MB | 53/126 kBProgress (4): 2.0/2.7 MB | 0.7/2.6 MB | 0.1/1.4 MB | 57/126 kBProgress (4): 2.0/2.7 MB | 0.7/2.6 MB | 0.1/1.4 MB | 57/126 kBProgress (4): 2.1/2.7 MB | 0.7/2.6 MB | 0.1/1.4 MB | 57/126 kBProgress (4): 2.1/2.7 MB | 0.7/2.6 MB | 0.1/1.4 MB | 57/126 kBProgress (4): 2.1/2.7 MB | 0.7/2.6 MB | 0.1/1.4 MB | 57/126 kBProgress (4): 2.1/2.7 MB | 0.7/2.6 MB | 0.2/1.4 MB | 57/126 kBProgress (4): 2.1/2.7 MB | 0.7/2.6 MB | 0.2/1.4 MB | 57/126 kBProgress (4): 2.1/2.7 MB | 0.7/2.6 MB | 0.2/1.4 MB | 57/126 kBProgress (4): 2.1/2.7 MB | 0.7/2.6 MB | 0.2/1.4 MB | 61/126 kBProgress (4): 2.1/2.7 MB | 0.7/2.6 MB | 0.2/1.4 MB | 61/126 kBProgress (4): 2.1/2.7 MB | 0.7/2.6 MB | 0.2/1.4 MB | 66/126 kBProgress (4): 2.1/2.7 MB | 0.7/2.6 MB | 0.2/1.4 MB | 70/126 kBProgress (4): 2.1/2.7 MB | 0.7/2.6 MB | 0.2/1.4 MB | 74/126 kBProgress (4): 2.1/2.7 MB | 0.7/2.6 MB | 0.2/1.4 MB | 78/126 kBProgress (4): 2.1/2.7 MB | 0.7/2.6 MB | 0.2/1.4 MB | 82/126 kBProgress (4): 2.1/2.7 MB | 0.7/2.6 MB | 0.2/1.4 MB | 82/126 kBProgress (4): 2.1/2.7 MB | 0.7/2.6 MB | 0.2/1.4 MB | 82/126 kBProgress (4): 2.1/2.7 MB | 0.7/2.6 MB | 0.2/1.4 MB | 86/126 kBProgress (4): 2.1/2.7 MB | 0.7/2.6 MB | 0.2/1.4 MB | 86/126 kBProgress (4): 2.1/2.7 MB | 0.7/2.6 MB | 0.2/1.4 MB | 90/126 kBProgress (4): 2.1/2.7 MB | 0.7/2.6 MB | 0.2/1.4 MB | 90/126 kBProgress (4): 2.1/2.7 MB | 0.7/2.6 MB | 0.2/1.4 MB | 94/126 kBProgress (4): 2.1/2.7 MB | 0.7/2.6 MB | 0.2/1.4 MB | 98/126 kBProgress (4): 2.1/2.7 MB | 0.7/2.6 MB | 0.2/1.4 MB | 102/126 kBProgress (4): 2.1/2.7 MB | 0.8/2.6 MB | 0.2/1.4 MB | 102/126 kBProgress (4): 2.1/2.7 MB | 0.8/2.6 MB | 0.2/1.4 MB | 102/126 kBProgress (4): 2.1/2.7 MB | 0.8/2.6 MB | 0.2/1.4 MB | 106/126 kBProgress (4): 2.1/2.7 MB | 0.8/2.6 MB | 0.2/1.4 MB | 106/126 kBProgress (4): 2.1/2.7 MB | 0.8/2.6 MB | 0.2/1.4 MB | 106/126 kBProgress (4): 2.1/2.7 MB | 0.8/2.6 MB | 0.2/1.4 MB | 106/126 kBProgress (4): 2.1/2.7 MB | 0.8/2.6 MB | 0.2/1.4 MB | 106/126 kBProgress (4): 2.1/2.7 MB | 0.8/2.6 MB | 0.2/1.4 MB | 106/126 kBProgress (5): 2.1/2.7 MB | 0.8/2.6 MB | 0.2/1.4 MB | 106/126 kB | 4.1/97 kBProgress (5): 2.1/2.7 MB | 0.8/2.6 MB | 0.2/1.4 MB | 106/126 kB | 7.7/97 kBProgress (5): 2.1/2.7 MB | 0.8/2.6 MB | 0.2/1.4 MB | 106/126 kB | 12/97 kB Progress (5): 2.1/2.7 MB | 0.8/2.6 MB | 0.2/1.4 MB | 106/126 kB | 16/97 kBProgress (5): 2.1/2.7 MB | 0.8/2.6 MB | 0.2/1.4 MB | 111/126 kB | 16/97 kBProgress (5): 2.1/2.7 MB | 0.8/2.6 MB | 0.2/1.4 MB | 115/126 kB | 16/97 kBProgress (5): 2.1/2.7 MB | 0.8/2.6 MB | 0.2/1.4 MB | 119/126 kB | 16/97 kBProgress (5): 2.1/2.7 MB | 0.8/2.6 MB | 0.2/1.4 MB | 123/126 kB | 16/97 kBProgress (5): 2.1/2.7 MB | 0.8/2.6 MB | 0.2/1.4 MB | 126 kB | 16/97 kB    Progress (5): 2.1/2.7 MB | 0.8/2.6 MB | 0.2/1.4 MB | 126 kB | 16/97 kBProgress (5): 2.1/2.7 MB | 0.8/2.6 MB | 0.2/1.4 MB | 126 kB | 16/97 kBProgress (5): 2.1/2.7 MB | 0.8/2.6 MB | 0.2/1.4 MB | 126 kB | 16/97 kBProgress (5): 2.1/2.7 MB | 0.8/2.6 MB | 0.2/1.4 MB | 126 kB | 20/97 kBProgress (5): 2.1/2.7 MB | 0.8/2.6 MB | 0.2/1.4 MB | 126 kB | 24/97 kBProgress (5): 2.1/2.7 MB | 0.8/2.6 MB | 0.2/1.4 MB | 126 kB | 28/97 kBProgress (5): 2.1/2.7 MB | 0.8/2.6 MB | 0.2/1.4 MB | 126 kB | 32/97 kBProgress (5): 2.1/2.7 MB | 0.8/2.6 MB | 0.3/1.4 MB | 126 kB | 32/97 kBProgress (5): 2.1/2.7 MB | 0.8/2.6 MB | 0.3/1.4 MB | 126 kB | 32/97 kBProgress (5): 2.1/2.7 MB | 0.8/2.6 MB | 0.3/1.4 MB | 126 kB | 32/97 kBProgress (5): 2.1/2.7 MB | 0.8/2.6 MB | 0.3/1.4 MB | 126 kB | 32/97 kBProgress (5): 2.1/2.7 MB | 0.8/2.6 MB | 0.3/1.4 MB | 126 kB | 32/97 kBProgress (5): 2.1/2.7 MB | 0.8/2.6 MB | 0.3/1.4 MB | 126 kB | 36/97 kBProgress (5): 2.1/2.7 MB | 0.8/2.6 MB | 0.3/1.4 MB | 126 kB | 40/97 kBProgress (5): 2.1/2.7 MB | 0.8/2.6 MB | 0.3/1.4 MB | 126 kB | 45/97 kBProgress (5): 2.1/2.7 MB | 0.8/2.6 MB | 0.3/1.4 MB | 126 kB | 49/97 kBProgress (5): 2.1/2.7 MB | 0.8/2.6 MB | 0.3/1.4 MB | 126 kB | 49/97 kBProgress (5): 2.1/2.7 MB | 0.8/2.6 MB | 0.3/1.4 MB | 126 kB | 49/97 kBProgress (5): 2.1/2.7 MB | 0.8/2.6 MB | 0.3/1.4 MB | 126 kB | 49/97 kBProgress (5): 2.1/2.7 MB | 0.8/2.6 MB | 0.3/1.4 MB | 126 kB | 49/97 kBProgress (5): 2.1/2.7 MB | 0.8/2.6 MB | 0.3/1.4 MB | 126 kB | 53/97 kBProgress (5): 2.1/2.7 MB | 0.8/2.6 MB | 0.3/1.4 MB | 126 kB | 57/97 kBProgress (5): 2.1/2.7 MB | 0.8/2.6 MB | 0.3/1.4 MB | 126 kB | 61/97 kBProgress (5): 2.1/2.7 MB | 0.8/2.6 MB | 0.3/1.4 MB | 126 kB | 65/97 kBProgress (5): 2.1/2.7 MB | 0.8/2.6 MB | 0.3/1.4 MB | 126 kB | 65/97 kBProgress (5): 2.1/2.7 MB | 0.8/2.6 MB | 0.3/1.4 MB | 126 kB | 65/97 kB                                                                      Downloaded from central: https://repo.maven.apache.org/maven2/org/ow2/asm/asm/9.7.1/asm-9.7.1.jar (126 kB at 5.4 kB/s)
Downloading from central: https://repo.maven.apache.org/maven2/org/hamcrest/hamcrest/3.0/hamcrest-3.0.jar
Progress (4): 2.1/2.7 MB | 0.8/2.6 MB | 0.3/1.4 MB | 69/97 kBProgress (4): 2.1/2.7 MB | 0.8/2.6 MB | 0.3/1.4 MB | 73/97 kBProgress (4): 2.1/2.7 MB | 0.8/2.6 MB | 0.3/1.4 MB | 77/97 kBProgress (4): 2.1/2.7 MB | 0.8/2.6 MB | 0.3/1.4 MB | 81/97 kBProgress (4): 2.1/2.7 MB | 0.8/2.6 MB | 0.3/1.4 MB | 81/97 kBProgress (4): 2.1/2.7 MB | 0.8/2.6 MB | 0.3/1.4 MB | 86/97 kBProgress (4): 2.1/2.7 MB | 0.8/2.6 MB | 0.3/1.4 MB | 90/97 kBProgress (4): 2.1/2.7 MB | 0.8/2.6 MB | 0.3/1.4 MB | 94/97 kBProgress (4): 2.1/2.7 MB | 0.8/2.6 MB | 0.3/1.4 MB | 97 kB   Progress (4): 2.1/2.7 MB | 0.8/2.6 MB | 0.3/1.4 MB | 97 kBProgress (4): 2.1/2.7 MB | 0.8/2.6 MB | 0.3/1.4 MB | 97 kBProgress (4): 2.1/2.7 MB | 0.8/2.6 MB | 0.3/1.4 MB | 97 kBProgress (4): 2.1/2.7 MB | 0.8/2.6 MB | 0.3/1.4 MB | 97 kBProgress (4): 2.1/2.7 MB | 0.8/2.6 MB | 0.4/1.4 MB | 97 kBProgress (4): 2.1/2.7 MB | 0.8/2.6 MB | 0.4/1.4 MB | 97 kBProgress (4): 2.1/2.7 MB | 0.8/2.6 MB | 0.4/1.4 MB | 97 kBProgress (4): 2.1/2.7 MB | 0.8/2.6 MB | 0.4/1.4 MB | 97 kBProgress (4): 2.1/2.7 MB | 0.8/2.6 MB | 0.4/1.4 MB | 97 kBProgress (4): 2.1/2.7 MB | 0.8/2.6 MB | 0.4/1.4 MB | 97 kBProgress (4): 2.1/2.7 MB | 0.8/2.6 MB | 0.4/1.4 MB | 97 kBProgress (4): 2.1/2.7 MB | 0.8/2.6 MB | 0.4/1.4 MB | 97 kBProgress (4): 2.1/2.7 MB | 0.8/2.6 MB | 0.4/1.4 MB | 97 kBProgress (4): 2.1/2.7 MB | 0.8/2.6 MB | 0.4/1.4 MB | 97 kBProgress (4): 2.1/2.7 MB | 0.8/2.6 MB | 0.4/1.4 MB | 97 kBProgress (4): 2.1/2.7 MB | 0.8/2.6 MB | 0.4/1.4 MB | 97 kBProgress (4): 2.1/2.7 MB | 0.8/2.6 MB | 0.4/1.4 MB | 97 kBProgress (4): 2.1/2.7 MB | 0.8/2.6 MB | 0.5/1.4 MB | 97 kBProgress (4): 2.1/2.7 MB | 0.8/2.6 MB | 0.5/1.4 MB | 97 kBProgress (4): 2.1/2.7 MB | 0.8/2.6 MB | 0.5/1.4 MB | 97 kBProgress (4): 2.1/2.7 MB | 0.8/2.6 MB | 0.5/1.4 MB | 97 kBProgress (4): 2.1/2.7 MB | 0.8/2.6 MB | 0.5/1.4 MB | 97 kBProgress (4): 2.1/2.7 MB | 0.8/2.6 MB | 0.5/1.4 MB | 97 kBProgress (4): 2.1/2.7 MB | 0.8/2.6 MB | 0.5/1.4 MB | 97 kBProgress (4): 2.1/2.7 MB | 0.8/2.6 MB | 0.5/1.4 MB | 97 kBProgress (4): 2.1/2.7 MB | 0.8/2.6 MB | 0.5/1.4 MB | 97 kBProgress (4): 2.1/2.7 MB | 0.8/2.6 MB | 0.5/1.4 MB | 97 kBProgress (4): 2.1/2.7 MB | 0.8/2.6 MB | 0.5/1.4 MB | 97 kBProgress (4): 2.1/2.7 MB | 0.8/2.6 MB | 0.5/1.4 MB | 97 kBProgress (4): 2.1/2.7 MB | 0.8/2.6 MB | 0.6/1.4 MB | 97 kBProgress (4): 2.1/2.7 MB | 0.8/2.6 MB | 0.6/1.4 MB | 97 kBProgress (4): 2.1/2.7 MB | 0.8/2.6 MB | 0.6/1.4 MB | 97 kBProgress (4): 2.1/2.7 MB | 0.8/2.6 MB | 0.6/1.4 MB | 97 kBProgress (4): 2.1/2.7 MB | 0.8/2.6 MB | 0.6/1.4 MB | 97 kBProgress (4): 2.1/2.7 MB | 0.8/2.6 MB | 0.6/1.4 MB | 97 kB                                                          Downloaded from central: https://repo.maven.apache.org/maven2/org/awaitility/awaitility/4.2.2/awaitility-4.2.2.jar (97 kB at 4.1 kB/s)
Downloading from central: https://repo.maven.apache.org/maven2/org/junit/jupiter/junit-jupiter/5.12.2/junit-jupiter-5.12.2.jar
Progress (3): 2.1/2.7 MB | 0.8/2.6 MB | 0.6/1.4 MBProgress (3): 2.1/2.7 MB | 0.9/2.6 MB | 0.6/1.4 MBProgress (3): 2.1/2.7 MB | 0.9/2.6 MB | 0.6/1.4 MBProgress (3): 2.1/2.7 MB | 0.9/2.6 MB | 0.6/1.4 MBProgress (3): 2.1/2.7 MB | 0.9/2.6 MB | 0.6/1.4 MBProgress (3): 2.1/2.7 MB | 0.9/2.6 MB | 0.6/1.4 MBProgress (3): 2.1/2.7 MB | 0.9/2.6 MB | 0.6/1.4 MBProgress (3): 2.1/2.7 MB | 0.9/2.6 MB | 0.6/1.4 MBProgress (4): 2.1/2.7 MB | 0.9/2.6 MB | 0.6/1.4 MB | 4.1/126 kBProgress (4): 2.1/2.7 MB | 0.9/2.6 MB | 0.6/1.4 MB | 7.7/126 kBProgress (4): 2.1/2.7 MB | 0.9/2.6 MB | 0.6/1.4 MB | 7.7/126 kBProgress (4): 2.1/2.7 MB | 0.9/2.6 MB | 0.6/1.4 MB | 7.7/126 kBProgress (4): 2.1/2.7 MB | 0.9/2.6 MB | 0.6/1.4 MB | 7.7/126 kBProgress (4): 2.1/2.7 MB | 0.9/2.6 MB | 0.6/1.4 MB | 7.7/126 kBProgress (4): 2.1/2.7 MB | 0.9/2.6 MB | 0.6/1.4 MB | 7.7/126 kBProgress (4): 2.2/2.7 MB | 0.9/2.6 MB | 0.6/1.4 MB | 7.7/126 kBProgress (4): 2.2/2.7 MB | 0.9/2.6 MB | 0.6/1.4 MB | 12/126 kB Progress (4): 2.2/2.7 MB | 0.9/2.6 MB | 0.6/1.4 MB | 12/126 kBProgress (4): 2.2/2.7 MB | 0.9/2.6 MB | 0.6/1.4 MB | 16/126 kBProgress (4): 2.2/2.7 MB | 0.9/2.6 MB | 0.7/1.4 MB | 16/126 kBProgress (4): 2.2/2.7 MB | 0.9/2.6 MB | 0.7/1.4 MB | 16/126 kBProgress (4): 2.2/2.7 MB | 0.9/2.6 MB | 0.7/1.4 MB | 20/126 kBProgress (4): 2.2/2.7 MB | 0.9/2.6 MB | 0.7/1.4 MB | 24/126 kBProgress (4): 2.2/2.7 MB | 0.9/2.6 MB | 0.7/1.4 MB | 24/126 kBProgress (4): 2.2/2.7 MB | 0.9/2.6 MB | 0.7/1.4 MB | 24/126 kBProgress (4): 2.2/2.7 MB | 0.9/2.6 MB | 0.7/1.4 MB | 24/126 kBProgress (4): 2.2/2.7 MB | 0.9/2.6 MB | 0.7/1.4 MB | 24/126 kBProgress (4): 2.2/2.7 MB | 0.9/2.6 MB | 0.7/1.4 MB | 28/126 kBProgress (4): 2.2/2.7 MB | 0.9/2.6 MB | 0.7/1.4 MB | 32/126 kBProgress (4): 2.2/2.7 MB | 0.9/2.6 MB | 0.7/1.4 MB | 36/126 kBProgress (4): 2.2/2.7 MB | 0.9/2.6 MB | 0.7/1.4 MB | 40/126 kBProgress (4): 2.2/2.7 MB | 0.9/2.6 MB | 0.7/1.4 MB | 40/126 kBProgress (4): 2.2/2.7 MB | 0.9/2.6 MB | 0.7/1.4 MB | 45/126 kBProgress (4): 2.2/2.7 MB | 0.9/2.6 MB | 0.7/1.4 MB | 45/126 kBProgress (4): 2.2/2.7 MB | 0.9/2.6 MB | 0.7/1.4 MB | 49/126 kBProgress (4): 2.2/2.7 MB | 0.9/2.6 MB | 0.7/1.4 MB | 53/126 kBProgress (4): 2.2/2.7 MB | 0.9/2.6 MB | 0.7/1.4 MB | 57/126 kBProgress (4): 2.2/2.7 MB | 0.9/2.6 MB | 0.7/1.4 MB | 57/126 kBProgress (4): 2.2/2.7 MB | 0.9/2.6 MB | 0.7/1.4 MB | 61/126 kBProgress (4): 2.2/2.7 MB | 0.9/2.6 MB | 0.7/1.4 MB | 61/126 kBProgress (4): 2.2/2.7 MB | 0.9/2.6 MB | 0.7/1.4 MB | 65/126 kBProgress (4): 2.2/2.7 MB | 0.9/2.6 MB | 0.7/1.4 MB | 69/126 kBProgress (4): 2.2/2.7 MB | 0.9/2.6 MB | 0.7/1.4 MB | 73/126 kBProgress (4): 2.2/2.7 MB | 0.9/2.6 MB | 0.7/1.4 MB | 73/126 kBProgress (4): 2.2/2.7 MB | 0.9/2.6 MB | 0.7/1.4 MB | 73/126 kBProgress (4): 2.2/2.7 MB | 0.9/2.6 MB | 0.7/1.4 MB | 73/126 kBProgress (4): 2.2/2.7 MB | 0.9/2.6 MB | 0.7/1.4 MB | 73/126 kBProgress (4): 2.2/2.7 MB | 0.9/2.6 MB | 0.7/1.4 MB | 73/126 kBProgress (4): 2.2/2.7 MB | 0.9/2.6 MB | 0.7/1.4 MB | 77/126 kBProgress (4): 2.2/2.7 MB | 0.9/2.6 MB | 0.7/1.4 MB | 77/126 kBProgress (4): 2.2/2.7 MB | 1.0/2.6 MB | 0.7/1.4 MB | 77/126 kBProgress (4): 2.2/2.7 MB | 1.0/2.6 MB | 0.7/1.4 MB | 81/126 kBProgress (4): 2.2/2.7 MB | 1.0/2.6 MB | 0.7/1.4 MB | 86/126 kBProgress (4): 2.2/2.7 MB | 1.0/2.6 MB | 0.7/1.4 MB | 86/126 kBProgress (4): 2.2/2.7 MB | 1.0/2.6 MB | 0.7/1.4 MB | 90/126 kBProgress (4): 2.3/2.7 MB | 1.0/2.6 MB | 0.7/1.4 MB | 90/126 kBProgress (4): 2.3/2.7 MB | 1.0/2.6 MB | 0.7/1.4 MB | 90/126 kBProgress (4): 2.3/2.7 MB | 1.0/2.6 MB | 0.8/1.4 MB | 90/126 kBProgress (4): 2.3/2.7 MB | 1.0/2.6 MB | 0.8/1.4 MB | 90/126 kBProgress (4): 2.3/2.7 MB | 1.0/2.6 MB | 0.8/1.4 MB | 90/126 kBProgress (4): 2.3/2.7 MB | 1.0/2.6 MB | 0.8/1.4 MB | 94/126 kBProgress (4): 2.3/2.7 MB | 1.0/2.6 MB | 0.8/1.4 MB | 98/126 kBProgress (4): 2.3/2.7 MB | 1.0/2.6 MB | 0.8/1.4 MB | 102/126 kBProgress (4): 2.3/2.7 MB | 1.0/2.6 MB | 0.8/1.4 MB | 106/126 kBProgress (4): 2.3/2.7 MB | 1.0/2.6 MB | 0.8/1.4 MB | 106/126 kBProgress (4): 2.3/2.7 MB | 1.0/2.6 MB | 0.8/1.4 MB | 106/126 kBProgress (4): 2.3/2.7 MB | 1.0/2.6 MB | 0.8/1.4 MB | 106/126 kBProgress (4): 2.3/2.7 MB | 1.0/2.6 MB | 0.8/1.4 MB | 106/126 kBProgress (4): 2.3/2.7 MB | 1.0/2.6 MB | 0.8/1.4 MB | 110/126 kBProgress (4): 2.3/2.7 MB | 1.0/2.6 MB | 0.8/1.4 MB | 114/126 kBProgress (4): 2.3/2.7 MB | 1.0/2.6 MB | 0.8/1.4 MB | 118/126 kBProgress (4): 2.3/2.7 MB | 1.0/2.6 MB | 0.8/1.4 MB | 122/126 kBProgress (4): 2.3/2.7 MB | 1.0/2.6 MB | 0.8/1.4 MB | 126 kB    Progress (4): 2.3/2.7 MB | 1.0/2.6 MB | 0.8/1.4 MB | 126 kBProgress (4): 2.3/2.7 MB | 1.0/2.6 MB | 0.8/1.4 MB | 126 kBProgress (5): 2.3/2.7 MB | 1.0/2.6 MB | 0.8/1.4 MB | 126 kB | 3.1/6.4 kBProgress (5): 2.3/2.7 MB | 1.0/2.6 MB | 0.8/1.4 MB | 126 kB | 6.4 kB    Progress (5): 2.3/2.7 MB | 1.0/2.6 MB | 0.8/1.4 MB | 126 kB | 6.4 kBProgress (5): 2.3/2.7 MB | 1.0/2.6 MB | 0.8/1.4 MB | 126 kB | 6.4 kBProgress (5): 2.3/2.7 MB | 1.0/2.6 MB | 0.8/1.4 MB | 126 kB | 6.4 kBProgress (5): 2.3/2.7 MB | 1.0/2.6 MB | 0.8/1.4 MB | 126 kB | 6.4 kBProgress (5): 2.3/2.7 MB | 1.0/2.6 MB | 0.8/1.4 MB | 126 kB | 6.4 kBProgress (5): 2.3/2.7 MB | 1.0/2.6 MB | 0.8/1.4 MB | 126 kB | 6.4 kBProgress (5): 2.3/2.7 MB | 1.0/2.6 MB | 0.8/1.4 MB | 126 kB | 6.4 kBProgress (5): 2.3/2.7 MB | 1.0/2.6 MB | 0.8/1.4 MB | 126 kB | 6.4 kBProgress (5): 2.3/2.7 MB | 1.0/2.6 MB | 0.8/1.4 MB | 126 kB | 6.4 kBProgress (5): 2.3/2.7 MB | 1.0/2.6 MB | 0.8/1.4 MB | 126 kB | 6.4 kBProgress (5): 2.3/2.7 MB | 1.0/2.6 MB | 0.8/1.4 MB | 126 kB | 6.4 kBProgress (5): 2.3/2.7 MB | 1.0/2.6 MB | 0.9/1.4 MB | 126 kB | 6.4 kBProgress (5): 2.3/2.7 MB | 1.0/2.6 MB | 0.9/1.4 MB | 126 kB | 6.4 kBProgress (5): 2.3/2.7 MB | 1.0/2.6 MB | 0.9/1.4 MB | 126 kB | 6.4 kBProgress (5): 2.3/2.7 MB | 1.0/2.6 MB | 0.9/1.4 MB | 126 kB | 6.4 kBProgress (5): 2.3/2.7 MB | 1.0/2.6 MB | 0.9/1.4 MB | 126 kB | 6.4 kBProgress (5): 2.3/2.7 MB | 1.0/2.6 MB | 0.9/1.4 MB | 126 kB | 6.4 kBProgress (5): 2.3/2.7 MB | 1.0/2.6 MB | 0.9/1.4 MB | 126 kB | 6.4 kBProgress (5): 2.3/2.7 MB | 1.0/2.6 MB | 0.9/1.4 MB | 126 kB | 6.4 kBProgress (5): 2.3/2.7 MB | 1.0/2.6 MB | 0.9/1.4 MB | 126 kB | 6.4 kBProgress (5): 2.3/2.7 MB | 1.0/2.6 MB | 0.9/1.4 MB | 126 kB | 6.4 kBProgress (5): 2.3/2.7 MB | 1.0/2.6 MB | 0.9/1.4 MB | 126 kB | 6.4 kBProgress (5): 2.3/2.7 MB | 1.0/2.6 MB | 0.9/1.4 MB | 126 kB | 6.4 kBProgress (5): 2.4/2.7 MB | 1.0/2.6 MB | 0.9/1.4 MB | 126 kB | 6.4 kBProgress (5): 2.4/2.7 MB | 1.0/2.6 MB | 0.9/1.4 MB | 126 kB | 6.4 kBProgress (5): 2.4/2.7 MB | 1.0/2.6 MB | 0.9/1.4 MB | 126 kB | 6.4 kBProgress (5): 2.4/2.7 MB | 1.0/2.6 MB | 0.9/1.4 MB | 126 kB | 6.4 kB                                                                    Downloaded from central: https://repo.maven.apache.org/maven2/org/junit/jupiter/junit-jupiter/5.12.2/junit-jupiter-5.12.2.jar (6.4 kB at 267 B/s)
Progress (4): 2.4/2.7 MB | 1.0/2.6 MB | 0.9/1.4 MB | 126 kB                                                           Downloading from central: https://repo.maven.apache.org/maven2/org/junit/jupiter/junit-jupiter-api/5.12.2/junit-jupiter-api-5.12.2.jar
Progress (4): 2.4/2.7 MB | 1.1/2.6 MB | 0.9/1.4 MB | 126 kBProgress (4): 2.4/2.7 MB | 1.1/2.6 MB | 1.0/1.4 MB | 126 kBProgress (4): 2.4/2.7 MB | 1.1/2.6 MB | 1.0/1.4 MB | 126 kB                                                           Downloaded from central: https://repo.maven.apache.org/maven2/org/hamcrest/hamcrest/3.0/hamcrest-3.0.jar (126 kB at 5.3 kB/s)
Downloading from central: https://repo.maven.apache.org/maven2/org/opentest4j/opentest4j/1.3.0/opentest4j-1.3.0.jar
Progress (3): 2.4/2.7 MB | 1.1/2.6 MB | 1.0/1.4 MBProgress (3): 2.4/2.7 MB | 1.1/2.6 MB | 1.0/1.4 MBProgress (3): 2.4/2.7 MB | 1.1/2.6 MB | 1.0/1.4 MBProgress (3): 2.4/2.7 MB | 1.1/2.6 MB | 1.0/1.4 MBProgress (3): 2.4/2.7 MB | 1.1/2.6 MB | 1.0/1.4 MBProgress (3): 2.4/2.7 MB | 1.1/2.6 MB | 1.0/1.4 MBProgress (3): 2.4/2.7 MB | 1.1/2.6 MB | 1.0/1.4 MBProgress (4): 2.4/2.7 MB | 1.1/2.6 MB | 1.0/1.4 MB | 4.1/233 kBProgress (4): 2.4/2.7 MB | 1.1/2.6 MB | 1.0/1.4 MB | 7.7/233 kBProgress (4): 2.4/2.7 MB | 1.1/2.6 MB | 1.0/1.4 MB | 12/233 kB Progress (4): 2.4/2.7 MB | 1.1/2.6 MB | 1.0/1.4 MB | 16/233 kBProgress (4): 2.4/2.7 MB | 1.1/2.6 MB | 1.0/1.4 MB | 16/233 kBProgress (4): 2.4/2.7 MB | 1.1/2.6 MB | 1.0/1.4 MB | 16/233 kBProgress (4): 2.4/2.7 MB | 1.1/2.6 MB | 1.0/1.4 MB | 16/233 kBProgress (4): 2.4/2.7 MB | 1.1/2.6 MB | 1.0/1.4 MB | 20/233 kBProgress (4): 2.4/2.7 MB | 1.1/2.6 MB | 1.0/1.4 MB | 20/233 kBProgress (4): 2.4/2.7 MB | 1.1/2.6 MB | 1.0/1.4 MB | 24/233 kBProgress (4): 2.4/2.7 MB | 1.1/2.6 MB | 1.0/1.4 MB | 24/233 kBProgress (5): 2.4/2.7 MB | 1.1/2.6 MB | 1.0/1.4 MB | 24/233 kB | 4.1/14 kBProgress (5): 2.4/2.7 MB | 1.1/2.6 MB | 1.0/1.4 MB | 24/233 kB | 4.1/14 kBProgress (5): 2.4/2.7 MB | 1.1/2.6 MB | 1.0/1.4 MB | 24/233 kB | 7.7/14 kBProgress (5): 2.4/2.7 MB | 1.1/2.6 MB | 1.0/1.4 MB | 24/233 kB | 11/14 kB Progress (5): 2.4/2.7 MB | 1.1/2.6 MB | 1.0/1.4 MB | 24/233 kB | 11/14 kBProgress (5): 2.4/2.7 MB | 1.1/2.6 MB | 1.0/1.4 MB | 24/233 kB | 14 kB   Progress (5): 2.4/2.7 MB | 1.1/2.6 MB | 1.1/1.4 MB | 24/233 kB | 14 kBProgress (5): 2.4/2.7 MB | 1.1/2.6 MB | 1.1/1.4 MB | 24/233 kB | 14 kBProgress (5): 2.4/2.7 MB | 1.1/2.6 MB | 1.1/1.4 MB | 24/233 kB | 14 kBProgress (5): 2.4/2.7 MB | 1.1/2.6 MB | 1.1/1.4 MB | 24/233 kB | 14 kBProgress (5): 2.4/2.7 MB | 1.1/2.6 MB | 1.1/1.4 MB | 24/233 kB | 14 kBProgress (5): 2.4/2.7 MB | 1.1/2.6 MB | 1.1/1.4 MB | 24/233 kB | 14 kBProgress (5): 2.4/2.7 MB | 1.1/2.6 MB | 1.1/1.4 MB | 28/233 kB | 14 kBProgress (5): 2.4/2.7 MB | 1.1/2.6 MB | 1.1/1.4 MB | 32/233 kB | 14 kBProgress (5): 2.4/2.7 MB | 1.1/2.6 MB | 1.1/1.4 MB | 32/233 kB | 14 kBProgress (5): 2.4/2.7 MB | 1.1/2.6 MB | 1.1/1.4 MB | 36/233 kB | 14 kBProgress (5): 2.4/2.7 MB | 1.1/2.6 MB | 1.1/1.4 MB | 40/233 kB | 14 kBProgress (5): 2.4/2.7 MB | 1.1/2.6 MB | 1.1/1.4 MB | 40/233 kB | 14 kBProgress (5): 2.4/2.7 MB | 1.1/2.6 MB | 1.1/1.4 MB | 40/233 kB | 14 kBProgress (5): 2.5/2.7 MB | 1.1/2.6 MB | 1.1/1.4 MB | 40/233 kB | 14 kBProgress (5): 2.5/2.7 MB | 1.1/2.6 MB | 1.1/1.4 MB | 40/233 kB | 14 kBProgress (5): 2.5/2.7 MB | 1.1/2.6 MB | 1.1/1.4 MB | 40/233 kB | 14 kBProgress (5): 2.5/2.7 MB | 1.1/2.6 MB | 1.1/1.4 MB | 40/233 kB | 14 kBProgress (5): 2.5/2.7 MB | 1.1/2.6 MB | 1.1/1.4 MB | 40/233 kB | 14 kBProgress (5): 2.5/2.7 MB | 1.1/2.6 MB | 1.1/1.4 MB | 40/233 kB | 14 kBProgress (5): 2.5/2.7 MB | 1.1/2.6 MB | 1.1/1.4 MB | 40/233 kB | 14 kBProgress (5): 2.5/2.7 MB | 1.1/2.6 MB | 1.1/1.4 MB | 40/233 kB | 14 kBProgress (5): 2.5/2.7 MB | 1.1/2.6 MB | 1.1/1.4 MB | 40/233 kB | 14 kBProgress (5): 2.5/2.7 MB | 1.1/2.6 MB | 1.1/1.4 MB | 40/233 kB | 14 kBProgress (5): 2.5/2.7 MB | 1.1/2.6 MB | 1.1/1.4 MB | 40/233 kB | 14 kBProgress (5): 2.5/2.7 MB | 1.1/2.6 MB | 1.2/1.4 MB | 40/233 kB | 14 kBProgress (5): 2.5/2.7 MB | 1.1/2.6 MB | 1.2/1.4 MB | 40/233 kB | 14 kBProgress (5): 2.5/2.7 MB | 1.1/2.6 MB | 1.2/1.4 MB | 40/233 kB | 14 kBProgress (5): 2.5/2.7 MB | 1.1/2.6 MB | 1.2/1.4 MB | 40/233 kB | 14 kBProgress (5): 2.5/2.7 MB | 1.1/2.6 MB | 1.2/1.4 MB | 40/233 kB | 14 kBProgress (5): 2.5/2.7 MB | 1.1/2.6 MB | 1.2/1.4 MB | 40/233 kB | 14 kBProgress (5): 2.5/2.7 MB | 1.1/2.6 MB | 1.2/1.4 MB | 40/233 kB | 14 kBProgress (5): 2.5/2.7 MB | 1.1/2.6 MB | 1.2/1.4 MB | 40/233 kB | 14 kB                                                                      Downloaded from central: https://repo.maven.apache.org/maven2/org/opentest4j/opentest4j/1.3.0/opentest4j-1.3.0.jar (14 kB at 592 B/s)
Downloading from central: https://repo.maven.apache.org/maven2/org/junit/platform/junit-platform-commons/1.12.2/junit-platform-commons-1.12.2.jar
Progress (4): 2.5/2.7 MB | 1.1/2.6 MB | 1.2/1.4 MB | 40/233 kBProgress (4): 2.5/2.7 MB | 1.1/2.6 MB | 1.2/1.4 MB | 40/233 kBProgress (4): 2.5/2.7 MB | 1.2/2.6 MB | 1.2/1.4 MB | 40/233 kBProgress (4): 2.5/2.7 MB | 1.2/2.6 MB | 1.2/1.4 MB | 40/233 kBProgress (4): 2.5/2.7 MB | 1.2/2.6 MB | 1.2/1.4 MB | 45/233 kBProgress (4): 2.5/2.7 MB | 1.2/2.6 MB | 1.2/1.4 MB | 45/233 kBProgress (4): 2.5/2.7 MB | 1.2/2.6 MB | 1.2/1.4 MB | 49/233 kBProgress (4): 2.5/2.7 MB | 1.2/2.6 MB | 1.2/1.4 MB | 49/233 kBProgress (4): 2.5/2.7 MB | 1.2/2.6 MB | 1.2/1.4 MB | 53/233 kBProgress (4): 2.5/2.7 MB | 1.2/2.6 MB | 1.2/1.4 MB | 57/233 kBProgress (4): 2.5/2.7 MB | 1.2/2.6 MB | 1.2/1.4 MB | 57/233 kBProgress (4): 2.5/2.7 MB | 1.2/2.6 MB | 1.2/1.4 MB | 57/233 kBProgress (4): 2.5/2.7 MB | 1.2/2.6 MB | 1.3/1.4 MB | 57/233 kBProgress (4): 2.5/2.7 MB | 1.2/2.6 MB | 1.3/1.4 MB | 57/233 kBProgress (4): 2.5/2.7 MB | 1.2/2.6 MB | 1.3/1.4 MB | 61/233 kBProgress (4): 2.5/2.7 MB | 1.2/2.6 MB | 1.3/1.4 MB | 61/233 kBProgress (4): 2.5/2.7 MB | 1.2/2.6 MB | 1.3/1.4 MB | 65/233 kBProgress (4): 2.5/2.7 MB | 1.2/2.6 MB | 1.3/1.4 MB | 65/233 kBProgress (4): 2.5/2.7 MB | 1.2/2.6 MB | 1.3/1.4 MB | 65/233 kBProgress (4): 2.5/2.7 MB | 1.2/2.6 MB | 1.3/1.4 MB | 69/233 kBProgress (4): 2.5/2.7 MB | 1.2/2.6 MB | 1.3/1.4 MB | 69/233 kBProgress (4): 2.5/2.7 MB | 1.2/2.6 MB | 1.3/1.4 MB | 73/233 kBProgress (4): 2.5/2.7 MB | 1.2/2.6 MB | 1.3/1.4 MB | 73/233 kBProgress (4): 2.5/2.7 MB | 1.2/2.6 MB | 1.3/1.4 MB | 73/233 kBProgress (4): 2.5/2.7 MB | 1.2/2.6 MB | 1.3/1.4 MB | 77/233 kBProgress (4): 2.5/2.7 MB | 1.2/2.6 MB | 1.3/1.4 MB | 81/233 kBProgress (4): 2.5/2.7 MB | 1.2/2.6 MB | 1.3/1.4 MB | 86/233 kBProgress (4): 2.6/2.7 MB | 1.2/2.6 MB | 1.3/1.4 MB | 86/233 kBProgress (4): 2.6/2.7 MB | 1.2/2.6 MB | 1.3/1.4 MB | 90/233 kBProgress (4): 2.6/2.7 MB | 1.2/2.6 MB | 1.3/1.4 MB | 90/233 kBProgress (4): 2.6/2.7 MB | 1.2/2.6 MB | 1.3/1.4 MB | 94/233 kBProgress (4): 2.6/2.7 MB | 1.2/2.6 MB | 1.3/1.4 MB | 98/233 kBProgress (4): 2.6/2.7 MB | 1.2/2.6 MB | 1.3/1.4 MB | 102/233 kBProgress (4): 2.6/2.7 MB | 1.2/2.6 MB | 1.3/1.4 MB | 106/233 kBProgress (4): 2.6/2.7 MB | 1.2/2.6 MB | 1.3/1.4 MB | 110/233 kBProgress (4): 2.6/2.7 MB | 1.2/2.6 MB | 1.3/1.4 MB | 110/233 kBProgress (4): 2.6/2.7 MB | 1.2/2.6 MB | 1.3/1.4 MB | 114/233 kBProgress (4): 2.6/2.7 MB | 1.2/2.6 MB | 1.3/1.4 MB | 114/233 kBProgress (4): 2.6/2.7 MB | 1.2/2.6 MB | 1.3/1.4 MB | 114/233 kBProgress (4): 2.6/2.7 MB | 1.2/2.6 MB | 1.3/1.4 MB | 118/233 kBProgress (4): 2.6/2.7 MB | 1.2/2.6 MB | 1.3/1.4 MB | 118/233 kBProgress (4): 2.6/2.7 MB | 1.2/2.6 MB | 1.3/1.4 MB | 122/233 kBProgress (4): 2.6/2.7 MB | 1.2/2.6 MB | 1.3/1.4 MB | 122/233 kBProgress (4): 2.6/2.7 MB | 1.2/2.6 MB | 1.3/1.4 MB | 122/233 kBProgress (4): 2.6/2.7 MB | 1.2/2.6 MB | 1.3/1.4 MB | 126/233 kBProgress (4): 2.6/2.7 MB | 1.2/2.6 MB | 1.3/1.4 MB | 126/233 kBProgress (4): 2.6/2.7 MB | 1.2/2.6 MB | 1.3/1.4 MB | 131/233 kBProgress (4): 2.6/2.7 MB | 1.2/2.6 MB | 1.3/1.4 MB | 131/233 kBProgress (4): 2.6/2.7 MB | 1.2/2.6 MB | 1.3/1.4 MB | 135/233 kBProgress (4): 2.6/2.7 MB | 1.2/2.6 MB | 1.3/1.4 MB | 139/233 kBProgress (4): 2.6/2.7 MB | 1.2/2.6 MB | 1.3/1.4 MB | 139/233 kBProgress (4): 2.6/2.7 MB | 1.2/2.6 MB | 1.3/1.4 MB | 143/233 kBProgress (4): 2.6/2.7 MB | 1.2/2.6 MB | 1.4/1.4 MB | 143/233 kBProgress (4): 2.6/2.7 MB | 1.2/2.6 MB | 1.4/1.4 MB | 147/233 kBProgress (4): 2.6/2.7 MB | 1.2/2.6 MB | 1.4/1.4 MB | 151/233 kBProgress (4): 2.6/2.7 MB | 1.2/2.6 MB | 1.4/1.4 MB | 155/233 kBProgress (4): 2.6/2.7 MB | 1.2/2.6 MB | 1.4/1.4 MB | 155/233 kBProgress (4): 2.6/2.7 MB | 1.2/2.6 MB | 1.4/1.4 MB | 155/233 kBProgress (4): 2.6/2.7 MB | 1.2/2.6 MB | 1.4/1.4 MB | 155/233 kBProgress (4): 2.6/2.7 MB | 1.2/2.6 MB | 1.4/1.4 MB | 155/233 kBProgress (4): 2.6/2.7 MB | 1.2/2.6 MB | 1.4/1.4 MB | 155/233 kBProgress (4): 2.6/2.7 MB | 1.2/2.6 MB | 1.4 MB | 155/233 kB    Progress (4): 2.6/2.7 MB | 1.2/2.6 MB | 1.4 MB | 155/233 kBProgress (4): 2.6/2.7 MB | 1.2/2.6 MB | 1.4 MB | 155/233 kBProgress (4): 2.6/2.7 MB | 1.3/2.6 MB | 1.4 MB | 155/233 kBProgress (4): 2.6/2.7 MB | 1.3/2.6 MB | 1.4 MB | 155/233 kBProgress (4): 2.6/2.7 MB | 1.3/2.6 MB | 1.4 MB | 155/233 kBProgress (4): 2.6/2.7 MB | 1.3/2.6 MB | 1.4 MB | 159/233 kBProgress (4): 2.6/2.7 MB | 1.3/2.6 MB | 1.4 MB | 163/233 kBProgress (4): 2.6/2.7 MB | 1.3/2.6 MB | 1.4 MB | 167/233 kBProgress (4): 2.6/2.7 MB | 1.3/2.6 MB | 1.4 MB | 172/233 kBProgress (4): 2.6/2.7 MB | 1.3/2.6 MB | 1.4 MB | 172/233 kBProgress (4): 2.6/2.7 MB | 1.3/2.6 MB | 1.4 MB | 172/233 kBProgress (4): 2.7/2.7 MB | 1.3/2.6 MB | 1.4 MB | 172/233 kBProgress (4): 2.7/2.7 MB | 1.3/2.6 MB | 1.4 MB | 172/233 kBProgress (4): 2.7/2.7 MB | 1.3/2.6 MB | 1.4 MB | 172/233 kBProgress (4): 2.7/2.7 MB | 1.3/2.6 MB | 1.4 MB | 172/233 kBProgress (5): 2.7/2.7 MB | 1.3/2.6 MB | 1.4 MB | 172/233 kB | 4.1/152 kBProgress (5): 2.7/2.7 MB | 1.3/2.6 MB | 1.4 MB | 172/233 kB | 8.2/152 kBProgress (5): 2.7/2.7 MB | 1.3/2.6 MB | 1.4 MB | 172/233 kB | 12/152 kB Progress (5): 2.7/2.7 MB | 1.3/2.6 MB | 1.4 MB | 172/233 kB | 16/152 kBProgress (5): 2.7/2.7 MB | 1.3/2.6 MB | 1.4 MB | 176/233 kB | 16/152 kBProgress (5): 2.7/2.7 MB | 1.3/2.6 MB | 1.4 MB | 180/233 kB | 16/152 kBProgress (5): 2.7/2.7 MB | 1.3/2.6 MB | 1.4 MB | 184/233 kB | 16/152 kBProgress (5): 2.7/2.7 MB | 1.3/2.6 MB | 1.4 MB | 188/233 kB | 16/152 kBProgress (5): 2.7/2.7 MB | 1.3/2.6 MB | 1.4 MB | 188/233 kB | 16/152 kBProgress (5): 2.7/2.7 MB | 1.3/2.6 MB | 1.4 MB | 188/233 kB | 20/152 kBProgress (5): 2.7/2.7 MB | 1.3/2.6 MB | 1.4 MB | 188/233 kB | 25/152 kBProgress (5): 2.7/2.7 MB | 1.3/2.6 MB | 1.4 MB | 188/233 kB | 29/152 kBProgress (5): 2.7/2.7 MB | 1.3/2.6 MB | 1.4 MB | 188/233 kB | 33/152 kBProgress (5): 2.7/2.7 MB | 1.3/2.6 MB | 1.4 MB | 192/233 kB | 33/152 kBProgress (5): 2.7/2.7 MB | 1.3/2.6 MB | 1.4 MB | 196/233 kB | 33/152 kBProgress (5): 2.7/2.7 MB | 1.3/2.6 MB | 1.4 MB | 200/233 kB | 33/152 kBProgress (5): 2.7/2.7 MB | 1.3/2.6 MB | 1.4 MB | 204/233 kB | 33/152 kBProgress (5): 2.7/2.7 MB | 1.3/2.6 MB | 1.4 MB | 204/233 kB | 33/152 kBProgress (5): 2.7 MB | 1.3/2.6 MB | 1.4 MB | 204/233 kB | 33/152 kB    Progress (5): 2.7 MB | 1.3/2.6 MB | 1.4 MB | 208/233 kB | 33/152 kBProgress (5): 2.7 MB | 1.3/2.6 MB | 1.4 MB | 213/233 kB | 33/152 kBProgress (5): 2.7 MB | 1.3/2.6 MB | 1.4 MB | 217/233 kB | 33/152 kBProgress (5): 2.7 MB | 1.3/2.6 MB | 1.4 MB | 221/233 kB | 33/152 kBProgress (5): 2.7 MB | 1.3/2.6 MB | 1.4 MB | 221/233 kB | 37/152 kBProgress (5): 2.7 MB | 1.3/2.6 MB | 1.4 MB | 221/233 kB | 37/152 kBProgress (5): 2.7 MB | 1.3/2.6 MB | 1.4 MB | 221/233 kB | 41/152 kBProgress (5): 2.7 MB | 1.3/2.6 MB | 1.4 MB | 221/233 kB | 45/152 kBProgress (5): 2.7 MB | 1.3/2.6 MB | 1.4 MB | 221/233 kB | 49/152 kBProgress (5): 2.7 MB | 1.3/2.6 MB | 1.4 MB | 221/233 kB | 49/152 kBProgress (5): 2.7 MB | 1.3/2.6 MB | 1.4 MB | 221/233 kB | 49/152 kB                                                                   Downloaded from central: https://repo.maven.apache.org/maven2/org/assertj/assertj-core/3.27.7/assertj-core-3.27.7.jar (1.4 MB at 57 kB/s)
Downloading from central: https://repo.maven.apache.org/maven2/org/apiguardian/apiguardian-api/1.1.2/apiguardian-api-1.1.2.jar
Progress (4): 2.7 MB | 1.3/2.6 MB | 225/233 kB | 49/152 kBProgress (4): 2.7 MB | 1.4/2.6 MB | 225/233 kB | 49/152 kBProgress (4): 2.7 MB | 1.4/2.6 MB | 229/233 kB | 49/152 kBProgress (4): 2.7 MB | 1.4/2.6 MB | 233/233 kB | 49/152 kBProgress (4): 2.7 MB | 1.4/2.6 MB | 233 kB | 49/152 kB    Progress (4): 2.7 MB | 1.4/2.6 MB | 233 kB | 53/152 kBProgress (4): 2.7 MB | 1.4/2.6 MB | 233 kB | 57/152 kBProgress (4): 2.7 MB | 1.4/2.6 MB | 233 kB | 61/152 kBProgress (4): 2.7 MB | 1.4/2.6 MB | 233 kB | 66/152 kBProgress (4): 2.7 MB | 1.4/2.6 MB | 233 kB | 66/152 kBProgress (4): 2.7 MB | 1.4/2.6 MB | 233 kB | 70/152 kBProgress (4): 2.7 MB | 1.4/2.6 MB | 233 kB | 74/152 kBProgress (4): 2.7 MB | 1.4/2.6 MB | 233 kB | 78/152 kBProgress (4): 2.7 MB | 1.4/2.6 MB | 233 kB | 82/152 kB                                                      Downloaded from central: https://repo.maven.apache.org/maven2/org/apache/pdfbox/pdfbox/2.0.24/pdfbox-2.0.24.jar (2.7 MB at 113 kB/s)
Downloading from central: https://repo.maven.apache.org/maven2/org/junit/jupiter/junit-jupiter-params/5.12.2/junit-jupiter-params-5.12.2.jar
Progress (4): 1.4/2.6 MB | 233 kB | 82/152 kB | 4.1/6.8 kBProgress (4): 1.4/2.6 MB | 233 kB | 82/152 kB | 6.8 kB    Progress (4): 1.4/2.6 MB | 233 kB | 82/152 kB | 6.8 kBProgress (4): 1.4/2.6 MB | 233 kB | 86/152 kB | 6.8 kBProgress (4): 1.4/2.6 MB | 233 kB | 90/152 kB | 6.8 kB                                                      Downloaded from central: https://repo.maven.apache.org/maven2/org/junit/jupiter/junit-jupiter-api/5.12.2/junit-jupiter-api-5.12.2.jar (233 kB at 9.6 kB/s)
Downloading from central: https://repo.maven.apache.org/maven2/org/junit/jupiter/junit-jupiter-engine/5.12.2/junit-jupiter-engine-5.12.2.jar
Progress (3): 1.4/2.6 MB | 94/152 kB | 6.8 kBProgress (3): 1.4/2.6 MB | 98/152 kB | 6.8 kBProgress (3): 1.4/2.6 MB | 98/152 kB | 6.8 kBProgress (3): 1.4/2.6 MB | 102/152 kB | 6.8 kBProgress (3): 1.4/2.6 MB | 106/152 kB | 6.8 kBProgress (3): 1.4/2.6 MB | 111/152 kB | 6.8 kBProgress (3): 1.4/2.6 MB | 115/152 kB | 6.8 kBProgress (3): 1.4/2.6 MB | 115/152 kB | 6.8 kBProgress (3): 1.4/2.6 MB | 119/152 kB | 6.8 kBProgress (3): 1.4/2.6 MB | 123/152 kB | 6.8 kBProgress (3): 1.4/2.6 MB | 127/152 kB | 6.8 kBProgress (3): 1.4/2.6 MB | 131/152 kB | 6.8 kB                                              Downloaded from central: https://repo.maven.apache.org/maven2/org/apiguardian/apiguardian-api/1.1.2/apiguardian-api-1.1.2.jar (6.8 kB at 278 B/s)
Downloading from central: https://repo.maven.apache.org/maven2/org/junit/platform/junit-platform-engine/1.12.2/junit-platform-engine-1.12.2.jar
Progress (2): 1.4/2.6 MB | 131/152 kBProgress (3): 1.4/2.6 MB | 131/152 kB | 4.1/602 kBProgress (3): 1.4/2.6 MB | 131/152 kB | 7.7/602 kBProgress (3): 1.4/2.6 MB | 131/152 kB | 11/602 kB Progress (3): 1.4/2.6 MB | 135/152 kB | 11/602 kBProgress (3): 1.4/2.6 MB | 139/152 kB | 11/602 kBProgress (3): 1.4/2.6 MB | 143/152 kB | 11/602 kBProgress (3): 1.4/2.6 MB | 147/152 kB | 11/602 kBProgress (3): 1.4/2.6 MB | 152/152 kB | 11/602 kBProgress (3): 1.4/2.6 MB | 152 kB | 11/602 kB    Progress (4): 1.4/2.6 MB | 152 kB | 11/602 kB | 4.1/292 kBProgress (4): 1.4/2.6 MB | 152 kB | 11/602 kB | 7.7/292 kBProgress (4): 1.4/2.6 MB | 152 kB | 11/602 kB | 12/292 kB Progress (4): 1.4/2.6 MB | 152 kB | 11/602 kB | 16/292 kBProgress (4): 1.4/2.6 MB | 152 kB | 15/602 kB | 16/292 kBProgress (4): 1.4/2.6 MB | 152 kB | 20/602 kB | 16/292 kBProgress (4): 1.4/2.6 MB | 152 kB | 24/602 kB | 16/292 kBProgress (4): 1.4/2.6 MB | 152 kB | 28/602 kB | 16/292 kBProgress (4): 1.5/2.6 MB | 152 kB | 28/602 kB | 16/292 kBProgress (4): 1.5/2.6 MB | 152 kB | 28/602 kB | 20/292 kBProgress (4): 1.5/2.6 MB | 152 kB | 28/602 kB | 24/292 kBProgress (4): 1.5/2.6 MB | 152 kB | 32/602 kB | 24/292 kBProgress (4): 1.5/2.6 MB | 152 kB | 36/602 kB | 24/292 kBProgress (4): 1.5/2.6 MB | 152 kB | 40/602 kB | 24/292 kBProgress (4): 1.5/2.6 MB | 152 kB | 44/602 kB | 24/292 kBProgress (4): 1.5/2.6 MB | 152 kB | 44/602 kB | 28/292 kBProgress (4): 1.5/2.6 MB | 152 kB | 44/602 kB | 32/292 kBProgress (4): 1.5/2.6 MB | 152 kB | 44/602 kB | 32/292 kBProgress (4): 1.5/2.6 MB | 152 kB | 48/602 kB | 32/292 kBProgress (4): 1.5/2.6 MB | 152 kB | 52/602 kB | 32/292 kBProgress (4): 1.5/2.6 MB | 152 kB | 56/602 kB | 32/292 kBProgress (4): 1.5/2.6 MB | 152 kB | 61/602 kB | 32/292 kBProgress (4): 1.5/2.6 MB | 152 kB | 61/602 kB | 36/292 kBProgress (4): 1.5/2.6 MB | 152 kB | 61/602 kB | 40/292 kBProgress (4): 1.5/2.6 MB | 152 kB | 61/602 kB | 45/292 kBProgress (4): 1.5/2.6 MB | 152 kB | 61/602 kB | 49/292 kBProgress (4): 1.5/2.6 MB | 152 kB | 61/602 kB | 49/292 kBProgress (4): 1.5/2.6 MB | 152 kB | 65/602 kB | 49/292 kBProgress (4): 1.5/2.6 MB | 152 kB | 69/602 kB | 49/292 kBProgress (4): 1.5/2.6 MB | 152 kB | 73/602 kB | 49/292 kBProgress (4): 1.5/2.6 MB | 152 kB | 77/602 kB | 49/292 kBProgress (4): 1.5/2.6 MB | 152 kB | 77/602 kB | 53/292 kBProgress (4): 1.5/2.6 MB | 152 kB | 77/602 kB | 57/292 kBProgress (4): 1.5/2.6 MB | 152 kB | 77/602 kB | 61/292 kBProgress (4): 1.5/2.6 MB | 152 kB | 77/602 kB | 65/292 kBProgress (4): 1.5/2.6 MB | 152 kB | 81/602 kB | 65/292 kBProgress (4): 1.5/2.6 MB | 152 kB | 81/602 kB | 65/292 kBProgress (4): 1.5/2.6 MB | 152 kB | 85/602 kB | 65/292 kBProgress (4): 1.5/2.6 MB | 152 kB | 89/602 kB | 65/292 kBProgress (4): 1.5/2.6 MB | 152 kB | 93/602 kB | 65/292 kBProgress (4): 1.5/2.6 MB | 152 kB | 97/602 kB | 65/292 kBProgress (4): 1.5/2.6 MB | 152 kB | 97/602 kB | 69/292 kBProgress (4): 1.5/2.6 MB | 152 kB | 97/602 kB | 73/292 kBProgress (4): 1.5/2.6 MB | 152 kB | 97/602 kB | 77/292 kBProgress (4): 1.5/2.6 MB | 152 kB | 97/602 kB | 81/292 kB                                                         Downloaded from central: https://repo.maven.apache.org/maven2/org/junit/platform/junit-platform-commons/1.12.2/junit-platform-commons-1.12.2.jar (152 kB at 6.2 kB/s)
Downloading from central: https://repo.maven.apache.org/maven2/org/mockito/mockito-core/5.17.0/mockito-core-5.17.0.jar
Progress (4): 1.5/2.6 MB | 97/602 kB | 81/292 kB | 4.1/256 kBProgress (4): 1.5/2.6 MB | 97/602 kB | 81/292 kB | 7.7/256 kBProgress (4): 1.5/2.6 MB | 97/602 kB | 81/292 kB | 11/256 kB Progress (4): 1.5/2.6 MB | 97/602 kB | 81/292 kB | 15/256 kBProgress (4): 1.5/2.6 MB | 97/602 kB | 81/292 kB | 20/256 kBProgress (4): 1.5/2.6 MB | 101/602 kB | 81/292 kB | 20/256 kBProgress (4): 1.5/2.6 MB | 101/602 kB | 81/292 kB | 24/256 kBProgress (4): 1.5/2.6 MB | 105/602 kB | 81/292 kB | 24/256 kBProgress (4): 1.5/2.6 MB | 105/602 kB | 81/292 kB | 28/256 kBProgress (4): 1.5/2.6 MB | 109/602 kB | 81/292 kB | 28/256 kBProgress (4): 1.5/2.6 MB | 113/602 kB | 81/292 kB | 28/256 kBProgress (4): 1.5/2.6 MB | 113/602 kB | 86/292 kB | 28/256 kBProgress (4): 1.5/2.6 MB | 113/602 kB | 86/292 kB | 28/256 kBProgress (4): 1.5/2.6 MB | 113/602 kB | 90/292 kB | 28/256 kBProgress (4): 1.5/2.6 MB | 113/602 kB | 94/292 kB | 28/256 kBProgress (4): 1.5/2.6 MB | 113/602 kB | 98/292 kB | 28/256 kBProgress (4): 1.5/2.6 MB | 113/602 kB | 98/292 kB | 32/256 kBProgress (4): 1.5/2.6 MB | 113/602 kB | 98/292 kB | 36/256 kBProgress (4): 1.5/2.6 MB | 113/602 kB | 98/292 kB | 40/256 kBProgress (4): 1.5/2.6 MB | 113/602 kB | 98/292 kB | 44/256 kBProgress (4): 1.5/2.6 MB | 118/602 kB | 98/292 kB | 44/256 kBProgress (4): 1.5/2.6 MB | 122/602 kB | 98/292 kB | 44/256 kBProgress (4): 1.5/2.6 MB | 126/602 kB | 98/292 kB | 44/256 kBProgress (4): 1.5/2.6 MB | 126/602 kB | 102/292 kB | 44/256 kBProgress (4): 1.5/2.6 MB | 126/602 kB | 102/292 kB | 44/256 kBProgress (4): 1.5/2.6 MB | 126/602 kB | 106/292 kB | 44/256 kBProgress (4): 1.5/2.6 MB | 126/602 kB | 106/292 kB | 48/256 kBProgress (4): 1.5/2.6 MB | 126/602 kB | 110/292 kB | 48/256 kBProgress (4): 1.5/2.6 MB | 126/602 kB | 110/292 kB | 52/256 kBProgress (4): 1.5/2.6 MB | 126/602 kB | 110/292 kB | 56/256 kBProgress (4): 1.5/2.6 MB | 126/602 kB | 114/292 kB | 56/256 kBProgress (4): 1.5/2.6 MB | 126/602 kB | 114/292 kB | 60/256 kBProgress (4): 1.5/2.6 MB | 130/602 kB | 114/292 kB | 60/256 kBProgress (4): 1.5/2.6 MB | 134/602 kB | 114/292 kB | 60/256 kBProgress (4): 1.5/2.6 MB | 134/602 kB | 118/292 kB | 60/256 kBProgress (4): 1.5/2.6 MB | 134/602 kB | 118/292 kB | 65/256 kBProgress (4): 1.5/2.6 MB | 134/602 kB | 118/292 kB | 69/256 kBProgress (4): 1.5/2.6 MB | 134/602 kB | 118/292 kB | 73/256 kBProgress (4): 1.5/2.6 MB | 138/602 kB | 118/292 kB | 73/256 kBProgress (4): 1.5/2.6 MB | 142/602 kB | 118/292 kB | 73/256 kBProgress (4): 1.5/2.6 MB | 142/602 kB | 122/292 kB | 73/256 kBProgress (4): 1.5/2.6 MB | 142/602 kB | 126/292 kB | 73/256 kBProgress (4): 1.5/2.6 MB | 142/602 kB | 131/292 kB | 73/256 kBProgress (4): 1.5/2.6 MB | 142/602 kB | 131/292 kB | 77/256 kBProgress (4): 1.5/2.6 MB | 142/602 kB | 131/292 kB | 81/256 kBProgress (4): 1.5/2.6 MB | 142/602 kB | 131/292 kB | 85/256 kBProgress (4): 1.5/2.6 MB | 142/602 kB | 131/292 kB | 89/256 kBProgress (4): 1.5/2.6 MB | 142/602 kB | 131/292 kB | 93/256 kBProgress (4): 1.6/2.6 MB | 142/602 kB | 131/292 kB | 93/256 kBProgress (4): 1.6/2.6 MB | 142/602 kB | 135/292 kB | 93/256 kBProgress (4): 1.6/2.6 MB | 142/602 kB | 135/292 kB | 97/256 kBProgress (4): 1.6/2.6 MB | 146/602 kB | 135/292 kB | 97/256 kBProgress (4): 1.6/2.6 MB | 146/602 kB | 139/292 kB | 97/256 kBProgress (4): 1.6/2.6 MB | 146/602 kB | 139/292 kB | 101/256 kBProgress (4): 1.6/2.6 MB | 150/602 kB | 139/292 kB | 101/256 kBProgress (4): 1.6/2.6 MB | 150/602 kB | 143/292 kB | 101/256 kBProgress (4): 1.6/2.6 MB | 150/602 kB | 143/292 kB | 106/256 kBProgress (4): 1.6/2.6 MB | 150/602 kB | 143/292 kB | 110/256 kBProgress (4): 1.6/2.6 MB | 154/602 kB | 143/292 kB | 110/256 kBProgress (4): 1.6/2.6 MB | 159/602 kB | 143/292 kB | 110/256 kBProgress (4): 1.6/2.6 MB | 159/602 kB | 147/292 kB | 110/256 kBProgress (4): 1.6/2.6 MB | 163/602 kB | 147/292 kB | 110/256 kBProgress (4): 1.6/2.6 MB | 163/602 kB | 147/292 kB | 110/256 kBProgress (4): 1.6/2.6 MB | 167/602 kB | 147/292 kB | 110/256 kBProgress (4): 1.6/2.6 MB | 171/602 kB | 147/292 kB | 110/256 kBProgress (4): 1.6/2.6 MB | 175/602 kB | 147/292 kB | 110/256 kBProgress (4): 1.6/2.6 MB | 179/602 kB | 147/292 kB | 110/256 kBProgress (4): 1.6/2.6 MB | 183/602 kB | 147/292 kB | 110/256 kBProgress (4): 1.6/2.6 MB | 187/602 kB | 147/292 kB | 110/256 kBProgress (4): 1.6/2.6 MB | 191/602 kB | 147/292 kB | 110/256 kBProgress (4): 1.6/2.6 MB | 191/602 kB | 147/292 kB | 114/256 kBProgress (4): 1.6/2.6 MB | 191/602 kB | 147/292 kB | 118/256 kBProgress (4): 1.6/2.6 MB | 191/602 kB | 147/292 kB | 122/256 kBProgress (4): 1.6/2.6 MB | 191/602 kB | 147/292 kB | 126/256 kBProgress (4): 1.6/2.6 MB | 191/602 kB | 147/292 kB | 130/256 kBProgress (4): 1.6/2.6 MB | 191/602 kB | 147/292 kB | 134/256 kBProgress (4): 1.6/2.6 MB | 191/602 kB | 147/292 kB | 138/256 kBProgress (4): 1.6/2.6 MB | 191/602 kB | 147/292 kB | 142/256 kBProgress (4): 1.6/2.6 MB | 191/602 kB | 147/292 kB | 147/256 kBProgress (4): 1.6/2.6 MB | 191/602 kB | 147/292 kB | 151/256 kBProgress (4): 1.6/2.6 MB | 191/602 kB | 147/292 kB | 155/256 kBProgress (4): 1.6/2.6 MB | 191/602 kB | 147/292 kB | 159/256 kBProgress (4): 1.6/2.6 MB | 191/602 kB | 147/292 kB | 159/256 kBProgress (4): 1.6/2.6 MB | 195/602 kB | 147/292 kB | 159/256 kBProgress (4): 1.6/2.6 MB | 195/602 kB | 147/292 kB | 163/256 kBProgress (4): 1.6/2.6 MB | 195/602 kB | 151/292 kB | 163/256 kBProgress (4): 1.6/2.6 MB | 195/602 kB | 155/292 kB | 163/256 kBProgress (4): 1.6/2.6 MB | 199/602 kB | 155/292 kB | 163/256 kBProgress (4): 1.6/2.6 MB | 204/602 kB | 155/292 kB | 163/256 kBProgress (4): 1.6/2.6 MB | 208/602 kB | 155/292 kB | 163/256 kBProgress (4): 1.6/2.6 MB | 208/602 kB | 155/292 kB | 167/256 kBProgress (4): 1.6/2.6 MB | 208/602 kB | 155/292 kB | 171/256 kBProgress (4): 1.6/2.6 MB | 208/602 kB | 159/292 kB | 171/256 kBProgress (4): 1.6/2.6 MB | 208/602 kB | 163/292 kB | 171/256 kBProgress (4): 1.6/2.6 MB | 208/602 kB | 163/292 kB | 175/256 kBProgress (4): 1.6/2.6 MB | 208/602 kB | 163/292 kB | 179/256 kBProgress (4): 1.6/2.6 MB | 208/602 kB | 163/292 kB | 183/256 kBProgress (4): 1.6/2.6 MB | 208/602 kB | 163/292 kB | 187/256 kBProgress (4): 1.6/2.6 MB | 208/602 kB | 163/292 kB | 192/256 kBProgress (4): 1.6/2.6 MB | 208/602 kB | 163/292 kB | 196/256 kBProgress (4): 1.6/2.6 MB | 208/602 kB | 163/292 kB | 200/256 kBProgress (4): 1.6/2.6 MB | 208/602 kB | 163/292 kB | 204/256 kBProgress (4): 1.6/2.6 MB | 208/602 kB | 163/292 kB | 208/256 kBProgress (4): 1.6/2.6 MB | 208/602 kB | 163/292 kB | 208/256 kBProgress (4): 1.6/2.6 MB | 208/602 kB | 163/292 kB | 208/256 kBProgress (4): 1.6/2.6 MB | 208/602 kB | 163/292 kB | 208/256 kBProgress (4): 1.7/2.6 MB | 208/602 kB | 163/292 kB | 208/256 kBProgress (4): 1.7/2.6 MB | 208/602 kB | 167/292 kB | 208/256 kBProgress (4): 1.7/2.6 MB | 208/602 kB | 167/292 kB | 208/256 kBProgress (4): 1.7/2.6 MB | 208/602 kB | 172/292 kB | 208/256 kBProgress (4): 1.7/2.6 MB | 208/602 kB | 176/292 kB | 208/256 kBProgress (4): 1.7/2.6 MB | 208/602 kB | 180/292 kB | 208/256 kBProgress (4): 1.7/2.6 MB | 208/602 kB | 184/292 kB | 208/256 kBProgress (4): 1.7/2.6 MB | 208/602 kB | 188/292 kB | 208/256 kBProgress (4): 1.7/2.6 MB | 208/602 kB | 192/292 kB | 208/256 kBProgress (4): 1.7/2.6 MB | 208/602 kB | 196/292 kB | 208/256 kBProgress (4): 1.7/2.6 MB | 208/602 kB | 200/292 kB | 208/256 kBProgress (4): 1.7/2.6 MB | 208/602 kB | 204/292 kB | 208/256 kBProgress (4): 1.7/2.6 MB | 208/602 kB | 208/292 kB | 208/256 kBProgress (4): 1.7/2.6 MB | 208/602 kB | 213/292 kB | 208/256 kBProgress (4): 1.7/2.6 MB | 208/602 kB | 217/292 kB | 208/256 kBProgress (4): 1.7/2.6 MB | 208/602 kB | 221/292 kB | 208/256 kBProgress (4): 1.7/2.6 MB | 212/602 kB | 221/292 kB | 208/256 kBProgress (4): 1.7/2.6 MB | 216/602 kB | 221/292 kB | 208/256 kBProgress (4): 1.7/2.6 MB | 220/602 kB | 221/292 kB | 208/256 kBProgress (4): 1.7/2.6 MB | 220/602 kB | 225/292 kB | 208/256 kBProgress (5): 1.7/2.6 MB | 220/602 kB | 225/292 kB | 208/256 kB | 4.1/709 kBProgress (5): 1.7/2.6 MB | 220/602 kB | 229/292 kB | 208/256 kB | 4.1/709 kBProgress (5): 1.7/2.6 MB | 220/602 kB | 229/292 kB | 208/256 kB | 4.1/709 kBProgress (5): 1.7/2.6 MB | 224/602 kB | 229/292 kB | 208/256 kB | 4.1/709 kBProgress (5): 1.7/2.6 MB | 224/602 kB | 229/292 kB | 208/256 kB | 7.7/709 kBProgress (5): 1.7/2.6 MB | 228/602 kB | 229/292 kB | 208/256 kB | 7.7/709 kBProgress (5): 1.7/2.6 MB | 228/602 kB | 229/292 kB | 208/256 kB | 12/709 kB Progress (5): 1.7/2.6 MB | 232/602 kB | 229/292 kB | 208/256 kB | 12/709 kBProgress (5): 1.7/2.6 MB | 232/602 kB | 229/292 kB | 208/256 kB | 16/709 kBProgress (5): 1.7/2.6 MB | 236/602 kB | 229/292 kB | 208/256 kB | 16/709 kBProgress (5): 1.7/2.6 MB | 240/602 kB | 229/292 kB | 208/256 kB | 16/709 kBProgress (5): 1.7/2.6 MB | 240/602 kB | 229/292 kB | 208/256 kB | 20/709 kBProgress (5): 1.7/2.6 MB | 245/602 kB | 229/292 kB | 208/256 kB | 20/709 kBProgress (5): 1.7/2.6 MB | 245/602 kB | 229/292 kB | 208/256 kB | 24/709 kBProgress (5): 1.7/2.6 MB | 249/602 kB | 229/292 kB | 208/256 kB | 24/709 kBProgress (5): 1.7/2.6 MB | 249/602 kB | 229/292 kB | 208/256 kB | 28/709 kBProgress (5): 1.7/2.6 MB | 249/602 kB | 233/292 kB | 208/256 kB | 28/709 kBProgress (5): 1.7/2.6 MB | 253/602 kB | 233/292 kB | 208/256 kB | 28/709 kBProgress (5): 1.7/2.6 MB | 253/602 kB | 233/292 kB | 208/256 kB | 32/709 kBProgress (5): 1.7/2.6 MB | 253/602 kB | 237/292 kB | 208/256 kB | 32/709 kBProgress (5): 1.7/2.6 MB | 257/602 kB | 237/292 kB | 208/256 kB | 32/709 kBProgress (5): 1.7/2.6 MB | 257/602 kB | 237/292 kB | 208/256 kB | 36/709 kBProgress (5): 1.7/2.6 MB | 257/602 kB | 241/292 kB | 208/256 kB | 36/709 kBProgress (5): 1.7/2.6 MB | 257/602 kB | 241/292 kB | 208/256 kB | 40/709 kBProgress (5): 1.7/2.6 MB | 257/602 kB | 245/292 kB | 208/256 kB | 40/709 kBProgress (5): 1.7/2.6 MB | 261/602 kB | 245/292 kB | 208/256 kB | 40/709 kBProgress (5): 1.7/2.6 MB | 261/602 kB | 245/292 kB | 208/256 kB | 45/709 kBProgress (5): 1.7/2.6 MB | 261/602 kB | 245/292 kB | 208/256 kB | 49/709 kBProgress (5): 1.7/2.6 MB | 265/602 kB | 245/292 kB | 208/256 kB | 49/709 kBProgress (5): 1.7/2.6 MB | 265/602 kB | 245/292 kB | 208/256 kB | 53/709 kBProgress (5): 1.7/2.6 MB | 269/602 kB | 245/292 kB | 208/256 kB | 53/709 kBProgress (5): 1.7/2.6 MB | 269/602 kB | 245/292 kB | 208/256 kB | 57/709 kBProgress (5): 1.7/2.6 MB | 273/602 kB | 245/292 kB | 208/256 kB | 57/709 kBProgress (5): 1.7/2.6 MB | 277/602 kB | 245/292 kB | 208/256 kB | 57/709 kBProgress (5): 1.7/2.6 MB | 281/602 kB | 245/292 kB | 208/256 kB | 57/709 kBProgress (5): 1.7/2.6 MB | 285/602 kB | 245/292 kB | 208/256 kB | 57/709 kBProgress (5): 1.7/2.6 MB | 290/602 kB | 245/292 kB | 208/256 kB | 57/709 kBProgress (5): 1.7/2.6 MB | 290/602 kB | 245/292 kB | 208/256 kB | 61/709 kBProgress (5): 1.7/2.6 MB | 294/602 kB | 245/292 kB | 208/256 kB | 61/709 kBProgress (5): 1.7/2.6 MB | 294/602 kB | 245/292 kB | 208/256 kB | 65/709 kBProgress (5): 1.7/2.6 MB | 298/602 kB | 245/292 kB | 208/256 kB | 65/709 kBProgress (5): 1.7/2.6 MB | 298/602 kB | 245/292 kB | 208/256 kB | 69/709 kBProgress (5): 1.7/2.6 MB | 298/602 kB | 245/292 kB | 208/256 kB | 73/709 kBProgress (5): 1.7/2.6 MB | 302/602 kB | 245/292 kB | 208/256 kB | 73/709 kBProgress (5): 1.7/2.6 MB | 306/602 kB | 245/292 kB | 208/256 kB | 73/709 kBProgress (5): 1.7/2.6 MB | 310/602 kB | 245/292 kB | 208/256 kB | 73/709 kBProgress (5): 1.7/2.6 MB | 314/602 kB | 245/292 kB | 208/256 kB | 73/709 kBProgress (5): 1.7/2.6 MB | 318/602 kB | 245/292 kB | 208/256 kB | 73/709 kBProgress (5): 1.7/2.6 MB | 322/602 kB | 245/292 kB | 208/256 kB | 73/709 kBProgress (5): 1.7/2.6 MB | 322/602 kB | 245/292 kB | 212/256 kB | 73/709 kBProgress (5): 1.7/2.6 MB | 322/602 kB | 245/292 kB | 216/256 kB | 73/709 kBProgress (5): 1.7/2.6 MB | 322/602 kB | 245/292 kB | 220/256 kB | 73/709 kBProgress (5): 1.7/2.6 MB | 322/602 kB | 245/292 kB | 224/256 kB | 73/709 kBProgress (5): 1.7/2.6 MB | 322/602 kB | 245/292 kB | 228/256 kB | 73/709 kBProgress (5): 1.7/2.6 MB | 322/602 kB | 245/292 kB | 233/256 kB | 73/709 kBProgress (5): 1.7/2.6 MB | 322/602 kB | 245/292 kB | 237/256 kB | 73/709 kBProgress (5): 1.7/2.6 MB | 322/602 kB | 245/292 kB | 241/256 kB | 73/709 kBProgress (5): 1.7/2.6 MB | 322/602 kB | 245/292 kB | 245/256 kB | 73/709 kBProgress (5): 1.7/2.6 MB | 322/602 kB | 245/292 kB | 249/256 kB | 73/709 kBProgress (5): 1.7/2.6 MB | 322/602 kB | 245/292 kB | 253/256 kB | 73/709 kBProgress (5): 1.7/2.6 MB | 322/602 kB | 245/292 kB | 256 kB | 73/709 kB    Progress (5): 1.7/2.6 MB | 322/602 kB | 245/292 kB | 256 kB | 73/709 kBProgress (5): 1.7/2.6 MB | 322/602 kB | 249/292 kB | 256 kB | 73/709 kBProgress (5): 1.7/2.6 MB | 322/602 kB | 253/292 kB | 256 kB | 73/709 kBProgress (5): 1.7/2.6 MB | 322/602 kB | 258/292 kB | 256 kB | 73/709 kBProgress (5): 1.7/2.6 MB | 322/602 kB | 262/292 kB | 256 kB | 73/709 kBProgress (5): 1.7/2.6 MB | 326/602 kB | 262/292 kB | 256 kB | 73/709 kBProgress (5): 1.7/2.6 MB | 326/602 kB | 262/292 kB | 256 kB | 77/709 kBProgress (5): 1.7/2.6 MB | 331/602 kB | 262/292 kB | 256 kB | 77/709 kBProgress (5): 1.7/2.6 MB | 331/602 kB | 262/292 kB | 256 kB | 81/709 kBProgress (5): 1.7/2.6 MB | 335/602 kB | 262/292 kB | 256 kB | 81/709 kBProgress (5): 1.7/2.6 MB | 335/602 kB | 262/292 kB | 256 kB | 86/709 kBProgress (5): 1.7/2.6 MB | 339/602 kB | 262/292 kB | 256 kB | 86/709 kBProgress (5): 1.7/2.6 MB | 339/602 kB | 262/292 kB | 256 kB | 90/709 kBProgress (5): 1.7/2.6 MB | 339/602 kB | 262/292 kB | 256 kB | 90/709 kBProgress (5): 1.7/2.6 MB | 339/602 kB | 266/292 kB | 256 kB | 90/709 kBProgress (5): 1.7/2.6 MB | 339/602 kB | 270/292 kB | 256 kB | 90/709 kBProgress (5): 1.7/2.6 MB | 339/602 kB | 274/292 kB | 256 kB | 90/709 kBProgress (5): 1.7/2.6 MB | 339/602 kB | 278/292 kB | 256 kB | 90/709 kBProgress (5): 1.7/2.6 MB | 339/602 kB | 278/292 kB | 256 kB | 90/709 kBProgress (5): 1.7/2.6 MB | 339/602 kB | 278/292 kB | 256 kB | 90/709 kBProgress (5): 1.8/2.6 MB | 339/602 kB | 278/292 kB | 256 kB | 90/709 kBProgress (5): 1.8/2.6 MB | 343/602 kB | 278/292 kB | 256 kB | 90/709 kBProgress (5): 1.8/2.6 MB | 343/602 kB | 282/292 kB | 256 kB | 90/709 kBProgress (5): 1.8/2.6 MB | 347/602 kB | 282/292 kB | 256 kB | 90/709 kBProgress (5): 1.8/2.6 MB | 351/602 kB | 282/292 kB | 256 kB | 90/709 kBProgress (5): 1.8/2.6 MB | 351/602 kB | 286/292 kB | 256 kB | 90/709 kBProgress (5): 1.8/2.6 MB | 355/602 kB | 286/292 kB | 256 kB | 90/709 kBProgress (5): 1.8/2.6 MB | 355/602 kB | 290/292 kB | 256 kB | 90/709 kB                                                                       Downloaded from central: https://repo.maven.apache.org/maven2/org/junit/platform/junit-platform-engine/1.12.2/junit-platform-engine-1.12.2.jar (256 kB at 10 kB/s)
Progress (4): 1.8/2.6 MB | 359/602 kB | 290/292 kB | 90/709 kB                                                              Downloading from central: https://repo.maven.apache.org/maven2/net/bytebuddy/byte-buddy-agent/1.17.8/byte-buddy-agent-1.17.8.jar
Progress (4): 1.8/2.6 MB | 359/602 kB | 292 kB | 90/709 kBProgress (4): 1.8/2.6 MB | 363/602 kB | 292 kB | 90/709 kBProgress (4): 1.8/2.6 MB | 367/602 kB | 292 kB | 90/709 kBProgress (4): 1.8/2.6 MB | 371/602 kB | 292 kB | 90/709 kBProgress (4): 1.8/2.6 MB | 376/602 kB | 292 kB | 90/709 kBProgress (4): 1.8/2.6 MB | 380/602 kB | 292 kB | 90/709 kBProgress (4): 1.8/2.6 MB | 384/602 kB | 292 kB | 90/709 kBProgress (4): 1.8/2.6 MB | 388/602 kB | 292 kB | 90/709 kBProgress (4): 1.8/2.6 MB | 388/602 kB | 292 kB | 94/709 kBProgress (4): 1.8/2.6 MB | 388/602 kB | 292 kB | 98/709 kBProgress (4): 1.8/2.6 MB | 388/602 kB | 292 kB | 102/709 kBProgress (4): 1.8/2.6 MB | 388/602 kB | 292 kB | 106/709 kBProgress (4): 1.8/2.6 MB | 392/602 kB | 292 kB | 106/709 kBProgress (4): 1.8/2.6 MB | 396/602 kB | 292 kB | 106/709 kBProgress (4): 1.8/2.6 MB | 400/602 kB | 292 kB | 106/709 kBProgress (4): 1.8/2.6 MB | 404/602 kB | 292 kB | 106/709 kBProgress (4): 1.8/2.6 MB | 404/602 kB | 292 kB | 106/709 kBProgress (4): 1.8/2.6 MB | 404/602 kB | 292 kB | 110/709 kBProgress (4): 1.8/2.6 MB | 404/602 kB | 292 kB | 114/709 kBProgress (4): 1.8/2.6 MB | 404/602 kB | 292 kB | 118/709 kBProgress (4): 1.8/2.6 MB | 404/602 kB | 292 kB | 122/709 kBProgress (4): 1.8/2.6 MB | 408/602 kB | 292 kB | 122/709 kBProgress (4): 1.8/2.6 MB | 412/602 kB | 292 kB | 122/709 kBProgress (4): 1.8/2.6 MB | 417/602 kB | 292 kB | 122/709 kBProgress (4): 1.8/2.6 MB | 421/602 kB | 292 kB | 122/709 kBProgress (4): 1.8/2.6 MB | 421/602 kB | 292 kB | 126/709 kBProgress (4): 1.8/2.6 MB | 421/602 kB | 292 kB | 131/709 kBProgress (4): 1.8/2.6 MB | 421/602 kB | 292 kB | 135/709 kBProgress (4): 1.8/2.6 MB | 421/602 kB | 292 kB | 139/709 kBProgress (4): 1.8/2.6 MB | 421/602 kB | 292 kB | 143/709 kBProgress (4): 1.8/2.6 MB | 421/602 kB | 292 kB | 147/709 kBProgress (4): 1.8/2.6 MB | 421/602 kB | 292 kB | 151/709 kBProgress (4): 1.8/2.6 MB | 421/602 kB | 292 kB | 155/709 kBProgress (4): 1.8/2.6 MB | 421/602 kB | 292 kB | 159/709 kBProgress (4): 1.8/2.6 MB | 421/602 kB | 292 kB | 163/709 kBProgress (4): 1.8/2.6 MB | 421/602 kB | 292 kB | 167/709 kBProgress (4): 1.8/2.6 MB | 421/602 kB | 292 kB | 172/709 kBProgress (4): 1.8/2.6 MB | 425/602 kB | 292 kB | 172/709 kBProgress (4): 1.8/2.6 MB | 429/602 kB | 292 kB | 172/709 kBProgress (4): 1.8/2.6 MB | 433/602 kB | 292 kB | 172/709 kBProgress (4): 1.8/2.6 MB | 437/602 kB | 292 kB | 172/709 kBProgress (4): 1.8/2.6 MB | 437/602 kB | 292 kB | 176/709 kBProgress (4): 1.8/2.6 MB | 437/602 kB | 292 kB | 180/709 kBProgress (4): 1.8/2.6 MB | 437/602 kB | 292 kB | 184/709 kBProgress (4): 1.8/2.6 MB | 437/602 kB | 292 kB | 188/709 kB                                                           Downloaded from central: https://repo.maven.apache.org/maven2/org/junit/jupiter/junit-jupiter-engine/5.12.2/junit-jupiter-engine-5.12.2.jar (292 kB at 12 kB/s)
Downloading from central: https://repo.maven.apache.org/maven2/org/objenesis/objenesis/3.3/objenesis-3.3.jar
Progress (3): 1.8/2.6 MB | 437/602 kB | 188/709 kBProgress (3): 1.8/2.6 MB | 437/602 kB | 188/709 kBProgress (3): 1.8/2.6 MB | 437/602 kB | 188/709 kBProgress (3): 1.8/2.6 MB | 437/602 kB | 188/709 kBProgress (3): 1.9/2.6 MB | 437/602 kB | 188/709 kBProgress (4): 1.9/2.6 MB | 437/602 kB | 188/709 kB | 4.1/367 kBProgress (4): 1.9/2.6 MB | 437/602 kB | 188/709 kB | 7.7/367 kBProgress (4): 1.9/2.6 MB | 437/602 kB | 188/709 kB | 11/367 kB Progress (4): 1.9/2.6 MB | 437/602 kB | 192/709 kB | 11/367 kBProgress (4): 1.9/2.6 MB | 437/602 kB | 196/709 kB | 11/367 kBProgress (4): 1.9/2.6 MB | 437/602 kB | 200/709 kB | 11/367 kBProgress (4): 1.9/2.6 MB | 437/602 kB | 204/709 kB | 11/367 kBProgress (4): 1.9/2.6 MB | 437/602 kB | 204/709 kB | 11/367 kBProgress (4): 1.9/2.6 MB | 437/602 kB | 204/709 kB | 15/367 kBProgress (4): 1.9/2.6 MB | 437/602 kB | 204/709 kB | 20/367 kBProgress (4): 1.9/2.6 MB | 437/602 kB | 204/709 kB | 24/367 kBProgress (4): 1.9/2.6 MB | 437/602 kB | 204/709 kB | 28/367 kBProgress (4): 1.9/2.6 MB | 437/602 kB | 208/709 kB | 28/367 kBProgress (4): 1.9/2.6 MB | 437/602 kB | 208/709 kB | 28/367 kBProgress (4): 1.9/2.6 MB | 437/602 kB | 213/709 kB | 28/367 kBProgress (4): 1.9/2.6 MB | 437/602 kB | 217/709 kB | 28/367 kBProgress (4): 1.9/2.6 MB | 437/602 kB | 221/709 kB | 28/367 kBProgress (4): 1.9/2.6 MB | 437/602 kB | 221/709 kB | 28/367 kBProgress (4): 1.9/2.6 MB | 441/602 kB | 221/709 kB | 28/367 kBProgress (4): 1.9/2.6 MB | 445/602 kB | 221/709 kB | 28/367 kBProgress (4): 1.9/2.6 MB | 449/602 kB | 221/709 kB | 28/367 kBProgress (4): 1.9/2.6 MB | 453/602 kB | 221/709 kB | 28/367 kBProgress (4): 1.9/2.6 MB | 458/602 kB | 221/709 kB | 28/367 kBProgress (4): 1.9/2.6 MB | 462/602 kB | 221/709 kB | 28/367 kBProgress (4): 1.9/2.6 MB | 466/602 kB | 221/709 kB | 28/367 kBProgress (4): 1.9/2.6 MB | 470/602 kB | 221/709 kB | 28/367 kBProgress (4): 1.9/2.6 MB | 474/602 kB | 221/709 kB | 28/367 kBProgress (4): 1.9/2.6 MB | 478/602 kB | 221/709 kB | 28/367 kBProgress (4): 1.9/2.6 MB | 482/602 kB | 221/709 kB | 28/367 kBProgress (4): 1.9/2.6 MB | 486/602 kB | 221/709 kB | 28/367 kBProgress (4): 1.9/2.6 MB | 490/602 kB | 221/709 kB | 28/367 kBProgress (4): 1.9/2.6 MB | 494/602 kB | 221/709 kB | 28/367 kBProgress (4): 1.9/2.6 MB | 498/602 kB | 221/709 kB | 28/367 kBProgress (4): 1.9/2.6 MB | 503/602 kB | 221/709 kB | 28/367 kBProgress (4): 1.9/2.6 MB | 507/602 kB | 221/709 kB | 28/367 kBProgress (4): 1.9/2.6 MB | 511/602 kB | 221/709 kB | 28/367 kBProgress (4): 1.9/2.6 MB | 515/602 kB | 221/709 kB | 28/367 kBProgress (4): 1.9/2.6 MB | 519/602 kB | 221/709 kB | 28/367 kBProgress (4): 1.9/2.6 MB | 523/602 kB | 221/709 kB | 28/367 kBProgress (4): 1.9/2.6 MB | 527/602 kB | 221/709 kB | 28/367 kBProgress (4): 1.9/2.6 MB | 531/602 kB | 221/709 kB | 28/367 kBProgress (4): 1.9/2.6 MB | 535/602 kB | 221/709 kB | 28/367 kBProgress (4): 1.9/2.6 MB | 539/602 kB | 221/709 kB | 28/367 kBProgress (4): 1.9/2.6 MB | 544/602 kB | 221/709 kB | 28/367 kBProgress (4): 1.9/2.6 MB | 548/602 kB | 221/709 kB | 28/367 kBProgress (4): 1.9/2.6 MB | 552/602 kB | 221/709 kB | 28/367 kBProgress (4): 1.9/2.6 MB | 556/602 kB | 221/709 kB | 28/367 kBProgress (4): 1.9/2.6 MB | 560/602 kB | 221/709 kB | 28/367 kBProgress (4): 1.9/2.6 MB | 564/602 kB | 221/709 kB | 28/367 kBProgress (4): 1.9/2.6 MB | 568/602 kB | 221/709 kB | 28/367 kBProgress (4): 1.9/2.6 MB | 572/602 kB | 221/709 kB | 28/367 kBProgress (4): 1.9/2.6 MB | 576/602 kB | 221/709 kB | 28/367 kBProgress (4): 1.9/2.6 MB | 580/602 kB | 221/709 kB | 28/367 kBProgress (4): 1.9/2.6 MB | 584/602 kB | 221/709 kB | 28/367 kBProgress (4): 1.9/2.6 MB | 584/602 kB | 221/709 kB | 32/367 kBProgress (4): 1.9/2.6 MB | 584/602 kB | 225/709 kB | 32/367 kBProgress (4): 1.9/2.6 MB | 584/602 kB | 225/709 kB | 32/367 kBProgress (4): 1.9/2.6 MB | 584/602 kB | 225/709 kB | 36/367 kBProgress (4): 1.9/2.6 MB | 584/602 kB | 225/709 kB | 40/367 kBProgress (4): 1.9/2.6 MB | 584/602 kB | 229/709 kB | 40/367 kBProgress (4): 1.9/2.6 MB | 584/602 kB | 233/709 kB | 40/367 kBProgress (4): 1.9/2.6 MB | 584/602 kB | 233/709 kB | 44/367 kBProgress (4): 1.9/2.6 MB | 584/602 kB | 237/709 kB | 44/367 kBProgress (4): 1.9/2.6 MB | 584/602 kB | 237/709 kB | 48/367 kBProgress (4): 1.9/2.6 MB | 584/602 kB | 237/709 kB | 52/367 kBProgress (4): 1.9/2.6 MB | 584/602 kB | 241/709 kB | 52/367 kBProgress (4): 1.9/2.6 MB | 584/602 kB | 241/709 kB | 56/367 kBProgress (4): 1.9/2.6 MB | 584/602 kB | 245/709 kB | 56/367 kBProgress (4): 1.9/2.6 MB | 584/602 kB | 245/709 kB | 61/367 kBProgress (4): 1.9/2.6 MB | 584/602 kB | 249/709 kB | 61/367 kBProgress (4): 1.9/2.6 MB | 584/602 kB | 249/709 kB | 65/367 kBProgress (4): 1.9/2.6 MB | 584/602 kB | 253/709 kB | 65/367 kBProgress (4): 1.9/2.6 MB | 584/602 kB | 253/709 kB | 69/367 kBProgress (4): 1.9/2.6 MB | 584/602 kB | 258/709 kB | 69/367 kBProgress (4): 1.9/2.6 MB | 584/602 kB | 258/709 kB | 73/367 kBProgress (4): 1.9/2.6 MB | 584/602 kB | 262/709 kB | 73/367 kBProgress (4): 1.9/2.6 MB | 584/602 kB | 262/709 kB | 77/367 kBProgress (4): 1.9/2.6 MB | 584/602 kB | 266/709 kB | 77/367 kBProgress (4): 1.9/2.6 MB | 584/602 kB | 270/709 kB | 77/367 kBProgress (4): 1.9/2.6 MB | 584/602 kB | 270/709 kB | 81/367 kBProgress (4): 1.9/2.6 MB | 584/602 kB | 274/709 kB | 81/367 kBProgress (4): 1.9/2.6 MB | 584/602 kB | 278/709 kB | 81/367 kBProgress (4): 1.9/2.6 MB | 584/602 kB | 278/709 kB | 85/367 kBProgress (4): 1.9/2.6 MB | 584/602 kB | 282/709 kB | 85/367 kBProgress (4): 1.9/2.6 MB | 584/602 kB | 282/709 kB | 89/367 kBProgress (4): 1.9/2.6 MB | 584/602 kB | 286/709 kB | 89/367 kBProgress (4): 1.9/2.6 MB | 584/602 kB | 286/709 kB | 93/367 kBProgress (4): 1.9/2.6 MB | 584/602 kB | 290/709 kB | 93/367 kBProgress (4): 1.9/2.6 MB | 584/602 kB | 294/709 kB | 93/367 kBProgress (4): 1.9/2.6 MB | 584/602 kB | 299/709 kB | 93/367 kBProgress (4): 1.9/2.6 MB | 584/602 kB | 303/709 kB | 93/367 kBProgress (4): 1.9/2.6 MB | 589/602 kB | 303/709 kB | 93/367 kBProgress (4): 1.9/2.6 MB | 589/602 kB | 303/709 kB | 93/367 kBProgress (4): 1.9/2.6 MB | 589/602 kB | 303/709 kB | 97/367 kBProgress (4): 1.9/2.6 MB | 593/602 kB | 303/709 kB | 97/367 kBProgress (4): 1.9/2.6 MB | 593/602 kB | 303/709 kB | 101/367 kBProgress (4): 1.9/2.6 MB | 597/602 kB | 303/709 kB | 101/367 kBProgress (4): 1.9/2.6 MB | 597/602 kB | 303/709 kB | 106/367 kBProgress (5): 1.9/2.6 MB | 597/602 kB | 303/709 kB | 106/367 kB | 4.1/49 kBProgress (5): 1.9/2.6 MB | 597/602 kB | 303/709 kB | 110/367 kB | 4.1/49 kBProgress (5): 1.9/2.6 MB | 601/602 kB | 303/709 kB | 110/367 kB | 4.1/49 kBProgress (5): 1.9/2.6 MB | 601/602 kB | 303/709 kB | 110/367 kB | 7.7/49 kBProgress (5): 1.9/2.6 MB | 601/602 kB | 303/709 kB | 110/367 kB | 12/49 kB Progress (5): 1.9/2.6 MB | 601/602 kB | 303/709 kB | 110/367 kB | 16/49 kBProgress (5): 1.9/2.6 MB | 601/602 kB | 303/709 kB | 114/367 kB | 16/49 kBProgress (5): 1.9/2.6 MB | 601/602 kB | 303/709 kB | 118/367 kB | 16/49 kBProgress (5): 1.9/2.6 MB | 601/602 kB | 303/709 kB | 122/367 kB | 16/49 kBProgress (5): 1.9/2.6 MB | 602 kB | 303/709 kB | 122/367 kB | 16/49 kB    Progress (5): 1.9/2.6 MB | 602 kB | 303/709 kB | 126/367 kB | 16/49 kBProgress (5): 1.9/2.6 MB | 602 kB | 303/709 kB | 130/367 kB | 16/49 kBProgress (5): 1.9/2.6 MB | 602 kB | 303/709 kB | 134/367 kB | 16/49 kBProgress (5): 1.9/2.6 MB | 602 kB | 303/709 kB | 138/367 kB | 16/49 kBProgress (5): 1.9/2.6 MB | 602 kB | 303/709 kB | 142/367 kB | 16/49 kBProgress (5): 1.9/2.6 MB | 602 kB | 307/709 kB | 142/367 kB | 16/49 kBProgress (5): 1.9/2.6 MB | 602 kB | 307/709 kB | 147/367 kB | 16/49 kBProgress (5): 1.9/2.6 MB | 602 kB | 307/709 kB | 151/367 kB | 16/49 kBProgress (5): 1.9/2.6 MB | 602 kB | 307/709 kB | 155/367 kB | 16/49 kBProgress (5): 1.9/2.6 MB | 602 kB | 307/709 kB | 159/367 kB | 16/49 kBProgress (5): 1.9/2.6 MB | 602 kB | 311/709 kB | 159/367 kB | 16/49 kBProgress (5): 1.9/2.6 MB | 602 kB | 315/709 kB | 159/367 kB | 16/49 kBProgress (5): 1.9/2.6 MB | 602 kB | 319/709 kB | 159/367 kB | 16/49 kBProgress (5): 1.9/2.6 MB | 602 kB | 323/709 kB | 159/367 kB | 16/49 kBProgress (5): 1.9/2.6 MB | 602 kB | 327/709 kB | 159/367 kB | 16/49 kBProgress (5): 1.9/2.6 MB | 602 kB | 331/709 kB | 159/367 kB | 16/49 kBProgress (5): 1.9/2.6 MB | 602 kB | 335/709 kB | 159/367 kB | 16/49 kBProgress (5): 1.9/2.6 MB | 602 kB | 335/709 kB | 163/367 kB | 16/49 kBProgress (5): 1.9/2.6 MB | 602 kB | 335/709 kB | 167/367 kB | 16/49 kBProgress (5): 1.9/2.6 MB | 602 kB | 335/709 kB | 171/367 kB | 16/49 kBProgress (5): 1.9/2.6 MB | 602 kB | 335/709 kB | 175/367 kB | 16/49 kBProgress (5): 1.9/2.6 MB | 602 kB | 339/709 kB | 175/367 kB | 16/49 kBProgress (5): 1.9/2.6 MB | 602 kB | 344/709 kB | 175/367 kB | 16/49 kBProgress (5): 1.9/2.6 MB | 602 kB | 348/709 kB | 175/367 kB | 16/49 kBProgress (5): 1.9/2.6 MB | 602 kB | 352/709 kB | 175/367 kB | 16/49 kBProgress (5): 1.9/2.6 MB | 602 kB | 356/709 kB | 175/367 kB | 16/49 kBProgress (5): 1.9/2.6 MB | 602 kB | 360/709 kB | 175/367 kB | 16/49 kBProgress (5): 1.9/2.6 MB | 602 kB | 364/709 kB | 175/367 kB | 16/49 kBProgress (5): 1.9/2.6 MB | 602 kB | 368/709 kB | 175/367 kB | 16/49 kBProgress (5): 1.9/2.6 MB | 602 kB | 368/709 kB | 175/367 kB | 20/49 kBProgress (5): 1.9/2.6 MB | 602 kB | 368/709 kB | 175/367 kB | 24/49 kBProgress (5): 1.9/2.6 MB | 602 kB | 368/709 kB | 175/367 kB | 28/49 kBProgress (5): 1.9/2.6 MB | 602 kB | 368/709 kB | 175/367 kB | 32/49 kBProgress (5): 1.9/2.6 MB | 602 kB | 372/709 kB | 175/367 kB | 32/49 kBProgress (5): 1.9/2.6 MB | 602 kB | 376/709 kB | 175/367 kB | 32/49 kBProgress (5): 1.9/2.6 MB | 602 kB | 380/709 kB | 175/367 kB | 32/49 kBProgress (5): 1.9/2.6 MB | 602 kB | 385/709 kB | 175/367 kB | 32/49 kBProgress (5): 1.9/2.6 MB | 602 kB | 385/709 kB | 175/367 kB | 36/49 kBProgress (5): 1.9/2.6 MB | 602 kB | 385/709 kB | 175/367 kB | 40/49 kBProgress (5): 1.9/2.6 MB | 602 kB | 385/709 kB | 175/367 kB | 45/49 kBProgress (5): 1.9/2.6 MB | 602 kB | 385/709 kB | 175/367 kB | 49/49 kBProgress (5): 1.9/2.6 MB | 602 kB | 385/709 kB | 175/367 kB | 49 kB   Progress (5): 2.0/2.6 MB | 602 kB | 385/709 kB | 175/367 kB | 49 kBProgress (5): 2.0/2.6 MB | 602 kB | 385/709 kB | 175/367 kB | 49 kBProgress (5): 2.0/2.6 MB | 602 kB | 385/709 kB | 175/367 kB | 49 kBProgress (5): 2.0/2.6 MB | 602 kB | 385/709 kB | 175/367 kB | 49 kB                                                                   Downloaded from central: https://repo.maven.apache.org/maven2/org/junit/jupiter/junit-jupiter-params/5.12.2/junit-jupiter-params-5.12.2.jar (602 kB at 24 kB/s)
Downloading from central: https://repo.maven.apache.org/maven2/org/mockito/mockito-junit-jupiter/5.17.0/mockito-junit-jupiter-5.17.0.jar
Progress (4): 2.0/2.6 MB | 389/709 kB | 175/367 kB | 49 kBProgress (4): 2.0/2.6 MB | 393/709 kB | 175/367 kB | 49 kBProgress (4): 2.0/2.6 MB | 397/709 kB | 175/367 kB | 49 kBProgress (4): 2.0/2.6 MB | 401/709 kB | 175/367 kB | 49 kBProgress (4): 2.0/2.6 MB | 401/709 kB | 175/367 kB | 49 kBProgress (4): 2.0/2.6 MB | 405/709 kB | 175/367 kB | 49 kBProgress (4): 2.0/2.6 MB | 409/709 kB | 175/367 kB | 49 kBProgress (4): 2.0/2.6 MB | 413/709 kB | 175/367 kB | 49 kBProgress (4): 2.0/2.6 MB | 417/709 kB | 175/367 kB | 49 kBProgress (4): 2.0/2.6 MB | 421/709 kB | 175/367 kB | 49 kBProgress (4): 2.0/2.6 MB | 426/709 kB | 175/367 kB | 49 kBProgress (4): 2.0/2.6 MB | 430/709 kB | 175/367 kB | 49 kBProgress (4): 2.0/2.6 MB | 434/709 kB | 175/367 kB | 49 kBProgress (4): 2.0/2.6 MB | 438/709 kB | 175/367 kB | 49 kBProgress (4): 2.0/2.6 MB | 442/709 kB | 175/367 kB | 49 kBProgress (4): 2.0/2.6 MB | 446/709 kB | 175/367 kB | 49 kBProgress (4): 2.0/2.6 MB | 450/709 kB | 175/367 kB | 49 kBProgress (4): 2.0/2.6 MB | 454/709 kB | 175/367 kB | 49 kBProgress (4): 2.0/2.6 MB | 458/709 kB | 175/367 kB | 49 kBProgress (4): 2.0/2.6 MB | 462/709 kB | 175/367 kB | 49 kBProgress (4): 2.0/2.6 MB | 466/709 kB | 175/367 kB | 49 kBProgress (4): 2.0/2.6 MB | 466/709 kB | 175/367 kB | 49 kBProgress (4): 2.0/2.6 MB | 466/709 kB | 179/367 kB | 49 kBProgress (4): 2.0/2.6 MB | 466/709 kB | 183/367 kB | 49 kBProgress (4): 2.0/2.6 MB | 466/709 kB | 187/367 kB | 49 kBProgress (4): 2.0/2.6 MB | 466/709 kB | 192/367 kB | 49 kBProgress (4): 2.0/2.6 MB | 466/709 kB | 196/367 kB | 49 kBProgress (4): 2.0/2.6 MB | 466/709 kB | 200/367 kB | 49 kBProgress (4): 2.0/2.6 MB | 466/709 kB | 204/367 kB | 49 kBProgress (4): 2.0/2.6 MB | 466/709 kB | 208/367 kB | 49 kBProgress (4): 2.0/2.6 MB | 466/709 kB | 212/367 kB | 49 kBProgress (4): 2.0/2.6 MB | 466/709 kB | 216/367 kB | 49 kBProgress (4): 2.0/2.6 MB | 466/709 kB | 220/367 kB | 49 kBProgress (4): 2.0/2.6 MB | 466/709 kB | 224/367 kB | 49 kBProgress (4): 2.0/2.6 MB | 466/709 kB | 228/367 kB | 49 kBProgress (4): 2.0/2.6 MB | 466/709 kB | 233/367 kB | 49 kBProgress (4): 2.0/2.6 MB | 466/709 kB | 237/367 kB | 49 kBProgress (4): 2.0/2.6 MB | 466/709 kB | 241/367 kB | 49 kBProgress (4): 2.0/2.6 MB | 466/709 kB | 245/367 kB | 49 kBProgress (4): 2.0/2.6 MB | 466/709 kB | 249/367 kB | 49 kBProgress (4): 2.0/2.6 MB | 466/709 kB | 253/367 kB | 49 kBProgress (4): 2.0/2.6 MB | 466/709 kB | 257/367 kB | 49 kBProgress (4): 2.0/2.6 MB | 466/709 kB | 261/367 kB | 49 kBProgress (4): 2.0/2.6 MB | 466/709 kB | 265/367 kB | 49 kBProgress (4): 2.0/2.6 MB | 466/709 kB | 269/367 kB | 49 kBProgress (4): 2.0/2.6 MB | 466/709 kB | 274/367 kB | 49 kBProgress (4): 2.0/2.6 MB | 466/709 kB | 278/367 kB | 49 kBProgress (4): 2.0/2.6 MB | 466/709 kB | 282/367 kB | 49 kBProgress (4): 2.0/2.6 MB | 466/709 kB | 286/367 kB | 49 kBProgress (4): 2.0/2.6 MB | 466/709 kB | 290/367 kB | 49 kBProgress (4): 2.0/2.6 MB | 466/709 kB | 294/367 kB | 49 kBProgress (4): 2.0/2.6 MB | 466/709 kB | 298/367 kB | 49 kBProgress (4): 2.0/2.6 MB | 466/709 kB | 302/367 kB | 49 kBProgress (5): 2.0/2.6 MB | 466/709 kB | 302/367 kB | 49 kB | 3.1/9.4 kBProgress (5): 2.0/2.6 MB | 466/709 kB | 306/367 kB | 49 kB | 3.1/9.4 kB                                                                       Downloaded from central: https://repo.maven.apache.org/maven2/org/objenesis/objenesis/3.3/objenesis-3.3.jar (49 kB at 1.9 kB/s)
Downloading from central: https://repo.maven.apache.org/maven2/org/skyscreamer/jsonassert/1.5.3/jsonassert-1.5.3.jar
Progress (4): 2.1/2.6 MB | 466/709 kB | 306/367 kB | 3.1/9.4 kBProgress (4): 2.1/2.6 MB | 471/709 kB | 306/367 kB | 3.1/9.4 kBProgress (4): 2.1/2.6 MB | 475/709 kB | 306/367 kB | 3.1/9.4 kBProgress (4): 2.1/2.6 MB | 479/709 kB | 306/367 kB | 3.1/9.4 kBProgress (4): 2.1/2.6 MB | 483/709 kB | 306/367 kB | 3.1/9.4 kBProgress (4): 2.1/2.6 MB | 483/709 kB | 306/367 kB | 7.2/9.4 kBProgress (4): 2.1/2.6 MB | 483/709 kB | 306/367 kB | 9.4 kB    Progress (4): 2.1/2.6 MB | 483/709 kB | 306/367 kB | 9.4 kBProgress (4): 2.1/2.6 MB | 483/709 kB | 310/367 kB | 9.4 kBProgress (4): 2.1/2.6 MB | 483/709 kB | 314/367 kB | 9.4 kBProgress (4): 2.1/2.6 MB | 483/709 kB | 319/367 kB | 9.4 kBProgress (4): 2.1/2.6 MB | 483/709 kB | 323/367 kB | 9.4 kBProgress (4): 2.1/2.6 MB | 487/709 kB | 323/367 kB | 9.4 kBProgress (4): 2.1/2.6 MB | 491/709 kB | 323/367 kB | 9.4 kBProgress (4): 2.1/2.6 MB | 495/709 kB | 323/367 kB | 9.4 kBProgress (4): 2.1/2.6 MB | 499/709 kB | 323/367 kB | 9.4 kBProgress (4): 2.1/2.6 MB | 499/709 kB | 323/367 kB | 9.4 kBProgress (4): 2.1/2.6 MB | 499/709 kB | 327/367 kB | 9.4 kBProgress (4): 2.1/2.6 MB | 499/709 kB | 331/367 kB | 9.4 kBProgress (4): 2.1/2.6 MB | 499/709 kB | 335/367 kB | 9.4 kBProgress (4): 2.1/2.6 MB | 499/709 kB | 339/367 kB | 9.4 kBProgress (4): 2.1/2.6 MB | 503/709 kB | 339/367 kB | 9.4 kBProgress (4): 2.1/2.6 MB | 507/709 kB | 339/367 kB | 9.4 kBProgress (4): 2.1/2.6 MB | 512/709 kB | 339/367 kB | 9.4 kBProgress (4): 2.1/2.6 MB | 516/709 kB | 339/367 kB | 9.4 kBProgress (4): 2.1/2.6 MB | 516/709 kB | 339/367 kB | 9.4 kBProgress (4): 2.1/2.6 MB | 516/709 kB | 343/367 kB | 9.4 kBProgress (4): 2.1/2.6 MB | 516/709 kB | 347/367 kB | 9.4 kBProgress (4): 2.1/2.6 MB | 516/709 kB | 351/367 kB | 9.4 kBProgress (4): 2.1/2.6 MB | 516/709 kB | 355/367 kB | 9.4 kBProgress (4): 2.1/2.6 MB | 520/709 kB | 355/367 kB | 9.4 kBProgress (4): 2.1/2.6 MB | 524/709 kB | 355/367 kB | 9.4 kBProgress (4): 2.1/2.6 MB | 528/709 kB | 355/367 kB | 9.4 kBProgress (4): 2.1/2.6 MB | 532/709 kB | 355/367 kB | 9.4 kBProgress (4): 2.1/2.6 MB | 532/709 kB | 360/367 kB | 9.4 kBProgress (4): 2.1/2.6 MB | 532/709 kB | 364/367 kB | 9.4 kBProgress (4): 2.1/2.6 MB | 532/709 kB | 367 kB | 9.4 kB    Progress (4): 2.1/2.6 MB | 536/709 kB | 367 kB | 9.4 kBProgress (4): 2.1/2.6 MB | 540/709 kB | 367 kB | 9.4 kBProgress (4): 2.1/2.6 MB | 544/709 kB | 367 kB | 9.4 kBProgress (4): 2.1/2.6 MB | 548/709 kB | 367 kB | 9.4 kBProgress (4): 2.1/2.6 MB | 552/709 kB | 367 kB | 9.4 kBProgress (4): 2.1/2.6 MB | 557/709 kB | 367 kB | 9.4 kBProgress (4): 2.1/2.6 MB | 561/709 kB | 367 kB | 9.4 kBProgress (4): 2.1/2.6 MB | 565/709 kB | 367 kB | 9.4 kBProgress (4): 2.1/2.6 MB | 569/709 kB | 367 kB | 9.4 kBProgress (4): 2.1/2.6 MB | 573/709 kB | 367 kB | 9.4 kBProgress (4): 2.1/2.6 MB | 577/709 kB | 367 kB | 9.4 kBProgress (4): 2.1/2.6 MB | 581/709 kB | 367 kB | 9.4 kBProgress (4): 2.1/2.6 MB | 585/709 kB | 367 kB | 9.4 kBProgress (4): 2.1/2.6 MB | 589/709 kB | 367 kB | 9.4 kBProgress (4): 2.1/2.6 MB | 593/709 kB | 367 kB | 9.4 kBProgress (4): 2.1/2.6 MB | 598/709 kB | 367 kB | 9.4 kBProgress (4): 2.1/2.6 MB | 602/709 kB | 367 kB | 9.4 kBProgress (4): 2.1/2.6 MB | 606/709 kB | 367 kB | 9.4 kBProgress (4): 2.1/2.6 MB | 610/709 kB | 367 kB | 9.4 kBProgress (4): 2.1/2.6 MB | 614/709 kB | 367 kB | 9.4 kBProgress (4): 2.1/2.6 MB | 618/709 kB | 367 kB | 9.4 kBProgress (4): 2.1/2.6 MB | 618/709 kB | 367 kB | 9.4 kBProgress (4): 2.1/2.6 MB | 622/709 kB | 367 kB | 9.4 kBProgress (4): 2.1/2.6 MB | 626/709 kB | 367 kB | 9.4 kBProgress (4): 2.1/2.6 MB | 626/709 kB | 367 kB | 9.4 kBProgress (4): 2.1/2.6 MB | 630/709 kB | 367 kB | 9.4 kBProgress (4): 2.2/2.6 MB | 630/709 kB | 367 kB | 9.4 kB                                                       Downloaded from central: https://repo.maven.apache.org/maven2/net/bytebuddy/byte-buddy-agent/1.17.8/byte-buddy-agent-1.17.8.jar (367 kB at 14 kB/s)
Progress (3): 2.2/2.6 MB | 630/709 kB | 9.4 kB                                              Downloading from central: https://repo.maven.apache.org/maven2/com/vaadin/external/google/android-json/0.0.20131108.vaadin1/android-json-0.0.20131108.vaadin1.jar
Downloaded from central: https://repo.maven.apache.org/maven2/org/mockito/mockito-junit-jupiter/5.17.0/mockito-junit-jupiter-5.17.0.jar (9.4 kB at 366 B/s)
Downloading from central: https://repo.maven.apache.org/maven2/org/springframework/spring-core/6.2.19/spring-core-6.2.19.jar
Progress (2): 2.2/2.6 MB | 630/709 kBProgress (3): 2.2/2.6 MB | 630/709 kB | 4.1/31 kBProgress (3): 2.2/2.6 MB | 630/709 kB | 7.7/31 kBProgress (3): 2.2/2.6 MB | 630/709 kB | 12/31 kB Progress (3): 2.2/2.6 MB | 630/709 kB | 16/31 kBProgress (3): 2.2/2.6 MB | 630/709 kB | 20/31 kBProgress (3): 2.2/2.6 MB | 630/709 kB | 20/31 kBProgress (3): 2.2/2.6 MB | 634/709 kB | 20/31 kBProgress (3): 2.2/2.6 MB | 638/709 kB | 20/31 kBProgress (3): 2.2/2.6 MB | 638/709 kB | 24/31 kBProgress (3): 2.2/2.6 MB | 643/709 kB | 24/31 kBProgress (3): 2.2/2.6 MB | 647/709 kB | 24/31 kBProgress (3): 2.2/2.6 MB | 647/709 kB | 28/31 kBProgress (3): 2.2/2.6 MB | 647/709 kB | 31 kB   Progress (3): 2.2/2.6 MB | 651/709 kB | 31 kBProgress (3): 2.2/2.6 MB | 655/709 kB | 31 kBProgress (3): 2.2/2.6 MB | 659/709 kB | 31 kBProgress (3): 2.2/2.6 MB | 663/709 kB | 31 kBProgress (3): 2.2/2.6 MB | 663/709 kB | 31 kBProgress (3): 2.2/2.6 MB | 663/709 kB | 31 kBProgress (4): 2.2/2.6 MB | 663/709 kB | 31 kB | 4.1/18 kBProgress (5): 2.2/2.6 MB | 663/709 kB | 31 kB | 4.1/18 kB | 0/2.0 MBProgress (5): 2.2/2.6 MB | 663/709 kB | 31 kB | 7.7/18 kB | 0/2.0 MBProgress (5): 2.2/2.6 MB | 663/709 kB | 31 kB | 12/18 kB | 0/2.0 MB Progress (5): 2.2/2.6 MB | 663/709 kB | 31 kB | 16/18 kB | 0/2.0 MBProgress (5): 2.2/2.6 MB | 663/709 kB | 31 kB | 18 kB | 0/2.0 MB   Progress (5): 2.3/2.6 MB | 663/709 kB | 31 kB | 18 kB | 0/2.0 MBProgress (5): 2.3/2.6 MB | 663/709 kB | 31 kB | 18 kB | 0/2.0 MBProgress (5): 2.3/2.6 MB | 663/709 kB | 31 kB | 18 kB | 0/2.0 MBProgress (5): 2.3/2.6 MB | 663/709 kB | 31 kB | 18 kB | 0/2.0 MBProgress (5): 2.3/2.6 MB | 663/709 kB | 31 kB | 18 kB | 0/2.0 MBProgress (5): 2.3/2.6 MB | 663/709 kB | 31 kB | 18 kB | 0/2.0 MBProgress (5): 2.3/2.6 MB | 663/709 kB | 31 kB | 18 kB | 0/2.0 MBProgress (5): 2.3/2.6 MB | 663/709 kB | 31 kB | 18 kB | 0.1/2.0 MBProgress (5): 2.3/2.6 MB | 663/709 kB | 31 kB | 18 kB | 0.1/2.0 MBProgress (5): 2.3/2.6 MB | 667/709 kB | 31 kB | 18 kB | 0.1/2.0 MBProgress (5): 2.3/2.6 MB | 671/709 kB | 31 kB | 18 kB | 0.1/2.0 MBProgress (5): 2.3/2.6 MB | 675/709 kB | 31 kB | 18 kB | 0.1/2.0 MBProgress (5): 2.3/2.6 MB | 679/709 kB | 31 kB | 18 kB | 0.1/2.0 MBProgress (5): 2.3/2.6 MB | 684/709 kB | 31 kB | 18 kB | 0.1/2.0 MBProgress (5): 2.3/2.6 MB | 688/709 kB | 31 kB | 18 kB | 0.1/2.0 MBProgress (5): 2.3/2.6 MB | 692/709 kB | 31 kB | 18 kB | 0.1/2.0 MBProgress (5): 2.3/2.6 MB | 696/709 kB | 31 kB | 18 kB | 0.1/2.0 MBProgress (5): 2.3/2.6 MB | 700/709 kB | 31 kB | 18 kB | 0.1/2.0 MBProgress (5): 2.3/2.6 MB | 704/709 kB | 31 kB | 18 kB | 0.1/2.0 MBProgress (5): 2.3/2.6 MB | 708/709 kB | 31 kB | 18 kB | 0.1/2.0 MBProgress (5): 2.3/2.6 MB | 709 kB | 31 kB | 18 kB | 0.1/2.0 MB    Progress (5): 2.3/2.6 MB | 709 kB | 31 kB | 18 kB | 0.1/2.0 MB                                                              Downloaded from central: https://repo.maven.apache.org/maven2/com/vaadin/external/google/android-json/0.0.20131108.vaadin1/android-json-0.0.20131108.vaadin1.jar (18 kB at 709 B/s)
Downloading from central: https://repo.maven.apache.org/maven2/org/springframework/spring-jcl/6.2.19/spring-jcl-6.2.19.jar
Downloaded from central: https://repo.maven.apache.org/maven2/org/skyscreamer/jsonassert/1.5.3/jsonassert-1.5.3.jar (31 kB at 1.2 kB/s)
Downloading from central: https://repo.maven.apache.org/maven2/org/springframework/spring-test/6.2.19/spring-test-6.2.19.jar
Progress (3): 2.3/2.6 MB | 709 kB | 0.1/2.0 MBProgress (3): 2.3/2.6 MB | 709 kB | 0.1/2.0 MBProgress (3): 2.3/2.6 MB | 709 kB | 0.1/2.0 MBProgress (3): 2.3/2.6 MB | 709 kB | 0.1/2.0 MBProgress (3): 2.3/2.6 MB | 709 kB | 0.1/2.0 MBProgress (3): 2.3/2.6 MB | 709 kB | 0.1/2.0 MBProgress (3): 2.3/2.6 MB | 709 kB | 0.1/2.0 MBProgress (3): 2.3/2.6 MB | 709 kB | 0.1/2.0 MBProgress (3): 2.4/2.6 MB | 709 kB | 0.1/2.0 MBProgress (3): 2.4/2.6 MB | 709 kB | 0.1/2.0 MBProgress (3): 2.4/2.6 MB | 709 kB | 0.1/2.0 MBProgress (3): 2.4/2.6 MB | 709 kB | 0.1/2.0 MBProgress (3): 2.4/2.6 MB | 709 kB | 0.1/2.0 MBProgress (3): 2.4/2.6 MB | 709 kB | 0.1/2.0 MBProgress (3): 2.4/2.6 MB | 709 kB | 0.1/2.0 MBProgress (3): 2.4/2.6 MB | 709 kB | 0.2/2.0 MBProgress (3): 2.4/2.6 MB | 709 kB | 0.2/2.0 MBProgress (3): 2.4/2.6 MB | 709 kB | 0.2/2.0 MBProgress (3): 2.4/2.6 MB | 709 kB | 0.2/2.0 MBProgress (3): 2.4/2.6 MB | 709 kB | 0.2/2.0 MB                                              Downloaded from central: https://repo.maven.apache.org/maven2/org/mockito/mockito-core/5.17.0/mockito-core-5.17.0.jar (709 kB at 27 kB/s)
Downloading from central: https://repo.maven.apache.org/maven2/org/xmlunit/xmlunit-core/2.10.4/xmlunit-core-2.10.4.jar
Progress (2): 2.4/2.6 MB | 0.2/2.0 MBProgress (3): 2.4/2.6 MB | 0.2/2.0 MB | 4.1/24 kBProgress (4): 2.4/2.6 MB | 0.2/2.0 MB | 4.1/24 kB | 0/1.0 MBProgress (4): 2.4/2.6 MB | 0.2/2.0 MB | 7.7/24 kB | 0/1.0 MBProgress (4): 2.4/2.6 MB | 0.2/2.0 MB | 11/24 kB | 0/1.0 MB Progress (4): 2.4/2.6 MB | 0.2/2.0 MB | 11/24 kB | 0/1.0 MBProgress (4): 2.4/2.6 MB | 0.2/2.0 MB | 15/24 kB | 0/1.0 MBProgress (4): 2.4/2.6 MB | 0.2/2.0 MB | 15/24 kB | 0/1.0 MBProgress (4): 2.4/2.6 MB | 0.2/2.0 MB | 20/24 kB | 0/1.0 MBProgress (4): 2.4/2.6 MB | 0.2/2.0 MB | 24/24 kB | 0/1.0 MBProgress (4): 2.4/2.6 MB | 0.2/2.0 MB | 24/24 kB | 0/1.0 MBProgress (4): 2.4/2.6 MB | 0.2/2.0 MB | 24 kB | 0/1.0 MB   Progress (4): 2.4/2.6 MB | 0.2/2.0 MB | 24 kB | 0/1.0 MBProgress (4): 2.4/2.6 MB | 0.2/2.0 MB | 24 kB | 0/1.0 MBProgress (4): 2.4/2.6 MB | 0.2/2.0 MB | 24 kB | 0/1.0 MBProgress (4): 2.4/2.6 MB | 0.2/2.0 MB | 24 kB | 0/1.0 MBProgress (4): 2.4/2.6 MB | 0.2/2.0 MB | 24 kB | 0/1.0 MBProgress (4): 2.4/2.6 MB | 0.2/2.0 MB | 24 kB | 0/1.0 MBProgress (4): 2.4/2.6 MB | 0.2/2.0 MB | 24 kB | 0/1.0 MBProgress (4): 2.5/2.6 MB | 0.2/2.0 MB | 24 kB | 0/1.0 MBProgress (4): 2.5/2.6 MB | 0.2/2.0 MB | 24 kB | 0.1/1.0 MBProgress (4): 2.5/2.6 MB | 0.2/2.0 MB | 24 kB | 0.1/1.0 MBProgress (4): 2.5/2.6 MB | 0.2/2.0 MB | 24 kB | 0.1/1.0 MBProgress (4): 2.5/2.6 MB | 0.2/2.0 MB | 24 kB | 0.1/1.0 MBProgress (4): 2.5/2.6 MB | 0.2/2.0 MB | 24 kB | 0.1/1.0 MBProgress (4): 2.5/2.6 MB | 0.2/2.0 MB | 24 kB | 0.1/1.0 MBProgress (4): 2.5/2.6 MB | 0.2/2.0 MB | 24 kB | 0.1/1.0 MBProgress (4): 2.5/2.6 MB | 0.2/2.0 MB | 24 kB | 0.1/1.0 MBProgress (4): 2.5/2.6 MB | 0.2/2.0 MB | 24 kB | 0.1/1.0 MBProgress (4): 2.5/2.6 MB | 0.2/2.0 MB | 24 kB | 0.1/1.0 MBProgress (4): 2.5/2.6 MB | 0.2/2.0 MB | 24 kB | 0.1/1.0 MBProgress (4): 2.5/2.6 MB | 0.2/2.0 MB | 24 kB | 0.1/1.0 MBProgress (4): 2.5/2.6 MB | 0.2/2.0 MB | 24 kB | 0.1/1.0 MBProgress (4): 2.5/2.6 MB | 0.3/2.0 MB | 24 kB | 0.1/1.0 MBProgress (4): 2.5/2.6 MB | 0.3/2.0 MB | 24 kB | 0.1/1.0 MBProgress (4): 2.5/2.6 MB | 0.3/2.0 MB | 24 kB | 0.1/1.0 MBProgress (4): 2.5/2.6 MB | 0.3/2.0 MB | 24 kB | 0.1/1.0 MBProgress (4): 2.5/2.6 MB | 0.3/2.0 MB | 24 kB | 0.1/1.0 MBProgress (4): 2.5/2.6 MB | 0.3/2.0 MB | 24 kB | 0.1/1.0 MBProgress (4): 2.5/2.6 MB | 0.3/2.0 MB | 24 kB | 0.1/1.0 MBProgress (4): 2.5/2.6 MB | 0.3/2.0 MB | 24 kB | 0.1/1.0 MBProgress (4): 2.5/2.6 MB | 0.3/2.0 MB | 24 kB | 0.1/1.0 MBProgress (4): 2.5/2.6 MB | 0.3/2.0 MB | 24 kB | 0.1/1.0 MBProgress (4): 2.5/2.6 MB | 0.3/2.0 MB | 24 kB | 0.1/1.0 MBProgress (4): 2.5/2.6 MB | 0.3/2.0 MB | 24 kB | 0.1/1.0 MBProgress (4): 2.5/2.6 MB | 0.3/2.0 MB | 24 kB | 0.1/1.0 MBProgress (4): 2.5/2.6 MB | 0.3/2.0 MB | 24 kB | 0.1/1.0 MBProgress (4): 2.6/2.6 MB | 0.3/2.0 MB | 24 kB | 0.1/1.0 MB                                                          Downloaded from central: https://repo.maven.apache.org/maven2/org/springframework/spring-jcl/6.2.19/spring-jcl-6.2.19.jar (24 kB at 941 B/s)
Downloading from central: https://repo.maven.apache.org/maven2/org/xerial/sqlite-jdbc/3.46.1.0/sqlite-jdbc-3.46.1.0.jar
Progress (3): 2.6/2.6 MB | 0.3/2.0 MB | 0.1/1.0 MBProgress (3): 2.6/2.6 MB | 0.3/2.0 MB | 0.1/1.0 MBProgress (3): 2.6/2.6 MB | 0.3/2.0 MB | 0.1/1.0 MBProgress (3): 2.6/2.6 MB | 0.3/2.0 MB | 0.1/1.0 MBProgress (3): 2.6/2.6 MB | 0.3/2.0 MB | 0.1/1.0 MBProgress (4): 2.6/2.6 MB | 0.3/2.0 MB | 0.1/1.0 MB | 4.1/178 kBProgress (4): 2.6/2.6 MB | 0.3/2.0 MB | 0.1/1.0 MB | 7.7/178 kBProgress (4): 2.6/2.6 MB | 0.3/2.0 MB | 0.1/1.0 MB | 11/178 kB Progress (4): 2.6/2.6 MB | 0.3/2.0 MB | 0.1/1.0 MB | 15/178 kBProgress (4): 2.6/2.6 MB | 0.3/2.0 MB | 0.1/1.0 MB | 20/178 kBProgress (4): 2.6/2.6 MB | 0.3/2.0 MB | 0.1/1.0 MB | 24/178 kBProgress (4): 2.6/2.6 MB | 0.3/2.0 MB | 0.1/1.0 MB | 28/178 kBProgress (4): 2.6/2.6 MB | 0.3/2.0 MB | 0.1/1.0 MB | 28/178 kBProgress (4): 2.6/2.6 MB | 0.3/2.0 MB | 0.1/1.0 MB | 28/178 kBProgress (4): 2.6/2.6 MB | 0.3/2.0 MB | 0.1/1.0 MB | 28/178 kBProgress (4): 2.6/2.6 MB | 0.3/2.0 MB | 0.1/1.0 MB | 28/178 kBProgress (4): 2.6/2.6 MB | 0.3/2.0 MB | 0.1/1.0 MB | 32/178 kBProgress (4): 2.6/2.6 MB | 0.4/2.0 MB | 0.1/1.0 MB | 32/178 kBProgress (4): 2.6/2.6 MB | 0.4/2.0 MB | 0.1/1.0 MB | 36/178 kBProgress (4): 2.6/2.6 MB | 0.4/2.0 MB | 0.1/1.0 MB | 40/178 kBProgress (4): 2.6/2.6 MB | 0.4/2.0 MB | 0.1/1.0 MB | 44/178 kBProgress (4): 2.6/2.6 MB | 0.4/2.0 MB | 0.1/1.0 MB | 44/178 kBProgress (4): 2.6 MB | 0.4/2.0 MB | 0.1/1.0 MB | 44/178 kB    Progress (4): 2.6 MB | 0.4/2.0 MB | 0.1/1.0 MB | 48/178 kBProgress (4): 2.6 MB | 0.4/2.0 MB | 0.1/1.0 MB | 52/178 kBProgress (4): 2.6 MB | 0.4/2.0 MB | 0.1/1.0 MB | 52/178 kBProgress (4): 2.6 MB | 0.4/2.0 MB | 0.1/1.0 MB | 56/178 kBProgress (4): 2.6 MB | 0.4/2.0 MB | 0.1/1.0 MB | 61/178 kBProgress (4): 2.6 MB | 0.4/2.0 MB | 0.1/1.0 MB | 61/178 kBProgress (4): 2.6 MB | 0.4/2.0 MB | 0.1/1.0 MB | 65/178 kBProgress (4): 2.6 MB | 0.4/2.0 MB | 0.1/1.0 MB | 65/178 kBProgress (4): 2.6 MB | 0.4/2.0 MB | 0.1/1.0 MB | 69/178 kBProgress (4): 2.6 MB | 0.4/2.0 MB | 0.1/1.0 MB | 69/178 kBProgress (4): 2.6 MB | 0.4/2.0 MB | 0.1/1.0 MB | 73/178 kBProgress (4): 2.6 MB | 0.4/2.0 MB | 0.1/1.0 MB | 77/178 kBProgress (4): 2.6 MB | 0.4/2.0 MB | 0.1/1.0 MB | 77/178 kBProgress (4): 2.6 MB | 0.4/2.0 MB | 0.1/1.0 MB | 81/178 kBProgress (4): 2.6 MB | 0.4/2.0 MB | 0.1/1.0 MB | 85/178 kBProgress (4): 2.6 MB | 0.4/2.0 MB | 0.1/1.0 MB | 85/178 kBProgress (4): 2.6 MB | 0.4/2.0 MB | 0.1/1.0 MB | 89/178 kBProgress (4): 2.6 MB | 0.4/2.0 MB | 0.1/1.0 MB | 93/178 kBProgress (4): 2.6 MB | 0.4/2.0 MB | 0.1/1.0 MB | 97/178 kBProgress (4): 2.6 MB | 0.4/2.0 MB | 0.1/1.0 MB | 101/178 kBProgress (4): 2.6 MB | 0.4/2.0 MB | 0.1/1.0 MB | 106/178 kBProgress (4): 2.6 MB | 0.4/2.0 MB | 0.1/1.0 MB | 110/178 kBProgress (4): 2.6 MB | 0.4/2.0 MB | 0.2/1.0 MB | 110/178 kBProgress (4): 2.6 MB | 0.4/2.0 MB | 0.2/1.0 MB | 110/178 kBProgress (4): 2.6 MB | 0.4/2.0 MB | 0.2/1.0 MB | 110/178 kBProgress (4): 2.6 MB | 0.4/2.0 MB | 0.2/1.0 MB | 110/178 kBProgress (4): 2.6 MB | 0.4/2.0 MB | 0.2/1.0 MB | 110/178 kBProgress (4): 2.6 MB | 0.4/2.0 MB | 0.2/1.0 MB | 110/178 kBProgress (4): 2.6 MB | 0.4/2.0 MB | 0.2/1.0 MB | 110/178 kBProgress (4): 2.6 MB | 0.4/2.0 MB | 0.2/1.0 MB | 110/178 kBProgress (4): 2.6 MB | 0.4/2.0 MB | 0.2/1.0 MB | 110/178 kBProgress (4): 2.6 MB | 0.4/2.0 MB | 0.2/1.0 MB | 110/178 kBProgress (4): 2.6 MB | 0.4/2.0 MB | 0.2/1.0 MB | 110/178 kBProgress (4): 2.6 MB | 0.4/2.0 MB | 0.2/1.0 MB | 110/178 kBProgress (4): 2.6 MB | 0.4/2.0 MB | 0.3/1.0 MB | 110/178 kBProgress (4): 2.6 MB | 0.4/2.0 MB | 0.3/1.0 MB | 110/178 kBProgress (4): 2.6 MB | 0.4/2.0 MB | 0.3/1.0 MB | 110/178 kBProgress (4): 2.6 MB | 0.4/2.0 MB | 0.3/1.0 MB | 110/178 kBProgress (4): 2.6 MB | 0.4/2.0 MB | 0.3/1.0 MB | 110/178 kBProgress (4): 2.6 MB | 0.4/2.0 MB | 0.3/1.0 MB | 110/178 kBProgress (4): 2.6 MB | 0.4/2.0 MB | 0.3/1.0 MB | 110/178 kBProgress (4): 2.6 MB | 0.4/2.0 MB | 0.3/1.0 MB | 110/178 kBProgress (4): 2.6 MB | 0.4/2.0 MB | 0.3/1.0 MB | 114/178 kBProgress (4): 2.6 MB | 0.4/2.0 MB | 0.3/1.0 MB | 118/178 kBProgress (4): 2.6 MB | 0.4/2.0 MB | 0.3/1.0 MB | 122/178 kBProgress (4): 2.6 MB | 0.4/2.0 MB | 0.3/1.0 MB | 126/178 kB                                                           Downloaded from central: https://repo.maven.apache.org/maven2/com/mysql/mysql-connector-j/9.7.0/mysql-connector-j-9.7.0.jar (2.6 MB at 100 kB/s)
Downloading from central: https://repo.maven.apache.org/maven2/org/slf4j/slf4j-api/2.0.18/slf4j-api-2.0.18.jar
Progress (3): 0.4/2.0 MB | 0.3/1.0 MB | 126/178 kBProgress (3): 0.4/2.0 MB | 0.3/1.0 MB | 130/178 kBProgress (3): 0.4/2.0 MB | 0.3/1.0 MB | 130/178 kBProgress (3): 0.4/2.0 MB | 0.3/1.0 MB | 130/178 kBProgress (3): 0.4/2.0 MB | 0.3/1.0 MB | 130/178 kBProgress (3): 0.4/2.0 MB | 0.3/1.0 MB | 134/178 kBProgress (3): 0.4/2.0 MB | 0.3/1.0 MB | 134/178 kBProgress (3): 0.4/2.0 MB | 0.3/1.0 MB | 138/178 kBProgress (3): 0.4/2.0 MB | 0.3/1.0 MB | 138/178 kBProgress (3): 0.4/2.0 MB | 0.3/1.0 MB | 142/178 kBProgress (3): 0.4/2.0 MB | 0.3/1.0 MB | 142/178 kBProgress (3): 0.4/2.0 MB | 0.3/1.0 MB | 147/178 kBProgress (3): 0.4/2.0 MB | 0.3/1.0 MB | 147/178 kBProgress (3): 0.4/2.0 MB | 0.3/1.0 MB | 151/178 kBProgress (3): 0.4/2.0 MB | 0.3/1.0 MB | 151/178 kBProgress (3): 0.4/2.0 MB | 0.3/1.0 MB | 155/178 kBProgress (3): 0.4/2.0 MB | 0.3/1.0 MB | 159/178 kBProgress (3): 0.5/2.0 MB | 0.3/1.0 MB | 159/178 kBProgress (3): 0.5/2.0 MB | 0.4/1.0 MB | 159/178 kBProgress (3): 0.5/2.0 MB | 0.4/1.0 MB | 159/178 kBProgress (3): 0.5/2.0 MB | 0.4/1.0 MB | 159/178 kBProgress (3): 0.5/2.0 MB | 0.4/1.0 MB | 159/178 kBProgress (3): 0.5/2.0 MB | 0.4/1.0 MB | 159/178 kBProgress (3): 0.5/2.0 MB | 0.4/1.0 MB | 159/178 kBProgress (3): 0.5/2.0 MB | 0.4/1.0 MB | 159/178 kBProgress (3): 0.5/2.0 MB | 0.4/1.0 MB | 159/178 kBProgress (3): 0.5/2.0 MB | 0.4/1.0 MB | 159/178 kBProgress (3): 0.5/2.0 MB | 0.4/1.0 MB | 159/178 kBProgress (3): 0.5/2.0 MB | 0.4/1.0 MB | 159/178 kBProgress (4): 0.5/2.0 MB | 0.4/1.0 MB | 159/178 kB | 4.1/70 kBProgress (4): 0.5/2.0 MB | 0.4/1.0 MB | 159/178 kB | 4.1/70 kBProgress (4): 0.5/2.0 MB | 0.4/1.0 MB | 159/178 kB | 4.1/70 kBProgress (4): 0.5/2.0 MB | 0.4/1.0 MB | 159/178 kB | 7.7/70 kBProgress (5): 0.5/2.0 MB | 0.4/1.0 MB | 159/178 kB | 7.7/70 kB | 0.1/14 MBProgress (5): 0.5/2.0 MB | 0.4/1.0 MB | 159/178 kB | 7.7/70 kB | 0.1/14 MBProgress (5): 0.5/2.0 MB | 0.4/1.0 MB | 159/178 kB | 12/70 kB | 0.1/14 MB Progress (5): 0.5/2.0 MB | 0.4/1.0 MB | 159/178 kB | 12/70 kB | 0.1/14 MBProgress (5): 0.5/2.0 MB | 0.4/1.0 MB | 159/178 kB | 15/70 kB | 0.1/14 MBProgress (5): 0.5/2.0 MB | 0.4/1.0 MB | 159/178 kB | 15/70 kB | 0.1/14 MBProgress (5): 0.5/2.0 MB | 0.4/1.0 MB | 159/178 kB | 20/70 kB | 0.1/14 MBProgress (5): 0.5/2.0 MB | 0.4/1.0 MB | 159/178 kB | 24/70 kB | 0.1/14 MBProgress (5): 0.5/2.0 MB | 0.4/1.0 MB | 159/178 kB | 28/70 kB | 0.1/14 MBProgress (5): 0.5/2.0 MB | 0.4/1.0 MB | 159/178 kB | 32/70 kB | 0.1/14 MBProgress (5): 0.5/2.0 MB | 0.4/1.0 MB | 159/178 kB | 32/70 kB | 0.1/14 MBProgress (5): 0.5/2.0 MB | 0.4/1.0 MB | 159/178 kB | 32/70 kB | 0.1/14 MBProgress (5): 0.5/2.0 MB | 0.4/1.0 MB | 159/178 kB | 32/70 kB | 0.1/14 MBProgress (5): 0.5/2.0 MB | 0.4/1.0 MB | 159/178 kB | 32/70 kB | 0.1/14 MBProgress (5): 0.5/2.0 MB | 0.4/1.0 MB | 159/178 kB | 36/70 kB | 0.1/14 MBProgress (5): 0.5/2.0 MB | 0.5/1.0 MB | 159/178 kB | 36/70 kB | 0.1/14 MBProgress (5): 0.5/2.0 MB | 0.5/1.0 MB | 159/178 kB | 40/70 kB | 0.1/14 MBProgress (5): 0.5/2.0 MB | 0.5/1.0 MB | 159/178 kB | 40/70 kB | 0.1/14 MBProgress (5): 0.5/2.0 MB | 0.5/1.0 MB | 159/178 kB | 44/70 kB | 0.1/14 MBProgress (5): 0.5/2.0 MB | 0.5/1.0 MB | 159/178 kB | 48/70 kB | 0.1/14 MBProgress (5): 0.5/2.0 MB | 0.5/1.0 MB | 159/178 kB | 52/70 kB | 0.1/14 MBProgress (5): 0.5/2.0 MB | 0.5/1.0 MB | 159/178 kB | 52/70 kB | 0.1/14 MBProgress (5): 0.5/2.0 MB | 0.5/1.0 MB | 159/178 kB | 56/70 kB | 0.1/14 MBProgress (5): 0.5/2.0 MB | 0.5/1.0 MB | 159/178 kB | 56/70 kB | 0.1/14 MBProgress (5): 0.5/2.0 MB | 0.5/1.0 MB | 159/178 kB | 61/70 kB | 0.1/14 MBProgress (5): 0.5/2.0 MB | 0.5/1.0 MB | 159/178 kB | 61/70 kB | 0.1/14 MBProgress (5): 0.5/2.0 MB | 0.5/1.0 MB | 159/178 kB | 65/70 kB | 0.1/14 MBProgress (5): 0.6/2.0 MB | 0.5/1.0 MB | 159/178 kB | 65/70 kB | 0.1/14 MBProgress (5): 0.6/2.0 MB | 0.5/1.0 MB | 159/178 kB | 69/70 kB | 0.1/14 MBProgress (5): 0.6/2.0 MB | 0.5/1.0 MB | 159/178 kB | 70 kB | 0.1/14 MB   Progress (5): 0.6/2.0 MB | 0.5/1.0 MB | 163/178 kB | 70 kB | 0.1/14 MBProgress (5): 0.6/2.0 MB | 0.5/1.0 MB | 167/178 kB | 70 kB | 0.1/14 MBProgress (5): 0.6/2.0 MB | 0.5/1.0 MB | 171/178 kB | 70 kB | 0.1/14 MBProgress (5): 0.6/2.0 MB | 0.5/1.0 MB | 175/178 kB | 70 kB | 0.1/14 MBProgress (5): 0.6/2.0 MB | 0.5/1.0 MB | 178 kB | 70 kB | 0.1/14 MB    Progress (5): 0.6/2.0 MB | 0.5/1.0 MB | 178 kB | 70 kB | 0.1/14 MBProgress (5): 0.6/2.0 MB | 0.5/1.0 MB | 178 kB | 70 kB | 0.1/14 MBProgress (5): 0.6/2.0 MB | 0.5/1.0 MB | 178 kB | 70 kB | 0.1/14 MBProgress (5): 0.6/2.0 MB | 0.5/1.0 MB | 178 kB | 70 kB | 0.2/14 MBProgress (5): 0.6/2.0 MB | 0.5/1.0 MB | 178 kB | 70 kB | 0.2/14 MBProgress (5): 0.6/2.0 MB | 0.5/1.0 MB | 178 kB | 70 kB | 0.2/14 MBProgress (5): 0.6/2.0 MB | 0.5/1.0 MB | 178 kB | 70 kB | 0.2/14 MBProgress (5): 0.6/2.0 MB | 0.5/1.0 MB | 178 kB | 70 kB | 0.2/14 MBProgress (5): 0.6/2.0 MB | 0.5/1.0 MB | 178 kB | 70 kB | 0.2/14 MBProgress (5): 0.6/2.0 MB | 0.5/1.0 MB | 178 kB | 70 kB | 0.2/14 MBProgress (5): 0.6/2.0 MB | 0.5/1.0 MB | 178 kB | 70 kB | 0.2/14 MBProgress (5): 0.6/2.0 MB | 0.5/1.0 MB | 178 kB | 70 kB | 0.2/14 MBProgress (5): 0.6/2.0 MB | 0.5/1.0 MB | 178 kB | 70 kB | 0.2/14 MBProgress (5): 0.6/2.0 MB | 0.5/1.0 MB | 178 kB | 70 kB | 0.2/14 MBProgress (5): 0.6/2.0 MB | 0.5/1.0 MB | 178 kB | 70 kB | 0.2/14 MBProgress (5): 0.6/2.0 MB | 0.6/1.0 MB | 178 kB | 70 kB | 0.2/14 MBProgress (5): 0.6/2.0 MB | 0.6/1.0 MB | 178 kB | 70 kB | 0.2/14 MBProgress (5): 0.6/2.0 MB | 0.6/1.0 MB | 178 kB | 70 kB | 0.2/14 MBProgress (5): 0.6/2.0 MB | 0.6/1.0 MB | 178 kB | 70 kB | 0.2/14 MBProgress (5): 0.6/2.0 MB | 0.6/1.0 MB | 178 kB | 70 kB | 0.2/14 MBProgress (5): 0.6/2.0 MB | 0.6/1.0 MB | 178 kB | 70 kB | 0.2/14 MBProgress (5): 0.6/2.0 MB | 0.6/1.0 MB | 178 kB | 70 kB | 0.2/14 MBProgress (5): 0.6/2.0 MB | 0.6/1.0 MB | 178 kB | 70 kB | 0.2/14 MBProgress (5): 0.6/2.0 MB | 0.6/1.0 MB | 178 kB | 70 kB | 0.2/14 MBProgress (5): 0.6/2.0 MB | 0.6/1.0 MB | 178 kB | 70 kB | 0.2/14 MBProgress (5): 0.6/2.0 MB | 0.6/1.0 MB | 178 kB | 70 kB | 0.2/14 MBProgress (5): 0.6/2.0 MB | 0.6/1.0 MB | 178 kB | 70 kB | 0.2/14 MBProgress (5): 0.6/2.0 MB | 0.6/1.0 MB | 178 kB | 70 kB | 0.2/14 MBProgress (5): 0.6/2.0 MB | 0.6/1.0 MB | 178 kB | 70 kB | 0.2/14 MBProgress (5): 0.6/2.0 MB | 0.6/1.0 MB | 178 kB | 70 kB | 0.2/14 MBProgress (5): 0.6/2.0 MB | 0.7/1.0 MB | 178 kB | 70 kB | 0.2/14 MBProgress (5): 0.6/2.0 MB | 0.7/1.0 MB | 178 kB | 70 kB | 0.2/14 MBProgress (5): 0.6/2.0 MB | 0.7/1.0 MB | 178 kB | 70 kB | 0.2/14 MBProgress (5): 0.6/2.0 MB | 0.7/1.0 MB | 178 kB | 70 kB | 0.2/14 MBProgress (5): 0.6/2.0 MB | 0.7/1.0 MB | 178 kB | 70 kB | 0.2/14 MBProgress (5): 0.6/2.0 MB | 0.7/1.0 MB | 178 kB | 70 kB | 0.2/14 MBProgress (5): 0.6/2.0 MB | 0.7/1.0 MB | 178 kB | 70 kB | 0.2/14 MBProgress (5): 0.7/2.0 MB | 0.7/1.0 MB | 178 kB | 70 kB | 0.2/14 MBProgress (5): 0.7/2.0 MB | 0.7/1.0 MB | 178 kB | 70 kB | 0.2/14 MBProgress (5): 0.7/2.0 MB | 0.7/1.0 MB | 178 kB | 70 kB | 0.2/14 MB                                                                  Downloaded from central: https://repo.maven.apache.org/maven2/org/slf4j/slf4j-api/2.0.18/slf4j-api-2.0.18.jar (70 kB at 2.6 kB/s)
Downloading from central: https://repo.maven.apache.org/maven2/org/hibernate/orm/hibernate-community-dialects/6.6.53.Final/hibernate-community-dialects-6.6.53.Final.jar
Progress (4): 0.7/2.0 MB | 0.7/1.0 MB | 178 kB | 0.2/14 MBProgress (4): 0.7/2.0 MB | 0.7/1.0 MB | 178 kB | 0.2/14 MB                                                          Downloaded from central: https://repo.maven.apache.org/maven2/org/xmlunit/xmlunit-core/2.10.4/xmlunit-core-2.10.4.jar (178 kB at 6.7 kB/s)
Downloading from central: https://repo.maven.apache.org/maven2/org/jboss/logging/jboss-logging/3.6.3.Final/jboss-logging-3.6.3.Final.jar
Progress (3): 0.7/2.0 MB | 0.7/1.0 MB | 0.2/14 MBProgress (3): 0.7/2.0 MB | 0.7/1.0 MB | 0.2/14 MBProgress (3): 0.7/2.0 MB | 0.7/1.0 MB | 0.2/14 MBProgress (3): 0.7/2.0 MB | 0.7/1.0 MB | 0.2/14 MBProgress (3): 0.7/2.0 MB | 0.7/1.0 MB | 0.2/14 MBProgress (3): 0.7/2.0 MB | 0.7/1.0 MB | 0.2/14 MBProgress (3): 0.7/2.0 MB | 0.7/1.0 MB | 0.2/14 MBProgress (3): 0.7/2.0 MB | 0.7/1.0 MB | 0.2/14 MBProgress (3): 0.7/2.0 MB | 0.7/1.0 MB | 0.2/14 MBProgress (3): 0.7/2.0 MB | 0.7/1.0 MB | 0.2/14 MBProgress (3): 0.7/2.0 MB | 0.7/1.0 MB | 0.2/14 MBProgress (3): 0.7/2.0 MB | 0.7/1.0 MB | 0.2/14 MBProgress (3): 0.7/2.0 MB | 0.7/1.0 MB | 0.2/14 MBProgress (3): 0.7/2.0 MB | 0.7/1.0 MB | 0.2/14 MBProgress (4): 0.7/2.0 MB | 0.7/1.0 MB | 0.2/14 MB | 4.1/556 kBProgress (4): 0.7/2.0 MB | 0.7/1.0 MB | 0.2/14 MB | 7.7/556 kBProgress (4): 0.7/2.0 MB | 0.7/1.0 MB | 0.2/14 MB | 12/556 kB Progress (4): 0.7/2.0 MB | 0.7/1.0 MB | 0.2/14 MB | 16/556 kBProgress (4): 0.7/2.0 MB | 0.7/1.0 MB | 0.2/14 MB | 16/556 kBProgress (4): 0.7/2.0 MB | 0.7/1.0 MB | 0.2/14 MB | 16/556 kBProgress (4): 0.7/2.0 MB | 0.8/1.0 MB | 0.2/14 MB | 16/556 kBProgress (4): 0.7/2.0 MB | 0.8/1.0 MB | 0.2/14 MB | 16/556 kBProgress (4): 0.7/2.0 MB | 0.8/1.0 MB | 0.2/14 MB | 16/556 kBProgress (4): 0.7/2.0 MB | 0.8/1.0 MB | 0.2/14 MB | 16/556 kBProgress (4): 0.7/2.0 MB | 0.8/1.0 MB | 0.2/14 MB | 16/556 kBProgress (4): 0.7/2.0 MB | 0.8/1.0 MB | 0.2/14 MB | 16/556 kBProgress (4): 0.7/2.0 MB | 0.8/1.0 MB | 0.2/14 MB | 16/556 kBProgress (4): 0.7/2.0 MB | 0.8/1.0 MB | 0.2/14 MB | 16/556 kBProgress (4): 0.8/2.0 MB | 0.8/1.0 MB | 0.2/14 MB | 16/556 kBProgress (4): 0.8/2.0 MB | 0.8/1.0 MB | 0.2/14 MB | 16/556 kBProgress (4): 0.8/2.0 MB | 0.8/1.0 MB | 0.2/14 MB | 16/556 kBProgress (4): 0.8/2.0 MB | 0.8/1.0 MB | 0.2/14 MB | 16/556 kBProgress (4): 0.8/2.0 MB | 0.8/1.0 MB | 0.2/14 MB | 16/556 kBProgress (4): 0.8/2.0 MB | 0.8/1.0 MB | 0.2/14 MB | 20/556 kBProgress (4): 0.8/2.0 MB | 0.8/1.0 MB | 0.2/14 MB | 20/556 kBProgress (4): 0.8/2.0 MB | 0.8/1.0 MB | 0.2/14 MB | 24/556 kBProgress (4): 0.8/2.0 MB | 0.8/1.0 MB | 0.2/14 MB | 28/556 kBProgress (4): 0.8/2.0 MB | 0.8/1.0 MB | 0.2/14 MB | 32/556 kBProgress (4): 0.8/2.0 MB | 0.8/1.0 MB | 0.3/14 MB | 32/556 kBProgress (4): 0.8/2.0 MB | 0.8/1.0 MB | 0.3/14 MB | 36/556 kBProgress (4): 0.8/2.0 MB | 0.8/1.0 MB | 0.3/14 MB | 40/556 kBProgress (4): 0.8/2.0 MB | 0.8/1.0 MB | 0.3/14 MB | 45/556 kBProgress (4): 0.8/2.0 MB | 0.8/1.0 MB | 0.3/14 MB | 49/556 kBProgress (4): 0.8/2.0 MB | 0.8/1.0 MB | 0.3/14 MB | 53/556 kBProgress (4): 0.8/2.0 MB | 0.8/1.0 MB | 0.3/14 MB | 53/556 kBProgress (4): 0.8/2.0 MB | 0.8/1.0 MB | 0.3/14 MB | 57/556 kBProgress (4): 0.8/2.0 MB | 0.8/1.0 MB | 0.3/14 MB | 57/556 kBProgress (4): 0.8/2.0 MB | 0.8/1.0 MB | 0.3/14 MB | 61/556 kBProgress (4): 0.8/2.0 MB | 0.8/1.0 MB | 0.4/14 MB | 61/556 kBProgress (4): 0.8/2.0 MB | 0.8/1.0 MB | 0.4/14 MB | 61/556 kBProgress (4): 0.8/2.0 MB | 0.8/1.0 MB | 0.4/14 MB | 65/556 kBProgress (4): 0.8/2.0 MB | 0.8/1.0 MB | 0.4/14 MB | 65/556 kBProgress (4): 0.8/2.0 MB | 0.8/1.0 MB | 0.4/14 MB | 69/556 kBProgress (5): 0.8/2.0 MB | 0.8/1.0 MB | 0.4/14 MB | 69/556 kB | 4.1/63 kBProgress (5): 0.8/2.0 MB | 0.8/1.0 MB | 0.4/14 MB | 69/556 kB | 4.1/63 kBProgress (5): 0.8/2.0 MB | 0.8/1.0 MB | 0.4/14 MB | 73/556 kB | 4.1/63 kBProgress (5): 0.8/2.0 MB | 0.8/1.0 MB | 0.4/14 MB | 73/556 kB | 7.7/63 kBProgress (5): 0.8/2.0 MB | 0.8/1.0 MB | 0.4/14 MB | 77/556 kB | 7.7/63 kBProgress (5): 0.8/2.0 MB | 0.9/1.0 MB | 0.4/14 MB | 77/556 kB | 7.7/63 kBProgress (5): 0.8/2.0 MB | 0.9/1.0 MB | 0.4/14 MB | 81/556 kB | 7.7/63 kBProgress (5): 0.8/2.0 MB | 0.9/1.0 MB | 0.4/14 MB | 81/556 kB | 7.7/63 kBProgress (5): 0.8/2.0 MB | 0.9/1.0 MB | 0.4/14 MB | 86/556 kB | 7.7/63 kBProgress (5): 0.8/2.0 MB | 0.9/1.0 MB | 0.4/14 MB | 86/556 kB | 7.7/63 kBProgress (5): 0.8/2.0 MB | 0.9/1.0 MB | 0.4/14 MB | 90/556 kB | 7.7/63 kBProgress (5): 0.8/2.0 MB | 0.9/1.0 MB | 0.4/14 MB | 90/556 kB | 7.7/63 kBProgress (5): 0.8/2.0 MB | 0.9/1.0 MB | 0.4/14 MB | 94/556 kB | 7.7/63 kBProgress (5): 0.8/2.0 MB | 0.9/1.0 MB | 0.4/14 MB | 98/556 kB | 7.7/63 kBProgress (5): 0.8/2.0 MB | 0.9/1.0 MB | 0.4/14 MB | 98/556 kB | 7.7/63 kBProgress (5): 0.8/2.0 MB | 0.9/1.0 MB | 0.4/14 MB | 102/556 kB | 7.7/63 kBProgress (5): 0.8/2.0 MB | 0.9/1.0 MB | 0.4/14 MB | 106/556 kB | 7.7/63 kBProgress (5): 0.8/2.0 MB | 0.9/1.0 MB | 0.4/14 MB | 110/556 kB | 7.7/63 kBProgress (5): 0.8/2.0 MB | 0.9/1.0 MB | 0.4/14 MB | 114/556 kB | 7.7/63 kBProgress (5): 0.8/2.0 MB | 0.9/1.0 MB | 0.4/14 MB | 118/556 kB | 7.7/63 kBProgress (5): 0.8/2.0 MB | 0.9/1.0 MB | 0.4/14 MB | 122/556 kB | 7.7/63 kBProgress (5): 0.8/2.0 MB | 0.9/1.0 MB | 0.4/14 MB | 126/556 kB | 7.7/63 kBProgress (5): 0.8/2.0 MB | 0.9/1.0 MB | 0.4/14 MB | 131/556 kB | 7.7/63 kBProgress (5): 0.8/2.0 MB | 0.9/1.0 MB | 0.4/14 MB | 131/556 kB | 7.7/63 kBProgress (5): 0.8/2.0 MB | 0.9/1.0 MB | 0.4/14 MB | 131/556 kB | 7.7/63 kBProgress (5): 0.8/2.0 MB | 0.9/1.0 MB | 0.4/14 MB | 135/556 kB | 7.7/63 kBProgress (5): 0.8/2.0 MB | 0.9/1.0 MB | 0.4/14 MB | 135/556 kB | 12/63 kB Progress (5): 0.8/2.0 MB | 0.9/1.0 MB | 0.4/14 MB | 135/556 kB | 16/63 kBProgress (5): 0.8/2.0 MB | 0.9/1.0 MB | 0.4/14 MB | 139/556 kB | 16/63 kBProgress (5): 0.8/2.0 MB | 0.9/1.0 MB | 0.4/14 MB | 139/556 kB | 20/63 kBProgress (5): 0.8/2.0 MB | 0.9/1.0 MB | 0.4/14 MB | 143/556 kB | 20/63 kBProgress (5): 0.8/2.0 MB | 0.9/1.0 MB | 0.4/14 MB | 147/556 kB | 20/63 kBProgress (5): 0.8/2.0 MB | 0.9/1.0 MB | 0.4/14 MB | 147/556 kB | 24/63 kBProgress (5): 0.8/2.0 MB | 0.9/1.0 MB | 0.4/14 MB | 151/556 kB | 24/63 kBProgress (5): 0.8/2.0 MB | 0.9/1.0 MB | 0.4/14 MB | 155/556 kB | 24/63 kBProgress (5): 0.8/2.0 MB | 0.9/1.0 MB | 0.4/14 MB | 159/556 kB | 24/63 kBProgress (5): 0.8/2.0 MB | 0.9/1.0 MB | 0.4/14 MB | 163/556 kB | 24/63 kBProgress (5): 0.8/2.0 MB | 0.9/1.0 MB | 0.4/14 MB | 167/556 kB | 24/63 kBProgress (5): 0.8/2.0 MB | 0.9/1.0 MB | 0.4/14 MB | 171/556 kB | 24/63 kBProgress (5): 0.8/2.0 MB | 0.9/1.0 MB | 0.4/14 MB | 171/556 kB | 24/63 kBProgress (5): 0.8/2.0 MB | 0.9/1.0 MB | 0.4/14 MB | 176/556 kB | 24/63 kBProgress (5): 0.8/2.0 MB | 0.9/1.0 MB | 0.4/14 MB | 176/556 kB | 24/63 kBProgress (5): 0.8/2.0 MB | 0.9/1.0 MB | 0.4/14 MB | 176/556 kB | 24/63 kBProgress (5): 0.8/2.0 MB | 0.9/1.0 MB | 0.4/14 MB | 180/556 kB | 24/63 kBProgress (5): 0.8/2.0 MB | 0.9/1.0 MB | 0.4/14 MB | 180/556 kB | 24/63 kBProgress (5): 0.8/2.0 MB | 0.9/1.0 MB | 0.4/14 MB | 180/556 kB | 28/63 kBProgress (5): 0.8/2.0 MB | 0.9/1.0 MB | 0.4/14 MB | 180/556 kB | 32/63 kBProgress (5): 0.8/2.0 MB | 0.9/1.0 MB | 0.4/14 MB | 180/556 kB | 36/63 kBProgress (5): 0.8/2.0 MB | 0.9/1.0 MB | 0.4/14 MB | 180/556 kB | 40/63 kBProgress (5): 0.8/2.0 MB | 0.9/1.0 MB | 0.4/14 MB | 184/556 kB | 40/63 kBProgress (5): 0.8/2.0 MB | 0.9/1.0 MB | 0.4/14 MB | 184/556 kB | 45/63 kBProgress (5): 0.8/2.0 MB | 0.9/1.0 MB | 0.4/14 MB | 184/556 kB | 49/63 kBProgress (5): 0.8/2.0 MB | 0.9/1.0 MB | 0.4/14 MB | 184/556 kB | 53/63 kBProgress (5): 0.8/2.0 MB | 0.9/1.0 MB | 0.4/14 MB | 184/556 kB | 57/63 kBProgress (5): 0.8/2.0 MB | 0.9/1.0 MB | 0.4/14 MB | 184/556 kB | 57/63 kBProgress (5): 0.8/2.0 MB | 0.9/1.0 MB | 0.4/14 MB | 188/556 kB | 57/63 kBProgress (5): 0.8/2.0 MB | 0.9/1.0 MB | 0.4/14 MB | 188/556 kB | 57/63 kBProgress (5): 0.8/2.0 MB | 0.9/1.0 MB | 0.4/14 MB | 192/556 kB | 57/63 kBProgress (5): 0.8/2.0 MB | 0.9/1.0 MB | 0.4/14 MB | 196/556 kB | 57/63 kBProgress (5): 0.8/2.0 MB | 0.9/1.0 MB | 0.4/14 MB | 196/556 kB | 61/63 kBProgress (5): 0.8/2.0 MB | 0.9/1.0 MB | 0.4/14 MB | 196/556 kB | 63 kB   Progress (5): 0.8/2.0 MB | 0.9/1.0 MB | 0.4/14 MB | 200/556 kB | 63 kBProgress (5): 0.8/2.0 MB | 0.9/1.0 MB | 0.4/14 MB | 204/556 kB | 63 kBProgress (5): 0.8/2.0 MB | 0.9/1.0 MB | 0.4/14 MB | 208/556 kB | 63 kBProgress (5): 0.8/2.0 MB | 0.9/1.0 MB | 0.4/14 MB | 212/556 kB | 63 kBProgress (5): 0.8/2.0 MB | 0.9/1.0 MB | 0.4/14 MB | 217/556 kB | 63 kBProgress (5): 0.8/2.0 MB | 0.9/1.0 MB | 0.4/14 MB | 221/556 kB | 63 kBProgress (5): 0.8/2.0 MB | 0.9/1.0 MB | 0.4/14 MB | 225/556 kB | 63 kBProgress (5): 0.8/2.0 MB | 0.9/1.0 MB | 0.4/14 MB | 229/556 kB | 63 kBProgress (5): 0.8/2.0 MB | 0.9/1.0 MB | 0.4/14 MB | 229/556 kB | 63 kBProgress (5): 0.8/2.0 MB | 0.9/1.0 MB | 0.4/14 MB | 229/556 kB | 63 kBProgress (5): 0.8/2.0 MB | 0.9/1.0 MB | 0.4/14 MB | 229/556 kB | 63 kBProgress (5): 0.8/2.0 MB | 0.9/1.0 MB | 0.4/14 MB | 229/556 kB | 63 kBProgress (5): 0.8/2.0 MB | 0.9/1.0 MB | 0.4/14 MB | 229/556 kB | 63 kBProgress (5): 0.8/2.0 MB | 0.9/1.0 MB | 0.4/14 MB | 229/556 kB | 63 kBProgress (5): 0.8/2.0 MB | 0.9/1.0 MB | 0.4/14 MB | 229/556 kB | 63 kBProgress (5): 0.8/2.0 MB | 0.9/1.0 MB | 0.4/14 MB | 229/556 kB | 63 kBProgress (5): 0.8/2.0 MB | 0.9/1.0 MB | 0.4/14 MB | 229/556 kB | 63 kBProgress (5): 0.9/2.0 MB | 0.9/1.0 MB | 0.4/14 MB | 229/556 kB | 63 kBProgress (5): 0.9/2.0 MB | 0.9/1.0 MB | 0.4/14 MB | 229/556 kB | 63 kBProgress (5): 0.9/2.0 MB | 0.9/1.0 MB | 0.4/14 MB | 233/556 kB | 63 kBProgress (5): 0.9/2.0 MB | 1.0/1.0 MB | 0.4/14 MB | 233/556 kB | 63 kBProgress (5): 0.9/2.0 MB | 1.0/1.0 MB | 0.4/14 MB | 237/556 kB | 63 kBProgress (5): 0.9/2.0 MB | 1.0/1.0 MB | 0.4/14 MB | 237/556 kB | 63 kBProgress (5): 0.9/2.0 MB | 1.0/1.0 MB | 0.4/14 MB | 237/556 kB | 63 kBProgress (5): 0.9/2.0 MB | 1.0/1.0 MB | 0.4/14 MB | 241/556 kB | 63 kBProgress (5): 0.9/2.0 MB | 1.0/1.0 MB | 0.4/14 MB | 241/556 kB | 63 kBProgress (5): 0.9/2.0 MB | 1.0/1.0 MB | 0.4/14 MB | 245/556 kB | 63 kB                                                                      Downloaded from central: https://repo.maven.apache.org/maven2/org/jboss/logging/jboss-logging/3.6.3.Final/jboss-logging-3.6.3.Final.jar (63 kB at 2.3 kB/s)
Progress (4): 0.9/2.0 MB | 1.0/1.0 MB | 0.4/14 MB | 245/556 kBProgress (4): 0.9/2.0 MB | 1.0/1.0 MB | 0.4/14 MB | 245/556 kBProgress (4): 0.9/2.0 MB | 1.0/1.0 MB | 0.4/14 MB | 245/556 kBProgress (4): 0.9/2.0 MB | 1.0/1.0 MB | 0.4/14 MB | 245/556 kBProgress (4): 0.9/2.0 MB | 1.0/1.0 MB | 0.4/14 MB | 245/556 kBProgress (4): 0.9/2.0 MB | 1.0/1.0 MB | 0.4/14 MB | 245/556 kBProgress (4): 0.9/2.0 MB | 1.0/1.0 MB | 0.4/14 MB | 245/556 kBProgress (4): 0.9/2.0 MB | 1.0/1.0 MB | 0.4/14 MB | 245/556 kBProgress (4): 0.9/2.0 MB | 1.0/1.0 MB | 0.4/14 MB | 245/556 kBProgress (4): 0.9/2.0 MB | 1.0/1.0 MB | 0.4/14 MB | 245/556 kBProgress (4): 0.9/2.0 MB | 1.0/1.0 MB | 0.4/14 MB | 245/556 kBProgress (4): 0.9/2.0 MB | 1.0/1.0 MB | 0.4/14 MB | 245/556 kBProgress (4): 0.9/2.0 MB | 1.0/1.0 MB | 0.4/14 MB | 245/556 kBProgress (4): 0.9/2.0 MB | 1.0/1.0 MB | 0.4/14 MB | 245/556 kBProgress (4): 1.0/2.0 MB | 1.0/1.0 MB | 0.4/14 MB | 245/556 kBProgress (4): 1.0/2.0 MB | 1.0/1.0 MB | 0.4/14 MB | 245/556 kBProgress (4): 1.0/2.0 MB | 1.0/1.0 MB | 0.4/14 MB | 245/556 kBProgress (4): 1.0/2.0 MB | 1.0 MB | 0.4/14 MB | 245/556 kB    Progress (4): 1.0/2.0 MB | 1.0 MB | 0.4/14 MB | 245/556 kBProgress (4): 1.0/2.0 MB | 1.0 MB | 0.4/14 MB | 245/556 kBProgress (4): 1.0/2.0 MB | 1.0 MB | 0.4/14 MB | 249/556 kBProgress (4): 1.0/2.0 MB | 1.0 MB | 0.4/14 MB | 253/556 kBProgress (4): 1.0/2.0 MB | 1.0 MB | 0.4/14 MB | 257/556 kBProgress (4): 1.0/2.0 MB | 1.0 MB | 0.4/14 MB | 262/556 kBProgress (4): 1.0/2.0 MB | 1.0 MB | 0.4/14 MB | 266/556 kBProgress (4): 1.0/2.0 MB | 1.0 MB | 0.4/14 MB | 270/556 kBProgress (4): 1.0/2.0 MB | 1.0 MB | 0.4/14 MB | 274/556 kBProgress (4): 1.0/2.0 MB | 1.0 MB | 0.4/14 MB | 278/556 kBProgress (4): 1.0/2.0 MB | 1.0 MB | 0.4/14 MB | 282/556 kBProgress (4): 1.0/2.0 MB | 1.0 MB | 0.4/14 MB | 286/556 kBProgress (4): 1.0/2.0 MB | 1.0 MB | 0.4/14 MB | 290/556 kBProgress (4): 1.0/2.0 MB | 1.0 MB | 0.4/14 MB | 294/556 kBProgress (4): 1.0/2.0 MB | 1.0 MB | 0.4/14 MB | 298/556 kBProgress (4): 1.0/2.0 MB | 1.0 MB | 0.4/14 MB | 303/556 kBProgress (4): 1.0/2.0 MB | 1.0 MB | 0.4/14 MB | 307/556 kBProgress (4): 1.0/2.0 MB | 1.0 MB | 0.4/14 MB | 311/556 kBProgress (4): 1.0/2.0 MB | 1.0 MB | 0.4/14 MB | 315/556 kBProgress (4): 1.0/2.0 MB | 1.0 MB | 0.4/14 MB | 319/556 kBProgress (4): 1.0/2.0 MB | 1.0 MB | 0.4/14 MB | 323/556 kBProgress (4): 1.0/2.0 MB | 1.0 MB | 0.4/14 MB | 327/556 kBProgress (4): 1.0/2.0 MB | 1.0 MB | 0.4/14 MB | 331/556 kBProgress (4): 1.0/2.0 MB | 1.0 MB | 0.4/14 MB | 335/556 kBProgress (4): 1.0/2.0 MB | 1.0 MB | 0.4/14 MB | 339/556 kBProgress (4): 1.0/2.0 MB | 1.0 MB | 0.4/14 MB | 344/556 kBProgress (4): 1.0/2.0 MB | 1.0 MB | 0.5/14 MB | 344/556 kBProgress (4): 1.0/2.0 MB | 1.0 MB | 0.6/14 MB | 344/556 kBProgress (4): 1.0/2.0 MB | 1.0 MB | 0.6/14 MB | 348/556 kBProgress (4): 1.0/2.0 MB | 1.0 MB | 0.6/14 MB | 348/556 kBProgress (4): 1.0/2.0 MB | 1.0 MB | 0.6/14 MB | 352/556 kBProgress (4): 1.0/2.0 MB | 1.0 MB | 0.6/14 MB | 352/556 kBProgress (4): 1.0/2.0 MB | 1.0 MB | 0.6/14 MB | 356/556 kBProgress (4): 1.0/2.0 MB | 1.0 MB | 0.6/14 MB | 360/556 kBProgress (4): 1.0/2.0 MB | 1.0 MB | 0.6/14 MB | 364/556 kBProgress (4): 1.0/2.0 MB | 1.0 MB | 0.6/14 MB | 368/556 kBProgress (4): 1.0/2.0 MB | 1.0 MB | 0.6/14 MB | 372/556 kBProgress (4): 1.0/2.0 MB | 1.0 MB | 0.6/14 MB | 376/556 kBProgress (4): 1.0/2.0 MB | 1.0 MB | 0.6/14 MB | 380/556 kBProgress (4): 1.0/2.0 MB | 1.0 MB | 0.6/14 MB | 384/556 kBProgress (4): 1.0/2.0 MB | 1.0 MB | 0.6/14 MB | 389/556 kBProgress (4): 1.0/2.0 MB | 1.0 MB | 0.6/14 MB | 393/556 kBProgress (4): 1.0/2.0 MB | 1.0 MB | 0.6/14 MB | 397/556 kBProgress (4): 1.0/2.0 MB | 1.0 MB | 0.6/14 MB | 401/556 kBProgress (4): 1.0/2.0 MB | 1.0 MB | 0.6/14 MB | 405/556 kBProgress (4): 1.0/2.0 MB | 1.0 MB | 0.6/14 MB | 409/556 kBProgress (4): 1.0/2.0 MB | 1.0 MB | 0.6/14 MB | 409/556 kBProgress (4): 1.0/2.0 MB | 1.0 MB | 0.6/14 MB | 409/556 kBProgress (4): 1.0/2.0 MB | 1.0 MB | 0.6/14 MB | 409/556 kBProgress (4): 1.0/2.0 MB | 1.0 MB | 0.6/14 MB | 409/556 kBProgress (4): 1.0/2.0 MB | 1.0 MB | 0.6/14 MB | 409/556 kBProgress (4): 1.0/2.0 MB | 1.0 MB | 0.6/14 MB | 409/556 kBProgress (4): 1.1/2.0 MB | 1.0 MB | 0.6/14 MB | 409/556 kB                                                          Downloaded from central: https://repo.maven.apache.org/maven2/org/springframework/spring-test/6.2.19/spring-test-6.2.19.jar (1.0 MB at 38 kB/s)
Progress (3): 1.1/2.0 MB | 0.6/14 MB | 409/556 kBProgress (3): 1.1/2.0 MB | 0.6/14 MB | 413/556 kBProgress (3): 1.1/2.0 MB | 0.6/14 MB | 413/556 kBProgress (3): 1.1/2.0 MB | 0.6/14 MB | 417/556 kBProgress (3): 1.1/2.0 MB | 0.6/14 MB | 421/556 kBProgress (3): 1.1/2.0 MB | 0.6/14 MB | 425/556 kBProgress (3): 1.1/2.0 MB | 0.6/14 MB | 425/556 kBProgress (3): 1.1/2.0 MB | 0.6/14 MB | 425/556 kBProgress (3): 1.1/2.0 MB | 0.6/14 MB | 425/556 kBProgress (3): 1.1/2.0 MB | 0.6/14 MB | 430/556 kBProgress (3): 1.1/2.0 MB | 0.6/14 MB | 434/556 kBProgress (3): 1.1/2.0 MB | 0.6/14 MB | 438/556 kBProgress (3): 1.1/2.0 MB | 0.6/14 MB | 442/556 kBProgress (3): 1.1/2.0 MB | 0.7/14 MB | 442/556 kBProgress (3): 1.1/2.0 MB | 0.7/14 MB | 442/556 kBProgress (3): 1.1/2.0 MB | 0.7/14 MB | 442/556 kBProgress (3): 1.1/2.0 MB | 0.7/14 MB | 446/556 kBProgress (3): 1.1/2.0 MB | 0.7/14 MB | 450/556 kBProgress (3): 1.1/2.0 MB | 0.7/14 MB | 454/556 kBProgress (3): 1.1/2.0 MB | 0.7/14 MB | 458/556 kBProgress (3): 1.1/2.0 MB | 0.7/14 MB | 458/556 kBProgress (3): 1.1/2.0 MB | 0.7/14 MB | 458/556 kBProgress (3): 1.1/2.0 MB | 0.7/14 MB | 462/556 kBProgress (3): 1.1/2.0 MB | 0.7/14 MB | 466/556 kBProgress (3): 1.1/2.0 MB | 0.7/14 MB | 470/556 kBProgress (3): 1.1/2.0 MB | 0.7/14 MB | 475/556 kBProgress (3): 1.1/2.0 MB | 0.7/14 MB | 479/556 kBProgress (3): 1.1/2.0 MB | 0.7/14 MB | 483/556 kBProgress (3): 1.1/2.0 MB | 0.7/14 MB | 487/556 kBProgress (3): 1.1/2.0 MB | 0.7/14 MB | 491/556 kBProgress (3): 1.1/2.0 MB | 0.7/14 MB | 491/556 kBProgress (3): 1.1/2.0 MB | 0.7/14 MB | 491/556 kBProgress (3): 1.1/2.0 MB | 0.7/14 MB | 495/556 kBProgress (3): 1.1/2.0 MB | 0.7/14 MB | 499/556 kBProgress (3): 1.1/2.0 MB | 0.7/14 MB | 503/556 kBProgress (3): 1.1/2.0 MB | 0.7/14 MB | 507/556 kBProgress (3): 1.2/2.0 MB | 0.7/14 MB | 507/556 kBProgress (3): 1.2/2.0 MB | 0.7/14 MB | 507/556 kBProgress (3): 1.2/2.0 MB | 0.7/14 MB | 511/556 kBProgress (3): 1.2/2.0 MB | 0.7/14 MB | 516/556 kBProgress (3): 1.2/2.0 MB | 0.7/14 MB | 520/556 kBProgress (3): 1.2/2.0 MB | 0.7/14 MB | 524/556 kBProgress (3): 1.2/2.0 MB | 0.7/14 MB | 524/556 kBProgress (3): 1.2/2.0 MB | 0.7/14 MB | 524/556 kBProgress (3): 1.2/2.0 MB | 0.7/14 MB | 528/556 kBProgress (3): 1.2/2.0 MB | 0.7/14 MB | 532/556 kBProgress (3): 1.2/2.0 MB | 0.7/14 MB | 536/556 kBProgress (3): 1.2/2.0 MB | 0.7/14 MB | 536/556 kBProgress (3): 1.2/2.0 MB | 0.7/14 MB | 540/556 kBProgress (3): 1.2/2.0 MB | 0.7/14 MB | 540/556 kBProgress (3): 1.2/2.0 MB | 0.7/14 MB | 540/556 kBProgress (3): 1.2/2.0 MB | 0.7/14 MB | 544/556 kBProgress (3): 1.2/2.0 MB | 0.7/14 MB | 548/556 kBProgress (3): 1.2/2.0 MB | 0.7/14 MB | 552/556 kBProgress (3): 1.2/2.0 MB | 0.7/14 MB | 556 kB    Progress (3): 1.2/2.0 MB | 0.7/14 MB | 556 kBProgress (3): 1.2/2.0 MB | 0.7/14 MB | 556 kBProgress (3): 1.2/2.0 MB | 0.7/14 MB | 556 kBProgress (3): 1.2/2.0 MB | 0.7/14 MB | 556 kBProgress (3): 1.2/2.0 MB | 0.7/14 MB | 556 kBProgress (3): 1.2/2.0 MB | 0.7/14 MB | 556 kB                                             Downloaded from central: https://repo.maven.apache.org/maven2/org/hibernate/orm/hibernate-community-dialects/6.6.53.Final/hibernate-community-dialects-6.6.53.Final.jar (556 kB at 20 kB/s)
Progress (2): 1.2/2.0 MB | 0.7/14 MBProgress (2): 1.3/2.0 MB | 0.7/14 MBProgress (2): 1.3/2.0 MB | 0.8/14 MBProgress (2): 1.3/2.0 MB | 0.8/14 MBProgress (2): 1.3/2.0 MB | 0.8/14 MBProgress (2): 1.3/2.0 MB | 0.8/14 MBProgress (2): 1.3/2.0 MB | 0.8/14 MBProgress (2): 1.3/2.0 MB | 0.8/14 MBProgress (2): 1.3/2.0 MB | 0.8/14 MBProgress (2): 1.3/2.0 MB | 0.8/14 MBProgress (2): 1.3/2.0 MB | 0.8/14 MBProgress (2): 1.3/2.0 MB | 0.9/14 MBProgress (2): 1.3/2.0 MB | 0.9/14 MBProgress (2): 1.3/2.0 MB | 0.9/14 MBProgress (2): 1.3/2.0 MB | 1.0/14 MBProgress (2): 1.3/2.0 MB | 1.0/14 MBProgress (2): 1.4/2.0 MB | 1.0/14 MBProgress (2): 1.4/2.0 MB | 1.0/14 MBProgress (2): 1.4/2.0 MB | 1.0/14 MBProgress (2): 1.4/2.0 MB | 1.0/14 MBProgress (2): 1.4/2.0 MB | 1.0/14 MBProgress (2): 1.4/2.0 MB | 1.0/14 MBProgress (2): 1.4/2.0 MB | 1.0/14 MBProgress (2): 1.4/2.0 MB | 1.0/14 MBProgress (2): 1.4/2.0 MB | 1.0/14 MBProgress (2): 1.4/2.0 MB | 1.0/14 MBProgress (2): 1.4/2.0 MB | 1.0/14 MBProgress (2): 1.4/2.0 MB | 1.0/14 MBProgress (2): 1.4/2.0 MB | 1.0/14 MBProgress (2): 1.5/2.0 MB | 1.0/14 MBProgress (2): 1.5/2.0 MB | 1.0/14 MBProgress (2): 1.5/2.0 MB | 1.0/14 MBProgress (2): 1.5/2.0 MB | 1.0/14 MBProgress (2): 1.5/2.0 MB | 1.0/14 MBProgress (2): 1.5/2.0 MB | 1.0/14 MBProgress (2): 1.5/2.0 MB | 1.0/14 MBProgress (2): 1.5/2.0 MB | 1.1/14 MBProgress (2): 1.5/2.0 MB | 1.1/14 MBProgress (2): 1.5/2.0 MB | 1.1/14 MBProgress (2): 1.5/2.0 MB | 1.1/14 MBProgress (2): 1.5/2.0 MB | 1.1/14 MBProgress (2): 1.5/2.0 MB | 1.1/14 MBProgress (2): 1.6/2.0 MB | 1.1/14 MBProgress (2): 1.6/2.0 MB | 1.1/14 MBProgress (2): 1.6/2.0 MB | 1.1/14 MBProgress (2): 1.6/2.0 MB | 1.2/14 MBProgress (2): 1.6/2.0 MB | 1.2/14 MBProgress (2): 1.6/2.0 MB | 1.2/14 MBProgress (2): 1.6/2.0 MB | 1.2/14 MBProgress (2): 1.6/2.0 MB | 1.2/14 MBProgress (2): 1.6/2.0 MB | 1.2/14 MBProgress (2): 1.6/2.0 MB | 1.2/14 MBProgress (2): 1.6/2.0 MB | 1.2/14 MBProgress (2): 1.6/2.0 MB | 1.2/14 MBProgress (2): 1.6/2.0 MB | 1.2/14 MBProgress (2): 1.6/2.0 MB | 1.2/14 MBProgress (2): 1.6/2.0 MB | 1.3/14 MBProgress (2): 1.7/2.0 MB | 1.3/14 MBProgress (2): 1.7/2.0 MB | 1.3/14 MBProgress (2): 1.7/2.0 MB | 1.3/14 MBProgress (2): 1.7/2.0 MB | 1.3/14 MBProgress (2): 1.7/2.0 MB | 1.3/14 MBProgress (2): 1.7/2.0 MB | 1.3/14 MBProgress (2): 1.7/2.0 MB | 1.3/14 MBProgress (2): 1.7/2.0 MB | 1.3/14 MBProgress (2): 1.7/2.0 MB | 1.3/14 MBProgress (2): 1.7/2.0 MB | 1.3/14 MBProgress (2): 1.7/2.0 MB | 1.3/14 MBProgress (2): 1.7/2.0 MB | 1.3/14 MBProgress (2): 1.7/2.0 MB | 1.3/14 MBProgress (2): 1.8/2.0 MB | 1.3/14 MBProgress (2): 1.8/2.0 MB | 1.3/14 MBProgress (2): 1.8/2.0 MB | 1.3/14 MBProgress (2): 1.8/2.0 MB | 1.3/14 MBProgress (2): 1.8/2.0 MB | 1.3/14 MBProgress (2): 1.8/2.0 MB | 1.3/14 MBProgress (2): 1.8/2.0 MB | 1.4/14 MBProgress (2): 1.8/2.0 MB | 1.4/14 MBProgress (2): 1.8/2.0 MB | 1.4/14 MBProgress (2): 1.8/2.0 MB | 1.4/14 MBProgress (2): 1.8/2.0 MB | 1.4/14 MBProgress (2): 1.8/2.0 MB | 1.4/14 MBProgress (2): 1.8/2.0 MB | 1.4/14 MBProgress (2): 1.9/2.0 MB | 1.4/14 MBProgress (2): 1.9/2.0 MB | 1.4/14 MBProgress (2): 1.9/2.0 MB | 1.5/14 MBProgress (2): 1.9/2.0 MB | 1.5/14 MBProgress (2): 1.9/2.0 MB | 1.5/14 MBProgress (2): 1.9/2.0 MB | 1.5/14 MBProgress (2): 1.9/2.0 MB | 1.5/14 MBProgress (2): 1.9/2.0 MB | 1.5/14 MBProgress (2): 1.9/2.0 MB | 1.5/14 MBProgress (2): 1.9/2.0 MB | 1.5/14 MBProgress (2): 1.9/2.0 MB | 1.5/14 MBProgress (2): 1.9/2.0 MB | 1.5/14 MBProgress (2): 1.9/2.0 MB | 1.5/14 MBProgress (2): 1.9/2.0 MB | 1.5/14 MBProgress (2): 2.0/2.0 MB | 1.5/14 MBProgress (2): 2.0/2.0 MB | 1.5/14 MBProgress (2): 2.0/2.0 MB | 1.5/14 MBProgress (2): 2.0/2.0 MB | 1.5/14 MBProgress (2): 2.0 MB | 1.5/14 MB    Progress (2): 2.0 MB | 1.6/14 MB                                Downloaded from central: https://repo.maven.apache.org/maven2/org/springframework/spring-core/6.2.19/spring-core-6.2.19.jar (2.0 MB at 71 kB/s)
Progress (1): 1.7/14 MBProgress (1): 1.8/14 MBProgress (1): 1.8/14 MBProgress (1): 1.9/14 MBProgress (1): 2.0/14 MBProgress (1): 2.1/14 MBProgress (1): 2.1/14 MBProgress (1): 2.2/14 MBProgress (1): 2.3/14 MBProgress (1): 2.4/14 MBProgress (1): 2.4/14 MBProgress (1): 2.5/14 MBProgress (1): 2.6/14 MBProgress (1): 2.7/14 MBProgress (1): 2.7/14 MBProgress (1): 2.8/14 MBProgress (1): 2.9/14 MBProgress (1): 2.9/14 MBProgress (1): 3.0/14 MBProgress (1): 3.1/14 MBProgress (1): 3.2/14 MBProgress (1): 3.2/14 MBProgress (1): 3.3/14 MBProgress (1): 3.4/14 MBProgress (1): 3.5/14 MBProgress (1): 3.5/14 MBProgress (1): 3.6/14 MBProgress (1): 3.7/14 MBProgress (1): 3.8/14 MBProgress (1): 3.8/14 MBProgress (1): 3.9/14 MBProgress (1): 4.0/14 MBProgress (1): 4.1/14 MBProgress (1): 4.1/14 MBProgress (1): 4.2/14 MBProgress (1): 4.3/14 MBProgress (1): 4.3/14 MBProgress (1): 4.4/14 MBProgress (1): 4.5/14 MBProgress (1): 4.6/14 MBProgress (1): 4.6/14 MBProgress (1): 4.7/14 MBProgress (1): 4.8/14 MBProgress (1): 4.9/14 MBProgress (1): 4.9/14 MBProgress (1): 5.0/14 MBProgress (1): 5.1/14 MBProgress (1): 5.2/14 MBProgress (1): 5.2/14 MBProgress (1): 5.3/14 MBProgress (1): 5.4/14 MBProgress (1): 5.5/14 MBProgress (1): 5.5/14 MBProgress (1): 5.6/14 MBProgress (1): 5.7/14 MBProgress (1): 5.8/14 MBProgress (1): 5.8/14 MBProgress (1): 5.9/14 MBProgress (1): 6.0/14 MBProgress (1): 6.0/14 MBProgress (1): 6.1/14 MBProgress (1): 6.2/14 MBProgress (1): 6.3/14 MBProgress (1): 6.3/14 MBProgress (1): 6.4/14 MBProgress (1): 6.5/14 MBProgress (1): 6.6/14 MBProgress (1): 6.6/14 MBProgress (1): 6.7/14 MBProgress (1): 6.8/14 MBProgress (1): 6.9/14 MBProgress (1): 6.9/14 MBProgress (1): 7.0/14 MBProgress (1): 7.1/14 MBProgress (1): 7.2/14 MBProgress (1): 7.2/14 MBProgress (1): 7.3/14 MBProgress (1): 7.4/14 MBProgress (1): 7.4/14 MBProgress (1): 7.5/14 MBProgress (1): 7.6/14 MBProgress (1): 7.7/14 MBProgress (1): 7.7/14 MBProgress (1): 7.8/14 MBProgress (1): 7.9/14 MBProgress (1): 8.0/14 MBProgress (1): 8.0/14 MBProgress (1): 8.1/14 MBProgress (1): 8.2/14 MBProgress (1): 8.3/14 MBProgress (1): 8.3/14 MBProgress (1): 8.4/14 MBProgress (1): 8.5/14 MBProgress (1): 8.6/14 MBProgress (1): 8.6/14 MBProgress (1): 8.7/14 MBProgress (1): 8.8/14 MBProgress (1): 8.8/14 MBProgress (1): 8.9/14 MBProgress (1): 9.0/14 MBProgress (1): 9.1/14 MBProgress (1): 9.1/14 MBProgress (1): 9.2/14 MBProgress (1): 9.3/14 MBProgress (1): 9.4/14 MBProgress (1): 9.4/14 MBProgress (1): 9.5/14 MBProgress (1): 9.6/14 MBProgress (1): 9.7/14 MBProgress (1): 9.7/14 MBProgress (1): 9.8/14 MBProgress (1): 9.9/14 MBProgress (1): 10.0/14 MBProgress (1): 10/14 MB  Progress (1): 10/14 MBProgress (1): 10/14 MBProgress (1): 10/14 MBProgress (1): 10/14 MBProgress (1): 10/14 MBProgress (1): 10/14 MBProgress (1): 11/14 MBProgress (1): 11/14 MBProgress (1): 11/14 MBProgress (1): 11/14 MBProgress (1): 11/14 MBProgress (1): 11/14 MBProgress (1): 11/14 MBProgress (1): 11/14 MBProgress (1): 11/14 MBProgress (1): 11/14 MBProgress (1): 11/14 MBProgress (1): 11/14 MBProgress (1): 11/14 MBProgress (1): 12/14 MBProgress (1): 12/14 MBProgress (1): 12/14 MBProgress (1): 12/14 MBProgress (1): 12/14 MBProgress (1): 12/14 MBProgress (1): 12/14 MBProgress (1): 12/14 MBProgress (1): 12/14 MBProgress (1): 12/14 MBProgress (1): 12/14 MBProgress (1): 12/14 MBProgress (1): 12/14 MBProgress (1): 12/14 MBProgress (1): 13/14 MBProgress (1): 13/14 MBProgress (1): 13/14 MBProgress (1): 13/14 MBProgress (1): 13/14 MBProgress (1): 13/14 MBProgress (1): 13/14 MBProgress (1): 13/14 MBProgress (1): 13/14 MBProgress (1): 13/14 MBProgress (1): 13/14 MBProgress (1): 13/14 MBProgress (1): 13/14 MBProgress (1): 13/14 MBProgress (1): 14/14 MBProgress (1): 14/14 MBProgress (1): 14/14 MBProgress (1): 14/14 MBProgress (1): 14/14 MBProgress (1): 14/14 MBProgress (1): 14/14 MBProgress (1): 14/14 MBProgress (1): 14 MB                      Downloaded from central: https://repo.maven.apache.org/maven2/org/xerial/sqlite-jdbc/3.46.1.0/sqlite-jdbc-3.46.1.0.jar (14 MB at 364 kB/s)
[[1;34mINFO[m] 
[[1;34mINFO[m] [1m--- [0;32mmaven-clean-plugin:3.4.1:clean[m [1m(default-clean)[m @ [36mid-card-manager[0;1m ---[m
Downloading from central: https://repo.maven.apache.org/maven2/org/codehaus/plexus/plexus-utils/4.0.1/plexus-utils-4.0.1.pom
Progress (1): 4.1 kBProgress (1): 7.8 kB                    Downloaded from central: https://repo.maven.apache.org/maven2/org/codehaus/plexus/plexus-utils/4.0.1/plexus-utils-4.0.1.pom (7.8 kB at 87 kB/s)
Downloading from central: https://repo.maven.apache.org/maven2/org/codehaus/plexus/plexus/17/plexus-17.pom
Progress (1): 4.1 kBProgress (1): 8.2 kBProgress (1): 12 kB Progress (1): 16 kBProgress (1): 20 kBProgress (1): 25 kBProgress (1): 28 kB                   Downloaded from central: https://repo.maven.apache.org/maven2/org/codehaus/plexus/plexus/17/plexus-17.pom (28 kB at 306 kB/s)
Downloading from central: https://repo.maven.apache.org/maven2/org/codehaus/plexus/plexus-utils/4.0.1/plexus-utils-4.0.1.jar
Progress (1): 4.1/193 kBProgress (1): 7.7/193 kBProgress (1): 12/193 kB Progress (1): 16/193 kBProgress (1): 20/193 kBProgress (1): 24/193 kBProgress (1): 28/193 kBProgress (1): 32/193 kBProgress (1): 36/193 kBProgress (1): 40/193 kBProgress (1): 45/193 kBProgress (1): 49/193 kBProgress (1): 53/193 kBProgress (1): 57/193 kBProgress (1): 61/193 kBProgress (1): 65/193 kBProgress (1): 69/193 kBProgress (1): 73/193 kBProgress (1): 77/193 kBProgress (1): 81/193 kBProgress (1): 86/193 kBProgress (1): 90/193 kBProgress (1): 94/193 kBProgress (1): 98/193 kBProgress (1): 102/193 kBProgress (1): 106/193 kBProgress (1): 110/193 kBProgress (1): 114/193 kBProgress (1): 118/193 kBProgress (1): 122/193 kBProgress (1): 126/193 kBProgress (1): 131/193 kBProgress (1): 135/193 kBProgress (1): 139/193 kBProgress (1): 143/193 kBProgress (1): 147/193 kBProgress (1): 151/193 kBProgress (1): 155/193 kBProgress (1): 159/193 kBProgress (1): 163/193 kBProgress (1): 167/193 kBProgress (1): 172/193 kBProgress (1): 176/193 kBProgress (1): 180/193 kBProgress (1): 184/193 kBProgress (1): 188/193 kBProgress (1): 192/193 kBProgress (1): 193 kB                        Downloaded from central: https://repo.maven.apache.org/maven2/org/codehaus/plexus/plexus-utils/4.0.1/plexus-utils-4.0.1.jar (193 kB at 1.2 MB/s)
[[1;34mINFO[m] 
[[1;34mINFO[m] [1m--- [0;32mmaven-resources-plugin:3.3.1:resources[m [1m(default-resources)[m @ [36mid-card-manager[0;1m ---[m
Downloading from central: https://repo.maven.apache.org/maven2/org/codehaus/plexus/plexus-interpolation/1.26/plexus-interpolation-1.26.pom
Progress (1): 2.7 kB                    Downloaded from central: https://repo.maven.apache.org/maven2/org/codehaus/plexus/plexus-interpolation/1.26/plexus-interpolation-1.26.pom (2.7 kB at 30 kB/s)
Downloading from central: https://repo.maven.apache.org/maven2/org/codehaus/plexus/plexus/5.1/plexus-5.1.pom
Progress (1): 4.1 kBProgress (1): 8.2 kBProgress (1): 12 kB Progress (1): 16 kBProgress (1): 20 kBProgress (1): 23 kB                   Downloaded from central: https://repo.maven.apache.org/maven2/org/codehaus/plexus/plexus/5.1/plexus-5.1.pom (23 kB at 256 kB/s)
Downloading from central: https://repo.maven.apache.org/maven2/org/codehaus/plexus/plexus-utils/3.5.1/plexus-utils-3.5.1.pom
Progress (1): 4.1 kBProgress (1): 8.2 kBProgress (1): 8.8 kB                    Downloaded from central: https://repo.maven.apache.org/maven2/org/codehaus/plexus/plexus-utils/3.5.1/plexus-utils-3.5.1.pom (8.8 kB at 95 kB/s)
Downloading from central: https://repo.maven.apache.org/maven2/org/codehaus/plexus/plexus/10/plexus-10.pom
Progress (1): 4.1 kBProgress (1): 8.2 kBProgress (1): 12 kB Progress (1): 16 kBProgress (1): 20 kBProgress (1): 25 kBProgress (1): 25 kB                   Downloaded from central: https://repo.maven.apache.org/maven2/org/codehaus/plexus/plexus/10/plexus-10.pom (25 kB at 251 kB/s)
Downloading from central: https://repo.maven.apache.org/maven2/org/apache/maven/shared/maven-filtering/3.3.1/maven-filtering-3.3.1.pom
Progress (1): 4.1 kBProgress (1): 6.0 kB                    Downloaded from central: https://repo.maven.apache.org/maven2/org/apache/maven/shared/maven-filtering/3.3.1/maven-filtering-3.3.1.pom (6.0 kB at 67 kB/s)
Downloading from central: https://repo.maven.apache.org/maven2/org/apache/maven/shared/maven-shared-components/39/maven-shared-components-39.pom
Progress (1): 3.2 kB                    Downloaded from central: https://repo.maven.apache.org/maven2/org/apache/maven/shared/maven-shared-components/39/maven-shared-components-39.pom (3.2 kB at 37 kB/s)
Downloading from central: https://repo.maven.apache.org/maven2/javax/inject/javax.inject/1/javax.inject-1.pom
Progress (1): 612 B                   Downloaded from central: https://repo.maven.apache.org/maven2/javax/inject/javax.inject/1/javax.inject-1.pom (612 B at 7.1 kB/s)
Downloading from central: https://repo.maven.apache.org/maven2/org/slf4j/slf4j-api/1.7.36/slf4j-api-1.7.36.pom
Progress (1): 2.7 kB                    Downloaded from central: https://repo.maven.apache.org/maven2/org/slf4j/slf4j-api/1.7.36/slf4j-api-1.7.36.pom (2.7 kB at 32 kB/s)
Downloading from central: https://repo.maven.apache.org/maven2/org/slf4j/slf4j-parent/1.7.36/slf4j-parent-1.7.36.pom
Progress (1): 4.1 kBProgress (1): 8.2 kBProgress (1): 12 kB Progress (1): 14 kB                   Downloaded from central: https://repo.maven.apache.org/maven2/org/slf4j/slf4j-parent/1.7.36/slf4j-parent-1.7.36.pom (14 kB at 164 kB/s)
Downloading from central: https://repo.maven.apache.org/maven2/org/sonatype/plexus/plexus-build-api/0.0.7/plexus-build-api-0.0.7.pom
Progress (1): 3.2 kB                    Downloaded from central: https://repo.maven.apache.org/maven2/org/sonatype/plexus/plexus-build-api/0.0.7/plexus-build-api-0.0.7.pom (3.2 kB at 38 kB/s)
Downloading from central: https://repo.maven.apache.org/maven2/org/sonatype/spice/spice-parent/15/spice-parent-15.pom
Progress (1): 4.1 kBProgress (1): 8.2 kBProgress (1): 8.4 kB                    Downloaded from central: https://repo.maven.apache.org/maven2/org/sonatype/spice/spice-parent/15/spice-parent-15.pom (8.4 kB at 96 kB/s)
Downloading from central: https://repo.maven.apache.org/maven2/org/sonatype/forge/forge-parent/5/forge-parent-5.pom
Progress (1): 4.1 kBProgress (1): 8.2 kBProgress (1): 8.4 kB                    Downloaded from central: https://repo.maven.apache.org/maven2/org/sonatype/forge/forge-parent/5/forge-parent-5.pom (8.4 kB at 95 kB/s)
Downloading from central: https://repo.maven.apache.org/maven2/org/codehaus/plexus/plexus-utils/3.5.0/plexus-utils-3.5.0.pom
Progress (1): 4.1 kBProgress (1): 8.0 kB                    Downloaded from central: https://repo.maven.apache.org/maven2/org/codehaus/plexus/plexus-utils/3.5.0/plexus-utils-3.5.0.pom (8.0 kB at 92 kB/s)
Downloading from central: https://repo.maven.apache.org/maven2/commons-io/commons-io/2.11.0/commons-io-2.11.0.pom
Progress (1): 4.1 kBProgress (1): 8.2 kBProgress (1): 12 kB Progress (1): 16 kBProgress (1): 20 kB                   Downloaded from central: https://repo.maven.apache.org/maven2/commons-io/commons-io/2.11.0/commons-io-2.11.0.pom (20 kB at 222 kB/s)
Downloading from central: https://repo.maven.apache.org/maven2/org/apache/commons/commons-parent/52/commons-parent-52.pom
Progress (1): 4.1 kBProgress (1): 8.2 kBProgress (1): 12 kB Progress (1): 16 kBProgress (1): 20 kBProgress (1): 25 kBProgress (1): 29 kBProgress (1): 33 kBProgress (1): 37 kBProgress (1): 41 kBProgress (1): 45 kBProgress (1): 49 kBProgress (1): 53 kBProgress (1): 57 kBProgress (1): 61 kBProgress (1): 66 kBProgress (1): 70 kBProgress (1): 74 kBProgress (1): 78 kBProgress (1): 79 kB                   Downloaded from central: https://repo.maven.apache.org/maven2/org/apache/commons/commons-parent/52/commons-parent-52.pom (79 kB at 834 kB/s)
Downloading from central: https://repo.maven.apache.org/maven2/org/apache/apache/23/apache-23.pom
Progress (1): 4.1 kBProgress (1): 8.2 kBProgress (1): 12 kB Progress (1): 16 kBProgress (1): 18 kB                   Downloaded from central: https://repo.maven.apache.org/maven2/org/apache/apache/23/apache-23.pom (18 kB at 196 kB/s)
Downloading from central: https://repo.maven.apache.org/maven2/org/junit/junit-bom/5.7.2/junit-bom-5.7.2.pom
Progress (1): 4.1 kBProgress (1): 5.1 kB                    Downloaded from central: https://repo.maven.apache.org/maven2/org/junit/junit-bom/5.7.2/junit-bom-5.7.2.pom (5.1 kB at 48 kB/s)
Downloading from central: https://repo.maven.apache.org/maven2/org/apache/commons/commons-lang3/3.12.0/commons-lang3-3.12.0.pom
Progress (1): 4.1 kBProgress (1): 8.2 kBProgress (1): 12 kB Progress (1): 16 kBProgress (1): 20 kBProgress (1): 25 kBProgress (1): 29 kBProgress (1): 31 kB                   Downloaded from central: https://repo.maven.apache.org/maven2/org/apache/commons/commons-lang3/3.12.0/commons-lang3-3.12.0.pom (31 kB at 292 kB/s)
Downloading from central: https://repo.maven.apache.org/maven2/org/junit/junit-bom/5.7.1/junit-bom-5.7.1.pom
Progress (1): 4.1 kBProgress (1): 5.1 kB                    Downloaded from central: https://repo.maven.apache.org/maven2/org/junit/junit-bom/5.7.1/junit-bom-5.7.1.pom (5.1 kB at 49 kB/s)
Downloading from central: https://repo.maven.apache.org/maven2/org/codehaus/plexus/plexus-interpolation/1.26/plexus-interpolation-1.26.jar
Downloading from central: https://repo.maven.apache.org/maven2/org/codehaus/plexus/plexus-utils/3.5.1/plexus-utils-3.5.1.jar
Downloading from central: https://repo.maven.apache.org/maven2/org/apache/maven/shared/maven-filtering/3.3.1/maven-filtering-3.3.1.jar
Downloading from central: https://repo.maven.apache.org/maven2/javax/inject/javax.inject/1/javax.inject-1.jar
Downloading from central: https://repo.maven.apache.org/maven2/org/slf4j/slf4j-api/1.7.36/slf4j-api-1.7.36.jar
Progress (1): 3.1/269 kBProgress (2): 3.1/269 kB | 4.1/85 kBProgress (2): 3.1/269 kB | 7.7/85 kBProgress (2): 3.1/269 kB | 12/85 kB Progress (2): 3.1/269 kB | 16/85 kBProgress (3): 3.1/269 kB | 16/85 kB | 2.5 kBProgress (3): 3.1/269 kB | 20/85 kB | 2.5 kBProgress (3): 3.1/269 kB | 24/85 kB | 2.5 kBProgress (3): 3.1/269 kB | 28/85 kB | 2.5 kBProgress (3): 3.1/269 kB | 32/85 kB | 2.5 kBProgress (3): 7.2/269 kB | 32/85 kB | 2.5 kBProgress (3): 7.2/269 kB | 36/85 kB | 2.5 kBProgress (3): 11/269 kB | 36/85 kB | 2.5 kB Progress (4): 11/269 kB | 36/85 kB | 2.5 kB | 4.1/41 kBProgress (5): 11/269 kB | 36/85 kB | 2.5 kB | 4.1/41 kB | 4.1/55 kBProgress (5): 11/269 kB | 40/85 kB | 2.5 kB | 4.1/41 kB | 4.1/55 kBProgress (5): 11/269 kB | 40/85 kB | 2.5 kB | 4.1/41 kB | 7.7/55 kBProgress (5): 11/269 kB | 45/85 kB | 2.5 kB | 4.1/41 kB | 7.7/55 kBProgress (5): 15/269 kB | 45/85 kB | 2.5 kB | 4.1/41 kB | 7.7/55 kBProgress (5): 15/269 kB | 45/85 kB | 2.5 kB | 7.7/41 kB | 7.7/55 kBProgress (5): 15/269 kB | 49/85 kB | 2.5 kB | 7.7/41 kB | 7.7/55 kBProgress (5): 15/269 kB | 49/85 kB | 2.5 kB | 7.7/41 kB | 12/55 kB Progress (5): 20/269 kB | 49/85 kB | 2.5 kB | 7.7/41 kB | 12/55 kBProgress (5): 20/269 kB | 49/85 kB | 2.5 kB | 11/41 kB | 12/55 kB Progress (5): 20/269 kB | 53/85 kB | 2.5 kB | 11/41 kB | 12/55 kBProgress (5): 20/269 kB | 57/85 kB | 2.5 kB | 11/41 kB | 12/55 kBProgress (5): 20/269 kB | 61/85 kB | 2.5 kB | 11/41 kB | 12/55 kBProgress (5): 20/269 kB | 65/85 kB | 2.5 kB | 11/41 kB | 12/55 kBProgress (5): 20/269 kB | 69/85 kB | 2.5 kB | 11/41 kB | 12/55 kBProgress (5): 20/269 kB | 73/85 kB | 2.5 kB | 11/41 kB | 12/55 kBProgress (5): 20/269 kB | 77/85 kB | 2.5 kB | 11/41 kB | 12/55 kBProgress (5): 20/269 kB | 81/85 kB | 2.5 kB | 11/41 kB | 12/55 kBProgress (5): 20/269 kB | 85 kB | 2.5 kB | 11/41 kB | 12/55 kB   Progress (5): 20/269 kB | 85 kB | 2.5 kB | 15/41 kB | 12/55 kBProgress (5): 24/269 kB | 85 kB | 2.5 kB | 15/41 kB | 12/55 kBProgress (5): 28/269 kB | 85 kB | 2.5 kB | 15/41 kB | 12/55 kBProgress (5): 32/269 kB | 85 kB | 2.5 kB | 15/41 kB | 12/55 kBProgress (5): 32/269 kB | 85 kB | 2.5 kB | 20/41 kB | 12/55 kBProgress (5): 36/269 kB | 85 kB | 2.5 kB | 20/41 kB | 12/55 kBProgress (5): 36/269 kB | 85 kB | 2.5 kB | 24/41 kB | 12/55 kBProgress (5): 36/269 kB | 85 kB | 2.5 kB | 28/41 kB | 12/55 kBProgress (5): 36/269 kB | 85 kB | 2.5 kB | 28/41 kB | 16/55 kBProgress (5): 36/269 kB | 85 kB | 2.5 kB | 28/41 kB | 20/55 kBProgress (5): 36/269 kB | 85 kB | 2.5 kB | 28/41 kB | 24/55 kBProgress (5): 36/269 kB | 85 kB | 2.5 kB | 28/41 kB | 28/55 kBProgress (5): 36/269 kB | 85 kB | 2.5 kB | 32/41 kB | 28/55 kBProgress (5): 36/269 kB | 85 kB | 2.5 kB | 36/41 kB | 28/55 kBProgress (5): 36/269 kB | 85 kB | 2.5 kB | 40/41 kB | 28/55 kBProgress (5): 36/269 kB | 85 kB | 2.5 kB | 41 kB | 28/55 kB   Progress (5): 40/269 kB | 85 kB | 2.5 kB | 41 kB | 28/55 kBProgress (5): 40/269 kB | 85 kB | 2.5 kB | 41 kB | 32/55 kBProgress (5): 40/269 kB | 85 kB | 2.5 kB | 41 kB | 36/55 kBProgress (5): 40/269 kB | 85 kB | 2.5 kB | 41 kB | 40/55 kBProgress (5): 40/269 kB | 85 kB | 2.5 kB | 41 kB | 45/55 kBProgress (5): 44/269 kB | 85 kB | 2.5 kB | 41 kB | 45/55 kBProgress (5): 48/269 kB | 85 kB | 2.5 kB | 41 kB | 45/55 kBProgress (5): 52/269 kB | 85 kB | 2.5 kB | 41 kB | 45/55 kBProgress (5): 56/269 kB | 85 kB | 2.5 kB | 41 kB | 45/55 kBProgress (5): 60/269 kB | 85 kB | 2.5 kB | 41 kB | 45/55 kBProgress (5): 65/269 kB | 85 kB | 2.5 kB | 41 kB | 45/55 kBProgress (5): 69/269 kB | 85 kB | 2.5 kB | 41 kB | 45/55 kBProgress (5): 69/269 kB | 85 kB | 2.5 kB | 41 kB | 49/55 kBProgress (5): 69/269 kB | 85 kB | 2.5 kB | 41 kB | 53/55 kBProgress (5): 69/269 kB | 85 kB | 2.5 kB | 41 kB | 55 kB   Progress (5): 73/269 kB | 85 kB | 2.5 kB | 41 kB | 55 kBProgress (5): 77/269 kB | 85 kB | 2.5 kB | 41 kB | 55 kBProgress (5): 81/269 kB | 85 kB | 2.5 kB | 41 kB | 55 kBProgress (5): 85/269 kB | 85 kB | 2.5 kB | 41 kB | 55 kBProgress (5): 89/269 kB | 85 kB | 2.5 kB | 41 kB | 55 kBProgress (5): 93/269 kB | 85 kB | 2.5 kB | 41 kB | 55 kBProgress (5): 97/269 kB | 85 kB | 2.5 kB | 41 kB | 55 kBProgress (5): 101/269 kB | 85 kB | 2.5 kB | 41 kB | 55 kB                                                         Downloaded from central: https://repo.maven.apache.org/maven2/javax/inject/javax.inject/1/javax.inject-1.jar (2.5 kB at 14 kB/s)
Downloading from central: https://repo.maven.apache.org/maven2/org/sonatype/plexus/plexus-build-api/0.0.7/plexus-build-api-0.0.7.jar
Progress (4): 106/269 kB | 85 kB | 41 kB | 55 kBProgress (4): 110/269 kB | 85 kB | 41 kB | 55 kBProgress (4): 114/269 kB | 85 kB | 41 kB | 55 kBProgress (4): 118/269 kB | 85 kB | 41 kB | 55 kBProgress (4): 122/269 kB | 85 kB | 41 kB | 55 kBProgress (4): 126/269 kB | 85 kB | 41 kB | 55 kBProgress (4): 130/269 kB | 85 kB | 41 kB | 55 kBProgress (4): 134/269 kB | 85 kB | 41 kB | 55 kBProgress (4): 138/269 kB | 85 kB | 41 kB | 55 kBProgress (4): 142/269 kB | 85 kB | 41 kB | 55 kBProgress (4): 147/269 kB | 85 kB | 41 kB | 55 kBProgress (4): 151/269 kB | 85 kB | 41 kB | 55 kBProgress (4): 155/269 kB | 85 kB | 41 kB | 55 kBProgress (4): 159/269 kB | 85 kB | 41 kB | 55 kBProgress (4): 163/269 kB | 85 kB | 41 kB | 55 kBProgress (4): 167/269 kB | 85 kB | 41 kB | 55 kB                                                Downloaded from central: https://repo.maven.apache.org/maven2/org/codehaus/plexus/plexus-interpolation/1.26/plexus-interpolation-1.26.jar (85 kB at 427 kB/s)
Downloading from central: https://repo.maven.apache.org/maven2/commons-io/commons-io/2.11.0/commons-io-2.11.0.jar
Progress (3): 171/269 kB | 41 kB | 55 kBProgress (3): 175/269 kB | 41 kB | 55 kBProgress (3): 179/269 kB | 41 kB | 55 kBProgress (3): 183/269 kB | 41 kB | 55 kB                                        Downloaded from central: https://repo.maven.apache.org/maven2/org/slf4j/slf4j-api/1.7.36/slf4j-api-1.7.36.jar (41 kB at 203 kB/s)
Downloading from central: https://repo.maven.apache.org/maven2/org/apache/commons/commons-lang3/3.12.0/commons-lang3-3.12.0.jar
Progress (2): 187/269 kB | 55 kBProgress (2): 192/269 kB | 55 kBProgress (2): 196/269 kB | 55 kBProgress (2): 200/269 kB | 55 kB                                Downloaded from central: https://repo.maven.apache.org/maven2/org/apache/maven/shared/maven-filtering/3.3.1/maven-filtering-3.3.1.jar (55 kB at 264 kB/s)
Progress (1): 204/269 kBProgress (1): 208/269 kBProgress (1): 212/269 kBProgress (1): 216/269 kBProgress (1): 220/269 kBProgress (1): 224/269 kBProgress (1): 228/269 kBProgress (1): 233/269 kBProgress (1): 237/269 kBProgress (1): 241/269 kBProgress (1): 245/269 kBProgress (1): 249/269 kBProgress (1): 253/269 kBProgress (1): 257/269 kBProgress (1): 261/269 kBProgress (1): 265/269 kBProgress (1): 269 kB    Progress (2): 269 kB | 4.1/327 kBProgress (2): 269 kB | 7.7/327 kBProgress (2): 269 kB | 11/327 kB Progress (3): 269 kB | 11/327 kB | 3.2/8.5 kBProgress (3): 269 kB | 11/327 kB | 7.3/8.5 kBProgress (3): 269 kB | 15/327 kB | 7.3/8.5 kBProgress (3): 269 kB | 15/327 kB | 8.5 kB    Progress (3): 269 kB | 20/327 kB | 8.5 kBProgress (3): 269 kB | 24/327 kB | 8.5 kBProgress (3): 269 kB | 28/327 kB | 8.5 kBProgress (3): 269 kB | 32/327 kB | 8.5 kBProgress (3): 269 kB | 36/327 kB | 8.5 kBProgress (3): 269 kB | 40/327 kB | 8.5 kBProgress (3): 269 kB | 44/327 kB | 8.5 kBProgress (4): 269 kB | 44/327 kB | 8.5 kB | 4.1/587 kBProgress (4): 269 kB | 44/327 kB | 8.5 kB | 7.7/587 kBProgress (4): 269 kB | 44/327 kB | 8.5 kB | 12/587 kB Progress (4): 269 kB | 44/327 kB | 8.5 kB | 16/587 kBProgress (4): 269 kB | 48/327 kB | 8.5 kB | 16/587 kBProgress (4): 269 kB | 52/327 kB | 8.5 kB | 16/587 kBProgress (4): 269 kB | 56/327 kB | 8.5 kB | 16/587 kBProgress (4): 269 kB | 61/327 kB | 8.5 kB | 16/587 kBProgress (4): 269 kB | 61/327 kB | 8.5 kB | 20/587 kBProgress (4): 269 kB | 61/327 kB | 8.5 kB | 24/587 kBProgress (4): 269 kB | 65/327 kB | 8.5 kB | 24/587 kBProgress (4): 269 kB | 69/327 kB | 8.5 kB | 24/587 kBProgress (4): 269 kB | 73/327 kB | 8.5 kB | 24/587 kBProgress (4): 269 kB | 77/327 kB | 8.5 kB | 24/587 kBProgress (4): 269 kB | 81/327 kB | 8.5 kB | 24/587 kBProgress (4): 269 kB | 85/327 kB | 8.5 kB | 24/587 kBProgress (4): 269 kB | 89/327 kB | 8.5 kB | 24/587 kBProgress (4): 269 kB | 93/327 kB | 8.5 kB | 24/587 kBProgress (4): 269 kB | 97/327 kB | 8.5 kB | 24/587 kBProgress (4): 269 kB | 101/327 kB | 8.5 kB | 24/587 kBProgress (4): 269 kB | 106/327 kB | 8.5 kB | 24/587 kBProgress (4): 269 kB | 110/327 kB | 8.5 kB | 24/587 kBProgress (4): 269 kB | 114/327 kB | 8.5 kB | 24/587 kBProgress (4): 269 kB | 114/327 kB | 8.5 kB | 28/587 kBProgress (4): 269 kB | 118/327 kB | 8.5 kB | 28/587 kBProgress (4): 269 kB | 118/327 kB | 8.5 kB | 32/587 kBProgress (4): 269 kB | 118/327 kB | 8.5 kB | 36/587 kBProgress (4): 269 kB | 118/327 kB | 8.5 kB | 40/587 kBProgress (4): 269 kB | 122/327 kB | 8.5 kB | 40/587 kBProgress (4): 269 kB | 126/327 kB | 8.5 kB | 40/587 kBProgress (4): 269 kB | 130/327 kB | 8.5 kB | 40/587 kBProgress (4): 269 kB | 134/327 kB | 8.5 kB | 40/587 kBProgress (4): 269 kB | 138/327 kB | 8.5 kB | 40/587 kBProgress (4): 269 kB | 142/327 kB | 8.5 kB | 40/587 kBProgress (4): 269 kB | 147/327 kB | 8.5 kB | 40/587 kBProgress (4): 269 kB | 151/327 kB | 8.5 kB | 40/587 kBProgress (4): 269 kB | 155/327 kB | 8.5 kB | 40/587 kBProgress (4): 269 kB | 159/327 kB | 8.5 kB | 40/587 kB                                                      Downloaded from central: https://repo.maven.apache.org/maven2/org/sonatype/plexus/plexus-build-api/0.0.7/plexus-build-api-0.0.7.jar (8.5 kB at 24 kB/s)
Downloaded from central: https://repo.maven.apache.org/maven2/org/codehaus/plexus/plexus-utils/3.5.1/plexus-utils-3.5.1.jar (269 kB at 767 kB/s)
Progress (2): 159/327 kB | 45/587 kBProgress (2): 159/327 kB | 49/587 kBProgress (2): 159/327 kB | 53/587 kBProgress (2): 159/327 kB | 57/587 kBProgress (2): 163/327 kB | 57/587 kBProgress (2): 167/327 kB | 57/587 kBProgress (2): 171/327 kB | 57/587 kBProgress (2): 175/327 kB | 57/587 kBProgress (2): 179/327 kB | 57/587 kBProgress (2): 183/327 kB | 57/587 kBProgress (2): 187/327 kB | 57/587 kBProgress (2): 192/327 kB | 57/587 kBProgress (2): 192/327 kB | 61/587 kBProgress (2): 192/327 kB | 65/587 kBProgress (2): 192/327 kB | 69/587 kBProgress (2): 192/327 kB | 73/587 kBProgress (2): 196/327 kB | 73/587 kBProgress (2): 200/327 kB | 73/587 kBProgress (2): 204/327 kB | 73/587 kBProgress (2): 208/327 kB | 73/587 kBProgress (2): 212/327 kB | 73/587 kBProgress (2): 216/327 kB | 73/587 kBProgress (2): 220/327 kB | 73/587 kBProgress (2): 224/327 kB | 73/587 kBProgress (2): 224/327 kB | 77/587 kBProgress (2): 224/327 kB | 81/587 kBProgress (2): 224/327 kB | 86/587 kBProgress (2): 224/327 kB | 90/587 kBProgress (2): 228/327 kB | 90/587 kBProgress (2): 233/327 kB | 90/587 kBProgress (2): 237/327 kB | 90/587 kBProgress (2): 241/327 kB | 90/587 kBProgress (2): 241/327 kB | 94/587 kBProgress (2): 245/327 kB | 94/587 kBProgress (2): 245/327 kB | 98/587 kBProgress (2): 249/327 kB | 98/587 kBProgress (2): 249/327 kB | 102/587 kBProgress (2): 253/327 kB | 102/587 kBProgress (2): 257/327 kB | 102/587 kBProgress (2): 257/327 kB | 106/587 kBProgress (2): 257/327 kB | 110/587 kBProgress (2): 257/327 kB | 114/587 kBProgress (2): 257/327 kB | 118/587 kBProgress (2): 257/327 kB | 122/587 kBProgress (2): 257/327 kB | 126/587 kBProgress (2): 257/327 kB | 131/587 kBProgress (2): 257/327 kB | 135/587 kBProgress (2): 257/327 kB | 139/587 kBProgress (2): 257/327 kB | 143/587 kBProgress (2): 257/327 kB | 147/587 kBProgress (2): 257/327 kB | 151/587 kBProgress (2): 257/327 kB | 155/587 kBProgress (2): 257/327 kB | 159/587 kBProgress (2): 257/327 kB | 163/587 kBProgress (2): 257/327 kB | 167/587 kBProgress (2): 257/327 kB | 172/587 kBProgress (2): 261/327 kB | 172/587 kBProgress (2): 261/327 kB | 176/587 kBProgress (2): 261/327 kB | 180/587 kBProgress (2): 265/327 kB | 180/587 kBProgress (2): 265/327 kB | 184/587 kBProgress (2): 269/327 kB | 184/587 kBProgress (2): 269/327 kB | 188/587 kBProgress (2): 274/327 kB | 188/587 kBProgress (2): 278/327 kB | 188/587 kBProgress (2): 282/327 kB | 188/587 kBProgress (2): 286/327 kB | 188/587 kBProgress (2): 290/327 kB | 188/587 kBProgress (2): 290/327 kB | 192/587 kBProgress (2): 294/327 kB | 192/587 kBProgress (2): 294/327 kB | 196/587 kBProgress (2): 298/327 kB | 196/587 kBProgress (2): 298/327 kB | 200/587 kBProgress (2): 302/327 kB | 200/587 kBProgress (2): 302/327 kB | 204/587 kBProgress (2): 306/327 kB | 204/587 kBProgress (2): 310/327 kB | 204/587 kBProgress (2): 314/327 kB | 204/587 kBProgress (2): 319/327 kB | 204/587 kBProgress (2): 323/327 kB | 204/587 kBProgress (2): 327/327 kB | 204/587 kBProgress (2): 327 kB | 204/587 kB    Progress (2): 327 kB | 208/587 kBProgress (2): 327 kB | 213/587 kBProgress (2): 327 kB | 217/587 kBProgress (2): 327 kB | 221/587 kBProgress (2): 327 kB | 225/587 kBProgress (2): 327 kB | 229/587 kBProgress (2): 327 kB | 233/587 kBProgress (2): 327 kB | 237/587 kBProgress (2): 327 kB | 241/587 kBProgress (2): 327 kB | 245/587 kBProgress (2): 327 kB | 249/587 kBProgress (2): 327 kB | 253/587 kBProgress (2): 327 kB | 258/587 kBProgress (2): 327 kB | 262/587 kBProgress (2): 327 kB | 266/587 kBProgress (2): 327 kB | 270/587 kB                                 Downloaded from central: https://repo.maven.apache.org/maven2/commons-io/commons-io/2.11.0/commons-io-2.11.0.jar (327 kB at 602 kB/s)
Progress (1): 274/587 kBProgress (1): 278/587 kBProgress (1): 282/587 kBProgress (1): 286/587 kBProgress (1): 290/587 kBProgress (1): 294/587 kBProgress (1): 299/587 kBProgress (1): 303/587 kBProgress (1): 307/587 kBProgress (1): 311/587 kBProgress (1): 315/587 kBProgress (1): 319/587 kBProgress (1): 323/587 kBProgress (1): 327/587 kBProgress (1): 331/587 kBProgress (1): 335/587 kBProgress (1): 339/587 kBProgress (1): 344/587 kBProgress (1): 348/587 kBProgress (1): 352/587 kBProgress (1): 356/587 kBProgress (1): 360/587 kBProgress (1): 364/587 kBProgress (1): 368/587 kBProgress (1): 372/587 kBProgress (1): 376/587 kBProgress (1): 380/587 kBProgress (1): 385/587 kBProgress (1): 389/587 kBProgress (1): 393/587 kBProgress (1): 397/587 kBProgress (1): 401/587 kBProgress (1): 405/587 kBProgress (1): 409/587 kBProgress (1): 413/587 kBProgress (1): 417/587 kBProgress (1): 421/587 kBProgress (1): 426/587 kBProgress (1): 430/587 kBProgress (1): 434/587 kBProgress (1): 438/587 kBProgress (1): 442/587 kBProgress (1): 446/587 kBProgress (1): 450/587 kBProgress (1): 454/587 kBProgress (1): 458/587 kBProgress (1): 462/587 kBProgress (1): 466/587 kBProgress (1): 471/587 kBProgress (1): 475/587 kBProgress (1): 479/587 kBProgress (1): 483/587 kBProgress (1): 487/587 kBProgress (1): 491/587 kBProgress (1): 495/587 kBProgress (1): 499/587 kBProgress (1): 503/587 kBProgress (1): 507/587 kBProgress (1): 512/587 kBProgress (1): 516/587 kBProgress (1): 520/587 kBProgress (1): 524/587 kBProgress (1): 528/587 kBProgress (1): 532/587 kBProgress (1): 536/587 kBProgress (1): 540/587 kBProgress (1): 544/587 kBProgress (1): 548/587 kBProgress (1): 552/587 kBProgress (1): 557/587 kBProgress (1): 561/587 kBProgress (1): 565/587 kBProgress (1): 569/587 kBProgress (1): 573/587 kBProgress (1): 577/587 kBProgress (1): 581/587 kBProgress (1): 585/587 kBProgress (1): 587 kB                        Downloaded from central: https://repo.maven.apache.org/maven2/org/apache/commons/commons-lang3/3.12.0/commons-lang3-3.12.0.jar (587 kB at 677 kB/s)
[[1;34mINFO[m] Copying 1 resource from src/main/resources to target/classes
[[1;34mINFO[m] Copying 7 resources from src/main/resources to target/classes
[[1;34mINFO[m] 
[[1;34mINFO[m] [1m--- [0;32mmaven-compiler-plugin:3.14.1:compile[m [1m(default-compile)[m @ [36mid-card-manager[0;1m ---[m
Downloading from central: https://repo.maven.apache.org/maven2/org/ow2/asm/asm/9.8/asm-9.8.pom
Progress (1): 2.4 kB                    Downloaded from central: https://repo.maven.apache.org/maven2/org/ow2/asm/asm/9.8/asm-9.8.pom (2.4 kB at 24 kB/s)
Downloading from central: https://repo.maven.apache.org/maven2/org/apache/maven/shared/maven-shared-utils/3.4.2/maven-shared-utils-3.4.2.pom
Progress (1): 4.1 kBProgress (1): 5.9 kB                    Downloaded from central: https://repo.maven.apache.org/maven2/org/apache/maven/shared/maven-shared-utils/3.4.2/maven-shared-utils-3.4.2.pom (5.9 kB at 62 kB/s)
Downloading from central: https://repo.maven.apache.org/maven2/org/apache/maven/shared/maven-shared-incremental/1.1/maven-shared-incremental-1.1.pom
Progress (1): 4.1 kBProgress (1): 4.7 kB                    Downloaded from central: https://repo.maven.apache.org/maven2/org/apache/maven/shared/maven-shared-incremental/1.1/maven-shared-incremental-1.1.pom (4.7 kB at 52 kB/s)
Downloading from central: https://repo.maven.apache.org/maven2/org/apache/maven/shared/maven-shared-components/19/maven-shared-components-19.pom
Progress (1): 4.1 kBProgress (1): 6.4 kB                    Downloaded from central: https://repo.maven.apache.org/maven2/org/apache/maven/shared/maven-shared-components/19/maven-shared-components-19.pom (6.4 kB at 70 kB/s)
Downloading from central: https://repo.maven.apache.org/maven2/org/apache/maven/maven-parent/23/maven-parent-23.pom
Progress (1): 4.1 kBProgress (1): 8.2 kBProgress (1): 12 kB Progress (1): 16 kBProgress (1): 20 kBProgress (1): 25 kBProgress (1): 29 kBProgress (1): 33 kB                   Downloaded from central: https://repo.maven.apache.org/maven2/org/apache/maven/maven-parent/23/maven-parent-23.pom (33 kB at 326 kB/s)
Downloading from central: https://repo.maven.apache.org/maven2/org/codehaus/plexus/plexus-java/1.5.0/plexus-java-1.5.0.pom
Progress (1): 4.1 kB                    Downloaded from central: https://repo.maven.apache.org/maven2/org/codehaus/plexus/plexus-java/1.5.0/plexus-java-1.5.0.pom (4.1 kB at 43 kB/s)
Downloading from central: https://repo.maven.apache.org/maven2/org/codehaus/plexus/plexus-languages/1.5.0/plexus-languages-1.5.0.pom
Progress (1): 3.9 kB                    Downloaded from central: https://repo.maven.apache.org/maven2/org/codehaus/plexus/plexus-languages/1.5.0/plexus-languages-1.5.0.pom (3.9 kB at 25 kB/s)
Downloading from central: https://repo.maven.apache.org/maven2/org/codehaus/plexus/plexus/20/plexus-20.pom
Progress (1): 4.1 kBProgress (1): 8.2 kBProgress (1): 12 kB Progress (1): 16 kBProgress (1): 20 kBProgress (1): 25 kBProgress (1): 29 kBProgress (1): 29 kB                   Downloaded from central: https://repo.maven.apache.org/maven2/org/codehaus/plexus/plexus/20/plexus-20.pom (29 kB at 281 kB/s)
Downloading from central: https://repo.maven.apache.org/maven2/org/junit/junit-bom/5.11.4/junit-bom-5.11.4.pom
Progress (1): 4.1 kBProgress (1): 5.6 kB                    Downloaded from central: https://repo.maven.apache.org/maven2/org/junit/junit-bom/5.11.4/junit-bom-5.11.4.pom (5.6 kB at 61 kB/s)
Downloading from central: https://repo.maven.apache.org/maven2/com/thoughtworks/qdox/qdox/2.2.0/qdox-2.2.0.pom
Progress (1): 4.1 kBProgress (1): 8.2 kBProgress (1): 12 kB Progress (1): 16 kBProgress (1): 18 kB                   Downloaded from central: https://repo.maven.apache.org/maven2/com/thoughtworks/qdox/qdox/2.2.0/qdox-2.2.0.pom (18 kB at 159 kB/s)
Downloading from central: https://repo.maven.apache.org/maven2/org/codehaus/plexus/plexus-compiler-api/2.15.0/plexus-compiler-api-2.15.0.pom
Progress (1): 1.4 kB                    Downloaded from central: https://repo.maven.apache.org/maven2/org/codehaus/plexus/plexus-compiler-api/2.15.0/plexus-compiler-api-2.15.0.pom (1.4 kB at 15 kB/s)
Downloading from central: https://repo.maven.apache.org/maven2/org/codehaus/plexus/plexus-compiler/2.15.0/plexus-compiler-2.15.0.pom
Progress (1): 4.1 kBProgress (1): 7.6 kB                    Downloaded from central: https://repo.maven.apache.org/maven2/org/codehaus/plexus/plexus-compiler/2.15.0/plexus-compiler-2.15.0.pom (7.6 kB at 77 kB/s)
Downloading from central: https://repo.maven.apache.org/maven2/org/codehaus/plexus/plexus-utils/4.0.2/plexus-utils-4.0.2.pom
Progress (1): 4.1 kBProgress (1): 8.2 kBProgress (1): 12 kB Progress (1): 13 kB                   Downloaded from central: https://repo.maven.apache.org/maven2/org/codehaus/plexus/plexus-utils/4.0.2/plexus-utils-4.0.2.pom (13 kB at 138 kB/s)
Downloading from central: https://repo.maven.apache.org/maven2/org/codehaus/plexus/plexus-compiler-manager/2.15.0/plexus-compiler-manager-2.15.0.pom
Progress (1): 1.3 kB                    Downloaded from central: https://repo.maven.apache.org/maven2/org/codehaus/plexus/plexus-compiler-manager/2.15.0/plexus-compiler-manager-2.15.0.pom (1.3 kB at 14 kB/s)
Downloading from central: https://repo.maven.apache.org/maven2/org/codehaus/plexus/plexus-xml/3.0.1/plexus-xml-3.0.1.pom
Progress (1): 3.7 kB                    Downloaded from central: https://repo.maven.apache.org/maven2/org/codehaus/plexus/plexus-xml/3.0.1/plexus-xml-3.0.1.pom (3.7 kB at 39 kB/s)
Downloading from central: https://repo.maven.apache.org/maven2/org/codehaus/plexus/plexus/18/plexus-18.pom
Progress (1): 4.1 kBProgress (1): 8.2 kBProgress (1): 12 kB Progress (1): 16 kBProgress (1): 20 kBProgress (1): 25 kBProgress (1): 29 kBProgress (1): 29 kB                   Downloaded from central: https://repo.maven.apache.org/maven2/org/codehaus/plexus/plexus/18/plexus-18.pom (29 kB at 289 kB/s)
Downloading from central: https://repo.maven.apache.org/maven2/org/codehaus/plexus/plexus-compiler-javac/2.15.0/plexus-compiler-javac-2.15.0.pom
Progress (1): 1.3 kB                    Downloaded from central: https://repo.maven.apache.org/maven2/org/codehaus/plexus/plexus-compiler-javac/2.15.0/plexus-compiler-javac-2.15.0.pom (1.3 kB at 15 kB/s)
Downloading from central: https://repo.maven.apache.org/maven2/org/codehaus/plexus/plexus-compilers/2.15.0/plexus-compilers-2.15.0.pom
Progress (1): 1.6 kB                    Downloaded from central: https://repo.maven.apache.org/maven2/org/codehaus/plexus/plexus-compilers/2.15.0/plexus-compilers-2.15.0.pom (1.6 kB at 13 kB/s)
Downloading from central: https://repo.maven.apache.org/maven2/org/ow2/asm/asm/9.8/asm-9.8.jar
Downloading from central: https://repo.maven.apache.org/maven2/org/apache/maven/shared/maven-shared-utils/3.4.2/maven-shared-utils-3.4.2.jar
Downloading from central: https://repo.maven.apache.org/maven2/org/apache/maven/shared/maven-shared-incremental/1.1/maven-shared-incremental-1.1.jar
Downloading from central: https://repo.maven.apache.org/maven2/org/codehaus/plexus/plexus-java/1.5.0/plexus-java-1.5.0.jar
Downloading from central: https://repo.maven.apache.org/maven2/com/thoughtworks/qdox/qdox/2.2.0/qdox-2.2.0.jar
Progress (1): 3.2/126 kBProgress (2): 3.2/126 kB | 3.2/151 kBProgress (3): 3.2/126 kB | 3.2/151 kB | 4.1/14 kBProgress (3): 3.2/126 kB | 3.2/151 kB | 7.7/14 kBProgress (3): 3.2/126 kB | 3.2/151 kB | 12/14 kB Progress (3): 3.2/126 kB | 3.2/151 kB | 14 kB   Progress (3): 7.3/126 kB | 3.2/151 kB | 14 kBProgress (4): 7.3/126 kB | 3.2/151 kB | 14 kB | 4.1/57 kBProgress (4): 7.3/126 kB | 7.3/151 kB | 14 kB | 4.1/57 kBProgress (4): 7.3/126 kB | 7.3/151 kB | 14 kB | 8.2/57 kBProgress (5): 7.3/126 kB | 7.3/151 kB | 14 kB | 8.2/57 kB | 4.1/353 kBProgress (5): 11/126 kB | 7.3/151 kB | 14 kB | 8.2/57 kB | 4.1/353 kB Progress (5): 11/126 kB | 7.3/151 kB | 14 kB | 8.2/57 kB | 7.7/353 kBProgress (5): 11/126 kB | 7.3/151 kB | 14 kB | 8.2/57 kB | 11/353 kB Progress (5): 11/126 kB | 11/151 kB | 14 kB | 8.2/57 kB | 11/353 kB Progress (5): 11/126 kB | 15/151 kB | 14 kB | 8.2/57 kB | 11/353 kBProgress (5): 11/126 kB | 20/151 kB | 14 kB | 8.2/57 kB | 11/353 kBProgress (5): 15/126 kB | 20/151 kB | 14 kB | 8.2/57 kB | 11/353 kBProgress (5): 15/126 kB | 24/151 kB | 14 kB | 8.2/57 kB | 11/353 kBProgress (5): 20/126 kB | 24/151 kB | 14 kB | 8.2/57 kB | 11/353 kBProgress (5): 20/126 kB | 28/151 kB | 14 kB | 8.2/57 kB | 11/353 kBProgress (5): 24/126 kB | 28/151 kB | 14 kB | 8.2/57 kB | 11/353 kBProgress (5): 24/126 kB | 32/151 kB | 14 kB | 8.2/57 kB | 11/353 kBProgress (5): 24/126 kB | 36/151 kB | 14 kB | 8.2/57 kB | 11/353 kBProgress (5): 28/126 kB | 36/151 kB | 14 kB | 8.2/57 kB | 11/353 kBProgress (5): 28/126 kB | 36/151 kB | 14 kB | 12/57 kB | 11/353 kB Progress (5): 28/126 kB | 36/151 kB | 14 kB | 16/57 kB | 11/353 kBProgress (5): 28/126 kB | 36/151 kB | 14 kB | 20/57 kB | 11/353 kBProgress (5): 28/126 kB | 36/151 kB | 14 kB | 25/57 kB | 11/353 kBProgress (5): 28/126 kB | 40/151 kB | 14 kB | 25/57 kB | 11/353 kBProgress (5): 28/126 kB | 44/151 kB | 14 kB | 25/57 kB | 11/353 kBProgress (5): 28/126 kB | 48/151 kB | 14 kB | 25/57 kB | 11/353 kBProgress (5): 28/126 kB | 52/151 kB | 14 kB | 25/57 kB | 11/353 kBProgress (5): 28/126 kB | 52/151 kB | 14 kB | 25/57 kB | 15/353 kBProgress (5): 28/126 kB | 52/151 kB | 14 kB | 25/57 kB | 20/353 kBProgress (5): 28/126 kB | 52/151 kB | 14 kB | 25/57 kB | 24/353 kBProgress (5): 28/126 kB | 52/151 kB | 14 kB | 25/57 kB | 28/353 kBProgress (5): 32/126 kB | 52/151 kB | 14 kB | 25/57 kB | 28/353 kBProgress (5): 36/126 kB | 52/151 kB | 14 kB | 25/57 kB | 28/353 kBProgress (5): 40/126 kB | 52/151 kB | 14 kB | 25/57 kB | 28/353 kBProgress (5): 44/126 kB | 52/151 kB | 14 kB | 25/57 kB | 28/353 kBProgress (5): 44/126 kB | 56/151 kB | 14 kB | 25/57 kB | 28/353 kBProgress (5): 44/126 kB | 61/151 kB | 14 kB | 25/57 kB | 28/353 kBProgress (5): 44/126 kB | 65/151 kB | 14 kB | 25/57 kB | 28/353 kBProgress (5): 44/126 kB | 69/151 kB | 14 kB | 25/57 kB | 28/353 kBProgress (5): 44/126 kB | 69/151 kB | 14 kB | 29/57 kB | 28/353 kBProgress (5): 44/126 kB | 69/151 kB | 14 kB | 33/57 kB | 28/353 kBProgress (5): 44/126 kB | 69/151 kB | 14 kB | 37/57 kB | 28/353 kBProgress (5): 44/126 kB | 69/151 kB | 14 kB | 41/57 kB | 28/353 kBProgress (5): 44/126 kB | 73/151 kB | 14 kB | 41/57 kB | 28/353 kBProgress (5): 48/126 kB | 73/151 kB | 14 kB | 41/57 kB | 28/353 kBProgress (5): 48/126 kB | 77/151 kB | 14 kB | 41/57 kB | 28/353 kBProgress (5): 52/126 kB | 77/151 kB | 14 kB | 41/57 kB | 28/353 kBProgress (5): 52/126 kB | 81/151 kB | 14 kB | 41/57 kB | 28/353 kBProgress (5): 56/126 kB | 81/151 kB | 14 kB | 41/57 kB | 28/353 kBProgress (5): 61/126 kB | 81/151 kB | 14 kB | 41/57 kB | 28/353 kBProgress (5): 61/126 kB | 81/151 kB | 14 kB | 41/57 kB | 32/353 kBProgress (5): 61/126 kB | 81/151 kB | 14 kB | 41/57 kB | 36/353 kBProgress (5): 61/126 kB | 81/151 kB | 14 kB | 41/57 kB | 40/353 kBProgress (5): 61/126 kB | 81/151 kB | 14 kB | 41/57 kB | 44/353 kBProgress (5): 61/126 kB | 81/151 kB | 14 kB | 45/57 kB | 44/353 kBProgress (5): 61/126 kB | 81/151 kB | 14 kB | 49/57 kB | 44/353 kBProgress (5): 61/126 kB | 81/151 kB | 14 kB | 53/57 kB | 44/353 kBProgress (5): 61/126 kB | 81/151 kB | 14 kB | 57/57 kB | 44/353 kBProgress (5): 61/126 kB | 81/151 kB | 14 kB | 57 kB | 44/353 kB   Progress (5): 61/126 kB | 85/151 kB | 14 kB | 57 kB | 44/353 kBProgress (5): 61/126 kB | 89/151 kB | 14 kB | 57 kB | 44/353 kBProgress (5): 61/126 kB | 93/151 kB | 14 kB | 57 kB | 44/353 kBProgress (5): 61/126 kB | 97/151 kB | 14 kB | 57 kB | 44/353 kBProgress (5): 65/126 kB | 97/151 kB | 14 kB | 57 kB | 44/353 kBProgress (5): 69/126 kB | 97/151 kB | 14 kB | 57 kB | 44/353 kBProgress (5): 73/126 kB | 97/151 kB | 14 kB | 57 kB | 44/353 kBProgress (5): 77/126 kB | 97/151 kB | 14 kB | 57 kB | 44/353 kBProgress (5): 77/126 kB | 101/151 kB | 14 kB | 57 kB | 44/353 kBProgress (5): 77/126 kB | 106/151 kB | 14 kB | 57 kB | 44/353 kBProgress (5): 77/126 kB | 110/151 kB | 14 kB | 57 kB | 44/353 kBProgress (5): 77/126 kB | 114/151 kB | 14 kB | 57 kB | 44/353 kBProgress (5): 77/126 kB | 114/151 kB | 14 kB | 57 kB | 48/353 kBProgress (5): 77/126 kB | 114/151 kB | 14 kB | 57 kB | 52/353 kBProgress (5): 77/126 kB | 114/151 kB | 14 kB | 57 kB | 56/353 kBProgress (5): 77/126 kB | 114/151 kB | 14 kB | 57 kB | 61/353 kBProgress (5): 77/126 kB | 118/151 kB | 14 kB | 57 kB | 61/353 kBProgress (5): 77/126 kB | 122/151 kB | 14 kB | 57 kB | 61/353 kBProgress (5): 77/126 kB | 126/151 kB | 14 kB | 57 kB | 61/353 kBProgress (5): 77/126 kB | 130/151 kB | 14 kB | 57 kB | 61/353 kBProgress (5): 77/126 kB | 134/151 kB | 14 kB | 57 kB | 61/353 kBProgress (5): 77/126 kB | 134/151 kB | 14 kB | 57 kB | 65/353 kBProgress (5): 77/126 kB | 138/151 kB | 14 kB | 57 kB | 65/353 kBProgress (5): 77/126 kB | 138/151 kB | 14 kB | 57 kB | 69/353 kBProgress (5): 77/126 kB | 142/151 kB | 14 kB | 57 kB | 69/353 kBProgress (5): 77/126 kB | 147/151 kB | 14 kB | 57 kB | 69/353 kBProgress (5): 77/126 kB | 147/151 kB | 14 kB | 57 kB | 73/353 kBProgress (5): 77/126 kB | 147/151 kB | 14 kB | 57 kB | 77/353 kBProgress (5): 77/126 kB | 151/151 kB | 14 kB | 57 kB | 77/353 kBProgress (5): 77/126 kB | 151 kB | 14 kB | 57 kB | 77/353 kB    Progress (5): 81/126 kB | 151 kB | 14 kB | 57 kB | 77/353 kBProgress (5): 81/126 kB | 151 kB | 14 kB | 57 kB | 81/353 kBProgress (5): 85/126 kB | 151 kB | 14 kB | 57 kB | 81/353 kBProgress (5): 89/126 kB | 151 kB | 14 kB | 57 kB | 81/353 kBProgress (5): 93/126 kB | 151 kB | 14 kB | 57 kB | 81/353 kBProgress (5): 93/126 kB | 151 kB | 14 kB | 57 kB | 85/353 kBProgress (5): 93/126 kB | 151 kB | 14 kB | 57 kB | 89/353 kBProgress (5): 93/126 kB | 151 kB | 14 kB | 57 kB | 93/353 kBProgress (5): 93/126 kB | 151 kB | 14 kB | 57 kB | 97/353 kBProgress (5): 93/126 kB | 151 kB | 14 kB | 57 kB | 101/353 kBProgress (5): 93/126 kB | 151 kB | 14 kB | 57 kB | 106/353 kBProgress (5): 93/126 kB | 151 kB | 14 kB | 57 kB | 110/353 kBProgress (5): 93/126 kB | 151 kB | 14 kB | 57 kB | 114/353 kBProgress (5): 93/126 kB | 151 kB | 14 kB | 57 kB | 118/353 kBProgress (5): 93/126 kB | 151 kB | 14 kB | 57 kB | 122/353 kBProgress (5): 93/126 kB | 151 kB | 14 kB | 57 kB | 126/353 kBProgress (5): 93/126 kB | 151 kB | 14 kB | 57 kB | 130/353 kBProgress (5): 93/126 kB | 151 kB | 14 kB | 57 kB | 134/353 kBProgress (5): 93/126 kB | 151 kB | 14 kB | 57 kB | 138/353 kBProgress (5): 93/126 kB | 151 kB | 14 kB | 57 kB | 142/353 kBProgress (5): 97/126 kB | 151 kB | 14 kB | 57 kB | 142/353 kBProgress (5): 101/126 kB | 151 kB | 14 kB | 57 kB | 142/353 kBProgress (5): 106/126 kB | 151 kB | 14 kB | 57 kB | 142/353 kBProgress (5): 110/126 kB | 151 kB | 14 kB | 57 kB | 142/353 kB                                                              Downloaded from central: https://repo.maven.apache.org/maven2/org/apache/maven/shared/maven-shared-incremental/1.1/maven-shared-incremental-1.1.jar (14 kB at 58 kB/s)
Downloading from central: https://repo.maven.apache.org/maven2/org/codehaus/plexus/plexus-compiler-api/2.15.0/plexus-compiler-api-2.15.0.jar
Progress (4): 114/126 kB | 151 kB | 57 kB | 142/353 kBProgress (4): 118/126 kB | 151 kB | 57 kB | 142/353 kBProgress (4): 122/126 kB | 151 kB | 57 kB | 142/353 kBProgress (4): 126/126 kB | 151 kB | 57 kB | 142/353 kBProgress (4): 126 kB | 151 kB | 57 kB | 142/353 kB    Progress (4): 126 kB | 151 kB | 57 kB | 147/353 kBProgress (4): 126 kB | 151 kB | 57 kB | 151/353 kBProgress (4): 126 kB | 151 kB | 57 kB | 155/353 kBProgress (4): 126 kB | 151 kB | 57 kB | 159/353 kB                                                  Downloaded from central: https://repo.maven.apache.org/maven2/org/codehaus/plexus/plexus-java/1.5.0/plexus-java-1.5.0.jar (57 kB at 223 kB/s)
Downloading from central: https://repo.maven.apache.org/maven2/org/codehaus/plexus/plexus-compiler-manager/2.15.0/plexus-compiler-manager-2.15.0.jar
Progress (3): 126 kB | 151 kB | 163/353 kBProgress (3): 126 kB | 151 kB | 167/353 kBProgress (3): 126 kB | 151 kB | 171/353 kBProgress (3): 126 kB | 151 kB | 175/353 kB                                          Downloaded from central: https://repo.maven.apache.org/maven2/org/apache/maven/shared/maven-shared-utils/3.4.2/maven-shared-utils-3.4.2.jar (151 kB at 564 kB/s)
Downloading from central: https://repo.maven.apache.org/maven2/org/codehaus/plexus/plexus-xml/3.0.1/plexus-xml-3.0.1.jar
Progress (2): 126 kB | 179/353 kBProgress (2): 126 kB | 183/353 kBProgress (2): 126 kB | 187/353 kBProgress (2): 126 kB | 192/353 kB                                 Downloaded from central: https://repo.maven.apache.org/maven2/org/ow2/asm/asm/9.8/asm-9.8.jar (126 kB at 436 kB/s)
Downloading from central: https://repo.maven.apache.org/maven2/org/codehaus/plexus/plexus-compiler-javac/2.15.0/plexus-compiler-javac-2.15.0.jar
Progress (2): 192/353 kB | 4.1/29 kBProgress (2): 192/353 kB | 7.7/29 kBProgress (2): 192/353 kB | 12/29 kB Progress (2): 192/353 kB | 15/29 kBProgress (2): 192/353 kB | 20/29 kBProgress (2): 196/353 kB | 20/29 kBProgress (2): 200/353 kB | 20/29 kBProgress (2): 200/353 kB | 24/29 kBProgress (2): 200/353 kB | 28/29 kBProgress (2): 200/353 kB | 29 kB   Progress (2): 204/353 kB | 29 kBProgress (2): 208/353 kB | 29 kBProgress (3): 208/353 kB | 29 kB | 4.1/5.2 kBProgress (3): 208/353 kB | 29 kB | 5.2 kB    Progress (3): 212/353 kB | 29 kB | 5.2 kBProgress (3): 216/353 kB | 29 kB | 5.2 kBProgress (3): 220/353 kB | 29 kB | 5.2 kBProgress (3): 224/353 kB | 29 kB | 5.2 kBProgress (3): 228/353 kB | 29 kB | 5.2 kBProgress (3): 233/353 kB | 29 kB | 5.2 kBProgress (3): 237/353 kB | 29 kB | 5.2 kBProgress (3): 241/353 kB | 29 kB | 5.2 kBProgress (3): 245/353 kB | 29 kB | 5.2 kBProgress (3): 249/353 kB | 29 kB | 5.2 kBProgress (3): 253/353 kB | 29 kB | 5.2 kBProgress (3): 257/353 kB | 29 kB | 5.2 kB                                         Downloaded from central: https://repo.maven.apache.org/maven2/org/codehaus/plexus/plexus-compiler-api/2.15.0/plexus-compiler-api-2.15.0.jar (29 kB at 80 kB/s)
Downloading from central: https://repo.maven.apache.org/maven2/org/codehaus/plexus/plexus-utils/4.0.2/plexus-utils-4.0.2.jar
Downloaded from central: https://repo.maven.apache.org/maven2/org/codehaus/plexus/plexus-compiler-manager/2.15.0/plexus-compiler-manager-2.15.0.jar (5.2 kB at 14 kB/s)
Progress (1): 261/353 kBProgress (1): 265/353 kBProgress (1): 269/353 kBProgress (1): 274/353 kBProgress (2): 274/353 kB | 4.1/94 kBProgress (2): 274/353 kB | 7.7/94 kBProgress (2): 274/353 kB | 12/94 kB Progress (2): 274/353 kB | 16/94 kBProgress (2): 274/353 kB | 20/94 kBProgress (2): 274/353 kB | 24/94 kBProgress (2): 274/353 kB | 28/94 kBProgress (2): 278/353 kB | 28/94 kBProgress (2): 282/353 kB | 28/94 kBProgress (2): 286/353 kB | 28/94 kBProgress (2): 290/353 kB | 28/94 kBProgress (3): 290/353 kB | 28/94 kB | 4.1/26 kBProgress (3): 290/353 kB | 28/94 kB | 7.7/26 kBProgress (3): 290/353 kB | 28/94 kB | 12/26 kB Progress (3): 290/353 kB | 28/94 kB | 16/26 kBProgress (3): 290/353 kB | 32/94 kB | 16/26 kBProgress (3): 290/353 kB | 36/94 kB | 16/26 kBProgress (3): 290/353 kB | 40/94 kB | 16/26 kBProgress (3): 290/353 kB | 45/94 kB | 16/26 kBProgress (3): 290/353 kB | 45/94 kB | 20/26 kBProgress (3): 290/353 kB | 45/94 kB | 24/26 kBProgress (3): 290/353 kB | 45/94 kB | 26 kB   Progress (3): 294/353 kB | 45/94 kB | 26 kBProgress (3): 298/353 kB | 45/94 kB | 26 kBProgress (3): 302/353 kB | 45/94 kB | 26 kBProgress (3): 306/353 kB | 45/94 kB | 26 kBProgress (3): 306/353 kB | 49/94 kB | 26 kBProgress (3): 306/353 kB | 53/94 kB | 26 kBProgress (3): 306/353 kB | 57/94 kB | 26 kBProgress (3): 306/353 kB | 61/94 kB | 26 kBProgress (3): 306/353 kB | 65/94 kB | 26 kBProgress (4): 306/353 kB | 65/94 kB | 26 kB | 4.1/193 kBProgress (4): 306/353 kB | 69/94 kB | 26 kB | 4.1/193 kBProgress (4): 306/353 kB | 69/94 kB | 26 kB | 7.7/193 kBProgress (4): 306/353 kB | 69/94 kB | 26 kB | 11/193 kB Progress (4): 306/353 kB | 73/94 kB | 26 kB | 11/193 kBProgress (4): 306/353 kB | 77/94 kB | 26 kB | 11/193 kBProgress (4): 310/353 kB | 77/94 kB | 26 kB | 11/193 kBProgress (4): 314/353 kB | 77/94 kB | 26 kB | 11/193 kBProgress (4): 319/353 kB | 77/94 kB | 26 kB | 11/193 kBProgress (4): 323/353 kB | 77/94 kB | 26 kB | 11/193 kBProgress (4): 323/353 kB | 81/94 kB | 26 kB | 11/193 kBProgress (4): 323/353 kB | 86/94 kB | 26 kB | 11/193 kBProgress (4): 323/353 kB | 90/94 kB | 26 kB | 11/193 kBProgress (4): 323/353 kB | 94/94 kB | 26 kB | 11/193 kBProgress (4): 323/353 kB | 94 kB | 26 kB | 11/193 kB   Progress (4): 323/353 kB | 94 kB | 26 kB | 15/193 kBProgress (4): 323/353 kB | 94 kB | 26 kB | 20/193 kBProgress (4): 323/353 kB | 94 kB | 26 kB | 24/193 kBProgress (4): 323/353 kB | 94 kB | 26 kB | 28/193 kBProgress (4): 327/353 kB | 94 kB | 26 kB | 28/193 kBProgress (4): 331/353 kB | 94 kB | 26 kB | 28/193 kBProgress (4): 335/353 kB | 94 kB | 26 kB | 28/193 kBProgress (4): 339/353 kB | 94 kB | 26 kB | 28/193 kBProgress (4): 339/353 kB | 94 kB | 26 kB | 32/193 kBProgress (4): 339/353 kB | 94 kB | 26 kB | 36/193 kBProgress (4): 339/353 kB | 94 kB | 26 kB | 40/193 kBProgress (4): 339/353 kB | 94 kB | 26 kB | 44/193 kBProgress (4): 343/353 kB | 94 kB | 26 kB | 44/193 kBProgress (4): 347/353 kB | 94 kB | 26 kB | 44/193 kBProgress (4): 351/353 kB | 94 kB | 26 kB | 44/193 kBProgress (4): 353 kB | 94 kB | 26 kB | 44/193 kB    Progress (4): 353 kB | 94 kB | 26 kB | 48/193 kBProgress (4): 353 kB | 94 kB | 26 kB | 52/193 kBProgress (4): 353 kB | 94 kB | 26 kB | 56/193 kBProgress (4): 353 kB | 94 kB | 26 kB | 60/193 kBProgress (4): 353 kB | 94 kB | 26 kB | 65/193 kBProgress (4): 353 kB | 94 kB | 26 kB | 69/193 kBProgress (4): 353 kB | 94 kB | 26 kB | 73/193 kBProgress (4): 353 kB | 94 kB | 26 kB | 77/193 kBProgress (4): 353 kB | 94 kB | 26 kB | 81/193 kBProgress (4): 353 kB | 94 kB | 26 kB | 85/193 kBProgress (4): 353 kB | 94 kB | 26 kB | 89/193 kBProgress (4): 353 kB | 94 kB | 26 kB | 93/193 kBProgress (4): 353 kB | 94 kB | 26 kB | 97/193 kBProgress (4): 353 kB | 94 kB | 26 kB | 101/193 kBProgress (4): 353 kB | 94 kB | 26 kB | 106/193 kBProgress (4): 353 kB | 94 kB | 26 kB | 110/193 kBProgress (4): 353 kB | 94 kB | 26 kB | 114/193 kB                                                 Downloaded from central: https://repo.maven.apache.org/maven2/org/codehaus/plexus/plexus-compiler-javac/2.15.0/plexus-compiler-javac-2.15.0.jar (26 kB at 51 kB/s)
Progress (3): 353 kB | 94 kB | 118/193 kBProgress (3): 353 kB | 94 kB | 122/193 kBProgress (3): 353 kB | 94 kB | 126/193 kBProgress (3): 353 kB | 94 kB | 130/193 kB                                         Downloaded from central: https://repo.maven.apache.org/maven2/com/thoughtworks/qdox/qdox/2.2.0/qdox-2.2.0.jar (353 kB at 699 kB/s)
Downloaded from central: https://repo.maven.apache.org/maven2/org/codehaus/plexus/plexus-xml/3.0.1/plexus-xml-3.0.1.jar (94 kB at 186 kB/s)
Progress (1): 134/193 kBProgress (1): 138/193 kBProgress (1): 142/193 kBProgress (1): 147/193 kBProgress (1): 151/193 kBProgress (1): 155/193 kBProgress (1): 159/193 kBProgress (1): 163/193 kBProgress (1): 167/193 kBProgress (1): 171/193 kBProgress (1): 175/193 kBProgress (1): 179/193 kBProgress (1): 183/193 kBProgress (1): 187/193 kBProgress (1): 192/193 kBProgress (1): 193 kB                        Downloaded from central: https://repo.maven.apache.org/maven2/org/codehaus/plexus/plexus-utils/4.0.2/plexus-utils-4.0.2.jar (193 kB at 315 kB/s)
[[1;34mINFO[m] Recompiling the module because of [1mchanged dependency[m.
[[1;34mINFO[m] Compiling 14 source files with javac [debug parameters release 25] to target/classes
[[1;34mINFO[m] 
[[1;34mINFO[m] [1m--- [0;32mmaven-resources-plugin:3.3.1:testResources[m [1m(default-testResources)[m @ [36mid-card-manager[0;1m ---[m
[[1;34mINFO[m] Copying 1 resource from src/test/resources to target/test-classes
[[1;34mINFO[m] 
[[1;34mINFO[m] [1m--- [0;32mmaven-compiler-plugin:3.14.1:testCompile[m [1m(default-testCompile)[m @ [36mid-card-manager[0;1m ---[m
[[1;34mINFO[m] Recompiling the module because of [1mchanged dependency[m.
[[1;34mINFO[m] Compiling 2 source files with javac [debug parameters release 25] to target/test-classes
[[1;34mINFO[m] 
[[1;34mINFO[m] [1m--- [0;32mmaven-surefire-plugin:3.5.6:test[m [1m(default-test)[m @ [36mid-card-manager[0;1m ---[m
Downloading from central: https://repo.maven.apache.org/maven2/org/apache/maven/surefire/surefire-api/3.5.6/surefire-api-3.5.6.pom
Progress (1): 3.7 kB                    Downloaded from central: https://repo.maven.apache.org/maven2/org/apache/maven/surefire/surefire-api/3.5.6/surefire-api-3.5.6.pom (3.7 kB at 43 kB/s)
Downloading from central: https://repo.maven.apache.org/maven2/org/apache/maven/surefire/surefire-logger-api/3.5.6/surefire-logger-api-3.5.6.pom
Progress (1): 3.5 kB                    Downloaded from central: https://repo.maven.apache.org/maven2/org/apache/maven/surefire/surefire-logger-api/3.5.6/surefire-logger-api-3.5.6.pom (3.5 kB at 29 kB/s)
Downloading from central: https://repo.maven.apache.org/maven2/org/apache/maven/surefire/surefire-shared-utils/3.5.6/surefire-shared-utils-3.5.6.pom
Progress (1): 4.0 kB                    Downloaded from central: https://repo.maven.apache.org/maven2/org/apache/maven/surefire/surefire-shared-utils/3.5.6/surefire-shared-utils-3.5.6.pom (4.0 kB at 34 kB/s)
Downloading from central: https://repo.maven.apache.org/maven2/org/apache/maven/surefire/surefire-extensions-api/3.5.6/surefire-extensions-api-3.5.6.pom
Progress (1): 3.6 kB                    Downloaded from central: https://repo.maven.apache.org/maven2/org/apache/maven/surefire/surefire-extensions-api/3.5.6/surefire-extensions-api-3.5.6.pom (3.6 kB at 36 kB/s)
Downloading from central: https://repo.maven.apache.org/maven2/org/apache/maven/surefire/maven-surefire-common/3.5.6/maven-surefire-common-3.5.6.pom
Progress (1): 4.1 kBProgress (1): 7.3 kB                    Downloaded from central: https://repo.maven.apache.org/maven2/org/apache/maven/surefire/maven-surefire-common/3.5.6/maven-surefire-common-3.5.6.pom (7.3 kB at 52 kB/s)
Downloading from central: https://repo.maven.apache.org/maven2/org/apache/maven/surefire/surefire-booter/3.5.6/surefire-booter-3.5.6.pom
Progress (1): 4.1 kBProgress (1): 5.1 kB                    Downloaded from central: https://repo.maven.apache.org/maven2/org/apache/maven/surefire/surefire-booter/3.5.6/surefire-booter-3.5.6.pom (5.1 kB at 61 kB/s)
Downloading from central: https://repo.maven.apache.org/maven2/org/apache/maven/surefire/surefire-extensions-spi/3.5.6/surefire-extensions-spi-3.5.6.pom
Progress (1): 1.7 kB                    Downloaded from central: https://repo.maven.apache.org/maven2/org/apache/maven/surefire/surefire-extensions-spi/3.5.6/surefire-extensions-spi-3.5.6.pom (1.7 kB at 20 kB/s)
Downloading from central: https://repo.maven.apache.org/maven2/org/apache/maven/resolver/maven-resolver-util/1.4.1/maven-resolver-util-1.4.1.pom
Progress (1): 2.8 kB                    Downloaded from central: https://repo.maven.apache.org/maven2/org/apache/maven/resolver/maven-resolver-util/1.4.1/maven-resolver-util-1.4.1.pom (2.8 kB at 32 kB/s)
Downloading from central: https://repo.maven.apache.org/maven2/org/apache/maven/resolver/maven-resolver/1.4.1/maven-resolver-1.4.1.pom
Progress (1): 4.1 kBProgress (1): 8.2 kBProgress (1): 12 kB Progress (1): 16 kBProgress (1): 18 kB                   Downloaded from central: https://repo.maven.apache.org/maven2/org/apache/maven/resolver/maven-resolver/1.4.1/maven-resolver-1.4.1.pom (18 kB at 200 kB/s)
Downloading from central: https://repo.maven.apache.org/maven2/org/apache/maven/maven-parent/33/maven-parent-33.pom
Progress (1): 4.1 kBProgress (1): 8.2 kBProgress (1): 12 kB Progress (1): 16 kBProgress (1): 20 kBProgress (1): 25 kBProgress (1): 29 kBProgress (1): 33 kBProgress (1): 37 kBProgress (1): 41 kBProgress (1): 44 kB                   Downloaded from central: https://repo.maven.apache.org/maven2/org/apache/maven/maven-parent/33/maven-parent-33.pom (44 kB at 465 kB/s)
Downloading from central: https://repo.maven.apache.org/maven2/org/apache/apache/21/apache-21.pom
Progress (1): 4.1 kBProgress (1): 8.2 kBProgress (1): 12 kB Progress (1): 16 kBProgress (1): 17 kB                   Downloaded from central: https://repo.maven.apache.org/maven2/org/apache/apache/21/apache-21.pom (17 kB at 209 kB/s)
Downloading from central: https://repo.maven.apache.org/maven2/org/apache/maven/resolver/maven-resolver-api/1.4.1/maven-resolver-api-1.4.1.pom
Progress (1): 2.6 kB                    Downloaded from central: https://repo.maven.apache.org/maven2/org/apache/maven/resolver/maven-resolver-api/1.4.1/maven-resolver-api-1.4.1.pom (2.6 kB at 32 kB/s)
Downloading from central: https://repo.maven.apache.org/maven2/org/apache/maven/shared/maven-common-artifact-filters/3.4.0/maven-common-artifact-filters-3.4.0.pom
Progress (1): 4.1 kBProgress (1): 5.4 kB                    Downloaded from central: https://repo.maven.apache.org/maven2/org/apache/maven/shared/maven-common-artifact-filters/3.4.0/maven-common-artifact-filters-3.4.0.pom (5.4 kB at 62 kB/s)
Downloading from central: https://repo.maven.apache.org/maven2/org/apache/maven/shared/maven-shared-components/42/maven-shared-components-42.pom
Progress (1): 3.8 kB                    Downloaded from central: https://repo.maven.apache.org/maven2/org/apache/maven/shared/maven-shared-components/42/maven-shared-components-42.pom (3.8 kB at 36 kB/s)
Downloading from central: https://repo.maven.apache.org/maven2/org/codehaus/plexus/plexus-java/1.5.2/plexus-java-1.5.2.pom
Progress (1): 4.1 kB                    Downloaded from central: https://repo.maven.apache.org/maven2/org/codehaus/plexus/plexus-java/1.5.2/plexus-java-1.5.2.pom (4.1 kB at 43 kB/s)
Downloading from central: https://repo.maven.apache.org/maven2/org/codehaus/plexus/plexus-languages/1.5.2/plexus-languages-1.5.2.pom
Progress (1): 3.9 kB                    Downloaded from central: https://repo.maven.apache.org/maven2/org/codehaus/plexus/plexus-languages/1.5.2/plexus-languages-1.5.2.pom (3.9 kB at 43 kB/s)
Downloading from central: https://repo.maven.apache.org/maven2/org/codehaus/plexus/plexus/24/plexus-24.pom
Progress (1): 4.1 kBProgress (1): 8.2 kBProgress (1): 12 kB Progress (1): 16 kBProgress (1): 20 kBProgress (1): 25 kBProgress (1): 29 kBProgress (1): 31 kB                   Downloaded from central: https://repo.maven.apache.org/maven2/org/codehaus/plexus/plexus/24/plexus-24.pom (31 kB at 280 kB/s)
Downloading from central: https://repo.maven.apache.org/maven2/org/ow2/asm/asm/9.9.1/asm-9.9.1.pom
Progress (1): 2.4 kB                    Downloaded from central: https://repo.maven.apache.org/maven2/org/ow2/asm/asm/9.9.1/asm-9.9.1.pom (2.4 kB at 25 kB/s)
Downloading from central: https://repo.maven.apache.org/maven2/org/apache/maven/surefire/surefire-api/3.5.6/surefire-api-3.5.6.jar
Downloading from central: https://repo.maven.apache.org/maven2/org/apache/maven/surefire/surefire-logger-api/3.5.6/surefire-logger-api-3.5.6.jar
Downloading from central: https://repo.maven.apache.org/maven2/org/apache/maven/surefire/surefire-shared-utils/3.5.6/surefire-shared-utils-3.5.6.jar
Downloading from central: https://repo.maven.apache.org/maven2/org/apache/maven/surefire/surefire-extensions-api/3.5.6/surefire-extensions-api-3.5.6.jar
Downloading from central: https://repo.maven.apache.org/maven2/org/apache/maven/surefire/maven-surefire-common/3.5.6/maven-surefire-common-3.5.6.jar
Progress (1): 3.2/174 kBProgress (1): 7.3/174 kBProgress (1): 11/174 kB Progress (1): 15/174 kBProgress (1): 20/174 kBProgress (1): 24/174 kBProgress (1): 28/174 kBProgress (1): 32/174 kBProgress (1): 36/174 kBProgress (2): 36/174 kB | 4.1/14 kBProgress (2): 36/174 kB | 7.7/14 kBProgress (2): 36/174 kB | 12/14 kB Progress (2): 36/174 kB | 14 kB   Progress (3): 36/174 kB | 14 kB | 4.1/317 kBProgress (3): 36/174 kB | 14 kB | 7.7/317 kBProgress (3): 36/174 kB | 14 kB | 12/317 kB Progress (4): 36/174 kB | 14 kB | 12/317 kB | 4.1/26 kBProgress (4): 36/174 kB | 14 kB | 16/317 kB | 4.1/26 kBProgress (4): 36/174 kB | 14 kB | 16/317 kB | 7.7/26 kBProgress (5): 36/174 kB | 14 kB | 16/317 kB | 7.7/26 kB | 0/3.0 MBProgress (5): 40/174 kB | 14 kB | 16/317 kB | 7.7/26 kB | 0/3.0 MBProgress (5): 44/174 kB | 14 kB | 16/317 kB | 7.7/26 kB | 0/3.0 MBProgress (5): 48/174 kB | 14 kB | 16/317 kB | 7.7/26 kB | 0/3.0 MBProgress (5): 48/174 kB | 14 kB | 20/317 kB | 7.7/26 kB | 0/3.0 MBProgress (5): 48/174 kB | 14 kB | 24/317 kB | 7.7/26 kB | 0/3.0 MBProgress (5): 52/174 kB | 14 kB | 24/317 kB | 7.7/26 kB | 0/3.0 MBProgress (5): 56/174 kB | 14 kB | 24/317 kB | 7.7/26 kB | 0/3.0 MBProgress (5): 61/174 kB | 14 kB | 24/317 kB | 7.7/26 kB | 0/3.0 MBProgress (5): 61/174 kB | 14 kB | 28/317 kB | 7.7/26 kB | 0/3.0 MBProgress (5): 61/174 kB | 14 kB | 28/317 kB | 12/26 kB | 0/3.0 MB Progress (5): 61/174 kB | 14 kB | 28/317 kB | 16/26 kB | 0/3.0 MBProgress (5): 61/174 kB | 14 kB | 28/317 kB | 20/26 kB | 0/3.0 MBProgress (5): 61/174 kB | 14 kB | 32/317 kB | 20/26 kB | 0/3.0 MBProgress (5): 61/174 kB | 14 kB | 36/317 kB | 20/26 kB | 0/3.0 MBProgress (5): 61/174 kB | 14 kB | 40/317 kB | 20/26 kB | 0/3.0 MBProgress (5): 61/174 kB | 14 kB | 40/317 kB | 24/26 kB | 0/3.0 MBProgress (5): 65/174 kB | 14 kB | 40/317 kB | 24/26 kB | 0/3.0 MBProgress (5): 65/174 kB | 14 kB | 40/317 kB | 24/26 kB | 0/3.0 MBProgress (5): 69/174 kB | 14 kB | 40/317 kB | 24/26 kB | 0/3.0 MBProgress (5): 73/174 kB | 14 kB | 40/317 kB | 24/26 kB | 0/3.0 MBProgress (5): 77/174 kB | 14 kB | 40/317 kB | 24/26 kB | 0/3.0 MBProgress (5): 77/174 kB | 14 kB | 40/317 kB | 26 kB | 0/3.0 MB   Progress (5): 77/174 kB | 14 kB | 45/317 kB | 26 kB | 0/3.0 MBProgress (5): 77/174 kB | 14 kB | 49/317 kB | 26 kB | 0/3.0 MBProgress (5): 81/174 kB | 14 kB | 49/317 kB | 26 kB | 0/3.0 MBProgress (5): 85/174 kB | 14 kB | 49/317 kB | 26 kB | 0/3.0 MBProgress (5): 89/174 kB | 14 kB | 49/317 kB | 26 kB | 0/3.0 MBProgress (5): 93/174 kB | 14 kB | 49/317 kB | 26 kB | 0/3.0 MBProgress (5): 93/174 kB | 14 kB | 49/317 kB | 26 kB | 0/3.0 MBProgress (5): 93/174 kB | 14 kB | 53/317 kB | 26 kB | 0/3.0 MBProgress (5): 93/174 kB | 14 kB | 57/317 kB | 26 kB | 0/3.0 MBProgress (5): 93/174 kB | 14 kB | 61/317 kB | 26 kB | 0/3.0 MBProgress (5): 93/174 kB | 14 kB | 65/317 kB | 26 kB | 0/3.0 MBProgress (5): 93/174 kB | 14 kB | 69/317 kB | 26 kB | 0/3.0 MBProgress (5): 93/174 kB | 14 kB | 73/317 kB | 26 kB | 0/3.0 MBProgress (5): 97/174 kB | 14 kB | 73/317 kB | 26 kB | 0/3.0 MBProgress (5): 97/174 kB | 14 kB | 77/317 kB | 26 kB | 0/3.0 MBProgress (5): 97/174 kB | 14 kB | 81/317 kB | 26 kB | 0/3.0 MBProgress (5): 101/174 kB | 14 kB | 81/317 kB | 26 kB | 0/3.0 MBProgress (5): 106/174 kB | 14 kB | 81/317 kB | 26 kB | 0/3.0 MBProgress (5): 110/174 kB | 14 kB | 81/317 kB | 26 kB | 0/3.0 MBProgress (5): 110/174 kB | 14 kB | 81/317 kB | 26 kB | 0.1/3.0 MBProgress (5): 110/174 kB | 14 kB | 86/317 kB | 26 kB | 0.1/3.0 MBProgress (5): 110/174 kB | 14 kB | 90/317 kB | 26 kB | 0.1/3.0 MBProgress (5): 110/174 kB | 14 kB | 94/317 kB | 26 kB | 0.1/3.0 MBProgress (5): 114/174 kB | 14 kB | 94/317 kB | 26 kB | 0.1/3.0 MBProgress (5): 118/174 kB | 14 kB | 94/317 kB | 26 kB | 0.1/3.0 MBProgress (5): 118/174 kB | 14 kB | 98/317 kB | 26 kB | 0.1/3.0 MBProgress (5): 122/174 kB | 14 kB | 98/317 kB | 26 kB | 0.1/3.0 MBProgress (5): 126/174 kB | 14 kB | 98/317 kB | 26 kB | 0.1/3.0 MBProgress (5): 130/174 kB | 14 kB | 98/317 kB | 26 kB | 0.1/3.0 MBProgress (5): 130/174 kB | 14 kB | 98/317 kB | 26 kB | 0.1/3.0 MB                                                                 Downloaded from central: https://repo.maven.apache.org/maven2/org/apache/maven/surefire/surefire-logger-api/3.5.6/surefire-logger-api-3.5.6.jar (14 kB at 66 kB/s)
Downloading from central: https://repo.maven.apache.org/maven2/org/apache/maven/surefire/surefire-booter/3.5.6/surefire-booter-3.5.6.jar
Progress (4): 130/174 kB | 102/317 kB | 26 kB | 0.1/3.0 MBProgress (4): 130/174 kB | 106/317 kB | 26 kB | 0.1/3.0 MBProgress (4): 130/174 kB | 110/317 kB | 26 kB | 0.1/3.0 MBProgress (4): 130/174 kB | 114/317 kB | 26 kB | 0.1/3.0 MBProgress (4): 130/174 kB | 114/317 kB | 26 kB | 0.1/3.0 MBProgress (4): 134/174 kB | 114/317 kB | 26 kB | 0.1/3.0 MBProgress (4): 138/174 kB | 114/317 kB | 26 kB | 0.1/3.0 MBProgress (4): 142/174 kB | 114/317 kB | 26 kB | 0.1/3.0 MBProgress (4): 147/174 kB | 114/317 kB | 26 kB | 0.1/3.0 MBProgress (4): 147/174 kB | 118/317 kB | 26 kB | 0.1/3.0 MBProgress (4): 147/174 kB | 118/317 kB | 26 kB | 0.1/3.0 MBProgress (4): 147/174 kB | 122/317 kB | 26 kB | 0.1/3.0 MBProgress (4): 147/174 kB | 126/317 kB | 26 kB | 0.1/3.0 MBProgress (4): 147/174 kB | 131/317 kB | 26 kB | 0.1/3.0 MB                                                          Downloaded from central: https://repo.maven.apache.org/maven2/org/apache/maven/surefire/surefire-extensions-api/3.5.6/surefire-extensions-api-3.5.6.jar (26 kB at 109 kB/s)
Downloading from central: https://repo.maven.apache.org/maven2/org/apache/maven/surefire/surefire-extensions-spi/3.5.6/surefire-extensions-spi-3.5.6.jar
Progress (3): 151/174 kB | 131/317 kB | 0.1/3.0 MBProgress (3): 155/174 kB | 131/317 kB | 0.1/3.0 MBProgress (3): 159/174 kB | 131/317 kB | 0.1/3.0 MBProgress (3): 163/174 kB | 131/317 kB | 0.1/3.0 MBProgress (3): 163/174 kB | 135/317 kB | 0.1/3.0 MBProgress (3): 163/174 kB | 139/317 kB | 0.1/3.0 MBProgress (3): 163/174 kB | 143/317 kB | 0.1/3.0 MBProgress (3): 163/174 kB | 147/317 kB | 0.1/3.0 MBProgress (3): 167/174 kB | 147/317 kB | 0.1/3.0 MBProgress (3): 167/174 kB | 147/317 kB | 0.1/3.0 MBProgress (3): 171/174 kB | 147/317 kB | 0.1/3.0 MBProgress (3): 174 kB | 147/317 kB | 0.1/3.0 MB    Progress (3): 174 kB | 151/317 kB | 0.1/3.0 MBProgress (3): 174 kB | 155/317 kB | 0.1/3.0 MBProgress (3): 174 kB | 159/317 kB | 0.1/3.0 MBProgress (3): 174 kB | 163/317 kB | 0.1/3.0 MBProgress (3): 174 kB | 167/317 kB | 0.1/3.0 MBProgress (3): 174 kB | 167/317 kB | 0.1/3.0 MBProgress (3): 174 kB | 172/317 kB | 0.1/3.0 MBProgress (3): 174 kB | 176/317 kB | 0.1/3.0 MBProgress (3): 174 kB | 180/317 kB | 0.1/3.0 MBProgress (3): 174 kB | 184/317 kB | 0.1/3.0 MBProgress (3): 174 kB | 188/317 kB | 0.1/3.0 MBProgress (3): 174 kB | 192/317 kB | 0.1/3.0 MBProgress (3): 174 kB | 196/317 kB | 0.1/3.0 MBProgress (3): 174 kB | 196/317 kB | 0.2/3.0 MBProgress (3): 174 kB | 196/317 kB | 0.2/3.0 MBProgress (3): 174 kB | 196/317 kB | 0.2/3.0 MBProgress (3): 174 kB | 200/317 kB | 0.2/3.0 MBProgress (3): 174 kB | 204/317 kB | 0.2/3.0 MBProgress (3): 174 kB | 208/317 kB | 0.2/3.0 MBProgress (3): 174 kB | 213/317 kB | 0.2/3.0 MBProgress (3): 174 kB | 213/317 kB | 0.2/3.0 MBProgress (3): 174 kB | 217/317 kB | 0.2/3.0 MBProgress (3): 174 kB | 221/317 kB | 0.2/3.0 MBProgress (3): 174 kB | 225/317 kB | 0.2/3.0 MBProgress (3): 174 kB | 229/317 kB | 0.2/3.0 MB                                              Downloaded from central: https://repo.maven.apache.org/maven2/org/apache/maven/surefire/surefire-api/3.5.6/surefire-api-3.5.6.jar (174 kB at 488 kB/s)
Downloading from central: https://repo.maven.apache.org/maven2/org/apache/maven/resolver/maven-resolver-util/1.4.1/maven-resolver-util-1.4.1.jar
Progress (2): 229/317 kB | 0.2/3.0 MBProgress (3): 229/317 kB | 0.2/3.0 MB | 3.2/8.2 kBProgress (4): 229/317 kB | 0.2/3.0 MB | 3.2/8.2 kB | 4.1/123 kBProgress (4): 229/317 kB | 0.2/3.0 MB | 3.2/8.2 kB | 7.7/123 kBProgress (4): 229/317 kB | 0.2/3.0 MB | 3.2/8.2 kB | 12/123 kB Progress (4): 229/317 kB | 0.2/3.0 MB | 3.2/8.2 kB | 16/123 kBProgress (4): 229/317 kB | 0.2/3.0 MB | 7.3/8.2 kB | 16/123 kBProgress (4): 229/317 kB | 0.2/3.0 MB | 8.2 kB | 16/123 kB    Progress (4): 229/317 kB | 0.2/3.0 MB | 8.2 kB | 20/123 kBProgress (4): 229/317 kB | 0.2/3.0 MB | 8.2 kB | 24/123 kBProgress (4): 233/317 kB | 0.2/3.0 MB | 8.2 kB | 24/123 kBProgress (4): 237/317 kB | 0.2/3.0 MB | 8.2 kB | 24/123 kBProgress (4): 237/317 kB | 0.2/3.0 MB | 8.2 kB | 28/123 kBProgress (4): 237/317 kB | 0.2/3.0 MB | 8.2 kB | 32/123 kBProgress (4): 241/317 kB | 0.2/3.0 MB | 8.2 kB | 32/123 kBProgress (4): 245/317 kB | 0.2/3.0 MB | 8.2 kB | 32/123 kBProgress (4): 245/317 kB | 0.2/3.0 MB | 8.2 kB | 32/123 kBProgress (4): 245/317 kB | 0.2/3.0 MB | 8.2 kB | 36/123 kBProgress (4): 245/317 kB | 0.2/3.0 MB | 8.2 kB | 40/123 kBProgress (4): 245/317 kB | 0.2/3.0 MB | 8.2 kB | 45/123 kBProgress (4): 245/317 kB | 0.2/3.0 MB | 8.2 kB | 49/123 kBProgress (4): 249/317 kB | 0.2/3.0 MB | 8.2 kB | 49/123 kBProgress (4): 253/317 kB | 0.2/3.0 MB | 8.2 kB | 49/123 kBProgress (4): 258/317 kB | 0.2/3.0 MB | 8.2 kB | 49/123 kBProgress (4): 262/317 kB | 0.2/3.0 MB | 8.2 kB | 49/123 kBProgress (4): 262/317 kB | 0.2/3.0 MB | 8.2 kB | 53/123 kBProgress (4): 262/317 kB | 0.2/3.0 MB | 8.2 kB | 57/123 kBProgress (4): 262/317 kB | 0.2/3.0 MB | 8.2 kB | 61/123 kBProgress (4): 262/317 kB | 0.3/3.0 MB | 8.2 kB | 61/123 kBProgress (4): 262/317 kB | 0.3/3.0 MB | 8.2 kB | 65/123 kBProgress (4): 262/317 kB | 0.3/3.0 MB | 8.2 kB | 69/123 kBProgress (4): 262/317 kB | 0.3/3.0 MB | 8.2 kB | 73/123 kBProgress (4): 262/317 kB | 0.3/3.0 MB | 8.2 kB | 77/123 kBProgress (4): 266/317 kB | 0.3/3.0 MB | 8.2 kB | 77/123 kBProgress (4): 270/317 kB | 0.3/3.0 MB | 8.2 kB | 77/123 kBProgress (4): 274/317 kB | 0.3/3.0 MB | 8.2 kB | 77/123 kBProgress (4): 278/317 kB | 0.3/3.0 MB | 8.2 kB | 77/123 kBProgress (4): 278/317 kB | 0.3/3.0 MB | 8.2 kB | 77/123 kBProgress (4): 278/317 kB | 0.3/3.0 MB | 8.2 kB | 81/123 kBProgress (4): 278/317 kB | 0.3/3.0 MB | 8.2 kB | 85/123 kBProgress (4): 278/317 kB | 0.3/3.0 MB | 8.2 kB | 89/123 kBProgress (4): 278/317 kB | 0.3/3.0 MB | 8.2 kB | 93/123 kBProgress (4): 282/317 kB | 0.3/3.0 MB | 8.2 kB | 93/123 kBProgress (4): 286/317 kB | 0.3/3.0 MB | 8.2 kB | 93/123 kBProgress (4): 290/317 kB | 0.3/3.0 MB | 8.2 kB | 93/123 kBProgress (4): 294/317 kB | 0.3/3.0 MB | 8.2 kB | 93/123 kBProgress (4): 294/317 kB | 0.3/3.0 MB | 8.2 kB | 97/123 kBProgress (4): 294/317 kB | 0.3/3.0 MB | 8.2 kB | 97/123 kBProgress (4): 294/317 kB | 0.3/3.0 MB | 8.2 kB | 101/123 kBProgress (4): 294/317 kB | 0.3/3.0 MB | 8.2 kB | 106/123 kBProgress (4): 294/317 kB | 0.3/3.0 MB | 8.2 kB | 110/123 kBProgress (4): 294/317 kB | 0.3/3.0 MB | 8.2 kB | 114/123 kBProgress (4): 294/317 kB | 0.3/3.0 MB | 8.2 kB | 118/123 kBProgress (4): 294/317 kB | 0.3/3.0 MB | 8.2 kB | 122/123 kBProgress (4): 294/317 kB | 0.3/3.0 MB | 8.2 kB | 123 kB    Progress (5): 294/317 kB | 0.3/3.0 MB | 8.2 kB | 123 kB | 4.1/168 kBProgress (5): 294/317 kB | 0.3/3.0 MB | 8.2 kB | 123 kB | 7.7/168 kBProgress (5): 294/317 kB | 0.3/3.0 MB | 8.2 kB | 123 kB | 12/168 kB Progress (5): 294/317 kB | 0.3/3.0 MB | 8.2 kB | 123 kB | 16/168 kBProgress (5): 299/317 kB | 0.3/3.0 MB | 8.2 kB | 123 kB | 16/168 kBProgress (5): 303/317 kB | 0.3/3.0 MB | 8.2 kB | 123 kB | 16/168 kBProgress (5): 307/317 kB | 0.3/3.0 MB | 8.2 kB | 123 kB | 16/168 kBProgress (5): 311/317 kB | 0.3/3.0 MB | 8.2 kB | 123 kB | 16/168 kBProgress (5): 311/317 kB | 0.3/3.0 MB | 8.2 kB | 123 kB | 16/168 kBProgress (5): 315/317 kB | 0.3/3.0 MB | 8.2 kB | 123 kB | 16/168 kBProgress (5): 317 kB | 0.3/3.0 MB | 8.2 kB | 123 kB | 16/168 kB    Progress (5): 317 kB | 0.3/3.0 MB | 8.2 kB | 123 kB | 16/168 kBProgress (5): 317 kB | 0.3/3.0 MB | 8.2 kB | 123 kB | 20/168 kBProgress (5): 317 kB | 0.3/3.0 MB | 8.2 kB | 123 kB | 24/168 kBProgress (5): 317 kB | 0.3/3.0 MB | 8.2 kB | 123 kB | 28/168 kBProgress (5): 317 kB | 0.3/3.0 MB | 8.2 kB | 123 kB | 32/168 kBProgress (5): 317 kB | 0.3/3.0 MB | 8.2 kB | 123 kB | 32/168 kBProgress (5): 317 kB | 0.3/3.0 MB | 8.2 kB | 123 kB | 36/168 kBProgress (5): 317 kB | 0.3/3.0 MB | 8.2 kB | 123 kB | 40/168 kBProgress (5): 317 kB | 0.3/3.0 MB | 8.2 kB | 123 kB | 45/168 kBProgress (5): 317 kB | 0.3/3.0 MB | 8.2 kB | 123 kB | 49/168 kBProgress (5): 317 kB | 0.4/3.0 MB | 8.2 kB | 123 kB | 49/168 kBProgress (5): 317 kB | 0.4/3.0 MB | 8.2 kB | 123 kB | 53/168 kBProgress (5): 317 kB | 0.4/3.0 MB | 8.2 kB | 123 kB | 53/168 kBProgress (5): 317 kB | 0.4/3.0 MB | 8.2 kB | 123 kB | 57/168 kBProgress (5): 317 kB | 0.4/3.0 MB | 8.2 kB | 123 kB | 61/168 kBProgress (5): 317 kB | 0.4/3.0 MB | 8.2 kB | 123 kB | 65/168 kBProgress (5): 317 kB | 0.4/3.0 MB | 8.2 kB | 123 kB | 65/168 kB                                                               Downloaded from central: https://repo.maven.apache.org/maven2/org/apache/maven/surefire/surefire-booter/3.5.6/surefire-booter-3.5.6.jar (123 kB at 242 kB/s)
Downloading from central: https://repo.maven.apache.org/maven2/org/apache/maven/resolver/maven-resolver-api/1.4.1/maven-resolver-api-1.4.1.jar
Progress (4): 317 kB | 0.4/3.0 MB | 8.2 kB | 69/168 kBProgress (4): 317 kB | 0.4/3.0 MB | 8.2 kB | 73/168 kBProgress (4): 317 kB | 0.4/3.0 MB | 8.2 kB | 77/168 kBProgress (4): 317 kB | 0.4/3.0 MB | 8.2 kB | 81/168 kB                                                      Downloaded from central: https://repo.maven.apache.org/maven2/org/apache/maven/surefire/surefire-extensions-spi/3.5.6/surefire-extensions-spi-3.5.6.jar (8.2 kB at 16 kB/s)
Downloading from central: https://repo.maven.apache.org/maven2/org/apache/maven/shared/maven-common-artifact-filters/3.4.0/maven-common-artifact-filters-3.4.0.jar
Downloaded from central: https://repo.maven.apache.org/maven2/org/apache/maven/surefire/maven-surefire-common/3.5.6/maven-surefire-common-3.5.6.jar (317 kB at 611 kB/s)
Downloading from central: https://repo.maven.apache.org/maven2/org/codehaus/plexus/plexus-java/1.5.2/plexus-java-1.5.2.jar
Progress (2): 0.4/3.0 MB | 81/168 kBProgress (2): 0.4/3.0 MB | 86/168 kBProgress (2): 0.4/3.0 MB | 90/168 kBProgress (2): 0.4/3.0 MB | 94/168 kBProgress (2): 0.4/3.0 MB | 98/168 kBProgress (2): 0.4/3.0 MB | 98/168 kBProgress (2): 0.4/3.0 MB | 102/168 kBProgress (2): 0.4/3.0 MB | 106/168 kBProgress (2): 0.4/3.0 MB | 110/168 kBProgress (2): 0.4/3.0 MB | 114/168 kBProgress (2): 0.4/3.0 MB | 118/168 kBProgress (2): 0.4/3.0 MB | 118/168 kBProgress (2): 0.4/3.0 MB | 122/168 kBProgress (2): 0.4/3.0 MB | 126/168 kBProgress (2): 0.4/3.0 MB | 131/168 kBProgress (3): 0.4/3.0 MB | 131/168 kB | 4.1/149 kBProgress (3): 0.4/3.0 MB | 131/168 kB | 7.7/149 kBProgress (3): 0.4/3.0 MB | 131/168 kB | 11/149 kB Progress (3): 0.5/3.0 MB | 131/168 kB | 11/149 kBProgress (4): 0.5/3.0 MB | 131/168 kB | 11/149 kB | 4.1/57 kBProgress (4): 0.5/3.0 MB | 131/168 kB | 11/149 kB | 7.7/57 kBProgress (4): 0.5/3.0 MB | 131/168 kB | 11/149 kB | 11/57 kB Progress (4): 0.5/3.0 MB | 135/168 kB | 11/149 kB | 11/57 kBProgress (4): 0.5/3.0 MB | 139/168 kB | 11/149 kB | 11/57 kBProgress (4): 0.5/3.0 MB | 143/168 kB | 11/149 kB | 11/57 kBProgress (4): 0.5/3.0 MB | 147/168 kB | 11/149 kB | 11/57 kBProgress (5): 0.5/3.0 MB | 147/168 kB | 11/149 kB | 11/57 kB | 4.1/58 kBProgress (5): 0.5/3.0 MB | 147/168 kB | 11/149 kB | 11/57 kB | 7.7/58 kBProgress (5): 0.5/3.0 MB | 147/168 kB | 11/149 kB | 11/57 kB | 12/58 kB Progress (5): 0.5/3.0 MB | 147/168 kB | 11/149 kB | 11/57 kB | 16/58 kBProgress (5): 0.5/3.0 MB | 147/168 kB | 11/149 kB | 15/57 kB | 16/58 kBProgress (5): 0.5/3.0 MB | 147/168 kB | 11/149 kB | 20/57 kB | 16/58 kBProgress (5): 0.5/3.0 MB | 147/168 kB | 11/149 kB | 24/57 kB | 16/58 kBProgress (5): 0.5/3.0 MB | 147/168 kB | 11/149 kB | 24/57 kB | 20/58 kBProgress (5): 0.5/3.0 MB | 147/168 kB | 11/149 kB | 24/57 kB | 24/58 kBProgress (5): 0.5/3.0 MB | 147/168 kB | 11/149 kB | 24/57 kB | 24/58 kBProgress (5): 0.5/3.0 MB | 147/168 kB | 15/149 kB | 24/57 kB | 24/58 kBProgress (5): 0.5/3.0 MB | 147/168 kB | 20/149 kB | 24/57 kB | 24/58 kBProgress (5): 0.5/3.0 MB | 147/168 kB | 20/149 kB | 28/57 kB | 24/58 kBProgress (5): 0.5/3.0 MB | 147/168 kB | 24/149 kB | 28/57 kB | 24/58 kBProgress (5): 0.5/3.0 MB | 147/168 kB | 28/149 kB | 28/57 kB | 24/58 kBProgress (5): 0.5/3.0 MB | 147/168 kB | 32/149 kB | 28/57 kB | 24/58 kBProgress (5): 0.5/3.0 MB | 147/168 kB | 36/149 kB | 28/57 kB | 24/58 kBProgress (5): 0.5/3.0 MB | 147/168 kB | 40/149 kB | 28/57 kB | 24/58 kBProgress (5): 0.5/3.0 MB | 147/168 kB | 44/149 kB | 28/57 kB | 24/58 kBProgress (5): 0.5/3.0 MB | 151/168 kB | 44/149 kB | 28/57 kB | 24/58 kBProgress (5): 0.5/3.0 MB | 155/168 kB | 44/149 kB | 28/57 kB | 24/58 kBProgress (5): 0.5/3.0 MB | 159/168 kB | 44/149 kB | 28/57 kB | 24/58 kBProgress (5): 0.5/3.0 MB | 163/168 kB | 44/149 kB | 28/57 kB | 24/58 kBProgress (5): 0.5/3.0 MB | 163/168 kB | 44/149 kB | 28/57 kB | 24/58 kBProgress (5): 0.5/3.0 MB | 167/168 kB | 44/149 kB | 28/57 kB | 24/58 kBProgress (5): 0.5/3.0 MB | 168 kB | 44/149 kB | 28/57 kB | 24/58 kB    Progress (5): 0.5/3.0 MB | 168 kB | 44/149 kB | 32/57 kB | 24/58 kBProgress (5): 0.5/3.0 MB | 168 kB | 44/149 kB | 36/57 kB | 24/58 kBProgress (5): 0.5/3.0 MB | 168 kB | 44/149 kB | 40/57 kB | 24/58 kBProgress (5): 0.5/3.0 MB | 168 kB | 44/149 kB | 44/57 kB | 24/58 kBProgress (5): 0.5/3.0 MB | 168 kB | 44/149 kB | 44/57 kB | 28/58 kBProgress (5): 0.5/3.0 MB | 168 kB | 44/149 kB | 44/57 kB | 32/58 kBProgress (5): 0.5/3.0 MB | 168 kB | 44/149 kB | 44/57 kB | 36/58 kBProgress (5): 0.5/3.0 MB | 168 kB | 48/149 kB | 44/57 kB | 36/58 kBProgress (5): 0.5/3.0 MB | 168 kB | 52/149 kB | 44/57 kB | 36/58 kBProgress (5): 0.5/3.0 MB | 168 kB | 56/149 kB | 44/57 kB | 36/58 kBProgress (5): 0.5/3.0 MB | 168 kB | 61/149 kB | 44/57 kB | 36/58 kBProgress (5): 0.5/3.0 MB | 168 kB | 61/149 kB | 44/57 kB | 40/58 kBProgress (5): 0.5/3.0 MB | 168 kB | 61/149 kB | 48/57 kB | 40/58 kBProgress (5): 0.5/3.0 MB | 168 kB | 61/149 kB | 52/57 kB | 40/58 kBProgress (5): 0.5/3.0 MB | 168 kB | 61/149 kB | 56/57 kB | 40/58 kBProgress (5): 0.5/3.0 MB | 168 kB | 61/149 kB | 57 kB | 40/58 kB   Progress (5): 0.5/3.0 MB | 168 kB | 61/149 kB | 57 kB | 40/58 kBProgress (5): 0.5/3.0 MB | 168 kB | 65/149 kB | 57 kB | 40/58 kBProgress (5): 0.5/3.0 MB | 168 kB | 69/149 kB | 57 kB | 40/58 kBProgress (5): 0.5/3.0 MB | 168 kB | 69/149 kB | 57 kB | 45/58 kBProgress (5): 0.5/3.0 MB | 168 kB | 73/149 kB | 57 kB | 45/58 kBProgress (5): 0.5/3.0 MB | 168 kB | 73/149 kB | 57 kB | 45/58 kBProgress (5): 0.5/3.0 MB | 168 kB | 73/149 kB | 57 kB | 49/58 kBProgress (5): 0.5/3.0 MB | 168 kB | 77/149 kB | 57 kB | 49/58 kBProgress (5): 0.5/3.0 MB | 168 kB | 77/149 kB | 57 kB | 53/58 kBProgress (5): 0.5/3.0 MB | 168 kB | 77/149 kB | 57 kB | 57/58 kBProgress (5): 0.5/3.0 MB | 168 kB | 77/149 kB | 57 kB | 58 kB   Progress (5): 0.5/3.0 MB | 168 kB | 81/149 kB | 57 kB | 58 kBProgress (5): 0.5/3.0 MB | 168 kB | 81/149 kB | 57 kB | 58 kBProgress (5): 0.5/3.0 MB | 168 kB | 85/149 kB | 57 kB | 58 kBProgress (5): 0.5/3.0 MB | 168 kB | 89/149 kB | 57 kB | 58 kBProgress (5): 0.5/3.0 MB | 168 kB | 93/149 kB | 57 kB | 58 kBProgress (5): 0.5/3.0 MB | 168 kB | 97/149 kB | 57 kB | 58 kBProgress (5): 0.5/3.0 MB | 168 kB | 101/149 kB | 57 kB | 58 kBProgress (5): 0.5/3.0 MB | 168 kB | 106/149 kB | 57 kB | 58 kBProgress (5): 0.5/3.0 MB | 168 kB | 110/149 kB | 57 kB | 58 kBProgress (5): 0.6/3.0 MB | 168 kB | 110/149 kB | 57 kB | 58 kBProgress (5): 0.6/3.0 MB | 168 kB | 110/149 kB | 57 kB | 58 kBProgress (5): 0.6/3.0 MB | 168 kB | 114/149 kB | 57 kB | 58 kBProgress (5): 0.6/3.0 MB | 168 kB | 118/149 kB | 57 kB | 58 kBProgress (5): 0.6/3.0 MB | 168 kB | 122/149 kB | 57 kB | 58 kBProgress (5): 0.6/3.0 MB | 168 kB | 126/149 kB | 57 kB | 58 kBProgress (5): 0.6/3.0 MB | 168 kB | 126/149 kB | 57 kB | 58 kBProgress (5): 0.6/3.0 MB | 168 kB | 130/149 kB | 57 kB | 58 kBProgress (5): 0.6/3.0 MB | 168 kB | 134/149 kB | 57 kB | 58 kBProgress (5): 0.6/3.0 MB | 168 kB | 138/149 kB | 57 kB | 58 kBProgress (5): 0.6/3.0 MB | 168 kB | 142/149 kB | 57 kB | 58 kBProgress (5): 0.6/3.0 MB | 168 kB | 142/149 kB | 57 kB | 58 kBProgress (5): 0.6/3.0 MB | 168 kB | 147/149 kB | 57 kB | 58 kBProgress (5): 0.6/3.0 MB | 168 kB | 149 kB | 57 kB | 58 kB    Progress (5): 0.6/3.0 MB | 168 kB | 149 kB | 57 kB | 58 kBProgress (5): 0.6/3.0 MB | 168 kB | 149 kB | 57 kB | 58 kBProgress (5): 0.7/3.0 MB | 168 kB | 149 kB | 57 kB | 58 kBProgress (5): 0.7/3.0 MB | 168 kB | 149 kB | 57 kB | 58 kBProgress (5): 0.7/3.0 MB | 168 kB | 149 kB | 57 kB | 58 kB                                                          Downloaded from central: https://repo.maven.apache.org/maven2/org/apache/maven/resolver/maven-resolver-util/1.4.1/maven-resolver-util-1.4.1.jar (168 kB at 215 kB/s)
Downloading from central: https://repo.maven.apache.org/maven2/org/ow2/asm/asm/9.9.1/asm-9.9.1.jar
Downloaded from central: https://repo.maven.apache.org/maven2/org/apache/maven/resolver/maven-resolver-api/1.4.1/maven-resolver-api-1.4.1.jar (149 kB at 191 kB/s)
Downloading from central: https://repo.maven.apache.org/maven2/org/codehaus/plexus/plexus-utils/1.1/plexus-utils-1.1.jar
Downloaded from central: https://repo.maven.apache.org/maven2/org/codehaus/plexus/plexus-java/1.5.2/plexus-java-1.5.2.jar (57 kB at 73 kB/s)
Downloaded from central: https://repo.maven.apache.org/maven2/org/apache/maven/shared/maven-common-artifact-filters/3.4.0/maven-common-artifact-filters-3.4.0.jar (58 kB at 74 kB/s)
Progress (1): 0.7/3.0 MBProgress (1): 0.7/3.0 MBProgress (1): 0.7/3.0 MBProgress (1): 0.8/3.0 MBProgress (2): 0.8/3.0 MB | 4.1/126 kBProgress (2): 0.8/3.0 MB | 7.7/126 kBProgress (2): 0.8/3.0 MB | 12/126 kB Progress (3): 0.8/3.0 MB | 12/126 kB | 4.1/169 kBProgress (3): 0.8/3.0 MB | 12/126 kB | 7.7/169 kBProgress (3): 0.8/3.0 MB | 12/126 kB | 12/169 kB Progress (3): 0.8/3.0 MB | 12/126 kB | 16/169 kBProgress (3): 0.8/3.0 MB | 12/126 kB | 16/169 kBProgress (3): 0.8/3.0 MB | 12/126 kB | 20/169 kBProgress (3): 0.8/3.0 MB | 12/126 kB | 24/169 kBProgress (3): 0.8/3.0 MB | 16/126 kB | 24/169 kBProgress (3): 0.8/3.0 MB | 16/126 kB | 28/169 kBProgress (3): 0.8/3.0 MB | 20/126 kB | 28/169 kBProgress (3): 0.8/3.0 MB | 20/126 kB | 32/169 kBProgress (3): 0.8/3.0 MB | 20/126 kB | 32/169 kBProgress (3): 0.8/3.0 MB | 24/126 kB | 32/169 kBProgress (3): 0.8/3.0 MB | 28/126 kB | 32/169 kBProgress (3): 0.8/3.0 MB | 28/126 kB | 32/169 kBProgress (3): 0.8/3.0 MB | 28/126 kB | 36/169 kBProgress (3): 0.8/3.0 MB | 28/126 kB | 40/169 kBProgress (3): 0.8/3.0 MB | 28/126 kB | 45/169 kBProgress (3): 0.8/3.0 MB | 28/126 kB | 49/169 kBProgress (3): 0.8/3.0 MB | 32/126 kB | 49/169 kBProgress (3): 0.8/3.0 MB | 36/126 kB | 49/169 kBProgress (3): 0.8/3.0 MB | 40/126 kB | 49/169 kBProgress (3): 0.8/3.0 MB | 45/126 kB | 49/169 kBProgress (3): 0.8/3.0 MB | 45/126 kB | 49/169 kBProgress (3): 0.8/3.0 MB | 45/126 kB | 53/169 kBProgress (3): 0.8/3.0 MB | 45/126 kB | 57/169 kBProgress (3): 0.8/3.0 MB | 45/126 kB | 61/169 kBProgress (3): 0.8/3.0 MB | 45/126 kB | 65/169 kBProgress (3): 0.8/3.0 MB | 45/126 kB | 65/169 kBProgress (3): 0.8/3.0 MB | 49/126 kB | 65/169 kBProgress (3): 0.8/3.0 MB | 53/126 kB | 65/169 kBProgress (3): 0.8/3.0 MB | 57/126 kB | 65/169 kBProgress (3): 0.8/3.0 MB | 61/126 kB | 65/169 kBProgress (3): 0.8/3.0 MB | 61/126 kB | 69/169 kBProgress (3): 0.8/3.0 MB | 61/126 kB | 73/169 kBProgress (3): 0.8/3.0 MB | 61/126 kB | 77/169 kBProgress (3): 0.8/3.0 MB | 61/126 kB | 81/169 kBProgress (3): 0.9/3.0 MB | 61/126 kB | 81/169 kBProgress (3): 0.9/3.0 MB | 65/126 kB | 81/169 kBProgress (3): 0.9/3.0 MB | 69/126 kB | 81/169 kBProgress (3): 0.9/3.0 MB | 73/126 kB | 81/169 kBProgress (3): 0.9/3.0 MB | 73/126 kB | 81/169 kBProgress (3): 0.9/3.0 MB | 77/126 kB | 81/169 kBProgress (3): 0.9/3.0 MB | 77/126 kB | 86/169 kBProgress (3): 0.9/3.0 MB | 77/126 kB | 90/169 kBProgress (3): 0.9/3.0 MB | 77/126 kB | 94/169 kBProgress (3): 0.9/3.0 MB | 77/126 kB | 98/169 kBProgress (3): 0.9/3.0 MB | 81/126 kB | 98/169 kBProgress (3): 0.9/3.0 MB | 81/126 kB | 98/169 kBProgress (3): 0.9/3.0 MB | 86/126 kB | 98/169 kBProgress (3): 0.9/3.0 MB | 90/126 kB | 98/169 kBProgress (3): 0.9/3.0 MB | 94/126 kB | 98/169 kBProgress (3): 0.9/3.0 MB | 94/126 kB | 102/169 kBProgress (3): 0.9/3.0 MB | 94/126 kB | 106/169 kBProgress (3): 0.9/3.0 MB | 94/126 kB | 110/169 kBProgress (3): 0.9/3.0 MB | 94/126 kB | 114/169 kBProgress (3): 0.9/3.0 MB | 94/126 kB | 114/169 kBProgress (3): 0.9/3.0 MB | 98/126 kB | 114/169 kBProgress (3): 0.9/3.0 MB | 102/126 kB | 114/169 kBProgress (3): 0.9/3.0 MB | 106/126 kB | 114/169 kBProgress (3): 0.9/3.0 MB | 110/126 kB | 114/169 kBProgress (3): 0.9/3.0 MB | 110/126 kB | 118/169 kBProgress (3): 0.9/3.0 MB | 110/126 kB | 122/169 kBProgress (3): 0.9/3.0 MB | 110/126 kB | 126/169 kBProgress (3): 0.9/3.0 MB | 110/126 kB | 131/169 kBProgress (3): 0.9/3.0 MB | 110/126 kB | 131/169 kBProgress (3): 0.9/3.0 MB | 114/126 kB | 131/169 kBProgress (3): 0.9/3.0 MB | 118/126 kB | 131/169 kBProgress (3): 0.9/3.0 MB | 122/126 kB | 131/169 kBProgress (3): 0.9/3.0 MB | 126 kB | 131/169 kB    Progress (3): 0.9/3.0 MB | 126 kB | 135/169 kBProgress (3): 0.9/3.0 MB | 126 kB | 139/169 kBProgress (3): 0.9/3.0 MB | 126 kB | 143/169 kBProgress (3): 0.9/3.0 MB | 126 kB | 147/169 kBProgress (3): 0.9/3.0 MB | 126 kB | 147/169 kBProgress (3): 0.9/3.0 MB | 126 kB | 151/169 kBProgress (3): 0.9/3.0 MB | 126 kB | 155/169 kBProgress (3): 0.9/3.0 MB | 126 kB | 159/169 kBProgress (3): 0.9/3.0 MB | 126 kB | 163/169 kBProgress (3): 0.9/3.0 MB | 126 kB | 167/169 kBProgress (3): 0.9/3.0 MB | 126 kB | 169 kB    Progress (3): 0.9/3.0 MB | 126 kB | 169 kBProgress (3): 1.0/3.0 MB | 126 kB | 169 kBProgress (3): 1.0/3.0 MB | 126 kB | 169 kBProgress (3): 1.0/3.0 MB | 126 kB | 169 kB                                          Downloaded from central: https://repo.maven.apache.org/maven2/org/ow2/asm/asm/9.9.1/asm-9.9.1.jar (126 kB at 121 kB/s)
Downloaded from central: https://repo.maven.apache.org/maven2/org/codehaus/plexus/plexus-utils/1.1/plexus-utils-1.1.jar (169 kB at 162 kB/s)
Progress (1): 1.0/3.0 MBProgress (1): 1.0/3.0 MBProgress (1): 1.0/3.0 MBProgress (1): 1.1/3.0 MBProgress (1): 1.1/3.0 MBProgress (1): 1.1/3.0 MBProgress (1): 1.1/3.0 MBProgress (1): 1.1/3.0 MBProgress (1): 1.1/3.0 MBProgress (1): 1.2/3.0 MBProgress (1): 1.2/3.0 MBProgress (1): 1.2/3.0 MBProgress (1): 1.2/3.0 MBProgress (1): 1.2/3.0 MBProgress (1): 1.2/3.0 MBProgress (1): 1.3/3.0 MBProgress (1): 1.3/3.0 MBProgress (1): 1.3/3.0 MBProgress (1): 1.3/3.0 MBProgress (1): 1.3/3.0 MBProgress (1): 1.3/3.0 MBProgress (1): 1.4/3.0 MBProgress (1): 1.4/3.0 MBProgress (1): 1.4/3.0 MBProgress (1): 1.4/3.0 MBProgress (1): 1.4/3.0 MBProgress (1): 1.4/3.0 MBProgress (1): 1.5/3.0 MBProgress (1): 1.5/3.0 MBProgress (1): 1.5/3.0 MBProgress (1): 1.5/3.0 MBProgress (1): 1.5/3.0 MBProgress (1): 1.5/3.0 MBProgress (1): 1.6/3.0 MBProgress (1): 1.6/3.0 MBProgress (1): 1.6/3.0 MBProgress (1): 1.6/3.0 MBProgress (1): 1.6/3.0 MBProgress (1): 1.6/3.0 MBProgress (1): 1.7/3.0 MBProgress (1): 1.7/3.0 MBProgress (1): 1.7/3.0 MBProgress (1): 1.7/3.0 MBProgress (1): 1.7/3.0 MBProgress (1): 1.7/3.0 MBProgress (1): 1.8/3.0 MBProgress (1): 1.8/3.0 MBProgress (1): 1.8/3.0 MBProgress (1): 1.8/3.0 MBProgress (1): 1.8/3.0 MBProgress (1): 1.8/3.0 MBProgress (1): 1.9/3.0 MBProgress (1): 1.9/3.0 MBProgress (1): 1.9/3.0 MBProgress (1): 1.9/3.0 MBProgress (1): 1.9/3.0 MBProgress (1): 1.9/3.0 MBProgress (1): 1.9/3.0 MBProgress (1): 2.0/3.0 MBProgress (1): 2.0/3.0 MBProgress (1): 2.0/3.0 MBProgress (1): 2.0/3.0 MBProgress (1): 2.0/3.0 MBProgress (1): 2.1/3.0 MBProgress (1): 2.1/3.0 MBProgress (1): 2.1/3.0 MBProgress (1): 2.1/3.0 MBProgress (1): 2.1/3.0 MBProgress (1): 2.1/3.0 MBProgress (1): 2.1/3.0 MBProgress (1): 2.2/3.0 MBProgress (1): 2.2/3.0 MBProgress (1): 2.2/3.0 MBProgress (1): 2.2/3.0 MBProgress (1): 2.2/3.0 MBProgress (1): 2.2/3.0 MBProgress (1): 2.3/3.0 MBProgress (1): 2.3/3.0 MBProgress (1): 2.3/3.0 MBProgress (1): 2.3/3.0 MBProgress (1): 2.3/3.0 MBProgress (1): 2.3/3.0 MBProgress (1): 2.4/3.0 MBProgress (1): 2.4/3.0 MBProgress (1): 2.4/3.0 MBProgress (1): 2.4/3.0 MBProgress (1): 2.4/3.0 MBProgress (1): 2.4/3.0 MBProgress (1): 2.5/3.0 MBProgress (1): 2.5/3.0 MBProgress (1): 2.5/3.0 MBProgress (1): 2.5/3.0 MBProgress (1): 2.5/3.0 MBProgress (1): 2.5/3.0 MBProgress (1): 2.6/3.0 MBProgress (1): 2.6/3.0 MBProgress (1): 2.6/3.0 MBProgress (1): 2.6/3.0 MBProgress (1): 2.6/3.0 MBProgress (1): 2.6/3.0 MBProgress (1): 2.7/3.0 MBProgress (1): 2.7/3.0 MBProgress (1): 2.7/3.0 MBProgress (1): 2.7/3.0 MBProgress (1): 2.7/3.0 MBProgress (1): 2.7/3.0 MBProgress (1): 2.8/3.0 MBProgress (1): 2.8/3.0 MBProgress (1): 2.8/3.0 MBProgress (1): 2.8/3.0 MBProgress (1): 2.8/3.0 MBProgress (1): 2.8/3.0 MBProgress (1): 2.9/3.0 MBProgress (1): 2.9/3.0 MBProgress (1): 2.9/3.0 MBProgress (1): 2.9/3.0 MBProgress (1): 2.9/3.0 MBProgress (1): 2.9/3.0 MBProgress (1): 3.0/3.0 MBProgress (1): 3.0/3.0 MBProgress (1): 3.0/3.0 MBProgress (1): 3.0 MB                        Downloaded from central: https://repo.maven.apache.org/maven2/org/apache/maven/surefire/surefire-shared-utils/3.5.6/surefire-shared-utils-3.5.6.jar (3.0 MB at 1.2 MB/s)
[[1;34mINFO[m] Tests are skipped.
[[1;34mINFO[m] 
[[1;34mINFO[m] [1m--- [0;32mmaven-jar-plugin:3.4.2:jar[m [1m(default-jar)[m @ [36mid-card-manager[0;1m ---[m
Downloading from central: https://repo.maven.apache.org/maven2/org/apache/maven/shared/file-management/3.1.0/file-management-3.1.0.pom
Progress (1): 4.1 kBProgress (1): 4.5 kB                    Downloaded from central: https://repo.maven.apache.org/maven2/org/apache/maven/shared/file-management/3.1.0/file-management-3.1.0.pom (4.5 kB at 52 kB/s)
Downloading from central: https://repo.maven.apache.org/maven2/org/apache/maven/shared/maven-shared-components/36/maven-shared-components-36.pom
Progress (1): 4.1 kBProgress (1): 4.9 kB                    Downloaded from central: https://repo.maven.apache.org/maven2/org/apache/maven/shared/maven-shared-components/36/maven-shared-components-36.pom (4.9 kB at 52 kB/s)
Downloading from central: https://repo.maven.apache.org/maven2/org/apache/maven/maven-parent/36/maven-parent-36.pom
Progress (1): 4.1 kBProgress (1): 8.2 kBProgress (1): 12 kB Progress (1): 16 kBProgress (1): 20 kBProgress (1): 25 kBProgress (1): 29 kBProgress (1): 33 kBProgress (1): 37 kBProgress (1): 41 kBProgress (1): 45 kBProgress (1): 45 kB                   Downloaded from central: https://repo.maven.apache.org/maven2/org/apache/maven/maven-parent/36/maven-parent-36.pom (45 kB at 500 kB/s)
Downloading from central: https://repo.maven.apache.org/maven2/org/apache/apache/26/apache-26.pom
Progress (1): 4.1 kBProgress (1): 8.2 kBProgress (1): 12 kB Progress (1): 16 kBProgress (1): 20 kBProgress (1): 21 kB                   Downloaded from central: https://repo.maven.apache.org/maven2/org/apache/apache/26/apache-26.pom (21 kB at 233 kB/s)
Downloading from central: https://repo.maven.apache.org/maven2/commons-io/commons-io/2.16.1/commons-io-2.16.1.pom
Progress (1): 4.1 kBProgress (1): 8.2 kBProgress (1): 12 kB Progress (1): 16 kBProgress (1): 20 kB                   Downloaded from central: https://repo.maven.apache.org/maven2/commons-io/commons-io/2.16.1/commons-io-2.16.1.pom (20 kB at 231 kB/s)
Downloading from central: https://repo.maven.apache.org/maven2/org/apache/commons/commons-parent/69/commons-parent-69.pom
Progress (1): 4.1 kBProgress (1): 8.2 kBProgress (1): 12 kB Progress (1): 16 kBProgress (1): 20 kBProgress (1): 25 kBProgress (1): 29 kBProgress (1): 33 kBProgress (1): 37 kBProgress (1): 41 kBProgress (1): 45 kBProgress (1): 49 kBProgress (1): 53 kBProgress (1): 57 kBProgress (1): 61 kBProgress (1): 66 kBProgress (1): 70 kBProgress (1): 74 kBProgress (1): 77 kB                   Downloaded from central: https://repo.maven.apache.org/maven2/org/apache/commons/commons-parent/69/commons-parent-69.pom (77 kB at 794 kB/s)
Downloading from central: https://repo.maven.apache.org/maven2/org/apache/apache/31/apache-31.pom
Progress (1): 4.1 kBProgress (1): 8.2 kBProgress (1): 12 kB Progress (1): 16 kBProgress (1): 20 kBProgress (1): 24 kB                   Downloaded from central: https://repo.maven.apache.org/maven2/org/apache/apache/31/apache-31.pom (24 kB at 250 kB/s)
Downloading from central: https://repo.maven.apache.org/maven2/org/apache/maven/maven-archiver/3.6.2/maven-archiver-3.6.2.pom
Progress (1): 4.1 kBProgress (1): 4.4 kB                    Downloaded from central: https://repo.maven.apache.org/maven2/org/apache/maven/maven-archiver/3.6.2/maven-archiver-3.6.2.pom (4.4 kB at 52 kB/s)
Downloading from central: https://repo.maven.apache.org/maven2/org/apache/maven/shared/maven-shared-components/41/maven-shared-components-41.pom
Progress (1): 3.2 kB                    Downloaded from central: https://repo.maven.apache.org/maven2/org/apache/maven/shared/maven-shared-components/41/maven-shared-components-41.pom (3.2 kB at 37 kB/s)
Downloading from central: https://repo.maven.apache.org/maven2/org/apache/maven/maven-parent/41/maven-parent-41.pom
Progress (1): 4.1 kBProgress (1): 8.2 kBProgress (1): 12 kB Progress (1): 16 kBProgress (1): 20 kBProgress (1): 25 kBProgress (1): 29 kBProgress (1): 33 kBProgress (1): 37 kBProgress (1): 41 kBProgress (1): 45 kBProgress (1): 49 kBProgress (1): 50 kB                   Downloaded from central: https://repo.maven.apache.org/maven2/org/apache/maven/maven-parent/41/maven-parent-41.pom (50 kB at 531 kB/s)
Downloading from central: https://repo.maven.apache.org/maven2/org/codehaus/plexus/plexus-archiver/4.9.2/plexus-archiver-4.9.2.pom
Progress (1): 4.1 kBProgress (1): 6.0 kB                    Downloaded from central: https://repo.maven.apache.org/maven2/org/codehaus/plexus/plexus-archiver/4.9.2/plexus-archiver-4.9.2.pom (6.0 kB at 69 kB/s)
Downloading from central: https://repo.maven.apache.org/maven2/org/codehaus/plexus/plexus-io/3.4.2/plexus-io-3.4.2.pom
Progress (1): 3.9 kB                    Downloaded from central: https://repo.maven.apache.org/maven2/org/codehaus/plexus/plexus-io/3.4.2/plexus-io-3.4.2.pom (3.9 kB at 44 kB/s)
Downloading from central: https://repo.maven.apache.org/maven2/org/codehaus/plexus/plexus/16/plexus-16.pom
Progress (1): 4.1 kBProgress (1): 8.2 kBProgress (1): 12 kB Progress (1): 16 kBProgress (1): 20 kBProgress (1): 25 kBProgress (1): 28 kB                   Downloaded from central: https://repo.maven.apache.org/maven2/org/codehaus/plexus/plexus/16/plexus-16.pom (28 kB at 307 kB/s)
Downloading from central: https://repo.maven.apache.org/maven2/org/junit/junit-bom/5.10.1/junit-bom-5.10.1.pom
Progress (1): 4.1 kBProgress (1): 5.6 kB                    Downloaded from central: https://repo.maven.apache.org/maven2/org/junit/junit-bom/5.10.1/junit-bom-5.10.1.pom (5.6 kB at 64 kB/s)
Downloading from central: https://repo.maven.apache.org/maven2/org/apache/commons/commons-compress/1.26.1/commons-compress-1.26.1.pom
Progress (1): 4.1 kBProgress (1): 8.2 kBProgress (1): 12 kB Progress (1): 16 kBProgress (1): 20 kBProgress (1): 22 kB                   Downloaded from central: https://repo.maven.apache.org/maven2/org/apache/commons/commons-compress/1.26.1/commons-compress-1.26.1.pom (22 kB at 241 kB/s)
Downloading from central: https://repo.maven.apache.org/maven2/org/apache/commons/commons-parent/66/commons-parent-66.pom
Progress (1): 4.1 kBProgress (1): 8.2 kBProgress (1): 12 kB Progress (1): 16 kBProgress (1): 20 kBProgress (1): 25 kBProgress (1): 29 kBProgress (1): 33 kBProgress (1): 37 kBProgress (1): 41 kBProgress (1): 45 kBProgress (1): 49 kBProgress (1): 53 kBProgress (1): 57 kBProgress (1): 61 kBProgress (1): 66 kBProgress (1): 70 kBProgress (1): 74 kBProgress (1): 77 kB                   Downloaded from central: https://repo.maven.apache.org/maven2/org/apache/commons/commons-parent/66/commons-parent-66.pom (77 kB at 740 kB/s)
Downloading from central: https://repo.maven.apache.org/maven2/commons-codec/commons-codec/1.16.1/commons-codec-1.16.1.pom
Progress (1): 4.1 kBProgress (1): 8.2 kBProgress (1): 12 kB Progress (1): 16 kB                   Downloaded from central: https://repo.maven.apache.org/maven2/commons-codec/commons-codec/1.16.1/commons-codec-1.16.1.pom (16 kB at 152 kB/s)
Downloading from central: https://repo.maven.apache.org/maven2/org/apache/commons/commons-lang3/3.14.0/commons-lang3-3.14.0.pom
Progress (1): 4.1 kBProgress (1): 8.2 kBProgress (1): 12 kB Progress (1): 16 kBProgress (1): 20 kBProgress (1): 25 kBProgress (1): 29 kBProgress (1): 31 kB                   Downloaded from central: https://repo.maven.apache.org/maven2/org/apache/commons/commons-lang3/3.14.0/commons-lang3-3.14.0.pom (31 kB at 318 kB/s)
Downloading from central: https://repo.maven.apache.org/maven2/org/apache/commons/commons-parent/64/commons-parent-64.pom
Progress (1): 4.1 kBProgress (1): 8.2 kBProgress (1): 12 kB Progress (1): 16 kBProgress (1): 20 kBProgress (1): 25 kBProgress (1): 29 kBProgress (1): 33 kBProgress (1): 37 kBProgress (1): 41 kBProgress (1): 45 kBProgress (1): 49 kBProgress (1): 53 kBProgress (1): 57 kBProgress (1): 61 kBProgress (1): 66 kBProgress (1): 70 kBProgress (1): 74 kBProgress (1): 78 kBProgress (1): 78 kB                   Downloaded from central: https://repo.maven.apache.org/maven2/org/apache/commons/commons-parent/64/commons-parent-64.pom (78 kB at 619 kB/s)
Downloading from central: https://repo.maven.apache.org/maven2/org/apache/apache/30/apache-30.pom
Progress (1): 4.1 kBProgress (1): 8.2 kBProgress (1): 12 kB Progress (1): 16 kBProgress (1): 20 kBProgress (1): 23 kB                   Downloaded from central: https://repo.maven.apache.org/maven2/org/apache/apache/30/apache-30.pom (23 kB at 221 kB/s)
Downloading from central: https://repo.maven.apache.org/maven2/org/junit/junit-bom/5.10.0/junit-bom-5.10.0.pom
Progress (1): 4.1 kBProgress (1): 5.6 kB                    Downloaded from central: https://repo.maven.apache.org/maven2/org/junit/junit-bom/5.10.0/junit-bom-5.10.0.pom (5.6 kB at 61 kB/s)
Downloading from central: https://repo.maven.apache.org/maven2/org/iq80/snappy/snappy/0.4/snappy-0.4.pom
Progress (1): 4.1 kBProgress (1): 8.2 kBProgress (1): 12 kB Progress (1): 15 kB                   Downloaded from central: https://repo.maven.apache.org/maven2/org/iq80/snappy/snappy/0.4/snappy-0.4.pom (15 kB at 151 kB/s)
Downloading from central: https://repo.maven.apache.org/maven2/org/tukaani/xz/1.9/xz-1.9.pom
Progress (1): 2.0 kB                    Downloaded from central: https://repo.maven.apache.org/maven2/org/tukaani/xz/1.9/xz-1.9.pom (2.0 kB at 24 kB/s)
Downloading from central: https://repo.maven.apache.org/maven2/com/github/luben/zstd-jni/1.5.5-11/zstd-jni-1.5.5-11.pom
Progress (1): 2.0 kB                    Downloaded from central: https://repo.maven.apache.org/maven2/com/github/luben/zstd-jni/1.5.5-11/zstd-jni-1.5.5-11.pom (2.0 kB at 23 kB/s)
Downloading from central: https://repo.maven.apache.org/maven2/org/codehaus/plexus/plexus-interpolation/1.27/plexus-interpolation-1.27.pom
Progress (1): 3.0 kB                    Downloaded from central: https://repo.maven.apache.org/maven2/org/codehaus/plexus/plexus-interpolation/1.27/plexus-interpolation-1.27.pom (3.0 kB at 28 kB/s)
Downloading from central: https://repo.maven.apache.org/maven2/org/apache/maven/shared/file-management/3.1.0/file-management-3.1.0.jar
Downloading from central: https://repo.maven.apache.org/maven2/commons-io/commons-io/2.16.1/commons-io-2.16.1.jar
Downloading from central: https://repo.maven.apache.org/maven2/org/apache/maven/maven-archiver/3.6.2/maven-archiver-3.6.2.jar
Downloading from central: https://repo.maven.apache.org/maven2/org/codehaus/plexus/plexus-interpolation/1.27/plexus-interpolation-1.27.jar
Downloading from central: https://repo.maven.apache.org/maven2/org/codehaus/plexus/plexus-archiver/4.9.2/plexus-archiver-4.9.2.jar
Progress (1): 4.1/36 kBProgress (1): 7.7/36 kBProgress (1): 11/36 kB Progress (2): 11/36 kB | 4.1/225 kBProgress (2): 11/36 kB | 8.2/225 kBProgress (3): 11/36 kB | 8.2/225 kB | 4.1/509 kBProgress (4): 11/36 kB | 8.2/225 kB | 4.1/509 kB | 4.1/27 kBProgress (4): 11/36 kB | 8.2/225 kB | 7.7/509 kB | 4.1/27 kBProgress (4): 11/36 kB | 8.2/225 kB | 7.7/509 kB | 7.7/27 kBProgress (4): 11/36 kB | 8.2/225 kB | 7.7/509 kB | 11/27 kB Progress (4): 11/36 kB | 8.2/225 kB | 11/509 kB | 11/27 kB Progress (4): 15/36 kB | 8.2/225 kB | 11/509 kB | 11/27 kBProgress (4): 20/36 kB | 8.2/225 kB | 11/509 kB | 11/27 kBProgress (4): 24/36 kB | 8.2/225 kB | 11/509 kB | 11/27 kBProgress (4): 28/36 kB | 8.2/225 kB | 11/509 kB | 11/27 kBProgress (4): 32/36 kB | 8.2/225 kB | 11/509 kB | 11/27 kBProgress (4): 36/36 kB | 8.2/225 kB | 11/509 kB | 11/27 kBProgress (4): 36 kB | 8.2/225 kB | 11/509 kB | 11/27 kB   Progress (5): 36 kB | 8.2/225 kB | 11/509 kB | 11/27 kB | 4.1/86 kBProgress (5): 36 kB | 8.2/225 kB | 11/509 kB | 11/27 kB | 7.7/86 kBProgress (5): 36 kB | 8.2/225 kB | 11/509 kB | 11/27 kB | 12/86 kB Progress (5): 36 kB | 8.2/225 kB | 11/509 kB | 11/27 kB | 16/86 kBProgress (5): 36 kB | 12/225 kB | 11/509 kB | 11/27 kB | 16/86 kB Progress (5): 36 kB | 16/225 kB | 11/509 kB | 11/27 kB | 16/86 kBProgress (5): 36 kB | 20/225 kB | 11/509 kB | 11/27 kB | 16/86 kBProgress (5): 36 kB | 25/225 kB | 11/509 kB | 11/27 kB | 16/86 kBProgress (5): 36 kB | 25/225 kB | 11/509 kB | 15/27 kB | 16/86 kBProgress (5): 36 kB | 25/225 kB | 15/509 kB | 15/27 kB | 16/86 kBProgress (5): 36 kB | 25/225 kB | 20/509 kB | 15/27 kB | 16/86 kBProgress (5): 36 kB | 25/225 kB | 24/509 kB | 15/27 kB | 16/86 kBProgress (5): 36 kB | 25/225 kB | 28/509 kB | 15/27 kB | 16/86 kBProgress (5): 36 kB | 25/225 kB | 28/509 kB | 20/27 kB | 16/86 kBProgress (5): 36 kB | 25/225 kB | 28/509 kB | 24/27 kB | 16/86 kBProgress (5): 36 kB | 25/225 kB | 28/509 kB | 27 kB | 16/86 kB   Progress (5): 36 kB | 29/225 kB | 28/509 kB | 27 kB | 16/86 kBProgress (5): 36 kB | 33/225 kB | 28/509 kB | 27 kB | 16/86 kBProgress (5): 36 kB | 33/225 kB | 28/509 kB | 27 kB | 20/86 kBProgress (5): 36 kB | 33/225 kB | 28/509 kB | 27 kB | 24/86 kBProgress (5): 36 kB | 33/225 kB | 32/509 kB | 27 kB | 24/86 kBProgress (5): 36 kB | 33/225 kB | 36/509 kB | 27 kB | 24/86 kBProgress (5): 36 kB | 33/225 kB | 40/509 kB | 27 kB | 24/86 kBProgress (5): 36 kB | 33/225 kB | 44/509 kB | 27 kB | 24/86 kBProgress (5): 36 kB | 37/225 kB | 44/509 kB | 27 kB | 24/86 kBProgress (5): 36 kB | 41/225 kB | 44/509 kB | 27 kB | 24/86 kBProgress (5): 36 kB | 45/225 kB | 44/509 kB | 27 kB | 24/86 kBProgress (5): 36 kB | 49/225 kB | 44/509 kB | 27 kB | 24/86 kBProgress (5): 36 kB | 49/225 kB | 44/509 kB | 27 kB | 28/86 kBProgress (5): 36 kB | 49/225 kB | 44/509 kB | 27 kB | 32/86 kBProgress (5): 36 kB | 49/225 kB | 44/509 kB | 27 kB | 36/86 kBProgress (5): 36 kB | 49/225 kB | 44/509 kB | 27 kB | 40/86 kBProgress (5): 36 kB | 49/225 kB | 48/509 kB | 27 kB | 40/86 kBProgress (5): 36 kB | 49/225 kB | 52/509 kB | 27 kB | 40/86 kBProgress (5): 36 kB | 49/225 kB | 56/509 kB | 27 kB | 40/86 kBProgress (5): 36 kB | 49/225 kB | 61/509 kB | 27 kB | 40/86 kBProgress (5): 36 kB | 53/225 kB | 61/509 kB | 27 kB | 40/86 kBProgress (5): 36 kB | 57/225 kB | 61/509 kB | 27 kB | 40/86 kBProgress (5): 36 kB | 61/225 kB | 61/509 kB | 27 kB | 40/86 kBProgress (5): 36 kB | 66/225 kB | 61/509 kB | 27 kB | 40/86 kBProgress (5): 36 kB | 66/225 kB | 61/509 kB | 27 kB | 45/86 kBProgress (5): 36 kB | 66/225 kB | 65/509 kB | 27 kB | 45/86 kBProgress (5): 36 kB | 66/225 kB | 69/509 kB | 27 kB | 45/86 kBProgress (5): 36 kB | 66/225 kB | 73/509 kB | 27 kB | 45/86 kBProgress (5): 36 kB | 66/225 kB | 73/509 kB | 27 kB | 49/86 kBProgress (5): 36 kB | 66/225 kB | 73/509 kB | 27 kB | 53/86 kBProgress (5): 36 kB | 66/225 kB | 77/509 kB | 27 kB | 53/86 kBProgress (5): 36 kB | 66/225 kB | 77/509 kB | 27 kB | 57/86 kBProgress (5): 36 kB | 70/225 kB | 77/509 kB | 27 kB | 57/86 kBProgress (5): 36 kB | 74/225 kB | 77/509 kB | 27 kB | 57/86 kBProgress (5): 36 kB | 78/225 kB | 77/509 kB | 27 kB | 57/86 kBProgress (5): 36 kB | 82/225 kB | 77/509 kB | 27 kB | 57/86 kBProgress (5): 36 kB | 82/225 kB | 81/509 kB | 27 kB | 57/86 kBProgress (5): 36 kB | 82/225 kB | 85/509 kB | 27 kB | 57/86 kBProgress (5): 36 kB | 82/225 kB | 89/509 kB | 27 kB | 57/86 kBProgress (5): 36 kB | 82/225 kB | 93/509 kB | 27 kB | 57/86 kBProgress (5): 36 kB | 82/225 kB | 93/509 kB | 27 kB | 61/86 kBProgress (5): 36 kB | 86/225 kB | 93/509 kB | 27 kB | 61/86 kBProgress (5): 36 kB | 90/225 kB | 93/509 kB | 27 kB | 61/86 kBProgress (5): 36 kB | 94/225 kB | 93/509 kB | 27 kB | 61/86 kBProgress (5): 36 kB | 94/225 kB | 93/509 kB | 27 kB | 65/86 kBProgress (5): 36 kB | 94/225 kB | 93/509 kB | 27 kB | 69/86 kBProgress (5): 36 kB | 98/225 kB | 93/509 kB | 27 kB | 69/86 kBProgress (5): 36 kB | 98/225 kB | 93/509 kB | 27 kB | 73/86 kBProgress (5): 36 kB | 98/225 kB | 93/509 kB | 27 kB | 77/86 kBProgress (5): 36 kB | 98/225 kB | 93/509 kB | 27 kB | 81/86 kBProgress (5): 36 kB | 98/225 kB | 93/509 kB | 27 kB | 86/86 kBProgress (5): 36 kB | 98/225 kB | 93/509 kB | 27 kB | 86 kB   Progress (5): 36 kB | 98/225 kB | 97/509 kB | 27 kB | 86 kBProgress (5): 36 kB | 98/225 kB | 101/509 kB | 27 kB | 86 kBProgress (5): 36 kB | 102/225 kB | 101/509 kB | 27 kB | 86 kBProgress (5): 36 kB | 102/225 kB | 106/509 kB | 27 kB | 86 kBProgress (5): 36 kB | 102/225 kB | 110/509 kB | 27 kB | 86 kBProgress (5): 36 kB | 106/225 kB | 110/509 kB | 27 kB | 86 kBProgress (5): 36 kB | 111/225 kB | 110/509 kB | 27 kB | 86 kBProgress (5): 36 kB | 115/225 kB | 110/509 kB | 27 kB | 86 kBProgress (5): 36 kB | 115/225 kB | 114/509 kB | 27 kB | 86 kBProgress (5): 36 kB | 115/225 kB | 118/509 kB | 27 kB | 86 kBProgress (5): 36 kB | 115/225 kB | 122/509 kB | 27 kB | 86 kBProgress (5): 36 kB | 119/225 kB | 122/509 kB | 27 kB | 86 kBProgress (5): 36 kB | 123/225 kB | 122/509 kB | 27 kB | 86 kBProgress (5): 36 kB | 123/225 kB | 126/509 kB | 27 kB | 86 kBProgress (5): 36 kB | 127/225 kB | 126/509 kB | 27 kB | 86 kBProgress (5): 36 kB | 131/225 kB | 126/509 kB | 27 kB | 86 kBProgress (5): 36 kB | 135/225 kB | 126/509 kB | 27 kB | 86 kBProgress (5): 36 kB | 135/225 kB | 130/509 kB | 27 kB | 86 kBProgress (5): 36 kB | 139/225 kB | 130/509 kB | 27 kB | 86 kBProgress (5): 36 kB | 139/225 kB | 134/509 kB | 27 kB | 86 kBProgress (5): 36 kB | 143/225 kB | 134/509 kB | 27 kB | 86 kBProgress (5): 36 kB | 147/225 kB | 134/509 kB | 27 kB | 86 kBProgress (5): 36 kB | 147/225 kB | 138/509 kB | 27 kB | 86 kBProgress (5): 36 kB | 147/225 kB | 142/509 kB | 27 kB | 86 kBProgress (5): 36 kB | 152/225 kB | 142/509 kB | 27 kB | 86 kBProgress (5): 36 kB | 156/225 kB | 142/509 kB | 27 kB | 86 kBProgress (5): 36 kB | 160/225 kB | 142/509 kB | 27 kB | 86 kBProgress (5): 36 kB | 164/225 kB | 142/509 kB | 27 kB | 86 kBProgress (5): 36 kB | 164/225 kB | 147/509 kB | 27 kB | 86 kBProgress (5): 36 kB | 164/225 kB | 151/509 kB | 27 kB | 86 kBProgress (5): 36 kB | 164/225 kB | 155/509 kB | 27 kB | 86 kBProgress (5): 36 kB | 164/225 kB | 159/509 kB | 27 kB | 86 kBProgress (5): 36 kB | 168/225 kB | 159/509 kB | 27 kB | 86 kBProgress (5): 36 kB | 172/225 kB | 159/509 kB | 27 kB | 86 kBProgress (5): 36 kB | 176/225 kB | 159/509 kB | 27 kB | 86 kBProgress (5): 36 kB | 180/225 kB | 159/509 kB | 27 kB | 86 kBProgress (5): 36 kB | 180/225 kB | 163/509 kB | 27 kB | 86 kBProgress (5): 36 kB | 180/225 kB | 167/509 kB | 27 kB | 86 kBProgress (5): 36 kB | 180/225 kB | 171/509 kB | 27 kB | 86 kBProgress (5): 36 kB | 180/225 kB | 175/509 kB | 27 kB | 86 kBProgress (5): 36 kB | 184/225 kB | 175/509 kB | 27 kB | 86 kBProgress (5): 36 kB | 188/225 kB | 175/509 kB | 27 kB | 86 kBProgress (5): 36 kB | 193/225 kB | 175/509 kB | 27 kB | 86 kBProgress (5): 36 kB | 197/225 kB | 175/509 kB | 27 kB | 86 kBProgress (5): 36 kB | 197/225 kB | 179/509 kB | 27 kB | 86 kBProgress (5): 36 kB | 197/225 kB | 183/509 kB | 27 kB | 86 kBProgress (5): 36 kB | 197/225 kB | 187/509 kB | 27 kB | 86 kBProgress (5): 36 kB | 197/225 kB | 192/509 kB | 27 kB | 86 kB                                                             Downloaded from central: https://repo.maven.apache.org/maven2/org/apache/maven/shared/file-management/3.1.0/file-management-3.1.0.jar (36 kB at 131 kB/s)
Downloading from central: https://repo.maven.apache.org/maven2/org/codehaus/plexus/plexus-io/3.4.2/plexus-io-3.4.2.jar
Progress (4): 201/225 kB | 192/509 kB | 27 kB | 86 kBProgress (4): 205/225 kB | 192/509 kB | 27 kB | 86 kBProgress (4): 209/225 kB | 192/509 kB | 27 kB | 86 kBProgress (4): 213/225 kB | 192/509 kB | 27 kB | 86 kB                                                     Downloaded from central: https://repo.maven.apache.org/maven2/org/apache/maven/maven-archiver/3.6.2/maven-archiver-3.6.2.jar (27 kB at 95 kB/s)
Downloading from central: https://repo.maven.apache.org/maven2/org/apache/commons/commons-compress/1.26.1/commons-compress-1.26.1.jar
Progress (3): 213/225 kB | 196/509 kB | 86 kBProgress (3): 213/225 kB | 200/509 kB | 86 kBProgress (3): 213/225 kB | 204/509 kB | 86 kBProgress (3): 213/225 kB | 208/509 kB | 86 kBProgress (3): 217/225 kB | 208/509 kB | 86 kBProgress (3): 221/225 kB | 208/509 kB | 86 kBProgress (3): 225 kB | 208/509 kB | 86 kB    Progress (3): 225 kB | 212/509 kB | 86 kBProgress (3): 225 kB | 216/509 kB | 86 kBProgress (3): 225 kB | 220/509 kB | 86 kB                                         Downloaded from central: https://repo.maven.apache.org/maven2/org/codehaus/plexus/plexus-interpolation/1.27/plexus-interpolation-1.27.jar (86 kB at 290 kB/s)
Progress (2): 225 kB | 224/509 kB                                 Downloading from central: https://repo.maven.apache.org/maven2/org/apache/commons/commons-lang3/3.14.0/commons-lang3-3.14.0.jar
Progress (2): 225 kB | 228/509 kBProgress (2): 225 kB | 233/509 kBProgress (2): 225 kB | 237/509 kBProgress (2): 225 kB | 241/509 kBProgress (2): 225 kB | 245/509 kBProgress (2): 225 kB | 249/509 kBProgress (2): 225 kB | 253/509 kBProgress (2): 225 kB | 257/509 kBProgress (2): 225 kB | 261/509 kBProgress (2): 225 kB | 265/509 kBProgress (2): 225 kB | 269/509 kBProgress (2): 225 kB | 274/509 kB                                 Downloaded from central: https://repo.maven.apache.org/maven2/org/codehaus/plexus/plexus-archiver/4.9.2/plexus-archiver-4.9.2.jar (225 kB at 659 kB/s)
Downloading from central: https://repo.maven.apache.org/maven2/commons-codec/commons-codec/1.16.1/commons-codec-1.16.1.jar
Progress (2): 274/509 kB | 0/1.1 MBProgress (2): 274/509 kB | 0/1.1 MBProgress (2): 278/509 kB | 0/1.1 MBProgress (2): 282/509 kB | 0/1.1 MBProgress (3): 282/509 kB | 0/1.1 MB | 4.1/658 kBProgress (3): 286/509 kB | 0/1.1 MB | 4.1/658 kBProgress (3): 290/509 kB | 0/1.1 MB | 4.1/658 kBProgress (3): 290/509 kB | 0/1.1 MB | 7.7/658 kBProgress (3): 290/509 kB | 0/1.1 MB | 11/658 kB Progress (3): 290/509 kB | 0/1.1 MB | 11/658 kBProgress (3): 290/509 kB | 0/1.1 MB | 11/658 kBProgress (3): 294/509 kB | 0/1.1 MB | 11/658 kBProgress (3): 298/509 kB | 0/1.1 MB | 11/658 kBProgress (3): 302/509 kB | 0/1.1 MB | 11/658 kBProgress (3): 306/509 kB | 0/1.1 MB | 11/658 kBProgress (3): 306/509 kB | 0/1.1 MB | 15/658 kBProgress (3): 306/509 kB | 0/1.1 MB | 20/658 kBProgress (3): 306/509 kB | 0/1.1 MB | 24/658 kBProgress (3): 306/509 kB | 0/1.1 MB | 28/658 kBProgress (3): 306/509 kB | 0/1.1 MB | 28/658 kBProgress (3): 306/509 kB | 0/1.1 MB | 28/658 kBProgress (3): 310/509 kB | 0/1.1 MB | 28/658 kBProgress (3): 314/509 kB | 0/1.1 MB | 28/658 kBProgress (3): 319/509 kB | 0/1.1 MB | 28/658 kBProgress (3): 323/509 kB | 0/1.1 MB | 28/658 kBProgress (3): 323/509 kB | 0/1.1 MB | 32/658 kBProgress (3): 323/509 kB | 0/1.1 MB | 36/658 kBProgress (3): 323/509 kB | 0/1.1 MB | 40/658 kBProgress (3): 323/509 kB | 0/1.1 MB | 44/658 kBProgress (3): 323/509 kB | 0.1/1.1 MB | 44/658 kBProgress (3): 323/509 kB | 0.1/1.1 MB | 44/658 kBProgress (4): 323/509 kB | 0.1/1.1 MB | 44/658 kB | 4.1/79 kBProgress (4): 323/509 kB | 0.1/1.1 MB | 44/658 kB | 7.7/79 kBProgress (4): 323/509 kB | 0.1/1.1 MB | 44/658 kB | 12/79 kB Progress (4): 323/509 kB | 0.1/1.1 MB | 44/658 kB | 16/79 kBProgress (4): 327/509 kB | 0.1/1.1 MB | 44/658 kB | 16/79 kBProgress (4): 331/509 kB | 0.1/1.1 MB | 44/658 kB | 16/79 kBProgress (4): 335/509 kB | 0.1/1.1 MB | 44/658 kB | 16/79 kBProgress (4): 339/509 kB | 0.1/1.1 MB | 44/658 kB | 16/79 kBProgress (4): 339/509 kB | 0.1/1.1 MB | 48/658 kB | 16/79 kBProgress (4): 339/509 kB | 0.1/1.1 MB | 52/658 kB | 16/79 kBProgress (4): 339/509 kB | 0.1/1.1 MB | 56/658 kB | 16/79 kBProgress (4): 339/509 kB | 0.1/1.1 MB | 61/658 kB | 16/79 kBProgress (4): 339/509 kB | 0.1/1.1 MB | 61/658 kB | 16/79 kBProgress (4): 339/509 kB | 0.1/1.1 MB | 61/658 kB | 16/79 kBProgress (5): 339/509 kB | 0.1/1.1 MB | 61/658 kB | 16/79 kB | 4.1/365 kBProgress (5): 339/509 kB | 0.1/1.1 MB | 61/658 kB | 16/79 kB | 7.7/365 kBProgress (5): 339/509 kB | 0.1/1.1 MB | 61/658 kB | 16/79 kB | 12/365 kB Progress (5): 339/509 kB | 0.1/1.1 MB | 61/658 kB | 16/79 kB | 16/365 kBProgress (5): 343/509 kB | 0.1/1.1 MB | 61/658 kB | 16/79 kB | 16/365 kBProgress (5): 347/509 kB | 0.1/1.1 MB | 61/658 kB | 16/79 kB | 16/365 kBProgress (5): 351/509 kB | 0.1/1.1 MB | 61/658 kB | 16/79 kB | 16/365 kBProgress (5): 355/509 kB | 0.1/1.1 MB | 61/658 kB | 16/79 kB | 16/365 kBProgress (5): 355/509 kB | 0.1/1.1 MB | 61/658 kB | 16/79 kB | 20/365 kBProgress (5): 355/509 kB | 0.1/1.1 MB | 61/658 kB | 16/79 kB | 24/365 kBProgress (5): 355/509 kB | 0.1/1.1 MB | 61/658 kB | 16/79 kB | 24/365 kBProgress (5): 355/509 kB | 0.1/1.1 MB | 61/658 kB | 16/79 kB | 24/365 kBProgress (5): 355/509 kB | 0.1/1.1 MB | 65/658 kB | 16/79 kB | 24/365 kBProgress (5): 355/509 kB | 0.1/1.1 MB | 69/658 kB | 16/79 kB | 24/365 kBProgress (5): 355/509 kB | 0.1/1.1 MB | 73/658 kB | 16/79 kB | 24/365 kBProgress (5): 355/509 kB | 0.1/1.1 MB | 77/658 kB | 16/79 kB | 24/365 kBProgress (5): 360/509 kB | 0.1/1.1 MB | 77/658 kB | 16/79 kB | 24/365 kBProgress (5): 364/509 kB | 0.1/1.1 MB | 77/658 kB | 16/79 kB | 24/365 kBProgress (5): 368/509 kB | 0.1/1.1 MB | 77/658 kB | 16/79 kB | 24/365 kBProgress (5): 372/509 kB | 0.1/1.1 MB | 77/658 kB | 16/79 kB | 24/365 kBProgress (5): 372/509 kB | 0.1/1.1 MB | 77/658 kB | 16/79 kB | 28/365 kBProgress (5): 372/509 kB | 0.1/1.1 MB | 77/658 kB | 16/79 kB | 32/365 kBProgress (5): 372/509 kB | 0.1/1.1 MB | 77/658 kB | 16/79 kB | 36/365 kBProgress (5): 372/509 kB | 0.1/1.1 MB | 77/658 kB | 16/79 kB | 40/365 kBProgress (5): 372/509 kB | 0.1/1.1 MB | 77/658 kB | 20/79 kB | 40/365 kBProgress (5): 372/509 kB | 0.1/1.1 MB | 77/658 kB | 20/79 kB | 40/365 kBProgress (5): 372/509 kB | 0.1/1.1 MB | 77/658 kB | 24/79 kB | 40/365 kBProgress (5): 372/509 kB | 0.1/1.1 MB | 77/658 kB | 24/79 kB | 40/365 kBProgress (5): 376/509 kB | 0.1/1.1 MB | 77/658 kB | 24/79 kB | 40/365 kBProgress (5): 380/509 kB | 0.1/1.1 MB | 77/658 kB | 24/79 kB | 40/365 kBProgress (5): 384/509 kB | 0.1/1.1 MB | 77/658 kB | 24/79 kB | 40/365 kBProgress (5): 388/509 kB | 0.1/1.1 MB | 77/658 kB | 24/79 kB | 40/365 kBProgress (5): 388/509 kB | 0.1/1.1 MB | 81/658 kB | 24/79 kB | 40/365 kBProgress (5): 388/509 kB | 0.1/1.1 MB | 85/658 kB | 24/79 kB | 40/365 kBProgress (5): 388/509 kB | 0.1/1.1 MB | 89/658 kB | 24/79 kB | 40/365 kBProgress (5): 388/509 kB | 0.1/1.1 MB | 93/658 kB | 24/79 kB | 40/365 kBProgress (5): 388/509 kB | 0.1/1.1 MB | 93/658 kB | 24/79 kB | 45/365 kBProgress (5): 388/509 kB | 0.1/1.1 MB | 93/658 kB | 24/79 kB | 49/365 kBProgress (5): 388/509 kB | 0.1/1.1 MB | 93/658 kB | 24/79 kB | 53/365 kBProgress (5): 388/509 kB | 0.1/1.1 MB | 93/658 kB | 24/79 kB | 57/365 kBProgress (5): 388/509 kB | 0.1/1.1 MB | 93/658 kB | 24/79 kB | 57/365 kBProgress (5): 388/509 kB | 0.1/1.1 MB | 93/658 kB | 24/79 kB | 57/365 kBProgress (5): 392/509 kB | 0.1/1.1 MB | 93/658 kB | 24/79 kB | 57/365 kBProgress (5): 396/509 kB | 0.1/1.1 MB | 93/658 kB | 24/79 kB | 57/365 kBProgress (5): 400/509 kB | 0.1/1.1 MB | 93/658 kB | 24/79 kB | 57/365 kBProgress (5): 405/509 kB | 0.1/1.1 MB | 93/658 kB | 24/79 kB | 57/365 kBProgress (5): 405/509 kB | 0.1/1.1 MB | 97/658 kB | 24/79 kB | 57/365 kBProgress (5): 405/509 kB | 0.1/1.1 MB | 97/658 kB | 24/79 kB | 61/365 kBProgress (5): 405/509 kB | 0.1/1.1 MB | 101/658 kB | 24/79 kB | 61/365 kBProgress (5): 405/509 kB | 0.1/1.1 MB | 106/658 kB | 24/79 kB | 61/365 kBProgress (5): 405/509 kB | 0.1/1.1 MB | 106/658 kB | 24/79 kB | 65/365 kBProgress (5): 405/509 kB | 0.1/1.1 MB | 110/658 kB | 24/79 kB | 65/365 kBProgress (5): 405/509 kB | 0.1/1.1 MB | 110/658 kB | 24/79 kB | 69/365 kBProgress (5): 405/509 kB | 0.1/1.1 MB | 110/658 kB | 24/79 kB | 73/365 kBProgress (5): 405/509 kB | 0.1/1.1 MB | 110/658 kB | 24/79 kB | 73/365 kBProgress (5): 405/509 kB | 0.1/1.1 MB | 110/658 kB | 24/79 kB | 73/365 kBProgress (5): 409/509 kB | 0.1/1.1 MB | 110/658 kB | 24/79 kB | 73/365 kBProgress (5): 413/509 kB | 0.1/1.1 MB | 110/658 kB | 24/79 kB | 73/365 kBProgress (5): 417/509 kB | 0.1/1.1 MB | 110/658 kB | 24/79 kB | 73/365 kBProgress (5): 421/509 kB | 0.1/1.1 MB | 110/658 kB | 24/79 kB | 73/365 kBProgress (5): 421/509 kB | 0.1/1.1 MB | 114/658 kB | 24/79 kB | 73/365 kBProgress (5): 421/509 kB | 0.1/1.1 MB | 118/658 kB | 24/79 kB | 73/365 kBProgress (5): 421/509 kB | 0.1/1.1 MB | 122/658 kB | 24/79 kB | 73/365 kBProgress (5): 421/509 kB | 0.1/1.1 MB | 122/658 kB | 24/79 kB | 77/365 kBProgress (5): 421/509 kB | 0.1/1.1 MB | 122/658 kB | 24/79 kB | 81/365 kBProgress (5): 421/509 kB | 0.1/1.1 MB | 122/658 kB | 24/79 kB | 86/365 kBProgress (5): 421/509 kB | 0.1/1.1 MB | 122/658 kB | 24/79 kB | 90/365 kBProgress (5): 421/509 kB | 0.2/1.1 MB | 122/658 kB | 24/79 kB | 90/365 kBProgress (5): 421/509 kB | 0.2/1.1 MB | 122/658 kB | 24/79 kB | 90/365 kBProgress (5): 425/509 kB | 0.2/1.1 MB | 122/658 kB | 24/79 kB | 90/365 kBProgress (5): 429/509 kB | 0.2/1.1 MB | 122/658 kB | 24/79 kB | 90/365 kBProgress (5): 433/509 kB | 0.2/1.1 MB | 122/658 kB | 24/79 kB | 90/365 kBProgress (5): 437/509 kB | 0.2/1.1 MB | 122/658 kB | 24/79 kB | 90/365 kBProgress (5): 437/509 kB | 0.2/1.1 MB | 122/658 kB | 24/79 kB | 94/365 kBProgress (5): 437/509 kB | 0.2/1.1 MB | 126/658 kB | 24/79 kB | 94/365 kBProgress (5): 437/509 kB | 0.2/1.1 MB | 130/658 kB | 24/79 kB | 94/365 kBProgress (5): 437/509 kB | 0.2/1.1 MB | 134/658 kB | 24/79 kB | 94/365 kBProgress (5): 437/509 kB | 0.2/1.1 MB | 138/658 kB | 24/79 kB | 94/365 kBProgress (5): 437/509 kB | 0.2/1.1 MB | 138/658 kB | 24/79 kB | 94/365 kBProgress (5): 437/509 kB | 0.2/1.1 MB | 138/658 kB | 24/79 kB | 98/365 kBProgress (5): 437/509 kB | 0.2/1.1 MB | 138/658 kB | 24/79 kB | 98/365 kBProgress (5): 437/509 kB | 0.2/1.1 MB | 138/658 kB | 24/79 kB | 102/365 kBProgress (5): 437/509 kB | 0.2/1.1 MB | 138/658 kB | 24/79 kB | 106/365 kBProgress (5): 441/509 kB | 0.2/1.1 MB | 138/658 kB | 24/79 kB | 106/365 kBProgress (5): 446/509 kB | 0.2/1.1 MB | 138/658 kB | 24/79 kB | 106/365 kBProgress (5): 450/509 kB | 0.2/1.1 MB | 138/658 kB | 24/79 kB | 106/365 kBProgress (5): 454/509 kB | 0.2/1.1 MB | 138/658 kB | 24/79 kB | 106/365 kBProgress (5): 454/509 kB | 0.2/1.1 MB | 138/658 kB | 24/79 kB | 110/365 kBProgress (5): 454/509 kB | 0.2/1.1 MB | 138/658 kB | 24/79 kB | 114/365 kBProgress (5): 454/509 kB | 0.2/1.1 MB | 138/658 kB | 24/79 kB | 118/365 kBProgress (5): 454/509 kB | 0.2/1.1 MB | 138/658 kB | 24/79 kB | 122/365 kBProgress (5): 454/509 kB | 0.2/1.1 MB | 142/658 kB | 24/79 kB | 122/365 kBProgress (5): 454/509 kB | 0.2/1.1 MB | 147/658 kB | 24/79 kB | 122/365 kBProgress (5): 454/509 kB | 0.2/1.1 MB | 151/658 kB | 24/79 kB | 122/365 kBProgress (5): 454/509 kB | 0.2/1.1 MB | 155/658 kB | 24/79 kB | 122/365 kBProgress (5): 454/509 kB | 0.2/1.1 MB | 155/658 kB | 24/79 kB | 122/365 kBProgress (5): 454/509 kB | 0.2/1.1 MB | 155/658 kB | 24/79 kB | 122/365 kBProgress (5): 458/509 kB | 0.2/1.1 MB | 155/658 kB | 24/79 kB | 122/365 kBProgress (5): 462/509 kB | 0.2/1.1 MB | 155/658 kB | 24/79 kB | 122/365 kBProgress (5): 466/509 kB | 0.2/1.1 MB | 155/658 kB | 24/79 kB | 122/365 kBProgress (5): 470/509 kB | 0.2/1.1 MB | 155/658 kB | 24/79 kB | 122/365 kBProgress (5): 470/509 kB | 0.2/1.1 MB | 155/658 kB | 28/79 kB | 122/365 kBProgress (5): 470/509 kB | 0.2/1.1 MB | 155/658 kB | 32/79 kB | 122/365 kBProgress (5): 470/509 kB | 0.2/1.1 MB | 155/658 kB | 36/79 kB | 122/365 kBProgress (5): 470/509 kB | 0.2/1.1 MB | 155/658 kB | 40/79 kB | 122/365 kBProgress (5): 470/509 kB | 0.2/1.1 MB | 155/658 kB | 40/79 kB | 126/365 kBProgress (5): 470/509 kB | 0.2/1.1 MB | 155/658 kB | 40/79 kB | 131/365 kBProgress (5): 470/509 kB | 0.2/1.1 MB | 155/658 kB | 40/79 kB | 135/365 kBProgress (5): 470/509 kB | 0.2/1.1 MB | 155/658 kB | 40/79 kB | 139/365 kBProgress (5): 470/509 kB | 0.2/1.1 MB | 159/658 kB | 40/79 kB | 139/365 kBProgress (5): 470/509 kB | 0.2/1.1 MB | 163/658 kB | 40/79 kB | 139/365 kBProgress (5): 470/509 kB | 0.2/1.1 MB | 167/658 kB | 40/79 kB | 139/365 kBProgress (5): 470/509 kB | 0.2/1.1 MB | 171/658 kB | 40/79 kB | 139/365 kBProgress (5): 474/509 kB | 0.2/1.1 MB | 171/658 kB | 40/79 kB | 139/365 kBProgress (5): 478/509 kB | 0.2/1.1 MB | 171/658 kB | 40/79 kB | 139/365 kBProgress (5): 482/509 kB | 0.2/1.1 MB | 171/658 kB | 40/79 kB | 139/365 kBProgress (5): 487/509 kB | 0.2/1.1 MB | 171/658 kB | 40/79 kB | 139/365 kBProgress (5): 487/509 kB | 0.2/1.1 MB | 171/658 kB | 40/79 kB | 139/365 kBProgress (5): 487/509 kB | 0.2/1.1 MB | 171/658 kB | 40/79 kB | 139/365 kBProgress (5): 487/509 kB | 0.2/1.1 MB | 171/658 kB | 40/79 kB | 143/365 kBProgress (5): 487/509 kB | 0.2/1.1 MB | 171/658 kB | 40/79 kB | 147/365 kBProgress (5): 487/509 kB | 0.2/1.1 MB | 171/658 kB | 40/79 kB | 151/365 kBProgress (5): 487/509 kB | 0.2/1.1 MB | 171/658 kB | 40/79 kB | 155/365 kBProgress (5): 487/509 kB | 0.2/1.1 MB | 175/658 kB | 40/79 kB | 155/365 kBProgress (5): 487/509 kB | 0.2/1.1 MB | 179/658 kB | 40/79 kB | 155/365 kBProgress (5): 487/509 kB | 0.2/1.1 MB | 183/658 kB | 40/79 kB | 155/365 kBProgress (5): 487/509 kB | 0.2/1.1 MB | 187/658 kB | 40/79 kB | 155/365 kBProgress (5): 491/509 kB | 0.2/1.1 MB | 187/658 kB | 40/79 kB | 155/365 kBProgress (5): 495/509 kB | 0.2/1.1 MB | 187/658 kB | 40/79 kB | 155/365 kBProgress (5): 499/509 kB | 0.2/1.1 MB | 187/658 kB | 40/79 kB | 155/365 kBProgress (5): 503/509 kB | 0.2/1.1 MB | 187/658 kB | 40/79 kB | 155/365 kBProgress (5): 503/509 kB | 0.2/1.1 MB | 187/658 kB | 40/79 kB | 155/365 kBProgress (5): 503/509 kB | 0.2/1.1 MB | 187/658 kB | 40/79 kB | 155/365 kBProgress (5): 507/509 kB | 0.2/1.1 MB | 187/658 kB | 40/79 kB | 155/365 kBProgress (5): 509 kB | 0.2/1.1 MB | 187/658 kB | 40/79 kB | 155/365 kB    Progress (5): 509 kB | 0.2/1.1 MB | 187/658 kB | 40/79 kB | 159/365 kBProgress (5): 509 kB | 0.2/1.1 MB | 192/658 kB | 40/79 kB | 159/365 kBProgress (5): 509 kB | 0.2/1.1 MB | 192/658 kB | 40/79 kB | 163/365 kBProgress (5): 509 kB | 0.2/1.1 MB | 196/658 kB | 40/79 kB | 163/365 kBProgress (5): 509 kB | 0.2/1.1 MB | 200/658 kB | 40/79 kB | 163/365 kBProgress (5): 509 kB | 0.2/1.1 MB | 200/658 kB | 40/79 kB | 167/365 kBProgress (5): 509 kB | 0.2/1.1 MB | 200/658 kB | 40/79 kB | 172/365 kBProgress (5): 509 kB | 0.2/1.1 MB | 204/658 kB | 40/79 kB | 172/365 kBProgress (5): 509 kB | 0.2/1.1 MB | 204/658 kB | 40/79 kB | 172/365 kBProgress (5): 509 kB | 0.2/1.1 MB | 204/658 kB | 40/79 kB | 172/365 kBProgress (5): 509 kB | 0.2/1.1 MB | 208/658 kB | 40/79 kB | 172/365 kBProgress (5): 509 kB | 0.2/1.1 MB | 212/658 kB | 40/79 kB | 172/365 kBProgress (5): 509 kB | 0.2/1.1 MB | 216/658 kB | 40/79 kB | 172/365 kBProgress (5): 509 kB | 0.2/1.1 MB | 220/658 kB | 40/79 kB | 172/365 kBProgress (5): 509 kB | 0.3/1.1 MB | 220/658 kB | 40/79 kB | 172/365 kBProgress (5): 509 kB | 0.3/1.1 MB | 220/658 kB | 40/79 kB | 172/365 kBProgress (5): 509 kB | 0.3/1.1 MB | 220/658 kB | 40/79 kB | 176/365 kBProgress (5): 509 kB | 0.3/1.1 MB | 220/658 kB | 40/79 kB | 180/365 kBProgress (5): 509 kB | 0.3/1.1 MB | 220/658 kB | 40/79 kB | 184/365 kBProgress (5): 509 kB | 0.3/1.1 MB | 220/658 kB | 40/79 kB | 188/365 kBProgress (5): 509 kB | 0.3/1.1 MB | 220/658 kB | 40/79 kB | 188/365 kBProgress (5): 509 kB | 0.3/1.1 MB | 220/658 kB | 40/79 kB | 188/365 kBProgress (5): 509 kB | 0.3/1.1 MB | 220/658 kB | 40/79 kB | 192/365 kBProgress (5): 509 kB | 0.3/1.1 MB | 220/658 kB | 40/79 kB | 196/365 kBProgress (5): 509 kB | 0.3/1.1 MB | 220/658 kB | 40/79 kB | 200/365 kBProgress (5): 509 kB | 0.3/1.1 MB | 220/658 kB | 40/79 kB | 204/365 kBProgress (5): 509 kB | 0.3/1.1 MB | 220/658 kB | 40/79 kB | 204/365 kBProgress (5): 509 kB | 0.3/1.1 MB | 220/658 kB | 40/79 kB | 204/365 kBProgress (5): 509 kB | 0.3/1.1 MB | 220/658 kB | 40/79 kB | 208/365 kBProgress (5): 509 kB | 0.3/1.1 MB | 220/658 kB | 40/79 kB | 213/365 kBProgress (5): 509 kB | 0.3/1.1 MB | 220/658 kB | 40/79 kB | 217/365 kBProgress (5): 509 kB | 0.3/1.1 MB | 220/658 kB | 40/79 kB | 221/365 kBProgress (5): 509 kB | 0.3/1.1 MB | 220/658 kB | 45/79 kB | 221/365 kBProgress (5): 509 kB | 0.3/1.1 MB | 220/658 kB | 49/79 kB | 221/365 kBProgress (5): 509 kB | 0.3/1.1 MB | 220/658 kB | 53/79 kB | 221/365 kBProgress (5): 509 kB | 0.3/1.1 MB | 220/658 kB | 57/79 kB | 221/365 kBProgress (5): 509 kB | 0.3/1.1 MB | 220/658 kB | 57/79 kB | 225/365 kBProgress (5): 509 kB | 0.3/1.1 MB | 220/658 kB | 57/79 kB | 229/365 kBProgress (5): 509 kB | 0.3/1.1 MB | 220/658 kB | 57/79 kB | 233/365 kBProgress (5): 509 kB | 0.3/1.1 MB | 220/658 kB | 57/79 kB | 237/365 kBProgress (5): 509 kB | 0.3/1.1 MB | 220/658 kB | 57/79 kB | 241/365 kBProgress (5): 509 kB | 0.3/1.1 MB | 220/658 kB | 57/79 kB | 245/365 kBProgress (5): 509 kB | 0.3/1.1 MB | 220/658 kB | 57/79 kB | 249/365 kBProgress (5): 509 kB | 0.3/1.1 MB | 220/658 kB | 57/79 kB | 253/365 kBProgress (5): 509 kB | 0.3/1.1 MB | 224/658 kB | 57/79 kB | 253/365 kBProgress (5): 509 kB | 0.3/1.1 MB | 224/658 kB | 57/79 kB | 253/365 kBProgress (5): 509 kB | 0.3/1.1 MB | 228/658 kB | 57/79 kB | 253/365 kBProgress (5): 509 kB | 0.3/1.1 MB | 233/658 kB | 57/79 kB | 253/365 kBProgress (5): 509 kB | 0.3/1.1 MB | 233/658 kB | 57/79 kB | 253/365 kBProgress (5): 509 kB | 0.3/1.1 MB | 237/658 kB | 57/79 kB | 253/365 kBProgress (5): 509 kB | 0.3/1.1 MB | 237/658 kB | 57/79 kB | 258/365 kBProgress (5): 509 kB | 0.3/1.1 MB | 237/658 kB | 57/79 kB | 262/365 kBProgress (5): 509 kB | 0.3/1.1 MB | 237/658 kB | 57/79 kB | 266/365 kBProgress (5): 509 kB | 0.3/1.1 MB | 237/658 kB | 57/79 kB | 270/365 kBProgress (5): 509 kB | 0.3/1.1 MB | 237/658 kB | 57/79 kB | 270/365 kBProgress (5): 509 kB | 0.3/1.1 MB | 237/658 kB | 57/79 kB | 270/365 kBProgress (5): 509 kB | 0.3/1.1 MB | 237/658 kB | 57/79 kB | 274/365 kBProgress (5): 509 kB | 0.3/1.1 MB | 237/658 kB | 57/79 kB | 278/365 kBProgress (5): 509 kB | 0.3/1.1 MB | 241/658 kB | 57/79 kB | 278/365 kBProgress (5): 509 kB | 0.3/1.1 MB | 245/658 kB | 57/79 kB | 278/365 kBProgress (5): 509 kB | 0.3/1.1 MB | 245/658 kB | 57/79 kB | 282/365 kBProgress (5): 509 kB | 0.3/1.1 MB | 245/658 kB | 57/79 kB | 286/365 kBProgress (5): 509 kB | 0.3/1.1 MB | 249/658 kB | 57/79 kB | 286/365 kBProgress (5): 509 kB | 0.3/1.1 MB | 253/658 kB | 57/79 kB | 286/365 kBProgress (5): 509 kB | 0.3/1.1 MB | 253/658 kB | 57/79 kB | 290/365 kBProgress (5): 509 kB | 0.3/1.1 MB | 253/658 kB | 57/79 kB | 290/365 kBProgress (5): 509 kB | 0.3/1.1 MB | 253/658 kB | 57/79 kB | 294/365 kBProgress (5): 509 kB | 0.3/1.1 MB | 253/658 kB | 57/79 kB | 299/365 kBProgress (5): 509 kB | 0.3/1.1 MB | 253/658 kB | 57/79 kB | 299/365 kBProgress (5): 509 kB | 0.3/1.1 MB | 253/658 kB | 57/79 kB | 303/365 kBProgress (5): 509 kB | 0.3/1.1 MB | 253/658 kB | 57/79 kB | 307/365 kBProgress (5): 509 kB | 0.4/1.1 MB | 253/658 kB | 57/79 kB | 307/365 kBProgress (5): 509 kB | 0.4/1.1 MB | 257/658 kB | 57/79 kB | 307/365 kBProgress (5): 509 kB | 0.4/1.1 MB | 257/658 kB | 57/79 kB | 311/365 kBProgress (5): 509 kB | 0.4/1.1 MB | 257/658 kB | 57/79 kB | 315/365 kBProgress (5): 509 kB | 0.4/1.1 MB | 257/658 kB | 57/79 kB | 315/365 kBProgress (5): 509 kB | 0.4/1.1 MB | 261/658 kB | 57/79 kB | 315/365 kBProgress (5): 509 kB | 0.4/1.1 MB | 265/658 kB | 57/79 kB | 315/365 kBProgress (5): 509 kB | 0.4/1.1 MB | 269/658 kB | 57/79 kB | 315/365 kBProgress (5): 509 kB | 0.4/1.1 MB | 269/658 kB | 57/79 kB | 319/365 kBProgress (5): 509 kB | 0.4/1.1 MB | 269/658 kB | 61/79 kB | 319/365 kBProgress (5): 509 kB | 0.4/1.1 MB | 269/658 kB | 65/79 kB | 319/365 kBProgress (5): 509 kB | 0.4/1.1 MB | 269/658 kB | 69/79 kB | 319/365 kBProgress (5): 509 kB | 0.4/1.1 MB | 269/658 kB | 73/79 kB | 319/365 kBProgress (5): 509 kB | 0.4/1.1 MB | 274/658 kB | 73/79 kB | 319/365 kBProgress (5): 509 kB | 0.4/1.1 MB | 278/658 kB | 73/79 kB | 319/365 kBProgress (5): 509 kB | 0.4/1.1 MB | 282/658 kB | 73/79 kB | 319/365 kBProgress (5): 509 kB | 0.4/1.1 MB | 286/658 kB | 73/79 kB | 319/365 kBProgress (5): 509 kB | 0.4/1.1 MB | 290/658 kB | 73/79 kB | 319/365 kBProgress (5): 509 kB | 0.4/1.1 MB | 294/658 kB | 73/79 kB | 319/365 kBProgress (5): 509 kB | 0.4/1.1 MB | 298/658 kB | 73/79 kB | 319/365 kBProgress (5): 509 kB | 0.4/1.1 MB | 302/658 kB | 73/79 kB | 319/365 kBProgress (5): 509 kB | 0.4/1.1 MB | 302/658 kB | 73/79 kB | 319/365 kBProgress (5): 509 kB | 0.4/1.1 MB | 302/658 kB | 73/79 kB | 319/365 kBProgress (5): 509 kB | 0.4/1.1 MB | 302/658 kB | 77/79 kB | 319/365 kBProgress (5): 509 kB | 0.4/1.1 MB | 302/658 kB | 79 kB | 319/365 kB   Progress (5): 509 kB | 0.4/1.1 MB | 306/658 kB | 79 kB | 319/365 kBProgress (5): 509 kB | 0.4/1.1 MB | 310/658 kB | 79 kB | 319/365 kBProgress (5): 509 kB | 0.4/1.1 MB | 314/658 kB | 79 kB | 319/365 kBProgress (5): 509 kB | 0.4/1.1 MB | 319/658 kB | 79 kB | 319/365 kBProgress (5): 509 kB | 0.4/1.1 MB | 319/658 kB | 79 kB | 319/365 kBProgress (5): 509 kB | 0.4/1.1 MB | 319/658 kB | 79 kB | 319/365 kB                                                                   Downloaded from central: https://repo.maven.apache.org/maven2/commons-io/commons-io/2.16.1/commons-io-2.16.1.jar (509 kB at 624 kB/s)
Downloading from central: https://repo.maven.apache.org/maven2/org/iq80/snappy/snappy/0.4/snappy-0.4.jar
Progress (4): 0.4/1.1 MB | 323/658 kB | 79 kB | 319/365 kBProgress (4): 0.4/1.1 MB | 327/658 kB | 79 kB | 319/365 kBProgress (4): 0.4/1.1 MB | 331/658 kB | 79 kB | 319/365 kBProgress (4): 0.4/1.1 MB | 335/658 kB | 79 kB | 319/365 kBProgress (4): 0.4/1.1 MB | 335/658 kB | 79 kB | 319/365 kBProgress (4): 0.4/1.1 MB | 335/658 kB | 79 kB | 319/365 kBProgress (4): 0.4/1.1 MB | 335/658 kB | 79 kB | 319/365 kBProgress (4): 0.4/1.1 MB | 335/658 kB | 79 kB | 319/365 kBProgress (4): 0.4/1.1 MB | 339/658 kB | 79 kB | 319/365 kBProgress (4): 0.4/1.1 MB | 343/658 kB | 79 kB | 319/365 kBProgress (4): 0.4/1.1 MB | 347/658 kB | 79 kB | 319/365 kBProgress (4): 0.4/1.1 MB | 351/658 kB | 79 kB | 319/365 kBProgress (4): 0.4/1.1 MB | 351/658 kB | 79 kB | 319/365 kBProgress (4): 0.4/1.1 MB | 351/658 kB | 79 kB | 319/365 kBProgress (4): 0.4/1.1 MB | 355/658 kB | 79 kB | 319/365 kBProgress (4): 0.4/1.1 MB | 360/658 kB | 79 kB | 319/365 kBProgress (4): 0.4/1.1 MB | 364/658 kB | 79 kB | 319/365 kBProgress (4): 0.4/1.1 MB | 368/658 kB | 79 kB | 319/365 kBProgress (4): 0.5/1.1 MB | 368/658 kB | 79 kB | 319/365 kBProgress (4): 0.5/1.1 MB | 368/658 kB | 79 kB | 319/365 kBProgress (4): 0.5/1.1 MB | 372/658 kB | 79 kB | 319/365 kBProgress (4): 0.5/1.1 MB | 376/658 kB | 79 kB | 319/365 kBProgress (4): 0.5/1.1 MB | 380/658 kB | 79 kB | 319/365 kBProgress (4): 0.5/1.1 MB | 384/658 kB | 79 kB | 319/365 kB                                                          Downloaded from central: https://repo.maven.apache.org/maven2/org/codehaus/plexus/plexus-io/3.4.2/plexus-io-3.4.2.jar (79 kB at 89 kB/s)
Downloading from central: https://repo.maven.apache.org/maven2/org/tukaani/xz/1.9/xz-1.9.jar
Progress (3): 0.5/1.1 MB | 384/658 kB | 319/365 kBProgress (4): 0.5/1.1 MB | 384/658 kB | 319/365 kB | 4.1/58 kBProgress (4): 0.5/1.1 MB | 384/658 kB | 319/365 kB | 4.1/58 kBProgress (4): 0.5/1.1 MB | 384/658 kB | 319/365 kB | 7.7/58 kBProgress (4): 0.5/1.1 MB | 388/658 kB | 319/365 kB | 7.7/58 kBProgress (4): 0.5/1.1 MB | 392/658 kB | 319/365 kB | 7.7/58 kBProgress (4): 0.5/1.1 MB | 396/658 kB | 319/365 kB | 7.7/58 kBProgress (4): 0.5/1.1 MB | 400/658 kB | 319/365 kB | 7.7/58 kBProgress (4): 0.5/1.1 MB | 400/658 kB | 319/365 kB | 12/58 kB Progress (4): 0.5/1.1 MB | 400/658 kB | 319/365 kB | 16/58 kBProgress (4): 0.5/1.1 MB | 400/658 kB | 319/365 kB | 20/58 kBProgress (4): 0.5/1.1 MB | 400/658 kB | 319/365 kB | 24/58 kBProgress (4): 0.5/1.1 MB | 400/658 kB | 319/365 kB | 24/58 kBProgress (4): 0.5/1.1 MB | 400/658 kB | 319/365 kB | 24/58 kBProgress (4): 0.5/1.1 MB | 400/658 kB | 319/365 kB | 28/58 kBProgress (4): 0.5/1.1 MB | 400/658 kB | 319/365 kB | 32/58 kBProgress (4): 0.5/1.1 MB | 400/658 kB | 319/365 kB | 36/58 kBProgress (4): 0.5/1.1 MB | 400/658 kB | 319/365 kB | 40/58 kBProgress (4): 0.5/1.1 MB | 405/658 kB | 319/365 kB | 40/58 kBProgress (4): 0.5/1.1 MB | 409/658 kB | 319/365 kB | 40/58 kBProgress (4): 0.5/1.1 MB | 413/658 kB | 319/365 kB | 40/58 kBProgress (4): 0.5/1.1 MB | 417/658 kB | 319/365 kB | 40/58 kBProgress (4): 0.5/1.1 MB | 417/658 kB | 319/365 kB | 40/58 kBProgress (4): 0.5/1.1 MB | 417/658 kB | 319/365 kB | 40/58 kBProgress (4): 0.5/1.1 MB | 417/658 kB | 319/365 kB | 45/58 kBProgress (4): 0.5/1.1 MB | 417/658 kB | 319/365 kB | 49/58 kBProgress (4): 0.5/1.1 MB | 417/658 kB | 319/365 kB | 53/58 kBProgress (4): 0.5/1.1 MB | 417/658 kB | 319/365 kB | 57/58 kBProgress (4): 0.5/1.1 MB | 417/658 kB | 319/365 kB | 58 kB   Progress (4): 0.5/1.1 MB | 417/658 kB | 319/365 kB | 58 kBProgress (4): 0.5/1.1 MB | 417/658 kB | 319/365 kB | 58 kBProgress (4): 0.5/1.1 MB | 421/658 kB | 319/365 kB | 58 kBProgress (4): 0.5/1.1 MB | 425/658 kB | 319/365 kB | 58 kBProgress (4): 0.5/1.1 MB | 429/658 kB | 319/365 kB | 58 kBProgress (4): 0.5/1.1 MB | 433/658 kB | 319/365 kB | 58 kBProgress (4): 0.5/1.1 MB | 433/658 kB | 319/365 kB | 58 kBProgress (4): 0.5/1.1 MB | 433/658 kB | 319/365 kB | 58 kBProgress (4): 0.5/1.1 MB | 437/658 kB | 319/365 kB | 58 kBProgress (4): 0.5/1.1 MB | 441/658 kB | 319/365 kB | 58 kBProgress (4): 0.5/1.1 MB | 446/658 kB | 319/365 kB | 58 kBProgress (4): 0.5/1.1 MB | 450/658 kB | 319/365 kB | 58 kBProgress (4): 0.5/1.1 MB | 450/658 kB | 319/365 kB | 58 kBProgress (4): 0.6/1.1 MB | 450/658 kB | 319/365 kB | 58 kBProgress (4): 0.6/1.1 MB | 454/658 kB | 319/365 kB | 58 kBProgress (4): 0.6/1.1 MB | 458/658 kB | 319/365 kB | 58 kBProgress (4): 0.6/1.1 MB | 462/658 kB | 319/365 kB | 58 kBProgress (4): 0.6/1.1 MB | 466/658 kB | 319/365 kB | 58 kBProgress (4): 0.6/1.1 MB | 466/658 kB | 319/365 kB | 58 kBProgress (4): 0.6/1.1 MB | 466/658 kB | 319/365 kB | 58 kBProgress (4): 0.6/1.1 MB | 466/658 kB | 323/365 kB | 58 kBProgress (4): 0.6/1.1 MB | 466/658 kB | 327/365 kB | 58 kBProgress (4): 0.6/1.1 MB | 466/658 kB | 331/365 kB | 58 kBProgress (4): 0.6/1.1 MB | 466/658 kB | 335/365 kB | 58 kBProgress (4): 0.6/1.1 MB | 470/658 kB | 335/365 kB | 58 kBProgress (4): 0.6/1.1 MB | 470/658 kB | 335/365 kB | 58 kBProgress (4): 0.6/1.1 MB | 474/658 kB | 335/365 kB | 58 kBProgress (4): 0.6/1.1 MB | 478/658 kB | 335/365 kB | 58 kBProgress (4): 0.6/1.1 MB | 482/658 kB | 335/365 kB | 58 kB                                                          Downloaded from central: https://repo.maven.apache.org/maven2/org/iq80/snappy/snappy/0.4/snappy-0.4.jar (58 kB at 57 kB/s)
Progress (3): 0.6/1.1 MB | 482/658 kB | 335/365 kB                                                  Downloading from central: https://repo.maven.apache.org/maven2/com/github/luben/zstd-jni/1.5.5-11/zstd-jni-1.5.5-11.jar
Progress (3): 0.6/1.1 MB | 482/658 kB | 335/365 kBProgress (3): 0.6/1.1 MB | 482/658 kB | 335/365 kBProgress (3): 0.6/1.1 MB | 487/658 kB | 335/365 kBProgress (3): 0.6/1.1 MB | 491/658 kB | 335/365 kBProgress (3): 0.6/1.1 MB | 495/658 kB | 335/365 kBProgress (3): 0.6/1.1 MB | 499/658 kB | 335/365 kBProgress (3): 0.6/1.1 MB | 499/658 kB | 335/365 kBProgress (3): 0.6/1.1 MB | 499/658 kB | 335/365 kBProgress (3): 0.6/1.1 MB | 503/658 kB | 335/365 kBProgress (3): 0.6/1.1 MB | 507/658 kB | 335/365 kBProgress (3): 0.6/1.1 MB | 511/658 kB | 335/365 kBProgress (3): 0.6/1.1 MB | 515/658 kB | 335/365 kBProgress (3): 0.6/1.1 MB | 515/658 kB | 339/365 kBProgress (3): 0.6/1.1 MB | 515/658 kB | 344/365 kBProgress (3): 0.6/1.1 MB | 515/658 kB | 348/365 kBProgress (3): 0.6/1.1 MB | 515/658 kB | 352/365 kBProgress (3): 0.6/1.1 MB | 515/658 kB | 352/365 kBProgress (3): 0.6/1.1 MB | 515/658 kB | 352/365 kBProgress (4): 0.6/1.1 MB | 515/658 kB | 352/365 kB | 4.1/116 kBProgress (4): 0.6/1.1 MB | 515/658 kB | 352/365 kB | 7.7/116 kBProgress (4): 0.6/1.1 MB | 515/658 kB | 352/365 kB | 11/116 kB Progress (4): 0.6/1.1 MB | 515/658 kB | 356/365 kB | 11/116 kBProgress (4): 0.6/1.1 MB | 515/658 kB | 360/365 kB | 11/116 kBProgress (4): 0.6/1.1 MB | 515/658 kB | 364/365 kB | 11/116 kBProgress (4): 0.6/1.1 MB | 519/658 kB | 364/365 kB | 11/116 kBProgress (4): 0.6/1.1 MB | 523/658 kB | 364/365 kB | 11/116 kBProgress (4): 0.6/1.1 MB | 527/658 kB | 364/365 kB | 11/116 kBProgress (4): 0.6/1.1 MB | 532/658 kB | 364/365 kB | 11/116 kBProgress (4): 0.6/1.1 MB | 532/658 kB | 364/365 kB | 11/116 kBProgress (4): 0.7/1.1 MB | 532/658 kB | 364/365 kB | 11/116 kBProgress (4): 0.7/1.1 MB | 532/658 kB | 365 kB | 11/116 kB    Progress (4): 0.7/1.1 MB | 532/658 kB | 365 kB | 11/116 kBProgress (4): 0.7/1.1 MB | 532/658 kB | 365 kB | 11/116 kBProgress (4): 0.7/1.1 MB | 536/658 kB | 365 kB | 11/116 kBProgress (4): 0.7/1.1 MB | 540/658 kB | 365 kB | 11/116 kBProgress (4): 0.7/1.1 MB | 544/658 kB | 365 kB | 11/116 kBProgress (4): 0.7/1.1 MB | 548/658 kB | 365 kB | 11/116 kBProgress (4): 0.7/1.1 MB | 548/658 kB | 365 kB | 11/116 kBProgress (4): 0.7/1.1 MB | 548/658 kB | 365 kB | 11/116 kBProgress (5): 0.7/1.1 MB | 548/658 kB | 365 kB | 11/116 kB | 0/6.8 MBProgress (5): 0.7/1.1 MB | 552/658 kB | 365 kB | 11/116 kB | 0/6.8 MBProgress (5): 0.7/1.1 MB | 556/658 kB | 365 kB | 11/116 kB | 0/6.8 MBProgress (5): 0.7/1.1 MB | 560/658 kB | 365 kB | 11/116 kB | 0/6.8 MBProgress (5): 0.7/1.1 MB | 564/658 kB | 365 kB | 11/116 kB | 0/6.8 MBProgress (5): 0.7/1.1 MB | 564/658 kB | 365 kB | 11/116 kB | 0/6.8 MBProgress (5): 0.7/1.1 MB | 564/658 kB | 365 kB | 11/116 kB | 0/6.8 MBProgress (5): 0.7/1.1 MB | 568/658 kB | 365 kB | 11/116 kB | 0/6.8 MBProgress (5): 0.7/1.1 MB | 573/658 kB | 365 kB | 11/116 kB | 0/6.8 MBProgress (5): 0.7/1.1 MB | 577/658 kB | 365 kB | 11/116 kB | 0/6.8 MBProgress (5): 0.7/1.1 MB | 581/658 kB | 365 kB | 11/116 kB | 0/6.8 MBProgress (5): 0.7/1.1 MB | 581/658 kB | 365 kB | 11/116 kB | 0.1/6.8 MBProgress (5): 0.7/1.1 MB | 581/658 kB | 365 kB | 11/116 kB | 0.1/6.8 MBProgress (5): 0.7/1.1 MB | 581/658 kB | 365 kB | 11/116 kB | 0.1/6.8 MBProgress (5): 0.7/1.1 MB | 581/658 kB | 365 kB | 15/116 kB | 0.1/6.8 MBProgress (5): 0.7/1.1 MB | 581/658 kB | 365 kB | 20/116 kB | 0.1/6.8 MBProgress (5): 0.7/1.1 MB | 581/658 kB | 365 kB | 24/116 kB | 0.1/6.8 MBProgress (5): 0.7/1.1 MB | 581/658 kB | 365 kB | 28/116 kB | 0.1/6.8 MBProgress (5): 0.7/1.1 MB | 585/658 kB | 365 kB | 28/116 kB | 0.1/6.8 MBProgress (5): 0.7/1.1 MB | 589/658 kB | 365 kB | 28/116 kB | 0.1/6.8 MBProgress (5): 0.7/1.1 MB | 593/658 kB | 365 kB | 28/116 kB | 0.1/6.8 MBProgress (5): 0.7/1.1 MB | 597/658 kB | 365 kB | 28/116 kB | 0.1/6.8 MBProgress (5): 0.7/1.1 MB | 597/658 kB | 365 kB | 28/116 kB | 0.1/6.8 MBProgress (5): 0.7/1.1 MB | 597/658 kB | 365 kB | 28/116 kB | 0.1/6.8 MBProgress (5): 0.7/1.1 MB | 597/658 kB | 365 kB | 28/116 kB | 0.1/6.8 MBProgress (5): 0.7/1.1 MB | 601/658 kB | 365 kB | 28/116 kB | 0.1/6.8 MBProgress (5): 0.7/1.1 MB | 605/658 kB | 365 kB | 28/116 kB | 0.1/6.8 MBProgress (5): 0.7/1.1 MB | 609/658 kB | 365 kB | 28/116 kB | 0.1/6.8 MBProgress (5): 0.7/1.1 MB | 613/658 kB | 365 kB | 28/116 kB | 0.1/6.8 MBProgress (5): 0.7/1.1 MB | 613/658 kB | 365 kB | 28/116 kB | 0.1/6.8 MBProgress (5): 0.8/1.1 MB | 613/658 kB | 365 kB | 28/116 kB | 0.1/6.8 MBProgress (5): 0.8/1.1 MB | 618/658 kB | 365 kB | 28/116 kB | 0.1/6.8 MBProgress (5): 0.8/1.1 MB | 622/658 kB | 365 kB | 28/116 kB | 0.1/6.8 MBProgress (5): 0.8/1.1 MB | 626/658 kB | 365 kB | 28/116 kB | 0.1/6.8 MBProgress (5): 0.8/1.1 MB | 630/658 kB | 365 kB | 28/116 kB | 0.1/6.8 MBProgress (5): 0.8/1.1 MB | 630/658 kB | 365 kB | 28/116 kB | 0.1/6.8 MBProgress (5): 0.8/1.1 MB | 630/658 kB | 365 kB | 28/116 kB | 0.1/6.8 MBProgress (5): 0.8/1.1 MB | 630/658 kB | 365 kB | 28/116 kB | 0.1/6.8 MBProgress (5): 0.8/1.1 MB | 634/658 kB | 365 kB | 28/116 kB | 0.1/6.8 MBProgress (5): 0.8/1.1 MB | 638/658 kB | 365 kB | 28/116 kB | 0.1/6.8 MBProgress (5): 0.8/1.1 MB | 642/658 kB | 365 kB | 28/116 kB | 0.1/6.8 MBProgress (5): 0.8/1.1 MB | 646/658 kB | 365 kB | 28/116 kB | 0.1/6.8 MBProgress (5): 0.8/1.1 MB | 650/658 kB | 365 kB | 28/116 kB | 0.1/6.8 MBProgress (5): 0.8/1.1 MB | 654/658 kB | 365 kB | 28/116 kB | 0.1/6.8 MBProgress (5): 0.8/1.1 MB | 658 kB | 365 kB | 28/116 kB | 0.1/6.8 MB    Progress (5): 0.8/1.1 MB | 658 kB | 365 kB | 28/116 kB | 0.1/6.8 MBProgress (5): 0.8/1.1 MB | 658 kB | 365 kB | 28/116 kB | 0.1/6.8 MBProgress (5): 0.8/1.1 MB | 658 kB | 365 kB | 32/116 kB | 0.1/6.8 MBProgress (5): 0.8/1.1 MB | 658 kB | 365 kB | 36/116 kB | 0.1/6.8 MBProgress (5): 0.8/1.1 MB | 658 kB | 365 kB | 40/116 kB | 0.1/6.8 MBProgress (5): 0.8/1.1 MB | 658 kB | 365 kB | 44/116 kB | 0.1/6.8 MBProgress (5): 0.8/1.1 MB | 658 kB | 365 kB | 44/116 kB | 0.2/6.8 MBProgress (5): 0.8/1.1 MB | 658 kB | 365 kB | 44/116 kB | 0.2/6.8 MBProgress (5): 0.8/1.1 MB | 658 kB | 365 kB | 44/116 kB | 0.2/6.8 MBProgress (5): 0.8/1.1 MB | 658 kB | 365 kB | 44/116 kB | 0.2/6.8 MBProgress (5): 0.8/1.1 MB | 658 kB | 365 kB | 44/116 kB | 0.2/6.8 MBProgress (5): 0.8/1.1 MB | 658 kB | 365 kB | 44/116 kB | 0.2/6.8 MBProgress (5): 0.8/1.1 MB | 658 kB | 365 kB | 44/116 kB | 0.2/6.8 MBProgress (5): 0.8/1.1 MB | 658 kB | 365 kB | 44/116 kB | 0.2/6.8 MB                                                                   Downloaded from central: https://repo.maven.apache.org/maven2/commons-codec/commons-codec/1.16.1/commons-codec-1.16.1.jar (365 kB at 281 kB/s)
Progress (4): 0.8/1.1 MB | 658 kB | 44/116 kB | 0.2/6.8 MBProgress (4): 0.9/1.1 MB | 658 kB | 44/116 kB | 0.2/6.8 MBProgress (4): 0.9/1.1 MB | 658 kB | 44/116 kB | 0.2/6.8 MB                                                          Downloaded from central: https://repo.maven.apache.org/maven2/org/apache/commons/commons-lang3/3.14.0/commons-lang3-3.14.0.jar (658 kB at 504 kB/s)
Progress (3): 0.9/1.1 MB | 44/116 kB | 0.2/6.8 MBProgress (3): 0.9/1.1 MB | 44/116 kB | 0.2/6.8 MBProgress (3): 0.9/1.1 MB | 44/116 kB | 0.2/6.8 MBProgress (3): 0.9/1.1 MB | 44/116 kB | 0.2/6.8 MBProgress (3): 0.9/1.1 MB | 48/116 kB | 0.2/6.8 MBProgress (3): 0.9/1.1 MB | 52/116 kB | 0.2/6.8 MBProgress (3): 0.9/1.1 MB | 56/116 kB | 0.2/6.8 MBProgress (3): 0.9/1.1 MB | 61/116 kB | 0.2/6.8 MBProgress (3): 0.9/1.1 MB | 61/116 kB | 0.2/6.8 MBProgress (3): 0.9/1.1 MB | 61/116 kB | 0.2/6.8 MBProgress (3): 0.9/1.1 MB | 61/116 kB | 0.3/6.8 MBProgress (3): 0.9/1.1 MB | 61/116 kB | 0.3/6.8 MBProgress (3): 0.9/1.1 MB | 61/116 kB | 0.3/6.8 MBProgress (3): 0.9/1.1 MB | 61/116 kB | 0.3/6.8 MBProgress (3): 0.9/1.1 MB | 61/116 kB | 0.3/6.8 MBProgress (3): 0.9/1.1 MB | 61/116 kB | 0.3/6.8 MBProgress (3): 0.9/1.1 MB | 61/116 kB | 0.3/6.8 MBProgress (3): 0.9/1.1 MB | 61/116 kB | 0.3/6.8 MBProgress (3): 1.0/1.1 MB | 61/116 kB | 0.3/6.8 MBProgress (3): 1.0/1.1 MB | 61/116 kB | 0.3/6.8 MBProgress (3): 1.0/1.1 MB | 61/116 kB | 0.3/6.8 MBProgress (3): 1.0/1.1 MB | 61/116 kB | 0.3/6.8 MBProgress (3): 1.0/1.1 MB | 61/116 kB | 0.3/6.8 MBProgress (3): 1.0/1.1 MB | 65/116 kB | 0.3/6.8 MBProgress (3): 1.0/1.1 MB | 69/116 kB | 0.3/6.8 MBProgress (3): 1.0/1.1 MB | 73/116 kB | 0.3/6.8 MBProgress (3): 1.0/1.1 MB | 77/116 kB | 0.3/6.8 MBProgress (3): 1.0/1.1 MB | 77/116 kB | 0.4/6.8 MBProgress (3): 1.0/1.1 MB | 77/116 kB | 0.4/6.8 MBProgress (3): 1.0/1.1 MB | 77/116 kB | 0.4/6.8 MBProgress (3): 1.0/1.1 MB | 77/116 kB | 0.4/6.8 MBProgress (3): 1.0/1.1 MB | 77/116 kB | 0.4/6.8 MBProgress (3): 1.0/1.1 MB | 77/116 kB | 0.4/6.8 MBProgress (3): 1.0/1.1 MB | 77/116 kB | 0.4/6.8 MBProgress (3): 1.0/1.1 MB | 77/116 kB | 0.4/6.8 MBProgress (3): 1.0/1.1 MB | 77/116 kB | 0.4/6.8 MBProgress (3): 1.0/1.1 MB | 77/116 kB | 0.4/6.8 MBProgress (3): 1.0/1.1 MB | 77/116 kB | 0.4/6.8 MBProgress (3): 1.1/1.1 MB | 77/116 kB | 0.4/6.8 MBProgress (3): 1.1/1.1 MB | 77/116 kB | 0.4/6.8 MBProgress (3): 1.1/1.1 MB | 81/116 kB | 0.4/6.8 MBProgress (3): 1.1/1.1 MB | 85/116 kB | 0.4/6.8 MBProgress (3): 1.1/1.1 MB | 89/116 kB | 0.4/6.8 MBProgress (3): 1.1/1.1 MB | 93/116 kB | 0.4/6.8 MBProgress (3): 1.1/1.1 MB | 93/116 kB | 0.4/6.8 MBProgress (3): 1.1 MB | 93/116 kB | 0.4/6.8 MB    Progress (3): 1.1 MB | 93/116 kB | 0.5/6.8 MBProgress (3): 1.1 MB | 93/116 kB | 0.5/6.8 MBProgress (3): 1.1 MB | 97/116 kB | 0.5/6.8 MBProgress (3): 1.1 MB | 101/116 kB | 0.5/6.8 MBProgress (3): 1.1 MB | 106/116 kB | 0.5/6.8 MBProgress (3): 1.1 MB | 110/116 kB | 0.5/6.8 MBProgress (3): 1.1 MB | 110/116 kB | 0.5/6.8 MB                                              Downloaded from central: https://repo.maven.apache.org/maven2/org/apache/commons/commons-compress/1.26.1/commons-compress-1.26.1.jar (1.1 MB at 673 kB/s)
Progress (2): 114/116 kB | 0.5/6.8 MBProgress (2): 116 kB | 0.5/6.8 MB    Progress (2): 116 kB | 0.6/6.8 MBProgress (2): 116 kB | 0.6/6.8 MBProgress (2): 116 kB | 0.6/6.8 MBProgress (2): 116 kB | 0.7/6.8 MB                                 Downloaded from central: https://repo.maven.apache.org/maven2/org/tukaani/xz/1.9/xz-1.9.jar (116 kB at 67 kB/s)
Progress (1): 0.7/6.8 MBProgress (1): 0.7/6.8 MBProgress (1): 0.8/6.8 MBProgress (1): 0.8/6.8 MBProgress (1): 0.8/6.8 MBProgress (1): 0.9/6.8 MBProgress (1): 0.9/6.8 MBProgress (1): 0.9/6.8 MBProgress (1): 1.0/6.8 MBProgress (1): 1.0/6.8 MBProgress (1): 1.0/6.8 MBProgress (1): 1.1/6.8 MBProgress (1): 1.1/6.8 MBProgress (1): 1.1/6.8 MBProgress (1): 1.2/6.8 MBProgress (1): 1.2/6.8 MBProgress (1): 1.2/6.8 MBProgress (1): 1.3/6.8 MBProgress (1): 1.3/6.8 MBProgress (1): 1.3/6.8 MBProgress (1): 1.4/6.8 MBProgress (1): 1.4/6.8 MBProgress (1): 1.4/6.8 MBProgress (1): 1.5/6.8 MBProgress (1): 1.5/6.8 MBProgress (1): 1.5/6.8 MBProgress (1): 1.6/6.8 MBProgress (1): 1.6/6.8 MBProgress (1): 1.6/6.8 MBProgress (1): 1.7/6.8 MBProgress (1): 1.7/6.8 MBProgress (1): 1.7/6.8 MBProgress (1): 1.7/6.8 MBProgress (1): 1.8/6.8 MBProgress (1): 1.8/6.8 MBProgress (1): 1.8/6.8 MBProgress (1): 1.9/6.8 MBProgress (1): 1.9/6.8 MBProgress (1): 1.9/6.8 MBProgress (1): 2.0/6.8 MBProgress (1): 2.0/6.8 MBProgress (1): 2.0/6.8 MBProgress (1): 2.1/6.8 MBProgress (1): 2.1/6.8 MBProgress (1): 2.1/6.8 MBProgress (1): 2.2/6.8 MBProgress (1): 2.2/6.8 MBProgress (1): 2.2/6.8 MBProgress (1): 2.3/6.8 MBProgress (1): 2.3/6.8 MBProgress (1): 2.3/6.8 MBProgress (1): 2.4/6.8 MBProgress (1): 2.4/6.8 MBProgress (1): 2.4/6.8 MBProgress (1): 2.5/6.8 MBProgress (1): 2.5/6.8 MBProgress (1): 2.5/6.8 MBProgress (1): 2.6/6.8 MBProgress (1): 2.6/6.8 MBProgress (1): 2.6/6.8 MBProgress (1): 2.7/6.8 MBProgress (1): 2.7/6.8 MBProgress (1): 2.7/6.8 MBProgress (1): 2.8/6.8 MBProgress (1): 2.8/6.8 MBProgress (1): 2.8/6.8 MBProgress (1): 2.9/6.8 MBProgress (1): 2.9/6.8 MBProgress (1): 2.9/6.8 MBProgress (1): 3.0/6.8 MBProgress (1): 3.0/6.8 MBProgress (1): 3.0/6.8 MBProgress (1): 3.1/6.8 MBProgress (1): 3.1/6.8 MBProgress (1): 3.1/6.8 MBProgress (1): 3.2/6.8 MBProgress (1): 3.2/6.8 MBProgress (1): 3.2/6.8 MBProgress (1): 3.3/6.8 MBProgress (1): 3.3/6.8 MBProgress (1): 3.3/6.8 MBProgress (1): 3.4/6.8 MBProgress (1): 3.4/6.8 MBProgress (1): 3.4/6.8 MBProgress (1): 3.5/6.8 MBProgress (1): 3.5/6.8 MBProgress (1): 3.5/6.8 MBProgress (1): 3.6/6.8 MBProgress (1): 3.6/6.8 MBProgress (1): 3.6/6.8 MBProgress (1): 3.6/6.8 MBProgress (1): 3.7/6.8 MBProgress (1): 3.7/6.8 MBProgress (1): 3.7/6.8 MBProgress (1): 3.8/6.8 MBProgress (1): 3.8/6.8 MBProgress (1): 3.8/6.8 MBProgress (1): 3.9/6.8 MBProgress (1): 3.9/6.8 MBProgress (1): 3.9/6.8 MBProgress (1): 4.0/6.8 MBProgress (1): 4.0/6.8 MBProgress (1): 4.0/6.8 MBProgress (1): 4.1/6.8 MBProgress (1): 4.1/6.8 MBProgress (1): 4.1/6.8 MBProgress (1): 4.2/6.8 MBProgress (1): 4.2/6.8 MBProgress (1): 4.2/6.8 MBProgress (1): 4.3/6.8 MBProgress (1): 4.3/6.8 MBProgress (1): 4.3/6.8 MBProgress (1): 4.4/6.8 MBProgress (1): 4.4/6.8 MBProgress (1): 4.4/6.8 MBProgress (1): 4.5/6.8 MBProgress (1): 4.5/6.8 MBProgress (1): 4.5/6.8 MBProgress (1): 4.6/6.8 MBProgress (1): 4.6/6.8 MBProgress (1): 4.6/6.8 MBProgress (1): 4.7/6.8 MBProgress (1): 4.7/6.8 MBProgress (1): 4.7/6.8 MBProgress (1): 4.8/6.8 MBProgress (1): 4.8/6.8 MBProgress (1): 4.8/6.8 MBProgress (1): 4.9/6.8 MBProgress (1): 4.9/6.8 MBProgress (1): 4.9/6.8 MBProgress (1): 5.0/6.8 MBProgress (1): 5.0/6.8 MBProgress (1): 5.0/6.8 MBProgress (1): 5.1/6.8 MBProgress (1): 5.1/6.8 MBProgress (1): 5.1/6.8 MBProgress (1): 5.2/6.8 MBProgress (1): 5.2/6.8 MBProgress (1): 5.2/6.8 MBProgress (1): 5.3/6.8 MBProgress (1): 5.3/6.8 MBProgress (1): 5.3/6.8 MBProgress (1): 5.4/6.8 MBProgress (1): 5.4/6.8 MBProgress (1): 5.4/6.8 MBProgress (1): 5.5/6.8 MBProgress (1): 5.5/6.8 MBProgress (1): 5.5/6.8 MBProgress (1): 5.6/6.8 MBProgress (1): 5.6/6.8 MBProgress (1): 5.6/6.8 MBProgress (1): 5.6/6.8 MBProgress (1): 5.7/6.8 MBProgress (1): 5.7/6.8 MBProgress (1): 5.7/6.8 MBProgress (1): 5.8/6.8 MBProgress (1): 5.8/6.8 MBProgress (1): 5.8/6.8 MBProgress (1): 5.9/6.8 MBProgress (1): 5.9/6.8 MBProgress (1): 5.9/6.8 MBProgress (1): 6.0/6.8 MBProgress (1): 6.0/6.8 MBProgress (1): 6.0/6.8 MBProgress (1): 6.1/6.8 MBProgress (1): 6.1/6.8 MBProgress (1): 6.1/6.8 MBProgress (1): 6.2/6.8 MBProgress (1): 6.2/6.8 MBProgress (1): 6.2/6.8 MBProgress (1): 6.3/6.8 MBProgress (1): 6.3/6.8 MBProgress (1): 6.3/6.8 MBProgress (1): 6.4/6.8 MBProgress (1): 6.4/6.8 MBProgress (1): 6.4/6.8 MBProgress (1): 6.5/6.8 MBProgress (1): 6.5/6.8 MBProgress (1): 6.5/6.8 MBProgress (1): 6.6/6.8 MBProgress (1): 6.6/6.8 MBProgress (1): 6.6/6.8 MBProgress (1): 6.7/6.8 MBProgress (1): 6.7/6.8 MBProgress (1): 6.7/6.8 MBProgress (1): 6.8/6.8 MBProgress (1): 6.8 MB                        Downloaded from central: https://repo.maven.apache.org/maven2/com/github/luben/zstd-jni/1.5.5-11/zstd-jni-1.5.5-11.jar (6.8 MB at 1.4 MB/s)
[[1;34mINFO[m] Building jar: /var/lib/jenkins/workspace/id-card-manager-pipeline/target/id-card-manager-0.0.1-SNAPSHOT.jar
[[1;34mINFO[m] 
[[1;34mINFO[m] [1m--- [0;32mspring-boot-maven-plugin:3.5.15:repackage[m [1m(repackage)[m @ [36mid-card-manager[0;1m ---[m
Downloading from central: https://repo.maven.apache.org/maven2/org/springframework/boot/spring-boot-buildpack-platform/3.5.15/spring-boot-buildpack-platform-3.5.15.pom
Progress (1): 3.2 kB                    Downloaded from central: https://repo.maven.apache.org/maven2/org/springframework/boot/spring-boot-buildpack-platform/3.5.15/spring-boot-buildpack-platform-3.5.15.pom (3.2 kB at 37 kB/s)
Downloading from central: https://repo.maven.apache.org/maven2/net/java/dev/jna/jna-platform/5.17.0/jna-platform-5.17.0.pom
Progress (1): 2.3 kB                    Downloaded from central: https://repo.maven.apache.org/maven2/net/java/dev/jna/jna-platform/5.17.0/jna-platform-5.17.0.pom (2.3 kB at 25 kB/s)
Downloading from central: https://repo.maven.apache.org/maven2/net/java/dev/jna/jna/5.17.0/jna-5.17.0.pom
Progress (1): 2.0 kB                    Downloaded from central: https://repo.maven.apache.org/maven2/net/java/dev/jna/jna/5.17.0/jna-5.17.0.pom (2.0 kB at 14 kB/s)
Downloading from central: https://repo.maven.apache.org/maven2/org/apache/commons/commons-compress/1.27.1/commons-compress-1.27.1.pom
Progress (1): 4.1 kBProgress (1): 8.2 kBProgress (1): 12 kB Progress (1): 16 kBProgress (1): 20 kBProgress (1): 23 kB                   Downloaded from central: https://repo.maven.apache.org/maven2/org/apache/commons/commons-compress/1.27.1/commons-compress-1.27.1.pom (23 kB at 248 kB/s)
Downloading from central: https://repo.maven.apache.org/maven2/org/apache/commons/commons-parent/72/commons-parent-72.pom
Progress (1): 4.1 kBProgress (1): 8.2 kBProgress (1): 12 kB Progress (1): 16 kBProgress (1): 20 kBProgress (1): 25 kBProgress (1): 29 kBProgress (1): 33 kBProgress (1): 37 kBProgress (1): 41 kBProgress (1): 45 kBProgress (1): 49 kBProgress (1): 53 kBProgress (1): 57 kBProgress (1): 61 kBProgress (1): 66 kBProgress (1): 70 kBProgress (1): 74 kBProgress (1): 78 kBProgress (1): 78 kB                   Downloaded from central: https://repo.maven.apache.org/maven2/org/apache/commons/commons-parent/72/commons-parent-72.pom (78 kB at 644 kB/s)
Downloading from central: https://repo.maven.apache.org/maven2/org/junit/junit-bom/5.11.0-M2/junit-bom-5.11.0-M2.pom
Progress (1): 4.1 kBProgress (1): 5.7 kB                    Downloaded from central: https://repo.maven.apache.org/maven2/org/junit/junit-bom/5.11.0-M2/junit-bom-5.11.0-M2.pom (5.7 kB at 62 kB/s)
Downloading from central: https://repo.maven.apache.org/maven2/commons-codec/commons-codec/1.17.1/commons-codec-1.17.1.pom
Progress (1): 4.1 kBProgress (1): 8.2 kBProgress (1): 12 kB Progress (1): 16 kBProgress (1): 18 kB                   Downloaded from central: https://repo.maven.apache.org/maven2/commons-codec/commons-codec/1.17.1/commons-codec-1.17.1.pom (18 kB at 189 kB/s)
Downloading from central: https://repo.maven.apache.org/maven2/org/apache/commons/commons-parent/71/commons-parent-71.pom
Progress (1): 4.1 kBProgress (1): 8.2 kBProgress (1): 12 kB Progress (1): 16 kBProgress (1): 20 kBProgress (1): 25 kBProgress (1): 29 kBProgress (1): 33 kBProgress (1): 37 kBProgress (1): 41 kBProgress (1): 45 kBProgress (1): 49 kBProgress (1): 53 kBProgress (1): 57 kBProgress (1): 61 kBProgress (1): 66 kBProgress (1): 70 kBProgress (1): 74 kBProgress (1): 78 kB                   Downloaded from central: https://repo.maven.apache.org/maven2/org/apache/commons/commons-parent/71/commons-parent-71.pom (78 kB at 748 kB/s)
Downloading from central: https://repo.maven.apache.org/maven2/org/apache/commons/commons-lang3/3.16.0/commons-lang3-3.16.0.pom
Progress (1): 4.1 kBProgress (1): 8.2 kBProgress (1): 12 kB Progress (1): 16 kBProgress (1): 20 kBProgress (1): 25 kBProgress (1): 29 kBProgress (1): 31 kB                   Downloaded from central: https://repo.maven.apache.org/maven2/org/apache/commons/commons-lang3/3.16.0/commons-lang3-3.16.0.pom (31 kB at 336 kB/s)
Downloading from central: https://repo.maven.apache.org/maven2/org/apache/httpcomponents/client5/httpclient5/5.5.2/httpclient5-5.5.2.pom
Progress (1): 4.1 kBProgress (1): 6.1 kB                    Downloaded from central: https://repo.maven.apache.org/maven2/org/apache/httpcomponents/client5/httpclient5/5.5.2/httpclient5-5.5.2.pom (6.1 kB at 58 kB/s)
Downloading from central: https://repo.maven.apache.org/maven2/org/apache/httpcomponents/client5/httpclient5-parent/5.5.2/httpclient5-parent-5.5.2.pom
Progress (1): 4.1 kBProgress (1): 8.2 kBProgress (1): 12 kB Progress (1): 16 kBProgress (1): 17 kB                   Downloaded from central: https://repo.maven.apache.org/maven2/org/apache/httpcomponents/client5/httpclient5-parent/5.5.2/httpclient5-parent-5.5.2.pom (17 kB at 178 kB/s)
Downloading from central: https://repo.maven.apache.org/maven2/org/apache/httpcomponents/httpcomponents-parent/14/httpcomponents-parent-14.pom
Progress (1): 4.1 kBProgress (1): 8.2 kBProgress (1): 12 kB Progress (1): 16 kBProgress (1): 20 kBProgress (1): 25 kBProgress (1): 29 kBProgress (1): 30 kB                   Downloaded from central: https://repo.maven.apache.org/maven2/org/apache/httpcomponents/httpcomponents-parent/14/httpcomponents-parent-14.pom (30 kB at 192 kB/s)
Downloading from central: https://repo.maven.apache.org/maven2/org/apache/apache/27/apache-27.pom
Progress (1): 4.1 kBProgress (1): 8.2 kBProgress (1): 12 kB Progress (1): 16 kBProgress (1): 20 kB                   Downloaded from central: https://repo.maven.apache.org/maven2/org/apache/apache/27/apache-27.pom (20 kB at 166 kB/s)
Downloading from central: https://repo.maven.apache.org/maven2/org/junit/junit-bom/5.13.3/junit-bom-5.13.3.pom
Progress (1): 4.1 kBProgress (1): 5.7 kB                    Downloaded from central: https://repo.maven.apache.org/maven2/org/junit/junit-bom/5.13.3/junit-bom-5.13.3.pom (5.7 kB at 60 kB/s)
Downloading from central: https://repo.maven.apache.org/maven2/org/apache/httpcomponents/core5/httpcore5/5.3.6/httpcore5-5.3.6.pom
Progress (1): 3.9 kB                    Downloaded from central: https://repo.maven.apache.org/maven2/org/apache/httpcomponents/core5/httpcore5/5.3.6/httpcore5-5.3.6.pom (3.9 kB at 42 kB/s)
Downloading from central: https://repo.maven.apache.org/maven2/org/apache/httpcomponents/core5/httpcore5-parent/5.3.6/httpcore5-parent-5.3.6.pom
Progress (1): 4.1 kBProgress (1): 8.2 kBProgress (1): 12 kB Progress (1): 14 kB                   Downloaded from central: https://repo.maven.apache.org/maven2/org/apache/httpcomponents/core5/httpcore5-parent/5.3.6/httpcore5-parent-5.3.6.pom (14 kB at 144 kB/s)
Downloading from central: https://repo.maven.apache.org/maven2/org/apache/httpcomponents/httpcomponents-parent/13/httpcomponents-parent-13.pom
Progress (1): 4.1 kBProgress (1): 8.2 kBProgress (1): 12 kB Progress (1): 16 kBProgress (1): 20 kBProgress (1): 25 kBProgress (1): 29 kBProgress (1): 30 kB                   Downloaded from central: https://repo.maven.apache.org/maven2/org/apache/httpcomponents/httpcomponents-parent/13/httpcomponents-parent-13.pom (30 kB at 280 kB/s)
Downloading from central: https://repo.maven.apache.org/maven2/org/apache/httpcomponents/core5/httpcore5-h2/5.3.6/httpcore5-h2-5.3.6.pom
Progress (1): 3.6 kB                    Downloaded from central: https://repo.maven.apache.org/maven2/org/apache/httpcomponents/core5/httpcore5-h2/5.3.6/httpcore5-h2-5.3.6.pom (3.6 kB at 38 kB/s)
Downloading from central: https://repo.maven.apache.org/maven2/org/tomlj/tomlj/1.0.0/tomlj-1.0.0.pom
Progress (1): 2.8 kB                    Downloaded from central: https://repo.maven.apache.org/maven2/org/tomlj/tomlj/1.0.0/tomlj-1.0.0.pom (2.8 kB at 33 kB/s)
Downloading from central: https://repo.maven.apache.org/maven2/org/antlr/antlr4-runtime/4.7.2/antlr4-runtime-4.7.2.pom
Progress (1): 3.6 kB                    Downloaded from central: https://repo.maven.apache.org/maven2/org/antlr/antlr4-runtime/4.7.2/antlr4-runtime-4.7.2.pom (3.6 kB at 42 kB/s)
Downloading from central: https://repo.maven.apache.org/maven2/org/antlr/antlr4-master/4.7.2/antlr4-master-4.7.2.pom
Progress (1): 4.1 kBProgress (1): 4.4 kB                    Downloaded from central: https://repo.maven.apache.org/maven2/org/antlr/antlr4-master/4.7.2/antlr4-master-4.7.2.pom (4.4 kB at 51 kB/s)
Downloading from central: https://repo.maven.apache.org/maven2/com/google/code/findbugs/jsr305/3.0.2/jsr305-3.0.2.pom
Progress (1): 4.1 kBProgress (1): 4.3 kB                    Downloaded from central: https://repo.maven.apache.org/maven2/com/google/code/findbugs/jsr305/3.0.2/jsr305-3.0.2.pom (4.3 kB at 46 kB/s)
Downloading from central: https://repo.maven.apache.org/maven2/org/springframework/boot/spring-boot-loader-tools/3.5.15/spring-boot-loader-tools-3.5.15.pom
Progress (1): 2.2 kB                    Downloaded from central: https://repo.maven.apache.org/maven2/org/springframework/boot/spring-boot-loader-tools/3.5.15/spring-boot-loader-tools-3.5.15.pom (2.2 kB at 25 kB/s)
Downloading from central: https://repo.maven.apache.org/maven2/org/apache/maven/plugins/maven-shade-plugin/3.6.0/maven-shade-plugin-3.6.0.pom
Progress (1): 4.1 kBProgress (1): 8.2 kBProgress (1): 12 kB                    Downloaded from central: https://repo.maven.apache.org/maven2/org/apache/maven/plugins/maven-shade-plugin/3.6.0/maven-shade-plugin-3.6.0.pom (12 kB at 111 kB/s)
Downloading from central: https://repo.maven.apache.org/maven2/org/ow2/asm/asm/9.7/asm-9.7.pom
Progress (1): 2.4 kB                    Downloaded from central: https://repo.maven.apache.org/maven2/org/ow2/asm/asm/9.7/asm-9.7.pom (2.4 kB at 25 kB/s)
Downloading from central: https://repo.maven.apache.org/maven2/org/ow2/asm/asm-commons/9.7/asm-commons-9.7.pom
Progress (1): 2.8 kB                    Downloaded from central: https://repo.maven.apache.org/maven2/org/ow2/asm/asm-commons/9.7/asm-commons-9.7.pom (2.8 kB at 32 kB/s)
Downloading from central: https://repo.maven.apache.org/maven2/org/ow2/asm/asm-tree/9.7/asm-tree-9.7.pom
Progress (1): 2.6 kB                    Downloaded from central: https://repo.maven.apache.org/maven2/org/ow2/asm/asm-tree/9.7/asm-tree-9.7.pom (2.6 kB at 28 kB/s)
Downloading from central: https://repo.maven.apache.org/maven2/org/jdom/jdom2/2.0.6.1/jdom2-2.0.6.1.pom
Progress (1): 4.1 kBProgress (1): 4.6 kB                    Downloaded from central: https://repo.maven.apache.org/maven2/org/jdom/jdom2/2.0.6.1/jdom2-2.0.6.1.pom (4.6 kB at 46 kB/s)
Downloading from central: https://repo.maven.apache.org/maven2/org/apache/commons/commons-compress/1.26.2/commons-compress-1.26.2.pom
Progress (1): 4.1 kBProgress (1): 8.2 kBProgress (1): 12 kB Progress (1): 16 kBProgress (1): 20 kBProgress (1): 23 kB                   Downloaded from central: https://repo.maven.apache.org/maven2/org/apache/commons/commons-compress/1.26.2/commons-compress-1.26.2.pom (23 kB at 255 kB/s)
Downloading from central: https://repo.maven.apache.org/maven2/commons-codec/commons-codec/1.17.0/commons-codec-1.17.0.pom
Progress (1): 4.1 kBProgress (1): 8.2 kBProgress (1): 12 kB Progress (1): 16 kBProgress (1): 18 kB                   Downloaded from central: https://repo.maven.apache.org/maven2/commons-codec/commons-codec/1.17.0/commons-codec-1.17.0.pom (18 kB at 205 kB/s)
Downloading from central: https://repo.maven.apache.org/maven2/org/vafer/jdependency/2.10/jdependency-2.10.pom
Progress (1): 4.1 kBProgress (1): 8.2 kBProgress (1): 12 kB Progress (1): 14 kB                   Downloaded from central: https://repo.maven.apache.org/maven2/org/vafer/jdependency/2.10/jdependency-2.10.pom (14 kB at 126 kB/s)
Downloading from central: https://repo.maven.apache.org/maven2/org/springframework/boot/spring-boot-buildpack-platform/3.5.15/spring-boot-buildpack-platform-3.5.15.jar
Downloading from central: https://repo.maven.apache.org/maven2/net/java/dev/jna/jna-platform/5.17.0/jna-platform-5.17.0.jar
Downloading from central: https://repo.maven.apache.org/maven2/net/java/dev/jna/jna/5.17.0/jna-5.17.0.jar
Downloading from central: https://repo.maven.apache.org/maven2/org/apache/commons/commons-compress/1.27.1/commons-compress-1.27.1.jar
Downloading from central: https://repo.maven.apache.org/maven2/commons-codec/commons-codec/1.17.1/commons-codec-1.17.1.jar
Progress (1): 4.1/325 kBProgress (1): 8.2/325 kBProgress (1): 12/325 kB Progress (1): 16/325 kBProgress (2): 16/325 kB | 4.1/373 kBProgress (2): 20/325 kB | 4.1/373 kBProgress (2): 25/325 kB | 4.1/373 kBProgress (2): 29/325 kB | 4.1/373 kBProgress (2): 33/325 kB | 4.1/373 kBProgress (3): 33/325 kB | 4.1/373 kB | 0/2.0 MBProgress (4): 33/325 kB | 4.1/373 kB | 0/2.0 MB | 0/1.1 MBProgress (4): 37/325 kB | 4.1/373 kB | 0/2.0 MB | 0/1.1 MBProgress (4): 41/325 kB | 4.1/373 kB | 0/2.0 MB | 0/1.1 MBProgress (4): 45/325 kB | 4.1/373 kB | 0/2.0 MB | 0/1.1 MBProgress (4): 49/325 kB | 4.1/373 kB | 0/2.0 MB | 0/1.1 MBProgress (4): 53/325 kB | 4.1/373 kB | 0/2.0 MB | 0/1.1 MBProgress (4): 57/325 kB | 4.1/373 kB | 0/2.0 MB | 0/1.1 MBProgress (4): 61/325 kB | 4.1/373 kB | 0/2.0 MB | 0/1.1 MBProgress (4): 66/325 kB | 4.1/373 kB | 0/2.0 MB | 0/1.1 MBProgress (4): 66/325 kB | 8.2/373 kB | 0/2.0 MB | 0/1.1 MBProgress (4): 66/325 kB | 12/373 kB | 0/2.0 MB | 0/1.1 MB Progress (4): 66/325 kB | 16/373 kB | 0/2.0 MB | 0/1.1 MBProgress (4): 66/325 kB | 20/373 kB | 0/2.0 MB | 0/1.1 MBProgress (4): 70/325 kB | 20/373 kB | 0/2.0 MB | 0/1.1 MBProgress (4): 74/325 kB | 20/373 kB | 0/2.0 MB | 0/1.1 MBProgress (4): 78/325 kB | 20/373 kB | 0/2.0 MB | 0/1.1 MBProgress (4): 82/325 kB | 20/373 kB | 0/2.0 MB | 0/1.1 MBProgress (4): 82/325 kB | 20/373 kB | 0/2.0 MB | 0/1.1 MBProgress (4): 82/325 kB | 20/373 kB | 0/2.0 MB | 0/1.1 MBProgress (4): 86/325 kB | 20/373 kB | 0/2.0 MB | 0/1.1 MBProgress (4): 90/325 kB | 20/373 kB | 0/2.0 MB | 0/1.1 MBProgress (4): 94/325 kB | 20/373 kB | 0/2.0 MB | 0/1.1 MBProgress (4): 98/325 kB | 20/373 kB | 0/2.0 MB | 0/1.1 MBProgress (4): 102/325 kB | 20/373 kB | 0/2.0 MB | 0/1.1 MBProgress (4): 102/325 kB | 20/373 kB | 0/2.0 MB | 0/1.1 MBProgress (4): 106/325 kB | 20/373 kB | 0/2.0 MB | 0/1.1 MBProgress (4): 106/325 kB | 20/373 kB | 0/2.0 MB | 0/1.1 MBProgress (4): 111/325 kB | 20/373 kB | 0/2.0 MB | 0/1.1 MBProgress (4): 115/325 kB | 20/373 kB | 0/2.0 MB | 0/1.1 MBProgress (4): 115/325 kB | 25/373 kB | 0/2.0 MB | 0/1.1 MBProgress (4): 115/325 kB | 29/373 kB | 0/2.0 MB | 0/1.1 MBProgress (4): 115/325 kB | 33/373 kB | 0/2.0 MB | 0/1.1 MBProgress (4): 115/325 kB | 37/373 kB | 0/2.0 MB | 0/1.1 MBProgress (4): 119/325 kB | 37/373 kB | 0/2.0 MB | 0/1.1 MBProgress (4): 123/325 kB | 37/373 kB | 0/2.0 MB | 0/1.1 MBProgress (4): 127/325 kB | 37/373 kB | 0/2.0 MB | 0/1.1 MBProgress (4): 131/325 kB | 37/373 kB | 0/2.0 MB | 0/1.1 MBProgress (4): 131/325 kB | 37/373 kB | 0/2.0 MB | 0/1.1 MBProgress (4): 131/325 kB | 37/373 kB | 0/2.0 MB | 0/1.1 MBProgress (4): 135/325 kB | 37/373 kB | 0/2.0 MB | 0/1.1 MBProgress (4): 139/325 kB | 37/373 kB | 0/2.0 MB | 0/1.1 MBProgress (4): 143/325 kB | 37/373 kB | 0/2.0 MB | 0/1.1 MBProgress (4): 147/325 kB | 37/373 kB | 0/2.0 MB | 0/1.1 MBProgress (4): 152/325 kB | 37/373 kB | 0/2.0 MB | 0/1.1 MBProgress (4): 156/325 kB | 37/373 kB | 0/2.0 MB | 0/1.1 MBProgress (4): 160/325 kB | 37/373 kB | 0/2.0 MB | 0/1.1 MBProgress (4): 164/325 kB | 37/373 kB | 0/2.0 MB | 0/1.1 MBProgress (4): 164/325 kB | 37/373 kB | 0/2.0 MB | 0/1.1 MBProgress (4): 164/325 kB | 37/373 kB | 0/2.0 MB | 0/1.1 MBProgress (4): 164/325 kB | 41/373 kB | 0/2.0 MB | 0/1.1 MBProgress (4): 164/325 kB | 45/373 kB | 0/2.0 MB | 0/1.1 MBProgress (4): 164/325 kB | 49/373 kB | 0/2.0 MB | 0/1.1 MBProgress (4): 164/325 kB | 53/373 kB | 0/2.0 MB | 0/1.1 MBProgress (4): 168/325 kB | 53/373 kB | 0/2.0 MB | 0/1.1 MBProgress (4): 172/325 kB | 53/373 kB | 0/2.0 MB | 0/1.1 MBProgress (4): 176/325 kB | 53/373 kB | 0/2.0 MB | 0/1.1 MBProgress (4): 180/325 kB | 53/373 kB | 0/2.0 MB | 0/1.1 MBProgress (4): 184/325 kB | 53/373 kB | 0/2.0 MB | 0/1.1 MBProgress (4): 184/325 kB | 53/373 kB | 0.1/2.0 MB | 0/1.1 MBProgress (4): 188/325 kB | 53/373 kB | 0.1/2.0 MB | 0/1.1 MBProgress (4): 193/325 kB | 53/373 kB | 0.1/2.0 MB | 0/1.1 MBProgress (4): 193/325 kB | 53/373 kB | 0.1/2.0 MB | 0/1.1 MBProgress (4): 197/325 kB | 53/373 kB | 0.1/2.0 MB | 0/1.1 MBProgress (4): 201/325 kB | 53/373 kB | 0.1/2.0 MB | 0/1.1 MBProgress (4): 205/325 kB | 53/373 kB | 0.1/2.0 MB | 0/1.1 MBProgress (4): 209/325 kB | 53/373 kB | 0.1/2.0 MB | 0/1.1 MBProgress (4): 213/325 kB | 53/373 kB | 0.1/2.0 MB | 0/1.1 MBProgress (4): 213/325 kB | 57/373 kB | 0.1/2.0 MB | 0/1.1 MBProgress (4): 213/325 kB | 61/373 kB | 0.1/2.0 MB | 0/1.1 MBProgress (4): 213/325 kB | 66/373 kB | 0.1/2.0 MB | 0/1.1 MBProgress (4): 213/325 kB | 70/373 kB | 0.1/2.0 MB | 0/1.1 MBProgress (5): 213/325 kB | 70/373 kB | 0.1/2.0 MB | 0/1.1 MB | 0/1.4 MBProgress (5): 213/325 kB | 70/373 kB | 0.1/2.0 MB | 0/1.1 MB | 0/1.4 MBProgress (5): 217/325 kB | 70/373 kB | 0.1/2.0 MB | 0/1.1 MB | 0/1.4 MBProgress (5): 217/325 kB | 70/373 kB | 0.1/2.0 MB | 0/1.1 MB | 0/1.4 MBProgress (5): 221/325 kB | 70/373 kB | 0.1/2.0 MB | 0/1.1 MB | 0/1.4 MBProgress (5): 221/325 kB | 70/373 kB | 0.1/2.0 MB | 0.1/1.1 MB | 0/1.4 MBProgress (5): 225/325 kB | 70/373 kB | 0.1/2.0 MB | 0.1/1.1 MB | 0/1.4 MBProgress (5): 229/325 kB | 70/373 kB | 0.1/2.0 MB | 0.1/1.1 MB | 0/1.4 MBProgress (5): 233/325 kB | 70/373 kB | 0.1/2.0 MB | 0.1/1.1 MB | 0/1.4 MBProgress (5): 238/325 kB | 70/373 kB | 0.1/2.0 MB | 0.1/1.1 MB | 0/1.4 MBProgress (5): 242/325 kB | 70/373 kB | 0.1/2.0 MB | 0.1/1.1 MB | 0/1.4 MBProgress (5): 246/325 kB | 70/373 kB | 0.1/2.0 MB | 0.1/1.1 MB | 0/1.4 MBProgress (5): 246/325 kB | 70/373 kB | 0.1/2.0 MB | 0.1/1.1 MB | 0/1.4 MBProgress (5): 246/325 kB | 70/373 kB | 0.1/2.0 MB | 0.1/1.1 MB | 0/1.4 MBProgress (5): 246/325 kB | 74/373 kB | 0.1/2.0 MB | 0.1/1.1 MB | 0/1.4 MBProgress (5): 246/325 kB | 78/373 kB | 0.1/2.0 MB | 0.1/1.1 MB | 0/1.4 MBProgress (5): 246/325 kB | 82/373 kB | 0.1/2.0 MB | 0.1/1.1 MB | 0/1.4 MBProgress (5): 246/325 kB | 86/373 kB | 0.1/2.0 MB | 0.1/1.1 MB | 0/1.4 MBProgress (5): 250/325 kB | 86/373 kB | 0.1/2.0 MB | 0.1/1.1 MB | 0/1.4 MBProgress (5): 254/325 kB | 86/373 kB | 0.1/2.0 MB | 0.1/1.1 MB | 0/1.4 MBProgress (5): 258/325 kB | 86/373 kB | 0.1/2.0 MB | 0.1/1.1 MB | 0/1.4 MBProgress (5): 262/325 kB | 86/373 kB | 0.1/2.0 MB | 0.1/1.1 MB | 0/1.4 MBProgress (5): 266/325 kB | 86/373 kB | 0.1/2.0 MB | 0.1/1.1 MB | 0/1.4 MBProgress (5): 266/325 kB | 86/373 kB | 0.1/2.0 MB | 0.1/1.1 MB | 0/1.4 MBProgress (5): 270/325 kB | 86/373 kB | 0.1/2.0 MB | 0.1/1.1 MB | 0/1.4 MBProgress (5): 270/325 kB | 86/373 kB | 0.1/2.0 MB | 0.1/1.1 MB | 0/1.4 MBProgress (5): 274/325 kB | 86/373 kB | 0.1/2.0 MB | 0.1/1.1 MB | 0/1.4 MBProgress (5): 279/325 kB | 86/373 kB | 0.1/2.0 MB | 0.1/1.1 MB | 0/1.4 MBProgress (5): 283/325 kB | 86/373 kB | 0.1/2.0 MB | 0.1/1.1 MB | 0/1.4 MBProgress (5): 287/325 kB | 86/373 kB | 0.1/2.0 MB | 0.1/1.1 MB | 0/1.4 MBProgress (5): 287/325 kB | 90/373 kB | 0.1/2.0 MB | 0.1/1.1 MB | 0/1.4 MBProgress (5): 291/325 kB | 90/373 kB | 0.1/2.0 MB | 0.1/1.1 MB | 0/1.4 MBProgress (5): 295/325 kB | 90/373 kB | 0.1/2.0 MB | 0.1/1.1 MB | 0/1.4 MBProgress (5): 295/325 kB | 94/373 kB | 0.1/2.0 MB | 0.1/1.1 MB | 0/1.4 MBProgress (5): 295/325 kB | 98/373 kB | 0.1/2.0 MB | 0.1/1.1 MB | 0/1.4 MBProgress (5): 295/325 kB | 102/373 kB | 0.1/2.0 MB | 0.1/1.1 MB | 0/1.4 MBProgress (5): 295/325 kB | 102/373 kB | 0.1/2.0 MB | 0.1/1.1 MB | 0/1.4 MBProgress (5): 295/325 kB | 102/373 kB | 0.1/2.0 MB | 0.1/1.1 MB | 0/1.4 MBProgress (5): 299/325 kB | 102/373 kB | 0.1/2.0 MB | 0.1/1.1 MB | 0/1.4 MBProgress (5): 303/325 kB | 102/373 kB | 0.1/2.0 MB | 0.1/1.1 MB | 0/1.4 MBProgress (5): 307/325 kB | 102/373 kB | 0.1/2.0 MB | 0.1/1.1 MB | 0/1.4 MBProgress (5): 311/325 kB | 102/373 kB | 0.1/2.0 MB | 0.1/1.1 MB | 0/1.4 MBProgress (5): 315/325 kB | 102/373 kB | 0.1/2.0 MB | 0.1/1.1 MB | 0/1.4 MBProgress (5): 319/325 kB | 102/373 kB | 0.1/2.0 MB | 0.1/1.1 MB | 0/1.4 MBProgress (5): 324/325 kB | 102/373 kB | 0.1/2.0 MB | 0.1/1.1 MB | 0/1.4 MBProgress (5): 325 kB | 102/373 kB | 0.1/2.0 MB | 0.1/1.1 MB | 0/1.4 MB    Progress (5): 325 kB | 106/373 kB | 0.1/2.0 MB | 0.1/1.1 MB | 0/1.4 MBProgress (5): 325 kB | 106/373 kB | 0.1/2.0 MB | 0.1/1.1 MB | 0/1.4 MBProgress (5): 325 kB | 111/373 kB | 0.1/2.0 MB | 0.1/1.1 MB | 0/1.4 MBProgress (5): 325 kB | 115/373 kB | 0.1/2.0 MB | 0.1/1.1 MB | 0/1.4 MBProgress (5): 325 kB | 119/373 kB | 0.1/2.0 MB | 0.1/1.1 MB | 0/1.4 MBProgress (5): 325 kB | 119/373 kB | 0.1/2.0 MB | 0.1/1.1 MB | 0/1.4 MBProgress (5): 325 kB | 123/373 kB | 0.1/2.0 MB | 0.1/1.1 MB | 0/1.4 MBProgress (5): 325 kB | 127/373 kB | 0.1/2.0 MB | 0.1/1.1 MB | 0/1.4 MBProgress (5): 325 kB | 127/373 kB | 0.1/2.0 MB | 0.1/1.1 MB | 0/1.4 MBProgress (5): 325 kB | 127/373 kB | 0.1/2.0 MB | 0.1/1.1 MB | 0/1.4 MBProgress (5): 325 kB | 131/373 kB | 0.1/2.0 MB | 0.1/1.1 MB | 0/1.4 MBProgress (5): 325 kB | 131/373 kB | 0.1/2.0 MB | 0.1/1.1 MB | 0/1.4 MBProgress (5): 325 kB | 135/373 kB | 0.1/2.0 MB | 0.1/1.1 MB | 0/1.4 MBProgress (5): 325 kB | 139/373 kB | 0.1/2.0 MB | 0.1/1.1 MB | 0/1.4 MBProgress (5): 325 kB | 139/373 kB | 0.1/2.0 MB | 0.1/1.1 MB | 0/1.4 MBProgress (5): 325 kB | 143/373 kB | 0.1/2.0 MB | 0.1/1.1 MB | 0/1.4 MBProgress (5): 325 kB | 143/373 kB | 0.1/2.0 MB | 0.1/1.1 MB | 0/1.4 MBProgress (5): 325 kB | 143/373 kB | 0.1/2.0 MB | 0.1/1.1 MB | 0/1.4 MBProgress (5): 325 kB | 143/373 kB | 0.1/2.0 MB | 0.1/1.1 MB | 0/1.4 MBProgress (5): 325 kB | 147/373 kB | 0.1/2.0 MB | 0.1/1.1 MB | 0/1.4 MBProgress (5): 325 kB | 152/373 kB | 0.1/2.0 MB | 0.1/1.1 MB | 0/1.4 MBProgress (5): 325 kB | 156/373 kB | 0.1/2.0 MB | 0.1/1.1 MB | 0/1.4 MBProgress (5): 325 kB | 160/373 kB | 0.1/2.0 MB | 0.1/1.1 MB | 0/1.4 MBProgress (5): 325 kB | 160/373 kB | 0.1/2.0 MB | 0.1/1.1 MB | 0/1.4 MBProgress (5): 325 kB | 160/373 kB | 0.1/2.0 MB | 0.1/1.1 MB | 0/1.4 MBProgress (5): 325 kB | 160/373 kB | 0.1/2.0 MB | 0.1/1.1 MB | 0/1.4 MBProgress (5): 325 kB | 160/373 kB | 0.1/2.0 MB | 0.1/1.1 MB | 0/1.4 MBProgress (5): 325 kB | 160/373 kB | 0.1/2.0 MB | 0.1/1.1 MB | 0/1.4 MBProgress (5): 325 kB | 160/373 kB | 0.2/2.0 MB | 0.1/1.1 MB | 0/1.4 MBProgress (5): 325 kB | 160/373 kB | 0.2/2.0 MB | 0.1/1.1 MB | 0/1.4 MBProgress (5): 325 kB | 160/373 kB | 0.2/2.0 MB | 0.1/1.1 MB | 0/1.4 MBProgress (5): 325 kB | 160/373 kB | 0.2/2.0 MB | 0.1/1.1 MB | 0/1.4 MBProgress (5): 325 kB | 160/373 kB | 0.2/2.0 MB | 0.1/1.1 MB | 0/1.4 MBProgress (5): 325 kB | 160/373 kB | 0.2/2.0 MB | 0.1/1.1 MB | 0/1.4 MBProgress (5): 325 kB | 160/373 kB | 0.2/2.0 MB | 0.1/1.1 MB | 0/1.4 MBProgress (5): 325 kB | 160/373 kB | 0.2/2.0 MB | 0.2/1.1 MB | 0/1.4 MBProgress (5): 325 kB | 160/373 kB | 0.2/2.0 MB | 0.2/1.1 MB | 0/1.4 MBProgress (5): 325 kB | 164/373 kB | 0.2/2.0 MB | 0.2/1.1 MB | 0/1.4 MBProgress (5): 325 kB | 164/373 kB | 0.2/2.0 MB | 0.2/1.1 MB | 0/1.4 MBProgress (5): 325 kB | 168/373 kB | 0.2/2.0 MB | 0.2/1.1 MB | 0/1.4 MBProgress (5): 325 kB | 172/373 kB | 0.2/2.0 MB | 0.2/1.1 MB | 0/1.4 MBProgress (5): 325 kB | 176/373 kB | 0.2/2.0 MB | 0.2/1.1 MB | 0/1.4 MBProgress (5): 325 kB | 176/373 kB | 0.2/2.0 MB | 0.2/1.1 MB | 0/1.4 MBProgress (5): 325 kB | 176/373 kB | 0.2/2.0 MB | 0.2/1.1 MB | 0/1.4 MBProgress (5): 325 kB | 176/373 kB | 0.2/2.0 MB | 0.2/1.1 MB | 0/1.4 MBProgress (5): 325 kB | 176/373 kB | 0.2/2.0 MB | 0.2/1.1 MB | 0/1.4 MBProgress (5): 325 kB | 176/373 kB | 0.2/2.0 MB | 0.2/1.1 MB | 0/1.4 MBProgress (5): 325 kB | 176/373 kB | 0.2/2.0 MB | 0.2/1.1 MB | 0/1.4 MBProgress (5): 325 kB | 176/373 kB | 0.2/2.0 MB | 0.2/1.1 MB | 0/1.4 MBProgress (5): 325 kB | 176/373 kB | 0.2/2.0 MB | 0.2/1.1 MB | 0/1.4 MBProgress (5): 325 kB | 176/373 kB | 0.2/2.0 MB | 0.2/1.1 MB | 0/1.4 MBProgress (5): 325 kB | 176/373 kB | 0.2/2.0 MB | 0.2/1.1 MB | 0/1.4 MBProgress (5): 325 kB | 176/373 kB | 0.2/2.0 MB | 0.2/1.1 MB | 0/1.4 MBProgress (5): 325 kB | 176/373 kB | 0.2/2.0 MB | 0.2/1.1 MB | 0/1.4 MBProgress (5): 325 kB | 176/373 kB | 0.2/2.0 MB | 0.2/1.1 MB | 0/1.4 MBProgress (5): 325 kB | 180/373 kB | 0.2/2.0 MB | 0.2/1.1 MB | 0/1.4 MBProgress (5): 325 kB | 184/373 kB | 0.2/2.0 MB | 0.2/1.1 MB | 0/1.4 MBProgress (5): 325 kB | 188/373 kB | 0.2/2.0 MB | 0.2/1.1 MB | 0/1.4 MBProgress (5): 325 kB | 193/373 kB | 0.2/2.0 MB | 0.2/1.1 MB | 0/1.4 MB                                                                      Downloaded from central: https://repo.maven.apache.org/maven2/org/springframework/boot/spring-boot-buildpack-platform/3.5.15/spring-boot-buildpack-platform-3.5.15.jar (325 kB at 1.1 MB/s)
Downloading from central: https://repo.maven.apache.org/maven2/org/apache/commons/commons-lang3/3.16.0/commons-lang3-3.16.0.jar
Progress (4): 193/373 kB | 0.2/2.0 MB | 0.2/1.1 MB | 0/1.4 MBProgress (4): 193/373 kB | 0.3/2.0 MB | 0.2/1.1 MB | 0/1.4 MBProgress (4): 197/373 kB | 0.3/2.0 MB | 0.2/1.1 MB | 0/1.4 MBProgress (4): 201/373 kB | 0.3/2.0 MB | 0.2/1.1 MB | 0/1.4 MBProgress (4): 205/373 kB | 0.3/2.0 MB | 0.2/1.1 MB | 0/1.4 MBProgress (4): 209/373 kB | 0.3/2.0 MB | 0.2/1.1 MB | 0/1.4 MBProgress (4): 209/373 kB | 0.3/2.0 MB | 0.2/1.1 MB | 0/1.4 MBProgress (4): 209/373 kB | 0.3/2.0 MB | 0.2/1.1 MB | 0/1.4 MBProgress (4): 209/373 kB | 0.3/2.0 MB | 0.2/1.1 MB | 0.1/1.4 MBProgress (4): 209/373 kB | 0.3/2.0 MB | 0.2/1.1 MB | 0.1/1.4 MBProgress (4): 209/373 kB | 0.3/2.0 MB | 0.2/1.1 MB | 0.1/1.4 MBProgress (4): 209/373 kB | 0.3/2.0 MB | 0.2/1.1 MB | 0.1/1.4 MBProgress (4): 213/373 kB | 0.3/2.0 MB | 0.2/1.1 MB | 0.1/1.4 MBProgress (4): 217/373 kB | 0.3/2.0 MB | 0.2/1.1 MB | 0.1/1.4 MBProgress (4): 221/373 kB | 0.3/2.0 MB | 0.2/1.1 MB | 0.1/1.4 MBProgress (4): 225/373 kB | 0.3/2.0 MB | 0.2/1.1 MB | 0.1/1.4 MBProgress (4): 225/373 kB | 0.3/2.0 MB | 0.2/1.1 MB | 0.1/1.4 MBProgress (4): 225/373 kB | 0.3/2.0 MB | 0.2/1.1 MB | 0.1/1.4 MBProgress (4): 229/373 kB | 0.3/2.0 MB | 0.2/1.1 MB | 0.1/1.4 MBProgress (4): 229/373 kB | 0.3/2.0 MB | 0.2/1.1 MB | 0.1/1.4 MBProgress (4): 233/373 kB | 0.3/2.0 MB | 0.2/1.1 MB | 0.1/1.4 MBProgress (4): 238/373 kB | 0.3/2.0 MB | 0.2/1.1 MB | 0.1/1.4 MBProgress (4): 238/373 kB | 0.3/2.0 MB | 0.2/1.1 MB | 0.1/1.4 MBProgress (4): 242/373 kB | 0.3/2.0 MB | 0.2/1.1 MB | 0.1/1.4 MBProgress (4): 242/373 kB | 0.3/2.0 MB | 0.2/1.1 MB | 0.1/1.4 MBProgress (4): 242/373 kB | 0.3/2.0 MB | 0.3/1.1 MB | 0.1/1.4 MBProgress (4): 246/373 kB | 0.3/2.0 MB | 0.3/1.1 MB | 0.1/1.4 MBProgress (4): 250/373 kB | 0.3/2.0 MB | 0.3/1.1 MB | 0.1/1.4 MBProgress (4): 254/373 kB | 0.3/2.0 MB | 0.3/1.1 MB | 0.1/1.4 MBProgress (4): 258/373 kB | 0.3/2.0 MB | 0.3/1.1 MB | 0.1/1.4 MBProgress (4): 258/373 kB | 0.3/2.0 MB | 0.3/1.1 MB | 0.1/1.4 MBProgress (4): 258/373 kB | 0.3/2.0 MB | 0.3/1.1 MB | 0.1/1.4 MBProgress (4): 262/373 kB | 0.3/2.0 MB | 0.3/1.1 MB | 0.1/1.4 MBProgress (4): 266/373 kB | 0.3/2.0 MB | 0.3/1.1 MB | 0.1/1.4 MBProgress (4): 270/373 kB | 0.3/2.0 MB | 0.3/1.1 MB | 0.1/1.4 MBProgress (4): 274/373 kB | 0.3/2.0 MB | 0.3/1.1 MB | 0.1/1.4 MBProgress (4): 274/373 kB | 0.3/2.0 MB | 0.3/1.1 MB | 0.1/1.4 MBProgress (4): 274/373 kB | 0.3/2.0 MB | 0.3/1.1 MB | 0.1/1.4 MBProgress (4): 274/373 kB | 0.3/2.0 MB | 0.3/1.1 MB | 0.1/1.4 MBProgress (4): 274/373 kB | 0.3/2.0 MB | 0.3/1.1 MB | 0.1/1.4 MBProgress (4): 279/373 kB | 0.3/2.0 MB | 0.3/1.1 MB | 0.1/1.4 MBProgress (4): 283/373 kB | 0.3/2.0 MB | 0.3/1.1 MB | 0.1/1.4 MBProgress (4): 287/373 kB | 0.3/2.0 MB | 0.3/1.1 MB | 0.1/1.4 MBProgress (4): 291/373 kB | 0.3/2.0 MB | 0.3/1.1 MB | 0.1/1.4 MBProgress (4): 291/373 kB | 0.3/2.0 MB | 0.3/1.1 MB | 0.1/1.4 MBProgress (4): 291/373 kB | 0.3/2.0 MB | 0.3/1.1 MB | 0.1/1.4 MBProgress (4): 291/373 kB | 0.3/2.0 MB | 0.3/1.1 MB | 0.1/1.4 MBProgress (4): 291/373 kB | 0.3/2.0 MB | 0.3/1.1 MB | 0.1/1.4 MBProgress (4): 291/373 kB | 0.3/2.0 MB | 0.3/1.1 MB | 0.1/1.4 MBProgress (4): 291/373 kB | 0.3/2.0 MB | 0.3/1.1 MB | 0.1/1.4 MBProgress (4): 295/373 kB | 0.3/2.0 MB | 0.3/1.1 MB | 0.1/1.4 MBProgress (4): 295/373 kB | 0.3/2.0 MB | 0.3/1.1 MB | 0.1/1.4 MBProgress (4): 299/373 kB | 0.3/2.0 MB | 0.3/1.1 MB | 0.1/1.4 MBProgress (4): 299/373 kB | 0.4/2.0 MB | 0.3/1.1 MB | 0.1/1.4 MBProgress (4): 303/373 kB | 0.4/2.0 MB | 0.3/1.1 MB | 0.1/1.4 MBProgress (4): 307/373 kB | 0.4/2.0 MB | 0.3/1.1 MB | 0.1/1.4 MBProgress (4): 307/373 kB | 0.4/2.0 MB | 0.3/1.1 MB | 0.1/1.4 MBProgress (4): 307/373 kB | 0.4/2.0 MB | 0.3/1.1 MB | 0.1/1.4 MBProgress (4): 311/373 kB | 0.4/2.0 MB | 0.3/1.1 MB | 0.1/1.4 MBProgress (4): 315/373 kB | 0.4/2.0 MB | 0.3/1.1 MB | 0.1/1.4 MBProgress (4): 319/373 kB | 0.4/2.0 MB | 0.3/1.1 MB | 0.1/1.4 MBProgress (4): 324/373 kB | 0.4/2.0 MB | 0.3/1.1 MB | 0.1/1.4 MBProgress (4): 328/373 kB | 0.4/2.0 MB | 0.3/1.1 MB | 0.1/1.4 MBProgress (4): 332/373 kB | 0.4/2.0 MB | 0.3/1.1 MB | 0.1/1.4 MBProgress (4): 336/373 kB | 0.4/2.0 MB | 0.3/1.1 MB | 0.1/1.4 MBProgress (4): 340/373 kB | 0.4/2.0 MB | 0.3/1.1 MB | 0.1/1.4 MBProgress (4): 340/373 kB | 0.4/2.0 MB | 0.3/1.1 MB | 0.1/1.4 MBProgress (4): 340/373 kB | 0.4/2.0 MB | 0.3/1.1 MB | 0.1/1.4 MBProgress (4): 340/373 kB | 0.4/2.0 MB | 0.3/1.1 MB | 0.1/1.4 MBProgress (4): 340/373 kB | 0.4/2.0 MB | 0.3/1.1 MB | 0.1/1.4 MBProgress (4): 344/373 kB | 0.4/2.0 MB | 0.3/1.1 MB | 0.1/1.4 MBProgress (4): 348/373 kB | 0.4/2.0 MB | 0.3/1.1 MB | 0.1/1.4 MBProgress (4): 352/373 kB | 0.4/2.0 MB | 0.3/1.1 MB | 0.1/1.4 MBProgress (4): 356/373 kB | 0.4/2.0 MB | 0.3/1.1 MB | 0.1/1.4 MBProgress (4): 356/373 kB | 0.4/2.0 MB | 0.3/1.1 MB | 0.1/1.4 MBProgress (4): 356/373 kB | 0.4/2.0 MB | 0.3/1.1 MB | 0.1/1.4 MBProgress (5): 356/373 kB | 0.4/2.0 MB | 0.3/1.1 MB | 0.1/1.4 MB | 4.1/674 kBProgress (5): 356/373 kB | 0.4/2.0 MB | 0.3/1.1 MB | 0.1/1.4 MB | 7.7/674 kBProgress (5): 356/373 kB | 0.4/2.0 MB | 0.3/1.1 MB | 0.1/1.4 MB | 7.7/674 kBProgress (5): 356/373 kB | 0.4/2.0 MB | 0.3/1.1 MB | 0.1/1.4 MB | 7.7/674 kBProgress (5): 356/373 kB | 0.4/2.0 MB | 0.3/1.1 MB | 0.1/1.4 MB | 7.7/674 kBProgress (5): 356/373 kB | 0.4/2.0 MB | 0.3/1.1 MB | 0.1/1.4 MB | 7.7/674 kBProgress (5): 356/373 kB | 0.4/2.0 MB | 0.3/1.1 MB | 0.1/1.4 MB | 12/674 kB Progress (5): 356/373 kB | 0.4/2.0 MB | 0.3/1.1 MB | 0.1/1.4 MB | 16/674 kBProgress (5): 356/373 kB | 0.4/2.0 MB | 0.3/1.1 MB | 0.1/1.4 MB | 20/674 kBProgress (5): 356/373 kB | 0.4/2.0 MB | 0.3/1.1 MB | 0.1/1.4 MB | 24/674 kBProgress (5): 360/373 kB | 0.4/2.0 MB | 0.3/1.1 MB | 0.1/1.4 MB | 24/674 kBProgress (5): 365/373 kB | 0.4/2.0 MB | 0.3/1.1 MB | 0.1/1.4 MB | 24/674 kBProgress (5): 369/373 kB | 0.4/2.0 MB | 0.3/1.1 MB | 0.1/1.4 MB | 24/674 kBProgress (5): 373 kB | 0.4/2.0 MB | 0.3/1.1 MB | 0.1/1.4 MB | 24/674 kB    Progress (5): 373 kB | 0.4/2.0 MB | 0.3/1.1 MB | 0.1/1.4 MB | 24/674 kBProgress (5): 373 kB | 0.4/2.0 MB | 0.3/1.1 MB | 0.1/1.4 MB | 24/674 kBProgress (5): 373 kB | 0.4/2.0 MB | 0.3/1.1 MB | 0.1/1.4 MB | 28/674 kBProgress (5): 373 kB | 0.4/2.0 MB | 0.3/1.1 MB | 0.1/1.4 MB | 28/674 kBProgress (5): 373 kB | 0.4/2.0 MB | 0.3/1.1 MB | 0.1/1.4 MB | 32/674 kBProgress (5): 373 kB | 0.4/2.0 MB | 0.3/1.1 MB | 0.1/1.4 MB | 36/674 kBProgress (5): 373 kB | 0.4/2.0 MB | 0.3/1.1 MB | 0.1/1.4 MB | 40/674 kBProgress (5): 373 kB | 0.4/2.0 MB | 0.4/1.1 MB | 0.1/1.4 MB | 40/674 kBProgress (5): 373 kB | 0.4/2.0 MB | 0.4/1.1 MB | 0.1/1.4 MB | 45/674 kBProgress (5): 373 kB | 0.4/2.0 MB | 0.4/1.1 MB | 0.1/1.4 MB | 45/674 kBProgress (5): 373 kB | 0.4/2.0 MB | 0.4/1.1 MB | 0.1/1.4 MB | 49/674 kBProgress (5): 373 kB | 0.4/2.0 MB | 0.4/1.1 MB | 0.1/1.4 MB | 49/674 kBProgress (5): 373 kB | 0.4/2.0 MB | 0.4/1.1 MB | 0.1/1.4 MB | 53/674 kBProgress (5): 373 kB | 0.4/2.0 MB | 0.4/1.1 MB | 0.1/1.4 MB | 57/674 kBProgress (5): 373 kB | 0.4/2.0 MB | 0.4/1.1 MB | 0.1/1.4 MB | 57/674 kBProgress (5): 373 kB | 0.4/2.0 MB | 0.4/1.1 MB | 0.1/1.4 MB | 57/674 kBProgress (5): 373 kB | 0.4/2.0 MB | 0.4/1.1 MB | 0.1/1.4 MB | 61/674 kBProgress (5): 373 kB | 0.4/2.0 MB | 0.4/1.1 MB | 0.1/1.4 MB | 65/674 kBProgress (5): 373 kB | 0.4/2.0 MB | 0.4/1.1 MB | 0.1/1.4 MB | 69/674 kBProgress (5): 373 kB | 0.4/2.0 MB | 0.4/1.1 MB | 0.1/1.4 MB | 73/674 kBProgress (5): 373 kB | 0.4/2.0 MB | 0.4/1.1 MB | 0.1/1.4 MB | 73/674 kBProgress (5): 373 kB | 0.4/2.0 MB | 0.4/1.1 MB | 0.1/1.4 MB | 73/674 kBProgress (5): 373 kB | 0.4/2.0 MB | 0.4/1.1 MB | 0.1/1.4 MB | 73/674 kBProgress (5): 373 kB | 0.4/2.0 MB | 0.4/1.1 MB | 0.1/1.4 MB | 73/674 kBProgress (5): 373 kB | 0.4/2.0 MB | 0.4/1.1 MB | 0.1/1.4 MB | 77/674 kBProgress (5): 373 kB | 0.4/2.0 MB | 0.4/1.1 MB | 0.1/1.4 MB | 81/674 kBProgress (5): 373 kB | 0.4/2.0 MB | 0.4/1.1 MB | 0.1/1.4 MB | 86/674 kBProgress (5): 373 kB | 0.4/2.0 MB | 0.4/1.1 MB | 0.1/1.4 MB | 90/674 kBProgress (5): 373 kB | 0.4/2.0 MB | 0.4/1.1 MB | 0.1/1.4 MB | 90/674 kBProgress (5): 373 kB | 0.4/2.0 MB | 0.4/1.1 MB | 0.1/1.4 MB | 90/674 kBProgress (5): 373 kB | 0.4/2.0 MB | 0.4/1.1 MB | 0.1/1.4 MB | 94/674 kBProgress (5): 373 kB | 0.4/2.0 MB | 0.4/1.1 MB | 0.1/1.4 MB | 94/674 kBProgress (5): 373 kB | 0.4/2.0 MB | 0.4/1.1 MB | 0.1/1.4 MB | 94/674 kBProgress (5): 373 kB | 0.4/2.0 MB | 0.4/1.1 MB | 0.1/1.4 MB | 98/674 kBProgress (5): 373 kB | 0.5/2.0 MB | 0.4/1.1 MB | 0.1/1.4 MB | 98/674 kBProgress (5): 373 kB | 0.5/2.0 MB | 0.4/1.1 MB | 0.1/1.4 MB | 102/674 kBProgress (5): 373 kB | 0.5/2.0 MB | 0.4/1.1 MB | 0.1/1.4 MB | 102/674 kBProgress (5): 373 kB | 0.5/2.0 MB | 0.4/1.1 MB | 0.1/1.4 MB | 106/674 kBProgress (5): 373 kB | 0.5/2.0 MB | 0.4/1.1 MB | 0.1/1.4 MB | 110/674 kBProgress (5): 373 kB | 0.5/2.0 MB | 0.4/1.1 MB | 0.1/1.4 MB | 114/674 kBProgress (5): 373 kB | 0.5/2.0 MB | 0.4/1.1 MB | 0.1/1.4 MB | 118/674 kBProgress (5): 373 kB | 0.5/2.0 MB | 0.4/1.1 MB | 0.1/1.4 MB | 122/674 kBProgress (5): 373 kB | 0.5/2.0 MB | 0.4/1.1 MB | 0.1/1.4 MB | 122/674 kBProgress (5): 373 kB | 0.5/2.0 MB | 0.4/1.1 MB | 0.1/1.4 MB | 122/674 kBProgress (5): 373 kB | 0.5/2.0 MB | 0.4/1.1 MB | 0.1/1.4 MB | 122/674 kBProgress (5): 373 kB | 0.5/2.0 MB | 0.4/1.1 MB | 0.1/1.4 MB | 122/674 kBProgress (5): 373 kB | 0.5/2.0 MB | 0.4/1.1 MB | 0.1/1.4 MB | 126/674 kBProgress (5): 373 kB | 0.5/2.0 MB | 0.4/1.1 MB | 0.1/1.4 MB | 131/674 kBProgress (5): 373 kB | 0.5/2.0 MB | 0.4/1.1 MB | 0.1/1.4 MB | 135/674 kBProgress (5): 373 kB | 0.5/2.0 MB | 0.4/1.1 MB | 0.1/1.4 MB | 139/674 kBProgress (5): 373 kB | 0.5/2.0 MB | 0.4/1.1 MB | 0.1/1.4 MB | 139/674 kBProgress (5): 373 kB | 0.5/2.0 MB | 0.4/1.1 MB | 0.1/1.4 MB | 139/674 kB                                                                        Downloaded from central: https://repo.maven.apache.org/maven2/commons-codec/commons-codec/1.17.1/commons-codec-1.17.1.jar (373 kB at 644 kB/s)
Downloading from central: https://repo.maven.apache.org/maven2/org/apache/httpcomponents/client5/httpclient5/5.5.2/httpclient5-5.5.2.jar
Progress (4): 0.5/2.0 MB | 0.4/1.1 MB | 0.1/1.4 MB | 143/674 kBProgress (4): 0.5/2.0 MB | 0.4/1.1 MB | 0.1/1.4 MB | 143/674 kBProgress (4): 0.5/2.0 MB | 0.4/1.1 MB | 0.1/1.4 MB | 147/674 kBProgress (4): 0.5/2.0 MB | 0.4/1.1 MB | 0.1/1.4 MB | 151/674 kBProgress (4): 0.5/2.0 MB | 0.4/1.1 MB | 0.1/1.4 MB | 151/674 kBProgress (4): 0.5/2.0 MB | 0.4/1.1 MB | 0.1/1.4 MB | 155/674 kBProgress (4): 0.5/2.0 MB | 0.4/1.1 MB | 0.1/1.4 MB | 159/674 kBProgress (4): 0.5/2.0 MB | 0.4/1.1 MB | 0.1/1.4 MB | 163/674 kBProgress (4): 0.5/2.0 MB | 0.4/1.1 MB | 0.1/1.4 MB | 167/674 kBProgress (4): 0.5/2.0 MB | 0.4/1.1 MB | 0.1/1.4 MB | 172/674 kBProgress (4): 0.5/2.0 MB | 0.4/1.1 MB | 0.1/1.4 MB | 172/674 kBProgress (4): 0.5/2.0 MB | 0.4/1.1 MB | 0.1/1.4 MB | 172/674 kBProgress (4): 0.5/2.0 MB | 0.4/1.1 MB | 0.1/1.4 MB | 176/674 kBProgress (4): 0.5/2.0 MB | 0.4/1.1 MB | 0.1/1.4 MB | 180/674 kBProgress (4): 0.5/2.0 MB | 0.4/1.1 MB | 0.1/1.4 MB | 184/674 kBProgress (4): 0.5/2.0 MB | 0.4/1.1 MB | 0.1/1.4 MB | 188/674 kBProgress (4): 0.5/2.0 MB | 0.4/1.1 MB | 0.1/1.4 MB | 192/674 kBProgress (4): 0.5/2.0 MB | 0.4/1.1 MB | 0.1/1.4 MB | 192/674 kBProgress (4): 0.5/2.0 MB | 0.4/1.1 MB | 0.1/1.4 MB | 192/674 kBProgress (4): 0.5/2.0 MB | 0.5/1.1 MB | 0.1/1.4 MB | 192/674 kBProgress (4): 0.5/2.0 MB | 0.5/1.1 MB | 0.1/1.4 MB | 196/674 kBProgress (4): 0.5/2.0 MB | 0.5/1.1 MB | 0.1/1.4 MB | 196/674 kBProgress (4): 0.5/2.0 MB | 0.5/1.1 MB | 0.1/1.4 MB | 200/674 kBProgress (4): 0.5/2.0 MB | 0.5/1.1 MB | 0.1/1.4 MB | 204/674 kBProgress (4): 0.5/2.0 MB | 0.5/1.1 MB | 0.1/1.4 MB | 204/674 kBProgress (4): 0.5/2.0 MB | 0.5/1.1 MB | 0.1/1.4 MB | 204/674 kBProgress (4): 0.5/2.0 MB | 0.5/1.1 MB | 0.1/1.4 MB | 204/674 kBProgress (4): 0.5/2.0 MB | 0.5/1.1 MB | 0.1/1.4 MB | 208/674 kBProgress (4): 0.5/2.0 MB | 0.5/1.1 MB | 0.1/1.4 MB | 213/674 kBProgress (4): 0.5/2.0 MB | 0.5/1.1 MB | 0.1/1.4 MB | 213/674 kBProgress (4): 0.5/2.0 MB | 0.5/1.1 MB | 0.1/1.4 MB | 217/674 kBProgress (4): 0.5/2.0 MB | 0.5/1.1 MB | 0.1/1.4 MB | 221/674 kBProgress (4): 0.5/2.0 MB | 0.5/1.1 MB | 0.1/1.4 MB | 221/674 kBProgress (4): 0.5/2.0 MB | 0.5/1.1 MB | 0.1/1.4 MB | 221/674 kBProgress (4): 0.5/2.0 MB | 0.5/1.1 MB | 0.1/1.4 MB | 225/674 kBProgress (4): 0.5/2.0 MB | 0.5/1.1 MB | 0.1/1.4 MB | 229/674 kBProgress (4): 0.5/2.0 MB | 0.5/1.1 MB | 0.1/1.4 MB | 233/674 kBProgress (4): 0.5/2.0 MB | 0.5/1.1 MB | 0.1/1.4 MB | 237/674 kBProgress (4): 0.5/2.0 MB | 0.5/1.1 MB | 0.1/1.4 MB | 237/674 kBProgress (4): 0.6/2.0 MB | 0.5/1.1 MB | 0.1/1.4 MB | 237/674 kBProgress (4): 0.6/2.0 MB | 0.5/1.1 MB | 0.1/1.4 MB | 241/674 kBProgress (4): 0.6/2.0 MB | 0.5/1.1 MB | 0.1/1.4 MB | 245/674 kBProgress (4): 0.6/2.0 MB | 0.5/1.1 MB | 0.1/1.4 MB | 249/674 kBProgress (4): 0.6/2.0 MB | 0.5/1.1 MB | 0.1/1.4 MB | 253/674 kBProgress (4): 0.6/2.0 MB | 0.5/1.1 MB | 0.1/1.4 MB | 253/674 kBProgress (4): 0.6/2.0 MB | 0.5/1.1 MB | 0.1/1.4 MB | 253/674 kBProgress (4): 0.6/2.0 MB | 0.5/1.1 MB | 0.1/1.4 MB | 253/674 kBProgress (4): 0.6/2.0 MB | 0.5/1.1 MB | 0.1/1.4 MB | 253/674 kBProgress (4): 0.6/2.0 MB | 0.5/1.1 MB | 0.1/1.4 MB | 253/674 kBProgress (4): 0.6/2.0 MB | 0.5/1.1 MB | 0.1/1.4 MB | 253/674 kBProgress (4): 0.6/2.0 MB | 0.5/1.1 MB | 0.1/1.4 MB | 253/674 kBProgress (4): 0.6/2.0 MB | 0.5/1.1 MB | 0.1/1.4 MB | 253/674 kBProgress (4): 0.6/2.0 MB | 0.5/1.1 MB | 0.1/1.4 MB | 253/674 kBProgress (4): 0.6/2.0 MB | 0.5/1.1 MB | 0.1/1.4 MB | 253/674 kBProgress (4): 0.6/2.0 MB | 0.5/1.1 MB | 0.1/1.4 MB | 253/674 kBProgress (4): 0.6/2.0 MB | 0.5/1.1 MB | 0.1/1.4 MB | 253/674 kBProgress (4): 0.6/2.0 MB | 0.5/1.1 MB | 0.1/1.4 MB | 253/674 kBProgress (4): 0.6/2.0 MB | 0.5/1.1 MB | 0.1/1.4 MB | 253/674 kBProgress (4): 0.6/2.0 MB | 0.5/1.1 MB | 0.1/1.4 MB | 258/674 kBProgress (4): 0.6/2.0 MB | 0.5/1.1 MB | 0.1/1.4 MB | 262/674 kBProgress (4): 0.6/2.0 MB | 0.5/1.1 MB | 0.1/1.4 MB | 266/674 kBProgress (4): 0.6/2.0 MB | 0.5/1.1 MB | 0.1/1.4 MB | 270/674 kBProgress (4): 0.6/2.0 MB | 0.5/1.1 MB | 0.1/1.4 MB | 274/674 kBProgress (4): 0.6/2.0 MB | 0.5/1.1 MB | 0.1/1.4 MB | 278/674 kBProgress (4): 0.6/2.0 MB | 0.5/1.1 MB | 0.1/1.4 MB | 282/674 kBProgress (4): 0.6/2.0 MB | 0.5/1.1 MB | 0.1/1.4 MB | 286/674 kBProgress (4): 0.6/2.0 MB | 0.5/1.1 MB | 0.1/1.4 MB | 286/674 kBProgress (4): 0.6/2.0 MB | 0.5/1.1 MB | 0.1/1.4 MB | 286/674 kBProgress (4): 0.6/2.0 MB | 0.5/1.1 MB | 0.1/1.4 MB | 286/674 kBProgress (4): 0.6/2.0 MB | 0.5/1.1 MB | 0.1/1.4 MB | 286/674 kBProgress (4): 0.6/2.0 MB | 0.5/1.1 MB | 0.1/1.4 MB | 290/674 kBProgress (4): 0.6/2.0 MB | 0.5/1.1 MB | 0.1/1.4 MB | 294/674 kBProgress (4): 0.6/2.0 MB | 0.5/1.1 MB | 0.1/1.4 MB | 299/674 kBProgress (4): 0.6/2.0 MB | 0.5/1.1 MB | 0.1/1.4 MB | 303/674 kBProgress (4): 0.6/2.0 MB | 0.5/1.1 MB | 0.1/1.4 MB | 303/674 kBProgress (4): 0.6/2.0 MB | 0.5/1.1 MB | 0.1/1.4 MB | 303/674 kBProgress (4): 0.6/2.0 MB | 0.5/1.1 MB | 0.1/1.4 MB | 307/674 kBProgress (4): 0.6/2.0 MB | 0.5/1.1 MB | 0.1/1.4 MB | 311/674 kBProgress (4): 0.6/2.0 MB | 0.5/1.1 MB | 0.1/1.4 MB | 315/674 kBProgress (4): 0.6/2.0 MB | 0.5/1.1 MB | 0.1/1.4 MB | 319/674 kBProgress (5): 0.6/2.0 MB | 0.5/1.1 MB | 0.1/1.4 MB | 319/674 kB | 8.2/961 kBProgress (5): 0.6/2.0 MB | 0.5/1.1 MB | 0.1/1.4 MB | 319/674 kB | 8.2/961 kBProgress (5): 0.6/2.0 MB | 0.5/1.1 MB | 0.1/1.4 MB | 319/674 kB | 16/961 kB Progress (5): 0.6/2.0 MB | 0.5/1.1 MB | 0.1/1.4 MB | 319/674 kB | 16/961 kBProgress (5): 0.6/2.0 MB | 0.5/1.1 MB | 0.1/1.4 MB | 323/674 kB | 16/961 kBProgress (5): 0.6/2.0 MB | 0.5/1.1 MB | 0.1/1.4 MB | 327/674 kB | 16/961 kBProgress (5): 0.6/2.0 MB | 0.5/1.1 MB | 0.1/1.4 MB | 331/674 kB | 16/961 kBProgress (5): 0.6/2.0 MB | 0.5/1.1 MB | 0.1/1.4 MB | 335/674 kB | 16/961 kBProgress (5): 0.6/2.0 MB | 0.5/1.1 MB | 0.2/1.4 MB | 335/674 kB | 16/961 kBProgress (5): 0.6/2.0 MB | 0.5/1.1 MB | 0.2/1.4 MB | 335/674 kB | 16/961 kBProgress (5): 0.6/2.0 MB | 0.5/1.1 MB | 0.2/1.4 MB | 335/674 kB | 16/961 kBProgress (5): 0.7/2.0 MB | 0.5/1.1 MB | 0.2/1.4 MB | 335/674 kB | 16/961 kBProgress (5): 0.7/2.0 MB | 0.5/1.1 MB | 0.2/1.4 MB | 335/674 kB | 25/961 kBProgress (5): 0.7/2.0 MB | 0.5/1.1 MB | 0.2/1.4 MB | 339/674 kB | 25/961 kBProgress (5): 0.7/2.0 MB | 0.5/1.1 MB | 0.2/1.4 MB | 344/674 kB | 25/961 kBProgress (5): 0.7/2.0 MB | 0.5/1.1 MB | 0.2/1.4 MB | 344/674 kB | 33/961 kBProgress (5): 0.7/2.0 MB | 0.5/1.1 MB | 0.2/1.4 MB | 348/674 kB | 33/961 kBProgress (5): 0.7/2.0 MB | 0.5/1.1 MB | 0.2/1.4 MB | 352/674 kB | 33/961 kBProgress (5): 0.7/2.0 MB | 0.6/1.1 MB | 0.2/1.4 MB | 352/674 kB | 33/961 kBProgress (5): 0.7/2.0 MB | 0.6/1.1 MB | 0.2/1.4 MB | 352/674 kB | 33/961 kBProgress (5): 0.7/2.0 MB | 0.6/1.1 MB | 0.2/1.4 MB | 356/674 kB | 33/961 kBProgress (5): 0.7/2.0 MB | 0.6/1.1 MB | 0.2/1.4 MB | 360/674 kB | 33/961 kBProgress (5): 0.7/2.0 MB | 0.6/1.1 MB | 0.2/1.4 MB | 364/674 kB | 33/961 kBProgress (5): 0.7/2.0 MB | 0.6/1.1 MB | 0.2/1.4 MB | 364/674 kB | 33/961 kBProgress (5): 0.7/2.0 MB | 0.6/1.1 MB | 0.2/1.4 MB | 368/674 kB | 33/961 kBProgress (5): 0.7/2.0 MB | 0.6/1.1 MB | 0.2/1.4 MB | 368/674 kB | 33/961 kBProgress (5): 0.7/2.0 MB | 0.6/1.1 MB | 0.2/1.4 MB | 368/674 kB | 41/961 kBProgress (5): 0.7/2.0 MB | 0.6/1.1 MB | 0.2/1.4 MB | 372/674 kB | 41/961 kBProgress (5): 0.7/2.0 MB | 0.6/1.1 MB | 0.2/1.4 MB | 372/674 kB | 49/961 kBProgress (5): 0.7/2.0 MB | 0.6/1.1 MB | 0.2/1.4 MB | 376/674 kB | 49/961 kBProgress (5): 0.7/2.0 MB | 0.6/1.1 MB | 0.2/1.4 MB | 380/674 kB | 49/961 kBProgress (5): 0.7/2.0 MB | 0.6/1.1 MB | 0.2/1.4 MB | 385/674 kB | 49/961 kBProgress (5): 0.7/2.0 MB | 0.6/1.1 MB | 0.2/1.4 MB | 385/674 kB | 49/961 kBProgress (5): 0.7/2.0 MB | 0.6/1.1 MB | 0.2/1.4 MB | 385/674 kB | 49/961 kBProgress (5): 0.7/2.0 MB | 0.6/1.1 MB | 0.2/1.4 MB | 389/674 kB | 49/961 kBProgress (5): 0.7/2.0 MB | 0.6/1.1 MB | 0.2/1.4 MB | 389/674 kB | 49/961 kBProgress (5): 0.7/2.0 MB | 0.6/1.1 MB | 0.2/1.4 MB | 393/674 kB | 49/961 kBProgress (5): 0.7/2.0 MB | 0.6/1.1 MB | 0.2/1.4 MB | 393/674 kB | 49/961 kBProgress (5): 0.7/2.0 MB | 0.6/1.1 MB | 0.2/1.4 MB | 397/674 kB | 49/961 kBProgress (5): 0.7/2.0 MB | 0.6/1.1 MB | 0.2/1.4 MB | 401/674 kB | 49/961 kBProgress (5): 0.7/2.0 MB | 0.6/1.1 MB | 0.2/1.4 MB | 401/674 kB | 57/961 kBProgress (5): 0.7/2.0 MB | 0.6/1.1 MB | 0.2/1.4 MB | 401/674 kB | 66/961 kBProgress (5): 0.7/2.0 MB | 0.6/1.1 MB | 0.2/1.4 MB | 405/674 kB | 66/961 kBProgress (5): 0.7/2.0 MB | 0.6/1.1 MB | 0.2/1.4 MB | 409/674 kB | 66/961 kBProgress (5): 0.7/2.0 MB | 0.6/1.1 MB | 0.2/1.4 MB | 413/674 kB | 66/961 kBProgress (5): 0.7/2.0 MB | 0.6/1.1 MB | 0.2/1.4 MB | 417/674 kB | 66/961 kBProgress (5): 0.7/2.0 MB | 0.6/1.1 MB | 0.2/1.4 MB | 417/674 kB | 66/961 kBProgress (5): 0.7/2.0 MB | 0.6/1.1 MB | 0.2/1.4 MB | 417/674 kB | 66/961 kBProgress (5): 0.7/2.0 MB | 0.6/1.1 MB | 0.2/1.4 MB | 417/674 kB | 74/961 kBProgress (5): 0.7/2.0 MB | 0.6/1.1 MB | 0.2/1.4 MB | 417/674 kB | 82/961 kBProgress (5): 0.7/2.0 MB | 0.6/1.1 MB | 0.2/1.4 MB | 421/674 kB | 82/961 kBProgress (5): 0.7/2.0 MB | 0.6/1.1 MB | 0.2/1.4 MB | 426/674 kB | 82/961 kBProgress (5): 0.7/2.0 MB | 0.6/1.1 MB | 0.2/1.4 MB | 430/674 kB | 82/961 kBProgress (5): 0.7/2.0 MB | 0.6/1.1 MB | 0.2/1.4 MB | 434/674 kB | 82/961 kBProgress (5): 0.7/2.0 MB | 0.6/1.1 MB | 0.2/1.4 MB | 434/674 kB | 82/961 kBProgress (5): 0.7/2.0 MB | 0.6/1.1 MB | 0.2/1.4 MB | 434/674 kB | 82/961 kBProgress (5): 0.7/2.0 MB | 0.6/1.1 MB | 0.2/1.4 MB | 434/674 kB | 90/961 kBProgress (5): 0.7/2.0 MB | 0.6/1.1 MB | 0.2/1.4 MB | 434/674 kB | 98/961 kBProgress (5): 0.7/2.0 MB | 0.6/1.1 MB | 0.2/1.4 MB | 434/674 kB | 98/961 kBProgress (5): 0.7/2.0 MB | 0.6/1.1 MB | 0.2/1.4 MB | 434/674 kB | 98/961 kBProgress (5): 0.7/2.0 MB | 0.6/1.1 MB | 0.2/1.4 MB | 434/674 kB | 98/961 kBProgress (5): 0.7/2.0 MB | 0.6/1.1 MB | 0.2/1.4 MB | 434/674 kB | 98/961 kBProgress (5): 0.7/2.0 MB | 0.6/1.1 MB | 0.2/1.4 MB | 434/674 kB | 98/961 kBProgress (5): 0.7/2.0 MB | 0.6/1.1 MB | 0.2/1.4 MB | 434/674 kB | 98/961 kBProgress (5): 0.7/2.0 MB | 0.6/1.1 MB | 0.2/1.4 MB | 438/674 kB | 98/961 kBProgress (5): 0.7/2.0 MB | 0.6/1.1 MB | 0.2/1.4 MB | 442/674 kB | 98/961 kBProgress (5): 0.7/2.0 MB | 0.6/1.1 MB | 0.2/1.4 MB | 446/674 kB | 98/961 kBProgress (5): 0.7/2.0 MB | 0.6/1.1 MB | 0.2/1.4 MB | 450/674 kB | 98/961 kBProgress (5): 0.7/2.0 MB | 0.6/1.1 MB | 0.2/1.4 MB | 450/674 kB | 98/961 kBProgress (5): 0.7/2.0 MB | 0.6/1.1 MB | 0.2/1.4 MB | 450/674 kB | 98/961 kBProgress (5): 0.7/2.0 MB | 0.6/1.1 MB | 0.2/1.4 MB | 454/674 kB | 98/961 kBProgress (5): 0.7/2.0 MB | 0.6/1.1 MB | 0.2/1.4 MB | 458/674 kB | 98/961 kBProgress (5): 0.7/2.0 MB | 0.6/1.1 MB | 0.2/1.4 MB | 462/674 kB | 98/961 kBProgress (5): 0.7/2.0 MB | 0.6/1.1 MB | 0.2/1.4 MB | 466/674 kB | 98/961 kBProgress (5): 0.7/2.0 MB | 0.6/1.1 MB | 0.2/1.4 MB | 466/674 kB | 98/961 kBProgress (5): 0.7/2.0 MB | 0.6/1.1 MB | 0.2/1.4 MB | 466/674 kB | 98/961 kBProgress (5): 0.7/2.0 MB | 0.6/1.1 MB | 0.2/1.4 MB | 471/674 kB | 98/961 kBProgress (5): 0.7/2.0 MB | 0.6/1.1 MB | 0.2/1.4 MB | 475/674 kB | 98/961 kBProgress (5): 0.7/2.0 MB | 0.6/1.1 MB | 0.2/1.4 MB | 479/674 kB | 98/961 kBProgress (5): 0.7/2.0 MB | 0.6/1.1 MB | 0.2/1.4 MB | 483/674 kB | 98/961 kBProgress (5): 0.7/2.0 MB | 0.6/1.1 MB | 0.2/1.4 MB | 483/674 kB | 98/961 kBProgress (5): 0.7/2.0 MB | 0.6/1.1 MB | 0.2/1.4 MB | 483/674 kB | 98/961 kBProgress (5): 0.7/2.0 MB | 0.6/1.1 MB | 0.2/1.4 MB | 487/674 kB | 98/961 kBProgress (5): 0.7/2.0 MB | 0.6/1.1 MB | 0.2/1.4 MB | 491/674 kB | 98/961 kBProgress (5): 0.7/2.0 MB | 0.6/1.1 MB | 0.2/1.4 MB | 495/674 kB | 98/961 kBProgress (5): 0.7/2.0 MB | 0.6/1.1 MB | 0.2/1.4 MB | 499/674 kB | 98/961 kBProgress (5): 0.7/2.0 MB | 0.6/1.1 MB | 0.2/1.4 MB | 499/674 kB | 98/961 kBProgress (5): 0.7/2.0 MB | 0.6/1.1 MB | 0.2/1.4 MB | 499/674 kB | 98/961 kBProgress (5): 0.7/2.0 MB | 0.6/1.1 MB | 0.2/1.4 MB | 503/674 kB | 98/961 kBProgress (5): 0.8/2.0 MB | 0.6/1.1 MB | 0.2/1.4 MB | 503/674 kB | 98/961 kBProgress (5): 0.8/2.0 MB | 0.6/1.1 MB | 0.2/1.4 MB | 507/674 kB | 98/961 kBProgress (5): 0.8/2.0 MB | 0.6/1.1 MB | 0.2/1.4 MB | 512/674 kB | 98/961 kBProgress (5): 0.8/2.0 MB | 0.6/1.1 MB | 0.2/1.4 MB | 512/674 kB | 98/961 kBProgress (5): 0.8/2.0 MB | 0.6/1.1 MB | 0.2/1.4 MB | 516/674 kB | 98/961 kBProgress (5): 0.8/2.0 MB | 0.6/1.1 MB | 0.2/1.4 MB | 516/674 kB | 98/961 kBProgress (5): 0.8/2.0 MB | 0.6/1.1 MB | 0.2/1.4 MB | 516/674 kB | 98/961 kBProgress (5): 0.8/2.0 MB | 0.6/1.1 MB | 0.2/1.4 MB | 520/674 kB | 98/961 kBProgress (5): 0.8/2.0 MB | 0.6/1.1 MB | 0.2/1.4 MB | 524/674 kB | 98/961 kBProgress (5): 0.8/2.0 MB | 0.6/1.1 MB | 0.2/1.4 MB | 528/674 kB | 98/961 kBProgress (5): 0.8/2.0 MB | 0.6/1.1 MB | 0.2/1.4 MB | 532/674 kB | 98/961 kBProgress (5): 0.8/2.0 MB | 0.7/1.1 MB | 0.2/1.4 MB | 532/674 kB | 98/961 kBProgress (5): 0.8/2.0 MB | 0.7/1.1 MB | 0.2/1.4 MB | 532/674 kB | 98/961 kBProgress (5): 0.8/2.0 MB | 0.7/1.1 MB | 0.2/1.4 MB | 536/674 kB | 98/961 kBProgress (5): 0.8/2.0 MB | 0.7/1.1 MB | 0.2/1.4 MB | 536/674 kB | 98/961 kBProgress (5): 0.8/2.0 MB | 0.7/1.1 MB | 0.2/1.4 MB | 540/674 kB | 98/961 kBProgress (5): 0.8/2.0 MB | 0.7/1.1 MB | 0.2/1.4 MB | 540/674 kB | 98/961 kBProgress (5): 0.8/2.0 MB | 0.7/1.1 MB | 0.2/1.4 MB | 544/674 kB | 98/961 kBProgress (5): 0.8/2.0 MB | 0.7/1.1 MB | 0.2/1.4 MB | 548/674 kB | 98/961 kBProgress (5): 0.8/2.0 MB | 0.7/1.1 MB | 0.2/1.4 MB | 548/674 kB | 98/961 kBProgress (5): 0.8/2.0 MB | 0.7/1.1 MB | 0.2/1.4 MB | 548/674 kB | 98/961 kBProgress (5): 0.8/2.0 MB | 0.7/1.1 MB | 0.2/1.4 MB | 548/674 kB | 98/961 kBProgress (5): 0.8/2.0 MB | 0.7/1.1 MB | 0.2/1.4 MB | 548/674 kB | 98/961 kBProgress (5): 0.8/2.0 MB | 0.7/1.1 MB | 0.2/1.4 MB | 548/674 kB | 98/961 kBProgress (5): 0.8/2.0 MB | 0.7/1.1 MB | 0.2/1.4 MB | 548/674 kB | 98/961 kBProgress (5): 0.8/2.0 MB | 0.7/1.1 MB | 0.2/1.4 MB | 548/674 kB | 98/961 kBProgress (5): 0.8/2.0 MB | 0.7/1.1 MB | 0.2/1.4 MB | 548/674 kB | 98/961 kBProgress (5): 0.8/2.0 MB | 0.7/1.1 MB | 0.2/1.4 MB | 552/674 kB | 98/961 kBProgress (5): 0.8/2.0 MB | 0.7/1.1 MB | 0.2/1.4 MB | 557/674 kB | 98/961 kBProgress (5): 0.8/2.0 MB | 0.7/1.1 MB | 0.2/1.4 MB | 561/674 kB | 98/961 kBProgress (5): 0.8/2.0 MB | 0.7/1.1 MB | 0.2/1.4 MB | 565/674 kB | 98/961 kBProgress (5): 0.8/2.0 MB | 0.7/1.1 MB | 0.2/1.4 MB | 565/674 kB | 98/961 kBProgress (5): 0.8/2.0 MB | 0.7/1.1 MB | 0.2/1.4 MB | 565/674 kB | 98/961 kBProgress (5): 0.8/2.0 MB | 0.7/1.1 MB | 0.2/1.4 MB | 565/674 kB | 98/961 kBProgress (5): 0.8/2.0 MB | 0.7/1.1 MB | 0.2/1.4 MB | 565/674 kB | 98/961 kBProgress (5): 0.8/2.0 MB | 0.7/1.1 MB | 0.2/1.4 MB | 569/674 kB | 98/961 kBProgress (5): 0.8/2.0 MB | 0.7/1.1 MB | 0.2/1.4 MB | 573/674 kB | 98/961 kBProgress (5): 0.8/2.0 MB | 0.7/1.1 MB | 0.2/1.4 MB | 577/674 kB | 98/961 kBProgress (5): 0.8/2.0 MB | 0.7/1.1 MB | 0.2/1.4 MB | 581/674 kB | 98/961 kBProgress (5): 0.8/2.0 MB | 0.7/1.1 MB | 0.2/1.4 MB | 581/674 kB | 98/961 kBProgress (5): 0.8/2.0 MB | 0.7/1.1 MB | 0.2/1.4 MB | 581/674 kB | 98/961 kBProgress (5): 0.8/2.0 MB | 0.7/1.1 MB | 0.2/1.4 MB | 581/674 kB | 106/961 kBProgress (5): 0.8/2.0 MB | 0.7/1.1 MB | 0.2/1.4 MB | 581/674 kB | 115/961 kBProgress (5): 0.8/2.0 MB | 0.7/1.1 MB | 0.2/1.4 MB | 581/674 kB | 123/961 kBProgress (5): 0.8/2.0 MB | 0.7/1.1 MB | 0.2/1.4 MB | 581/674 kB | 131/961 kBProgress (5): 0.8/2.0 MB | 0.7/1.1 MB | 0.2/1.4 MB | 581/674 kB | 139/961 kBProgress (5): 0.8/2.0 MB | 0.7/1.1 MB | 0.2/1.4 MB | 581/674 kB | 147/961 kBProgress (5): 0.8/2.0 MB | 0.7/1.1 MB | 0.2/1.4 MB | 581/674 kB | 156/961 kBProgress (5): 0.8/2.0 MB | 0.7/1.1 MB | 0.2/1.4 MB | 581/674 kB | 164/961 kBProgress (5): 0.8/2.0 MB | 0.7/1.1 MB | 0.2/1.4 MB | 581/674 kB | 172/961 kBProgress (5): 0.8/2.0 MB | 0.7/1.1 MB | 0.2/1.4 MB | 581/674 kB | 180/961 kBProgress (5): 0.8/2.0 MB | 0.7/1.1 MB | 0.2/1.4 MB | 581/674 kB | 188/961 kBProgress (5): 0.8/2.0 MB | 0.7/1.1 MB | 0.2/1.4 MB | 581/674 kB | 197/961 kBProgress (5): 0.8/2.0 MB | 0.7/1.1 MB | 0.2/1.4 MB | 581/674 kB | 205/961 kBProgress (5): 0.8/2.0 MB | 0.7/1.1 MB | 0.2/1.4 MB | 585/674 kB | 205/961 kBProgress (5): 0.8/2.0 MB | 0.7/1.1 MB | 0.2/1.4 MB | 585/674 kB | 213/961 kBProgress (5): 0.8/2.0 MB | 0.7/1.1 MB | 0.2/1.4 MB | 585/674 kB | 213/961 kBProgress (5): 0.8/2.0 MB | 0.7/1.1 MB | 0.2/1.4 MB | 589/674 kB | 213/961 kBProgress (5): 0.8/2.0 MB | 0.7/1.1 MB | 0.2/1.4 MB | 589/674 kB | 221/961 kBProgress (5): 0.8/2.0 MB | 0.7/1.1 MB | 0.2/1.4 MB | 589/674 kB | 221/961 kBProgress (5): 0.8/2.0 MB | 0.7/1.1 MB | 0.2/1.4 MB | 593/674 kB | 221/961 kBProgress (5): 0.8/2.0 MB | 0.7/1.1 MB | 0.2/1.4 MB | 598/674 kB | 221/961 kBProgress (5): 0.8/2.0 MB | 0.7/1.1 MB | 0.2/1.4 MB | 602/674 kB | 221/961 kBProgress (5): 0.8/2.0 MB | 0.7/1.1 MB | 0.2/1.4 MB | 602/674 kB | 221/961 kBProgress (5): 0.8/2.0 MB | 0.7/1.1 MB | 0.2/1.4 MB | 606/674 kB | 221/961 kBProgress (5): 0.8/2.0 MB | 0.7/1.1 MB | 0.2/1.4 MB | 606/674 kB | 221/961 kBProgress (5): 0.8/2.0 MB | 0.7/1.1 MB | 0.2/1.4 MB | 610/674 kB | 221/961 kBProgress (5): 0.8/2.0 MB | 0.7/1.1 MB | 0.2/1.4 MB | 614/674 kB | 221/961 kBProgress (5): 0.9/2.0 MB | 0.7/1.1 MB | 0.2/1.4 MB | 614/674 kB | 221/961 kBProgress (5): 0.9/2.0 MB | 0.7/1.1 MB | 0.2/1.4 MB | 614/674 kB | 229/961 kBProgress (5): 0.9/2.0 MB | 0.7/1.1 MB | 0.2/1.4 MB | 614/674 kB | 229/961 kBProgress (5): 0.9/2.0 MB | 0.7/1.1 MB | 0.2/1.4 MB | 614/674 kB | 238/961 kBProgress (5): 0.9/2.0 MB | 0.7/1.1 MB | 0.2/1.4 MB | 618/674 kB | 238/961 kBProgress (5): 0.9/2.0 MB | 0.7/1.1 MB | 0.2/1.4 MB | 622/674 kB | 238/961 kBProgress (5): 0.9/2.0 MB | 0.7/1.1 MB | 0.2/1.4 MB | 626/674 kB | 238/961 kBProgress (5): 0.9/2.0 MB | 0.7/1.1 MB | 0.2/1.4 MB | 630/674 kB | 238/961 kBProgress (5): 0.9/2.0 MB | 0.7/1.1 MB | 0.2/1.4 MB | 630/674 kB | 238/961 kBProgress (5): 0.9/2.0 MB | 0.7/1.1 MB | 0.2/1.4 MB | 630/674 kB | 238/961 kBProgress (5): 0.9/2.0 MB | 0.7/1.1 MB | 0.2/1.4 MB | 634/674 kB | 238/961 kBProgress (5): 0.9/2.0 MB | 0.7/1.1 MB | 0.2/1.4 MB | 634/674 kB | 238/961 kBProgress (5): 0.9/2.0 MB | 0.7/1.1 MB | 0.2/1.4 MB | 638/674 kB | 238/961 kBProgress (5): 0.9/2.0 MB | 0.7/1.1 MB | 0.2/1.4 MB | 638/674 kB | 238/961 kBProgress (5): 0.9/2.0 MB | 0.7/1.1 MB | 0.2/1.4 MB | 638/674 kB | 246/961 kBProgress (5): 0.9/2.0 MB | 0.7/1.1 MB | 0.2/1.4 MB | 638/674 kB | 246/961 kBProgress (5): 0.9/2.0 MB | 0.7/1.1 MB | 0.2/1.4 MB | 643/674 kB | 246/961 kBProgress (5): 0.9/2.0 MB | 0.7/1.1 MB | 0.2/1.4 MB | 647/674 kB | 246/961 kBProgress (5): 0.9/2.0 MB | 0.7/1.1 MB | 0.2/1.4 MB | 647/674 kB | 246/961 kBProgress (5): 0.9/2.0 MB | 0.7/1.1 MB | 0.2/1.4 MB | 647/674 kB | 254/961 kBProgress (5): 0.9/2.0 MB | 0.8/1.1 MB | 0.2/1.4 MB | 647/674 kB | 254/961 kBProgress (5): 0.9/2.0 MB | 0.8/1.1 MB | 0.2/1.4 MB | 651/674 kB | 254/961 kBProgress (5): 0.9/2.0 MB | 0.8/1.1 MB | 0.2/1.4 MB | 651/674 kB | 254/961 kBProgress (5): 0.9/2.0 MB | 0.8/1.1 MB | 0.2/1.4 MB | 655/674 kB | 254/961 kBProgress (5): 0.9/2.0 MB | 0.8/1.1 MB | 0.2/1.4 MB | 655/674 kB | 254/961 kBProgress (5): 0.9/2.0 MB | 0.8/1.1 MB | 0.2/1.4 MB | 659/674 kB | 254/961 kBProgress (5): 0.9/2.0 MB | 0.8/1.1 MB | 0.2/1.4 MB | 659/674 kB | 254/961 kBProgress (5): 0.9/2.0 MB | 0.8/1.1 MB | 0.2/1.4 MB | 663/674 kB | 254/961 kBProgress (5): 0.9/2.0 MB | 0.8/1.1 MB | 0.2/1.4 MB | 667/674 kB | 254/961 kBProgress (5): 0.9/2.0 MB | 0.8/1.1 MB | 0.2/1.4 MB | 667/674 kB | 262/961 kBProgress (5): 0.9/2.0 MB | 0.8/1.1 MB | 0.2/1.4 MB | 671/674 kB | 262/961 kBProgress (5): 0.9/2.0 MB | 0.8/1.1 MB | 0.2/1.4 MB | 671/674 kB | 270/961 kBProgress (5): 0.9/2.0 MB | 0.8/1.1 MB | 0.2/1.4 MB | 674 kB | 270/961 kB    Progress (5): 0.9/2.0 MB | 0.8/1.1 MB | 0.2/1.4 MB | 674 kB | 270/961 kBProgress (5): 0.9/2.0 MB | 0.8/1.1 MB | 0.2/1.4 MB | 674 kB | 279/961 kBProgress (5): 0.9/2.0 MB | 0.8/1.1 MB | 0.2/1.4 MB | 674 kB | 279/961 kBProgress (5): 0.9/2.0 MB | 0.8/1.1 MB | 0.2/1.4 MB | 674 kB | 279/961 kBProgress (5): 0.9/2.0 MB | 0.8/1.1 MB | 0.2/1.4 MB | 674 kB | 287/961 kBProgress (5): 0.9/2.0 MB | 0.8/1.1 MB | 0.2/1.4 MB | 674 kB | 287/961 kBProgress (5): 0.9/2.0 MB | 0.8/1.1 MB | 0.2/1.4 MB | 674 kB | 287/961 kBProgress (5): 0.9/2.0 MB | 0.8/1.1 MB | 0.2/1.4 MB | 674 kB | 295/961 kBProgress (5): 0.9/2.0 MB | 0.8/1.1 MB | 0.2/1.4 MB | 674 kB | 295/961 kBProgress (5): 0.9/2.0 MB | 0.8/1.1 MB | 0.2/1.4 MB | 674 kB | 303/961 kBProgress (5): 0.9/2.0 MB | 0.8/1.1 MB | 0.2/1.4 MB | 674 kB | 303/961 kBProgress (5): 0.9/2.0 MB | 0.8/1.1 MB | 0.2/1.4 MB | 674 kB | 303/961 kBProgress (5): 0.9/2.0 MB | 0.8/1.1 MB | 0.2/1.4 MB | 674 kB | 311/961 kBProgress (5): 0.9/2.0 MB | 0.8/1.1 MB | 0.2/1.4 MB | 674 kB | 311/961 kBProgress (5): 0.9/2.0 MB | 0.8/1.1 MB | 0.2/1.4 MB | 674 kB | 319/961 kBProgress (5): 0.9/2.0 MB | 0.8/1.1 MB | 0.2/1.4 MB | 674 kB | 319/961 kBProgress (5): 0.9/2.0 MB | 0.8/1.1 MB | 0.2/1.4 MB | 674 kB | 319/961 kBProgress (5): 0.9/2.0 MB | 0.8/1.1 MB | 0.2/1.4 MB | 674 kB | 319/961 kBProgress (5): 0.9/2.0 MB | 0.8/1.1 MB | 0.2/1.4 MB | 674 kB | 319/961 kBProgress (5): 0.9/2.0 MB | 0.8/1.1 MB | 0.2/1.4 MB | 674 kB | 319/961 kBProgress (5): 0.9/2.0 MB | 0.8/1.1 MB | 0.2/1.4 MB | 674 kB | 328/961 kBProgress (5): 0.9/2.0 MB | 0.8/1.1 MB | 0.2/1.4 MB | 674 kB | 336/961 kBProgress (5): 1.0/2.0 MB | 0.8/1.1 MB | 0.2/1.4 MB | 674 kB | 336/961 kBProgress (5): 1.0/2.0 MB | 0.8/1.1 MB | 0.2/1.4 MB | 674 kB | 336/961 kBProgress (5): 1.0/2.0 MB | 0.8/1.1 MB | 0.2/1.4 MB | 674 kB | 344/961 kBProgress (5): 1.0/2.0 MB | 0.8/1.1 MB | 0.2/1.4 MB | 674 kB | 352/961 kBProgress (5): 1.0/2.0 MB | 0.8/1.1 MB | 0.2/1.4 MB | 674 kB | 352/961 kBProgress (5): 1.0/2.0 MB | 0.8/1.1 MB | 0.2/1.4 MB | 674 kB | 352/961 kBProgress (5): 1.0/2.0 MB | 0.8/1.1 MB | 0.2/1.4 MB | 674 kB | 352/961 kBProgress (5): 1.0/2.0 MB | 0.8/1.1 MB | 0.2/1.4 MB | 674 kB | 352/961 kBProgress (5): 1.0/2.0 MB | 0.8/1.1 MB | 0.2/1.4 MB | 674 kB | 360/961 kBProgress (5): 1.0/2.0 MB | 0.8/1.1 MB | 0.2/1.4 MB | 674 kB | 369/961 kBProgress (5): 1.0/2.0 MB | 0.8/1.1 MB | 0.2/1.4 MB | 674 kB | 369/961 kBProgress (5): 1.0/2.0 MB | 0.8/1.1 MB | 0.2/1.4 MB | 674 kB | 377/961 kBProgress (5): 1.0/2.0 MB | 0.8/1.1 MB | 0.2/1.4 MB | 674 kB | 377/961 kBProgress (5): 1.0/2.0 MB | 0.8/1.1 MB | 0.2/1.4 MB | 674 kB | 377/961 kBProgress (5): 1.0/2.0 MB | 0.8/1.1 MB | 0.2/1.4 MB | 674 kB | 385/961 kBProgress (5): 1.0/2.0 MB | 0.8/1.1 MB | 0.2/1.4 MB | 674 kB | 385/961 kBProgress (5): 1.0/2.0 MB | 0.9/1.1 MB | 0.2/1.4 MB | 674 kB | 385/961 kBProgress (5): 1.0/2.0 MB | 0.9/1.1 MB | 0.2/1.4 MB | 674 kB | 385/961 kBProgress (5): 1.0/2.0 MB | 0.9/1.1 MB | 0.2/1.4 MB | 674 kB | 393/961 kBProgress (5): 1.0/2.0 MB | 0.9/1.1 MB | 0.2/1.4 MB | 674 kB | 393/961 kBProgress (5): 1.0/2.0 MB | 0.9/1.1 MB | 0.2/1.4 MB | 674 kB | 393/961 kBProgress (5): 1.0/2.0 MB | 0.9/1.1 MB | 0.2/1.4 MB | 674 kB | 401/961 kBProgress (5): 1.0/2.0 MB | 0.9/1.1 MB | 0.2/1.4 MB | 674 kB | 401/961 kBProgress (5): 1.0/2.0 MB | 0.9/1.1 MB | 0.2/1.4 MB | 674 kB | 401/961 kBProgress (5): 1.0/2.0 MB | 0.9/1.1 MB | 0.2/1.4 MB | 674 kB | 401/961 kBProgress (5): 1.0/2.0 MB | 0.9/1.1 MB | 0.2/1.4 MB | 674 kB | 401/961 kBProgress (5): 1.0/2.0 MB | 0.9/1.1 MB | 0.2/1.4 MB | 674 kB | 410/961 kBProgress (5): 1.0/2.0 MB | 0.9/1.1 MB | 0.2/1.4 MB | 674 kB | 418/961 kBProgress (5): 1.0/2.0 MB | 0.9/1.1 MB | 0.2/1.4 MB | 674 kB | 418/961 kBProgress (5): 1.0/2.0 MB | 0.9/1.1 MB | 0.3/1.4 MB | 674 kB | 418/961 kBProgress (5): 1.0/2.0 MB | 0.9/1.1 MB | 0.3/1.4 MB | 674 kB | 418/961 kBProgress (5): 1.0/2.0 MB | 0.9/1.1 MB | 0.3/1.4 MB | 674 kB | 418/961 kBProgress (5): 1.0/2.0 MB | 0.9/1.1 MB | 0.3/1.4 MB | 674 kB | 418/961 kBProgress (5): 1.0/2.0 MB | 0.9/1.1 MB | 0.3/1.4 MB | 674 kB | 418/961 kB                                                                        Downloaded from central: https://repo.maven.apache.org/maven2/org/apache/commons/commons-lang3/3.16.0/commons-lang3-3.16.0.jar (674 kB at 526 kB/s)
Downloading from central: https://repo.maven.apache.org/maven2/org/apache/httpcomponents/core5/httpcore5/5.3.6/httpcore5-5.3.6.jar
Progress (4): 1.0/2.0 MB | 0.9/1.1 MB | 0.3/1.4 MB | 426/961 kBProgress (4): 1.0/2.0 MB | 0.9/1.1 MB | 0.3/1.4 MB | 434/961 kBProgress (4): 1.1/2.0 MB | 0.9/1.1 MB | 0.3/1.4 MB | 434/961 kBProgress (4): 1.1/2.0 MB | 0.9/1.1 MB | 0.3/1.4 MB | 434/961 kBProgress (4): 1.1/2.0 MB | 0.9/1.1 MB | 0.3/1.4 MB | 434/961 kBProgress (4): 1.1/2.0 MB | 0.9/1.1 MB | 0.3/1.4 MB | 434/961 kBProgress (4): 1.1/2.0 MB | 0.9/1.1 MB | 0.3/1.4 MB | 442/961 kBProgress (4): 1.1/2.0 MB | 0.9/1.1 MB | 0.3/1.4 MB | 451/961 kBProgress (4): 1.1/2.0 MB | 0.9/1.1 MB | 0.3/1.4 MB | 451/961 kBProgress (4): 1.1/2.0 MB | 0.9/1.1 MB | 0.3/1.4 MB | 459/961 kBProgress (4): 1.1/2.0 MB | 0.9/1.1 MB | 0.3/1.4 MB | 459/961 kBProgress (4): 1.1/2.0 MB | 0.9/1.1 MB | 0.3/1.4 MB | 459/961 kBProgress (4): 1.1/2.0 MB | 0.9/1.1 MB | 0.3/1.4 MB | 467/961 kBProgress (4): 1.1/2.0 MB | 0.9/1.1 MB | 0.3/1.4 MB | 467/961 kBProgress (4): 1.1/2.0 MB | 0.9/1.1 MB | 0.3/1.4 MB | 467/961 kBProgress (4): 1.1/2.0 MB | 0.9/1.1 MB | 0.3/1.4 MB | 467/961 kBProgress (4): 1.1/2.0 MB | 0.9/1.1 MB | 0.3/1.4 MB | 475/961 kBProgress (4): 1.1/2.0 MB | 0.9/1.1 MB | 0.3/1.4 MB | 475/961 kBProgress (4): 1.1/2.0 MB | 0.9/1.1 MB | 0.3/1.4 MB | 483/961 kBProgress (4): 1.1/2.0 MB | 0.9/1.1 MB | 0.3/1.4 MB | 483/961 kBProgress (4): 1.1/2.0 MB | 0.9/1.1 MB | 0.3/1.4 MB | 483/961 kBProgress (4): 1.1/2.0 MB | 0.9/1.1 MB | 0.3/1.4 MB | 483/961 kBProgress (4): 1.1/2.0 MB | 0.9/1.1 MB | 0.3/1.4 MB | 483/961 kBProgress (4): 1.1/2.0 MB | 0.9/1.1 MB | 0.3/1.4 MB | 492/961 kBProgress (4): 1.1/2.0 MB | 0.9/1.1 MB | 0.3/1.4 MB | 492/961 kBProgress (4): 1.1/2.0 MB | 0.9/1.1 MB | 0.3/1.4 MB | 500/961 kBProgress (5): 1.1/2.0 MB | 0.9/1.1 MB | 0.3/1.4 MB | 500/961 kB | 7.7/909 kBProgress (5): 1.1/2.0 MB | 0.9/1.1 MB | 0.3/1.4 MB | 500/961 kB | 16/909 kB Progress (5): 1.1/2.0 MB | 0.9/1.1 MB | 0.3/1.4 MB | 500/961 kB | 24/909 kBProgress (5): 1.1/2.0 MB | 0.9/1.1 MB | 0.3/1.4 MB | 500/961 kB | 24/909 kBProgress (5): 1.1/2.0 MB | 0.9/1.1 MB | 0.3/1.4 MB | 508/961 kB | 24/909 kBProgress (5): 1.1/2.0 MB | 0.9/1.1 MB | 0.3/1.4 MB | 508/961 kB | 24/909 kBProgress (5): 1.1/2.0 MB | 1.0/1.1 MB | 0.3/1.4 MB | 508/961 kB | 24/909 kBProgress (5): 1.1/2.0 MB | 1.0/1.1 MB | 0.3/1.4 MB | 516/961 kB | 24/909 kBProgress (5): 1.1/2.0 MB | 1.0/1.1 MB | 0.3/1.4 MB | 516/961 kB | 24/909 kBProgress (5): 1.1/2.0 MB | 1.0/1.1 MB | 0.3/1.4 MB | 516/961 kB | 24/909 kBProgress (5): 1.1/2.0 MB | 1.0/1.1 MB | 0.3/1.4 MB | 524/961 kB | 24/909 kBProgress (5): 1.1/2.0 MB | 1.0/1.1 MB | 0.3/1.4 MB | 524/961 kB | 32/909 kBProgress (5): 1.1/2.0 MB | 1.0/1.1 MB | 0.3/1.4 MB | 524/961 kB | 32/909 kBProgress (5): 1.1/2.0 MB | 1.0/1.1 MB | 0.3/1.4 MB | 532/961 kB | 32/909 kBProgress (5): 1.1/2.0 MB | 1.0/1.1 MB | 0.3/1.4 MB | 532/961 kB | 40/909 kBProgress (5): 1.1/2.0 MB | 1.0/1.1 MB | 0.3/1.4 MB | 532/961 kB | 40/909 kBProgress (5): 1.1/2.0 MB | 1.0/1.1 MB | 0.3/1.4 MB | 532/961 kB | 40/909 kBProgress (5): 1.1/2.0 MB | 1.0/1.1 MB | 0.3/1.4 MB | 532/961 kB | 49/909 kBProgress (5): 1.1/2.0 MB | 1.0/1.1 MB | 0.3/1.4 MB | 532/961 kB | 57/909 kBProgress (5): 1.1/2.0 MB | 1.0/1.1 MB | 0.3/1.4 MB | 541/961 kB | 57/909 kBProgress (5): 1.1/2.0 MB | 1.0/1.1 MB | 0.3/1.4 MB | 549/961 kB | 57/909 kBProgress (5): 1.1/2.0 MB | 1.0/1.1 MB | 0.3/1.4 MB | 549/961 kB | 57/909 kBProgress (5): 1.1/2.0 MB | 1.0/1.1 MB | 0.3/1.4 MB | 549/961 kB | 57/909 kBProgress (5): 1.2/2.0 MB | 1.0/1.1 MB | 0.3/1.4 MB | 549/961 kB | 57/909 kBProgress (5): 1.2/2.0 MB | 1.0/1.1 MB | 0.3/1.4 MB | 549/961 kB | 57/909 kBProgress (5): 1.2/2.0 MB | 1.0/1.1 MB | 0.3/1.4 MB | 549/961 kB | 57/909 kBProgress (5): 1.2/2.0 MB | 1.0/1.1 MB | 0.3/1.4 MB | 549/961 kB | 65/909 kBProgress (5): 1.2/2.0 MB | 1.0/1.1 MB | 0.3/1.4 MB | 549/961 kB | 65/909 kBProgress (5): 1.2/2.0 MB | 1.0/1.1 MB | 0.3/1.4 MB | 549/961 kB | 73/909 kBProgress (5): 1.2/2.0 MB | 1.0/1.1 MB | 0.3/1.4 MB | 549/961 kB | 81/909 kBProgress (5): 1.2/2.0 MB | 1.0/1.1 MB | 0.3/1.4 MB | 549/961 kB | 81/909 kBProgress (5): 1.2/2.0 MB | 1.0/1.1 MB | 0.3/1.4 MB | 549/961 kB | 90/909 kBProgress (5): 1.2/2.0 MB | 1.0/1.1 MB | 0.3/1.4 MB | 549/961 kB | 90/909 kBProgress (5): 1.2/2.0 MB | 1.0/1.1 MB | 0.3/1.4 MB | 549/961 kB | 90/909 kBProgress (5): 1.2/2.0 MB | 1.0/1.1 MB | 0.3/1.4 MB | 549/961 kB | 90/909 kBProgress (5): 1.2/2.0 MB | 1.0/1.1 MB | 0.3/1.4 MB | 549/961 kB | 90/909 kBProgress (5): 1.2/2.0 MB | 1.0/1.1 MB | 0.3/1.4 MB | 549/961 kB | 90/909 kBProgress (5): 1.2/2.0 MB | 1.0/1.1 MB | 0.3/1.4 MB | 549/961 kB | 98/909 kBProgress (5): 1.2/2.0 MB | 1.0/1.1 MB | 0.3/1.4 MB | 549/961 kB | 106/909 kBProgress (5): 1.2/2.0 MB | 1.0/1.1 MB | 0.3/1.4 MB | 549/961 kB | 106/909 kBProgress (5): 1.2/2.0 MB | 1.0/1.1 MB | 0.3/1.4 MB | 549/961 kB | 106/909 kBProgress (5): 1.2/2.0 MB | 1.0/1.1 MB | 0.3/1.4 MB | 549/961 kB | 114/909 kBProgress (5): 1.2/2.0 MB | 1.0/1.1 MB | 0.3/1.4 MB | 549/961 kB | 122/909 kBProgress (5): 1.2/2.0 MB | 1.0/1.1 MB | 0.3/1.4 MB | 549/961 kB | 122/909 kBProgress (5): 1.2/2.0 MB | 1.0/1.1 MB | 0.3/1.4 MB | 549/961 kB | 122/909 kBProgress (5): 1.2/2.0 MB | 1.0/1.1 MB | 0.3/1.4 MB | 549/961 kB | 122/909 kBProgress (5): 1.2/2.0 MB | 1.0/1.1 MB | 0.3/1.4 MB | 549/961 kB | 122/909 kBProgress (5): 1.2/2.0 MB | 1.0/1.1 MB | 0.3/1.4 MB | 549/961 kB | 122/909 kBProgress (5): 1.2/2.0 MB | 1.0/1.1 MB | 0.3/1.4 MB | 557/961 kB | 122/909 kBProgress (5): 1.2/2.0 MB | 1.0/1.1 MB | 0.3/1.4 MB | 557/961 kB | 122/909 kBProgress (5): 1.2/2.0 MB | 1.0/1.1 MB | 0.3/1.4 MB | 565/961 kB | 122/909 kBProgress (5): 1.2/2.0 MB | 1.0/1.1 MB | 0.3/1.4 MB | 573/961 kB | 122/909 kBProgress (5): 1.2/2.0 MB | 1.0/1.1 MB | 0.3/1.4 MB | 582/961 kB | 122/909 kBProgress (5): 1.2/2.0 MB | 1.0/1.1 MB | 0.3/1.4 MB | 582/961 kB | 131/909 kBProgress (5): 1.2/2.0 MB | 1.0/1.1 MB | 0.3/1.4 MB | 590/961 kB | 131/909 kBProgress (5): 1.2/2.0 MB | 1.0/1.1 MB | 0.3/1.4 MB | 590/961 kB | 139/909 kBProgress (5): 1.2/2.0 MB | 1.0/1.1 MB | 0.3/1.4 MB | 598/961 kB | 139/909 kBProgress (5): 1.2/2.0 MB | 1.0/1.1 MB | 0.3/1.4 MB | 606/961 kB | 139/909 kBProgress (5): 1.2/2.0 MB | 1.0/1.1 MB | 0.3/1.4 MB | 614/961 kB | 139/909 kBProgress (5): 1.2/2.0 MB | 1.0/1.1 MB | 0.3/1.4 MB | 614/961 kB | 139/909 kBProgress (5): 1.2/2.0 MB | 1.0/1.1 MB | 0.3/1.4 MB | 614/961 kB | 139/909 kBProgress (5): 1.2/2.0 MB | 1.0/1.1 MB | 0.3/1.4 MB | 614/961 kB | 147/909 kBProgress (5): 1.2/2.0 MB | 1.0/1.1 MB | 0.3/1.4 MB | 614/961 kB | 155/909 kBProgress (5): 1.2/2.0 MB | 1.1/1.1 MB | 0.3/1.4 MB | 614/961 kB | 155/909 kBProgress (5): 1.2/2.0 MB | 1.1/1.1 MB | 0.3/1.4 MB | 614/961 kB | 155/909 kBProgress (5): 1.2/2.0 MB | 1.1/1.1 MB | 0.3/1.4 MB | 614/961 kB | 163/909 kBProgress (5): 1.2/2.0 MB | 1.1/1.1 MB | 0.3/1.4 MB | 623/961 kB | 163/909 kBProgress (5): 1.2/2.0 MB | 1.1/1.1 MB | 0.3/1.4 MB | 623/961 kB | 172/909 kBProgress (5): 1.2/2.0 MB | 1.1/1.1 MB | 0.3/1.4 MB | 631/961 kB | 172/909 kBProgress (5): 1.2/2.0 MB | 1.1/1.1 MB | 0.3/1.4 MB | 631/961 kB | 172/909 kBProgress (5): 1.2/2.0 MB | 1.1/1.1 MB | 0.3/1.4 MB | 631/961 kB | 172/909 kBProgress (5): 1.2/2.0 MB | 1.1/1.1 MB | 0.3/1.4 MB | 639/961 kB | 172/909 kBProgress (5): 1.2/2.0 MB | 1.1/1.1 MB | 0.3/1.4 MB | 639/961 kB | 172/909 kBProgress (5): 1.2/2.0 MB | 1.1/1.1 MB | 0.3/1.4 MB | 647/961 kB | 172/909 kBProgress (5): 1.2/2.0 MB | 1.1/1.1 MB | 0.3/1.4 MB | 647/961 kB | 172/909 kBProgress (5): 1.3/2.0 MB | 1.1/1.1 MB | 0.3/1.4 MB | 647/961 kB | 172/909 kBProgress (5): 1.3/2.0 MB | 1.1 MB | 0.3/1.4 MB | 647/961 kB | 172/909 kB    Progress (5): 1.3/2.0 MB | 1.1 MB | 0.3/1.4 MB | 647/961 kB | 180/909 kBProgress (5): 1.3/2.0 MB | 1.1 MB | 0.3/1.4 MB | 647/961 kB | 188/909 kBProgress (5): 1.3/2.0 MB | 1.1 MB | 0.3/1.4 MB | 647/961 kB | 188/909 kBProgress (5): 1.3/2.0 MB | 1.1 MB | 0.3/1.4 MB | 655/961 kB | 188/909 kBProgress (5): 1.3/2.0 MB | 1.1 MB | 0.3/1.4 MB | 655/961 kB | 188/909 kBProgress (5): 1.3/2.0 MB | 1.1 MB | 0.3/1.4 MB | 655/961 kB | 188/909 kBProgress (5): 1.3/2.0 MB | 1.1 MB | 0.3/1.4 MB | 655/961 kB | 188/909 kBProgress (5): 1.3/2.0 MB | 1.1 MB | 0.3/1.4 MB | 664/961 kB | 188/909 kBProgress (5): 1.3/2.0 MB | 1.1 MB | 0.3/1.4 MB | 664/961 kB | 188/909 kBProgress (5): 1.3/2.0 MB | 1.1 MB | 0.3/1.4 MB | 664/961 kB | 188/909 kBProgress (5): 1.3/2.0 MB | 1.1 MB | 0.3/1.4 MB | 664/961 kB | 188/909 kBProgress (5): 1.3/2.0 MB | 1.1 MB | 0.3/1.4 MB | 664/961 kB | 196/909 kBProgress (5): 1.3/2.0 MB | 1.1 MB | 0.3/1.4 MB | 664/961 kB | 196/909 kBProgress (5): 1.3/2.0 MB | 1.1 MB | 0.3/1.4 MB | 664/961 kB | 204/909 kBProgress (5): 1.3/2.0 MB | 1.1 MB | 0.3/1.4 MB | 664/961 kB | 213/909 kBProgress (5): 1.3/2.0 MB | 1.1 MB | 0.3/1.4 MB | 664/961 kB | 221/909 kBProgress (5): 1.3/2.0 MB | 1.1 MB | 0.3/1.4 MB | 672/961 kB | 221/909 kBProgress (5): 1.3/2.0 MB | 1.1 MB | 0.3/1.4 MB | 672/961 kB | 229/909 kBProgress (5): 1.3/2.0 MB | 1.1 MB | 0.3/1.4 MB | 680/961 kB | 229/909 kBProgress (5): 1.3/2.0 MB | 1.1 MB | 0.3/1.4 MB | 680/961 kB | 237/909 kBProgress (5): 1.3/2.0 MB | 1.1 MB | 0.3/1.4 MB | 680/961 kB | 237/909 kBProgress (5): 1.3/2.0 MB | 1.1 MB | 0.3/1.4 MB | 680/961 kB | 245/909 kBProgress (5): 1.3/2.0 MB | 1.1 MB | 0.3/1.4 MB | 680/961 kB | 245/909 kBProgress (5): 1.3/2.0 MB | 1.1 MB | 0.3/1.4 MB | 680/961 kB | 253/909 kBProgress (5): 1.3/2.0 MB | 1.1 MB | 0.3/1.4 MB | 680/961 kB | 262/909 kBProgress (5): 1.3/2.0 MB | 1.1 MB | 0.3/1.4 MB | 680/961 kB | 270/909 kBProgress (5): 1.3/2.0 MB | 1.1 MB | 0.3/1.4 MB | 688/961 kB | 270/909 kBProgress (5): 1.3/2.0 MB | 1.1 MB | 0.3/1.4 MB | 696/961 kB | 270/909 kBProgress (5): 1.3/2.0 MB | 1.1 MB | 0.3/1.4 MB | 705/961 kB | 270/909 kBProgress (5): 1.3/2.0 MB | 1.1 MB | 0.3/1.4 MB | 713/961 kB | 270/909 kBProgress (5): 1.3/2.0 MB | 1.1 MB | 0.3/1.4 MB | 721/961 kB | 270/909 kBProgress (5): 1.3/2.0 MB | 1.1 MB | 0.3/1.4 MB | 729/961 kB | 270/909 kBProgress (5): 1.3/2.0 MB | 1.1 MB | 0.3/1.4 MB | 729/961 kB | 278/909 kBProgress (5): 1.3/2.0 MB | 1.1 MB | 0.3/1.4 MB | 729/961 kB | 286/909 kBProgress (5): 1.3/2.0 MB | 1.1 MB | 0.3/1.4 MB | 729/961 kB | 286/909 kBProgress (5): 1.3/2.0 MB | 1.1 MB | 0.3/1.4 MB | 737/961 kB | 286/909 kBProgress (5): 1.3/2.0 MB | 1.1 MB | 0.3/1.4 MB | 737/961 kB | 286/909 kBProgress (5): 1.3/2.0 MB | 1.1 MB | 0.3/1.4 MB | 745/961 kB | 286/909 kBProgress (5): 1.3/2.0 MB | 1.1 MB | 0.3/1.4 MB | 745/961 kB | 286/909 kBProgress (5): 1.3/2.0 MB | 1.1 MB | 0.3/1.4 MB | 745/961 kB | 286/909 kBProgress (5): 1.3/2.0 MB | 1.1 MB | 0.3/1.4 MB | 754/961 kB | 286/909 kBProgress (5): 1.3/2.0 MB | 1.1 MB | 0.3/1.4 MB | 762/961 kB | 286/909 kBProgress (5): 1.3/2.0 MB | 1.1 MB | 0.3/1.4 MB | 770/961 kB | 286/909 kBProgress (5): 1.3/2.0 MB | 1.1 MB | 0.3/1.4 MB | 778/961 kB | 286/909 kBProgress (5): 1.3/2.0 MB | 1.1 MB | 0.3/1.4 MB | 778/961 kB | 286/909 kBProgress (5): 1.3/2.0 MB | 1.1 MB | 0.3/1.4 MB | 778/961 kB | 286/909 kBProgress (5): 1.3/2.0 MB | 1.1 MB | 0.3/1.4 MB | 778/961 kB | 294/909 kBProgress (5): 1.3/2.0 MB | 1.1 MB | 0.3/1.4 MB | 778/961 kB | 303/909 kBProgress (5): 1.3/2.0 MB | 1.1 MB | 0.3/1.4 MB | 786/961 kB | 303/909 kBProgress (5): 1.3/2.0 MB | 1.1 MB | 0.3/1.4 MB | 795/961 kB | 303/909 kBProgress (5): 1.3/2.0 MB | 1.1 MB | 0.3/1.4 MB | 795/961 kB | 311/909 kBProgress (5): 1.3/2.0 MB | 1.1 MB | 0.3/1.4 MB | 795/961 kB | 319/909 kBProgress (5): 1.3/2.0 MB | 1.1 MB | 0.3/1.4 MB | 803/961 kB | 319/909 kBProgress (5): 1.3/2.0 MB | 1.1 MB | 0.3/1.4 MB | 811/961 kB | 319/909 kB                                                                        Downloaded from central: https://repo.maven.apache.org/maven2/org/apache/commons/commons-compress/1.27.1/commons-compress-1.27.1.jar (1.1 MB at 641 kB/s)
Downloading from central: https://repo.maven.apache.org/maven2/org/apache/httpcomponents/core5/httpcore5-h2/5.3.6/httpcore5-h2-5.3.6.jar
Progress (4): 1.3/2.0 MB | 0.3/1.4 MB | 811/961 kB | 327/909 kBProgress (4): 1.3/2.0 MB | 0.3/1.4 MB | 819/961 kB | 327/909 kBProgress (4): 1.3/2.0 MB | 0.3/1.4 MB | 819/961 kB | 335/909 kBProgress (4): 1.3/2.0 MB | 0.3/1.4 MB | 827/961 kB | 335/909 kBProgress (4): 1.3/2.0 MB | 0.3/1.4 MB | 827/961 kB | 335/909 kBProgress (4): 1.3/2.0 MB | 0.4/1.4 MB | 827/961 kB | 335/909 kBProgress (4): 1.3/2.0 MB | 0.4/1.4 MB | 827/961 kB | 344/909 kBProgress (4): 1.3/2.0 MB | 0.4/1.4 MB | 836/961 kB | 344/909 kBProgress (4): 1.3/2.0 MB | 0.4/1.4 MB | 844/961 kB | 344/909 kBProgress (4): 1.3/2.0 MB | 0.4/1.4 MB | 844/961 kB | 352/909 kBProgress (4): 1.3/2.0 MB | 0.4/1.4 MB | 844/961 kB | 360/909 kBProgress (4): 1.3/2.0 MB | 0.4/1.4 MB | 852/961 kB | 360/909 kBProgress (4): 1.3/2.0 MB | 0.4/1.4 MB | 852/961 kB | 368/909 kBProgress (4): 1.3/2.0 MB | 0.4/1.4 MB | 860/961 kB | 368/909 kBProgress (4): 1.3/2.0 MB | 0.4/1.4 MB | 868/961 kB | 368/909 kBProgress (4): 1.3/2.0 MB | 0.4/1.4 MB | 868/961 kB | 368/909 kBProgress (4): 1.3/2.0 MB | 0.4/1.4 MB | 877/961 kB | 368/909 kBProgress (4): 1.4/2.0 MB | 0.4/1.4 MB | 877/961 kB | 368/909 kBProgress (4): 1.4/2.0 MB | 0.4/1.4 MB | 877/961 kB | 368/909 kBProgress (4): 1.4/2.0 MB | 0.4/1.4 MB | 877/961 kB | 368/909 kBProgress (4): 1.4/2.0 MB | 0.4/1.4 MB | 877/961 kB | 368/909 kBProgress (4): 1.4/2.0 MB | 0.4/1.4 MB | 877/961 kB | 368/909 kBProgress (4): 1.4/2.0 MB | 0.4/1.4 MB | 877/961 kB | 368/909 kBProgress (4): 1.4/2.0 MB | 0.4/1.4 MB | 877/961 kB | 368/909 kBProgress (4): 1.4/2.0 MB | 0.4/1.4 MB | 877/961 kB | 376/909 kBProgress (4): 1.4/2.0 MB | 0.4/1.4 MB | 877/961 kB | 385/909 kBProgress (4): 1.4/2.0 MB | 0.4/1.4 MB | 877/961 kB | 385/909 kBProgress (4): 1.4/2.0 MB | 0.4/1.4 MB | 877/961 kB | 385/909 kBProgress (5): 1.4/2.0 MB | 0.4/1.4 MB | 877/961 kB | 385/909 kB | 4.1/243 kBProgress (5): 1.4/2.0 MB | 0.4/1.4 MB | 877/961 kB | 385/909 kB | 7.7/243 kBProgress (5): 1.4/2.0 MB | 0.4/1.4 MB | 877/961 kB | 385/909 kB | 11/243 kB Progress (5): 1.4/2.0 MB | 0.4/1.4 MB | 877/961 kB | 385/909 kB | 11/243 kBProgress (5): 1.4/2.0 MB | 0.4/1.4 MB | 877/961 kB | 385/909 kB | 11/243 kBProgress (5): 1.4/2.0 MB | 0.4/1.4 MB | 877/961 kB | 385/909 kB | 11/243 kBProgress (5): 1.4/2.0 MB | 0.4/1.4 MB | 877/961 kB | 385/909 kB | 11/243 kBProgress (5): 1.4/2.0 MB | 0.4/1.4 MB | 877/961 kB | 393/909 kB | 11/243 kBProgress (5): 1.4/2.0 MB | 0.4/1.4 MB | 877/961 kB | 401/909 kB | 11/243 kBProgress (5): 1.4/2.0 MB | 0.4/1.4 MB | 885/961 kB | 401/909 kB | 11/243 kBProgress (5): 1.4/2.0 MB | 0.4/1.4 MB | 893/961 kB | 401/909 kB | 11/243 kBProgress (5): 1.4/2.0 MB | 0.4/1.4 MB | 901/961 kB | 401/909 kB | 11/243 kBProgress (5): 1.4/2.0 MB | 0.4/1.4 MB | 909/961 kB | 401/909 kB | 11/243 kBProgress (5): 1.4/2.0 MB | 0.4/1.4 MB | 909/961 kB | 401/909 kB | 11/243 kBProgress (5): 1.4/2.0 MB | 0.4/1.4 MB | 909/961 kB | 401/909 kB | 15/243 kBProgress (5): 1.4/2.0 MB | 0.4/1.4 MB | 909/961 kB | 401/909 kB | 20/243 kBProgress (5): 1.5/2.0 MB | 0.4/1.4 MB | 909/961 kB | 401/909 kB | 20/243 kBProgress (5): 1.5/2.0 MB | 0.4/1.4 MB | 909/961 kB | 401/909 kB | 24/243 kBProgress (5): 1.5/2.0 MB | 0.4/1.4 MB | 909/961 kB | 401/909 kB | 28/243 kBProgress (5): 1.5/2.0 MB | 0.4/1.4 MB | 909/961 kB | 401/909 kB | 28/243 kBProgress (5): 1.5/2.0 MB | 0.4/1.4 MB | 909/961 kB | 401/909 kB | 32/243 kBProgress (5): 1.5/2.0 MB | 0.4/1.4 MB | 909/961 kB | 401/909 kB | 32/243 kBProgress (5): 1.5/2.0 MB | 0.4/1.4 MB | 909/961 kB | 401/909 kB | 36/243 kBProgress (5): 1.5/2.0 MB | 0.4/1.4 MB | 909/961 kB | 401/909 kB | 40/243 kBProgress (5): 1.5/2.0 MB | 0.4/1.4 MB | 909/961 kB | 401/909 kB | 44/243 kBProgress (5): 1.5/2.0 MB | 0.4/1.4 MB | 909/961 kB | 401/909 kB | 48/243 kBProgress (5): 1.5/2.0 MB | 0.4/1.4 MB | 909/961 kB | 401/909 kB | 52/243 kBProgress (5): 1.5/2.0 MB | 0.4/1.4 MB | 909/961 kB | 401/909 kB | 56/243 kBProgress (5): 1.5/2.0 MB | 0.4/1.4 MB | 909/961 kB | 401/909 kB | 61/243 kBProgress (5): 1.5/2.0 MB | 0.4/1.4 MB | 909/961 kB | 409/909 kB | 61/243 kBProgress (5): 1.5/2.0 MB | 0.4/1.4 MB | 909/961 kB | 417/909 kB | 61/243 kBProgress (5): 1.5/2.0 MB | 0.4/1.4 MB | 918/961 kB | 417/909 kB | 61/243 kBProgress (5): 1.5/2.0 MB | 0.4/1.4 MB | 918/961 kB | 426/909 kB | 61/243 kBProgress (5): 1.5/2.0 MB | 0.4/1.4 MB | 926/961 kB | 426/909 kB | 61/243 kBProgress (5): 1.5/2.0 MB | 0.4/1.4 MB | 926/961 kB | 434/909 kB | 61/243 kBProgress (5): 1.5/2.0 MB | 0.4/1.4 MB | 934/961 kB | 434/909 kB | 61/243 kBProgress (5): 1.5/2.0 MB | 0.4/1.4 MB | 934/961 kB | 442/909 kB | 61/243 kBProgress (5): 1.5/2.0 MB | 0.4/1.4 MB | 942/961 kB | 442/909 kB | 61/243 kBProgress (5): 1.5/2.0 MB | 0.4/1.4 MB | 942/961 kB | 450/909 kB | 61/243 kBProgress (5): 1.5/2.0 MB | 0.4/1.4 MB | 950/961 kB | 450/909 kB | 61/243 kBProgress (5): 1.5/2.0 MB | 0.4/1.4 MB | 950/961 kB | 458/909 kB | 61/243 kBProgress (5): 1.5/2.0 MB | 0.4/1.4 MB | 958/961 kB | 458/909 kB | 61/243 kBProgress (5): 1.5/2.0 MB | 0.4/1.4 MB | 958/961 kB | 466/909 kB | 61/243 kBProgress (5): 1.5/2.0 MB | 0.4/1.4 MB | 961 kB | 466/909 kB | 61/243 kB    Progress (5): 1.5/2.0 MB | 0.4/1.4 MB | 961 kB | 475/909 kB | 61/243 kBProgress (5): 1.5/2.0 MB | 0.4/1.4 MB | 961 kB | 483/909 kB | 61/243 kBProgress (5): 1.5/2.0 MB | 0.4/1.4 MB | 961 kB | 491/909 kB | 61/243 kBProgress (5): 1.5/2.0 MB | 0.4/1.4 MB | 961 kB | 499/909 kB | 61/243 kBProgress (5): 1.5/2.0 MB | 0.4/1.4 MB | 961 kB | 507/909 kB | 61/243 kBProgress (5): 1.5/2.0 MB | 0.4/1.4 MB | 961 kB | 516/909 kB | 61/243 kBProgress (5): 1.5/2.0 MB | 0.4/1.4 MB | 961 kB | 524/909 kB | 61/243 kBProgress (5): 1.5/2.0 MB | 0.4/1.4 MB | 961 kB | 532/909 kB | 61/243 kBProgress (5): 1.5/2.0 MB | 0.4/1.4 MB | 961 kB | 540/909 kB | 61/243 kBProgress (5): 1.5/2.0 MB | 0.4/1.4 MB | 961 kB | 548/909 kB | 61/243 kBProgress (5): 1.5/2.0 MB | 0.4/1.4 MB | 961 kB | 557/909 kB | 61/243 kBProgress (5): 1.5/2.0 MB | 0.4/1.4 MB | 961 kB | 565/909 kB | 61/243 kBProgress (5): 1.5/2.0 MB | 0.4/1.4 MB | 961 kB | 573/909 kB | 61/243 kBProgress (5): 1.5/2.0 MB | 0.4/1.4 MB | 961 kB | 581/909 kB | 61/243 kBProgress (5): 1.5/2.0 MB | 0.4/1.4 MB | 961 kB | 581/909 kB | 61/243 kBProgress (5): 1.5/2.0 MB | 0.4/1.4 MB | 961 kB | 581/909 kB | 61/243 kBProgress (5): 1.5/2.0 MB | 0.4/1.4 MB | 961 kB | 581/909 kB | 61/243 kBProgress (5): 1.5/2.0 MB | 0.4/1.4 MB | 961 kB | 581/909 kB | 61/243 kBProgress (5): 1.5/2.0 MB | 0.4/1.4 MB | 961 kB | 581/909 kB | 61/243 kBProgress (5): 1.5/2.0 MB | 0.4/1.4 MB | 961 kB | 581/909 kB | 61/243 kBProgress (5): 1.5/2.0 MB | 0.4/1.4 MB | 961 kB | 581/909 kB | 65/243 kBProgress (5): 1.5/2.0 MB | 0.4/1.4 MB | 961 kB | 581/909 kB | 69/243 kBProgress (5): 1.5/2.0 MB | 0.4/1.4 MB | 961 kB | 581/909 kB | 73/243 kBProgress (5): 1.5/2.0 MB | 0.4/1.4 MB | 961 kB | 581/909 kB | 77/243 kBProgress (5): 1.5/2.0 MB | 0.4/1.4 MB | 961 kB | 589/909 kB | 77/243 kBProgress (5): 1.5/2.0 MB | 0.4/1.4 MB | 961 kB | 598/909 kB | 77/243 kBProgress (5): 1.5/2.0 MB | 0.4/1.4 MB | 961 kB | 598/909 kB | 77/243 kBProgress (5): 1.5/2.0 MB | 0.4/1.4 MB | 961 kB | 598/909 kB | 77/243 kB                                                                       Downloaded from central: https://repo.maven.apache.org/maven2/org/apache/httpcomponents/client5/httpclient5/5.5.2/httpclient5-5.5.2.jar (961 kB at 451 kB/s)
Downloading from central: https://repo.maven.apache.org/maven2/org/tomlj/tomlj/1.0.0/tomlj-1.0.0.jar
Progress (4): 1.5/2.0 MB | 0.4/1.4 MB | 598/909 kB | 77/243 kBProgress (4): 1.5/2.0 MB | 0.4/1.4 MB | 598/909 kB | 77/243 kBProgress (4): 1.5/2.0 MB | 0.4/1.4 MB | 598/909 kB | 81/243 kBProgress (4): 1.5/2.0 MB | 0.4/1.4 MB | 598/909 kB | 81/243 kBProgress (4): 1.5/2.0 MB | 0.4/1.4 MB | 598/909 kB | 85/243 kBProgress (4): 1.5/2.0 MB | 0.4/1.4 MB | 598/909 kB | 85/243 kBProgress (4): 1.5/2.0 MB | 0.4/1.4 MB | 598/909 kB | 89/243 kBProgress (4): 1.5/2.0 MB | 0.4/1.4 MB | 598/909 kB | 93/243 kBProgress (4): 1.5/2.0 MB | 0.4/1.4 MB | 598/909 kB | 97/243 kBProgress (4): 1.5/2.0 MB | 0.4/1.4 MB | 598/909 kB | 101/243 kBProgress (4): 1.5/2.0 MB | 0.4/1.4 MB | 598/909 kB | 106/243 kBProgress (4): 1.5/2.0 MB | 0.4/1.4 MB | 598/909 kB | 110/243 kBProgress (4): 1.5/2.0 MB | 0.4/1.4 MB | 598/909 kB | 114/243 kBProgress (4): 1.5/2.0 MB | 0.4/1.4 MB | 598/909 kB | 118/243 kBProgress (4): 1.5/2.0 MB | 0.4/1.4 MB | 598/909 kB | 122/243 kBProgress (4): 1.5/2.0 MB | 0.4/1.4 MB | 598/909 kB | 126/243 kBProgress (4): 1.5/2.0 MB | 0.4/1.4 MB | 598/909 kB | 130/243 kBProgress (4): 1.5/2.0 MB | 0.4/1.4 MB | 598/909 kB | 134/243 kBProgress (4): 1.5/2.0 MB | 0.4/1.4 MB | 606/909 kB | 134/243 kBProgress (4): 1.5/2.0 MB | 0.4/1.4 MB | 614/909 kB | 134/243 kBProgress (4): 1.5/2.0 MB | 0.4/1.4 MB | 622/909 kB | 134/243 kBProgress (4): 1.5/2.0 MB | 0.4/1.4 MB | 630/909 kB | 134/243 kBProgress (4): 1.5/2.0 MB | 0.4/1.4 MB | 638/909 kB | 134/243 kBProgress (4): 1.5/2.0 MB | 0.4/1.4 MB | 647/909 kB | 134/243 kBProgress (4): 1.5/2.0 MB | 0.4/1.4 MB | 655/909 kB | 134/243 kBProgress (4): 1.5/2.0 MB | 0.4/1.4 MB | 663/909 kB | 134/243 kBProgress (4): 1.5/2.0 MB | 0.4/1.4 MB | 671/909 kB | 134/243 kBProgress (4): 1.5/2.0 MB | 0.4/1.4 MB | 679/909 kB | 134/243 kBProgress (4): 1.5/2.0 MB | 0.4/1.4 MB | 688/909 kB | 134/243 kBProgress (4): 1.5/2.0 MB | 0.4/1.4 MB | 696/909 kB | 134/243 kBProgress (4): 1.5/2.0 MB | 0.4/1.4 MB | 704/909 kB | 134/243 kBProgress (4): 1.5/2.0 MB | 0.4/1.4 MB | 712/909 kB | 134/243 kBProgress (4): 1.5/2.0 MB | 0.4/1.4 MB | 720/909 kB | 134/243 kBProgress (4): 1.5/2.0 MB | 0.4/1.4 MB | 729/909 kB | 134/243 kBProgress (4): 1.5/2.0 MB | 0.4/1.4 MB | 737/909 kB | 134/243 kBProgress (4): 1.5/2.0 MB | 0.4/1.4 MB | 745/909 kB | 134/243 kBProgress (4): 1.5/2.0 MB | 0.4/1.4 MB | 753/909 kB | 134/243 kBProgress (4): 1.5/2.0 MB | 0.4/1.4 MB | 761/909 kB | 134/243 kBProgress (4): 1.5/2.0 MB | 0.4/1.4 MB | 761/909 kB | 134/243 kBProgress (4): 1.5/2.0 MB | 0.5/1.4 MB | 761/909 kB | 134/243 kBProgress (5): 1.5/2.0 MB | 0.5/1.4 MB | 761/909 kB | 134/243 kB | 4.1/157 kBProgress (5): 1.5/2.0 MB | 0.5/1.4 MB | 761/909 kB | 134/243 kB | 7.7/157 kBProgress (5): 1.5/2.0 MB | 0.5/1.4 MB | 761/909 kB | 134/243 kB | 12/157 kB Progress (5): 1.5/2.0 MB | 0.5/1.4 MB | 770/909 kB | 134/243 kB | 12/157 kBProgress (5): 1.5/2.0 MB | 0.5/1.4 MB | 778/909 kB | 134/243 kB | 12/157 kBProgress (5): 1.5/2.0 MB | 0.5/1.4 MB | 778/909 kB | 134/243 kB | 16/157 kBProgress (5): 1.5/2.0 MB | 0.5/1.4 MB | 778/909 kB | 134/243 kB | 20/157 kBProgress (5): 1.5/2.0 MB | 0.5/1.4 MB | 778/909 kB | 134/243 kB | 24/157 kBProgress (5): 1.5/2.0 MB | 0.5/1.4 MB | 778/909 kB | 134/243 kB | 28/157 kBProgress (5): 1.5/2.0 MB | 0.5/1.4 MB | 786/909 kB | 134/243 kB | 28/157 kBProgress (5): 1.5/2.0 MB | 0.5/1.4 MB | 794/909 kB | 134/243 kB | 28/157 kBProgress (5): 1.5/2.0 MB | 0.5/1.4 MB | 794/909 kB | 134/243 kB | 32/157 kBProgress (5): 1.5/2.0 MB | 0.5/1.4 MB | 794/909 kB | 134/243 kB | 36/157 kBProgress (5): 1.5/2.0 MB | 0.5/1.4 MB | 794/909 kB | 134/243 kB | 40/157 kBProgress (5): 1.5/2.0 MB | 0.5/1.4 MB | 794/909 kB | 134/243 kB | 45/157 kBProgress (5): 1.5/2.0 MB | 0.5/1.4 MB | 802/909 kB | 134/243 kB | 45/157 kBProgress (5): 1.5/2.0 MB | 0.5/1.4 MB | 811/909 kB | 134/243 kB | 45/157 kBProgress (5): 1.5/2.0 MB | 0.5/1.4 MB | 819/909 kB | 134/243 kB | 45/157 kBProgress (5): 1.5/2.0 MB | 0.5/1.4 MB | 827/909 kB | 134/243 kB | 45/157 kBProgress (5): 1.5/2.0 MB | 0.5/1.4 MB | 827/909 kB | 134/243 kB | 49/157 kBProgress (5): 1.5/2.0 MB | 0.5/1.4 MB | 827/909 kB | 134/243 kB | 53/157 kBProgress (5): 1.5/2.0 MB | 0.5/1.4 MB | 827/909 kB | 134/243 kB | 57/157 kBProgress (5): 1.5/2.0 MB | 0.5/1.4 MB | 827/909 kB | 134/243 kB | 61/157 kBProgress (5): 1.5/2.0 MB | 0.5/1.4 MB | 827/909 kB | 134/243 kB | 61/157 kBProgress (5): 1.5/2.0 MB | 0.5/1.4 MB | 827/909 kB | 134/243 kB | 61/157 kBProgress (5): 1.5/2.0 MB | 0.5/1.4 MB | 835/909 kB | 134/243 kB | 61/157 kBProgress (5): 1.5/2.0 MB | 0.5/1.4 MB | 843/909 kB | 134/243 kB | 61/157 kBProgress (5): 1.5/2.0 MB | 0.5/1.4 MB | 843/909 kB | 134/243 kB | 65/157 kBProgress (5): 1.5/2.0 MB | 0.5/1.4 MB | 843/909 kB | 134/243 kB | 69/157 kBProgress (5): 1.5/2.0 MB | 0.5/1.4 MB | 843/909 kB | 134/243 kB | 73/157 kBProgress (5): 1.5/2.0 MB | 0.5/1.4 MB | 843/909 kB | 134/243 kB | 77/157 kBProgress (5): 1.5/2.0 MB | 0.5/1.4 MB | 851/909 kB | 134/243 kB | 77/157 kBProgress (5): 1.5/2.0 MB | 0.5/1.4 MB | 860/909 kB | 134/243 kB | 77/157 kBProgress (5): 1.5/2.0 MB | 0.5/1.4 MB | 860/909 kB | 134/243 kB | 81/157 kBProgress (5): 1.5/2.0 MB | 0.5/1.4 MB | 860/909 kB | 134/243 kB | 86/157 kBProgress (5): 1.5/2.0 MB | 0.5/1.4 MB | 860/909 kB | 134/243 kB | 90/157 kBProgress (5): 1.5/2.0 MB | 0.5/1.4 MB | 860/909 kB | 134/243 kB | 94/157 kBProgress (5): 1.5/2.0 MB | 0.5/1.4 MB | 868/909 kB | 134/243 kB | 94/157 kBProgress (5): 1.5/2.0 MB | 0.5/1.4 MB | 876/909 kB | 134/243 kB | 94/157 kBProgress (5): 1.5/2.0 MB | 0.5/1.4 MB | 876/909 kB | 134/243 kB | 98/157 kBProgress (5): 1.5/2.0 MB | 0.5/1.4 MB | 876/909 kB | 134/243 kB | 102/157 kBProgress (5): 1.5/2.0 MB | 0.5/1.4 MB | 876/909 kB | 134/243 kB | 106/157 kBProgress (5): 1.5/2.0 MB | 0.5/1.4 MB | 876/909 kB | 134/243 kB | 110/157 kBProgress (5): 1.5/2.0 MB | 0.5/1.4 MB | 884/909 kB | 134/243 kB | 110/157 kBProgress (5): 1.5/2.0 MB | 0.5/1.4 MB | 892/909 kB | 134/243 kB | 110/157 kBProgress (5): 1.5/2.0 MB | 0.5/1.4 MB | 892/909 kB | 134/243 kB | 114/157 kBProgress (5): 1.5/2.0 MB | 0.5/1.4 MB | 892/909 kB | 134/243 kB | 118/157 kBProgress (5): 1.5/2.0 MB | 0.5/1.4 MB | 892/909 kB | 134/243 kB | 122/157 kBProgress (5): 1.5/2.0 MB | 0.5/1.4 MB | 892/909 kB | 134/243 kB | 126/157 kBProgress (5): 1.5/2.0 MB | 0.5/1.4 MB | 901/909 kB | 134/243 kB | 126/157 kBProgress (5): 1.5/2.0 MB | 0.5/1.4 MB | 909/909 kB | 134/243 kB | 126/157 kBProgress (5): 1.5/2.0 MB | 0.5/1.4 MB | 909 kB | 134/243 kB | 126/157 kB    Progress (5): 1.5/2.0 MB | 0.5/1.4 MB | 909 kB | 134/243 kB | 131/157 kBProgress (5): 1.5/2.0 MB | 0.5/1.4 MB | 909 kB | 134/243 kB | 135/157 kBProgress (5): 1.5/2.0 MB | 0.5/1.4 MB | 909 kB | 134/243 kB | 139/157 kBProgress (5): 1.5/2.0 MB | 0.5/1.4 MB | 909 kB | 134/243 kB | 143/157 kBProgress (5): 1.5/2.0 MB | 0.5/1.4 MB | 909 kB | 134/243 kB | 147/157 kBProgress (5): 1.5/2.0 MB | 0.5/1.4 MB | 909 kB | 134/243 kB | 151/157 kBProgress (5): 1.5/2.0 MB | 0.5/1.4 MB | 909 kB | 134/243 kB | 155/157 kBProgress (5): 1.5/2.0 MB | 0.5/1.4 MB | 909 kB | 134/243 kB | 157 kB    Progress (5): 1.5/2.0 MB | 0.5/1.4 MB | 909 kB | 134/243 kB | 157 kBProgress (5): 1.5/2.0 MB | 0.5/1.4 MB | 909 kB | 134/243 kB | 157 kBProgress (5): 1.5/2.0 MB | 0.5/1.4 MB | 909 kB | 138/243 kB | 157 kBProgress (5): 1.5/2.0 MB | 0.5/1.4 MB | 909 kB | 142/243 kB | 157 kBProgress (5): 1.5/2.0 MB | 0.5/1.4 MB | 909 kB | 147/243 kB | 157 kBProgress (5): 1.5/2.0 MB | 0.5/1.4 MB | 909 kB | 151/243 kB | 157 kBProgress (5): 1.5/2.0 MB | 0.5/1.4 MB | 909 kB | 151/243 kB | 157 kBProgress (5): 1.5/2.0 MB | 0.5/1.4 MB | 909 kB | 151/243 kB | 157 kB                                                                    Downloaded from central: https://repo.maven.apache.org/maven2/org/apache/httpcomponents/core5/httpcore5/5.3.6/httpcore5-5.3.6.jar (909 kB at 380 kB/s)
Downloading from central: https://repo.maven.apache.org/maven2/org/antlr/antlr4-runtime/4.7.2/antlr4-runtime-4.7.2.jar
Downloaded from central: https://repo.maven.apache.org/maven2/org/tomlj/tomlj/1.0.0/tomlj-1.0.0.jar (157 kB at 66 kB/s)
Downloading from central: https://repo.maven.apache.org/maven2/com/google/code/findbugs/jsr305/3.0.2/jsr305-3.0.2.jar
Progress (3): 1.5/2.0 MB | 0.5/1.4 MB | 155/243 kBProgress (3): 1.5/2.0 MB | 0.5/1.4 MB | 155/243 kBProgress (3): 1.5/2.0 MB | 0.5/1.4 MB | 159/243 kBProgress (3): 1.5/2.0 MB | 0.5/1.4 MB | 159/243 kBProgress (3): 1.5/2.0 MB | 0.5/1.4 MB | 163/243 kBProgress (3): 1.5/2.0 MB | 0.5/1.4 MB | 167/243 kBProgress (3): 1.5/2.0 MB | 0.5/1.4 MB | 167/243 kBProgress (3): 1.6/2.0 MB | 0.5/1.4 MB | 167/243 kBProgress (3): 1.6/2.0 MB | 0.5/1.4 MB | 167/243 kBProgress (3): 1.6/2.0 MB | 0.5/1.4 MB | 167/243 kBProgress (3): 1.6/2.0 MB | 0.5/1.4 MB | 171/243 kBProgress (3): 1.6/2.0 MB | 0.5/1.4 MB | 171/243 kBProgress (3): 1.6/2.0 MB | 0.5/1.4 MB | 175/243 kBProgress (3): 1.6/2.0 MB | 0.5/1.4 MB | 179/243 kBProgress (3): 1.6/2.0 MB | 0.5/1.4 MB | 183/243 kBProgress (3): 1.6/2.0 MB | 0.5/1.4 MB | 183/243 kBProgress (3): 1.6/2.0 MB | 0.5/1.4 MB | 187/243 kBProgress (3): 1.6/2.0 MB | 0.5/1.4 MB | 192/243 kBProgress (3): 1.6/2.0 MB | 0.5/1.4 MB | 192/243 kBProgress (3): 1.6/2.0 MB | 0.5/1.4 MB | 196/243 kBProgress (3): 1.6/2.0 MB | 0.5/1.4 MB | 196/243 kBProgress (3): 1.6/2.0 MB | 0.5/1.4 MB | 200/243 kBProgress (4): 1.6/2.0 MB | 0.5/1.4 MB | 200/243 kB | 4.1/338 kBProgress (4): 1.6/2.0 MB | 0.5/1.4 MB | 200/243 kB | 7.7/338 kBProgress (4): 1.6/2.0 MB | 0.5/1.4 MB | 200/243 kB | 11/338 kB Progress (4): 1.6/2.0 MB | 0.5/1.4 MB | 200/243 kB | 11/338 kBProgress (4): 1.6/2.0 MB | 0.5/1.4 MB | 200/243 kB | 11/338 kBProgress (4): 1.6/2.0 MB | 0.5/1.4 MB | 200/243 kB | 11/338 kBProgress (4): 1.6/2.0 MB | 0.5/1.4 MB | 200/243 kB | 11/338 kBProgress (4): 1.6/2.0 MB | 0.5/1.4 MB | 200/243 kB | 15/338 kBProgress (4): 1.6/2.0 MB | 0.5/1.4 MB | 204/243 kB | 15/338 kBProgress (4): 1.6/2.0 MB | 0.5/1.4 MB | 208/243 kB | 15/338 kBProgress (4): 1.6/2.0 MB | 0.5/1.4 MB | 208/243 kB | 20/338 kBProgress (4): 1.6/2.0 MB | 0.5/1.4 MB | 208/243 kB | 24/338 kBProgress (4): 1.6/2.0 MB | 0.5/1.4 MB | 212/243 kB | 24/338 kBProgress (4): 1.6/2.0 MB | 0.5/1.4 MB | 216/243 kB | 24/338 kBProgress (4): 1.6/2.0 MB | 0.5/1.4 MB | 216/243 kB | 28/338 kBProgress (4): 1.6/2.0 MB | 0.5/1.4 MB | 216/243 kB | 28/338 kBProgress (4): 1.6/2.0 MB | 0.5/1.4 MB | 216/243 kB | 28/338 kBProgress (4): 1.6/2.0 MB | 0.5/1.4 MB | 216/243 kB | 32/338 kBProgress (4): 1.6/2.0 MB | 0.5/1.4 MB | 216/243 kB | 36/338 kBProgress (4): 1.6/2.0 MB | 0.5/1.4 MB | 216/243 kB | 40/338 kBProgress (4): 1.6/2.0 MB | 0.5/1.4 MB | 216/243 kB | 44/338 kBProgress (5): 1.6/2.0 MB | 0.5/1.4 MB | 216/243 kB | 44/338 kB | 4.1/20 kBProgress (5): 1.6/2.0 MB | 0.5/1.4 MB | 216/243 kB | 44/338 kB | 7.7/20 kBProgress (5): 1.6/2.0 MB | 0.5/1.4 MB | 216/243 kB | 44/338 kB | 12/20 kB Progress (5): 1.6/2.0 MB | 0.5/1.4 MB | 216/243 kB | 44/338 kB | 16/20 kBProgress (5): 1.6/2.0 MB | 0.5/1.4 MB | 216/243 kB | 44/338 kB | 20 kB   Progress (5): 1.6/2.0 MB | 0.5/1.4 MB | 220/243 kB | 44/338 kB | 20 kBProgress (5): 1.6/2.0 MB | 0.5/1.4 MB | 224/243 kB | 44/338 kB | 20 kBProgress (5): 1.6/2.0 MB | 0.5/1.4 MB | 228/243 kB | 44/338 kB | 20 kBProgress (5): 1.6/2.0 MB | 0.5/1.4 MB | 233/243 kB | 44/338 kB | 20 kBProgress (5): 1.6/2.0 MB | 0.5/1.4 MB | 233/243 kB | 48/338 kB | 20 kBProgress (5): 1.6/2.0 MB | 0.5/1.4 MB | 233/243 kB | 52/338 kB | 20 kBProgress (5): 1.6/2.0 MB | 0.5/1.4 MB | 233/243 kB | 56/338 kB | 20 kBProgress (5): 1.6/2.0 MB | 0.5/1.4 MB | 233/243 kB | 60/338 kB | 20 kBProgress (5): 1.6/2.0 MB | 0.5/1.4 MB | 237/243 kB | 60/338 kB | 20 kBProgress (5): 1.6/2.0 MB | 0.5/1.4 MB | 237/243 kB | 60/338 kB | 20 kBProgress (5): 1.6/2.0 MB | 0.5/1.4 MB | 241/243 kB | 60/338 kB | 20 kBProgress (5): 1.6/2.0 MB | 0.5/1.4 MB | 241/243 kB | 60/338 kB | 20 kBProgress (5): 1.6/2.0 MB | 0.5/1.4 MB | 243 kB | 60/338 kB | 20 kB    Progress (5): 1.6/2.0 MB | 0.5/1.4 MB | 243 kB | 65/338 kB | 20 kBProgress (5): 1.6/2.0 MB | 0.5/1.4 MB | 243 kB | 65/338 kB | 20 kBProgress (5): 1.6/2.0 MB | 0.5/1.4 MB | 243 kB | 65/338 kB | 20 kBProgress (5): 1.6/2.0 MB | 0.5/1.4 MB | 243 kB | 69/338 kB | 20 kBProgress (5): 1.6/2.0 MB | 0.5/1.4 MB | 243 kB | 69/338 kB | 20 kBProgress (5): 1.6/2.0 MB | 0.5/1.4 MB | 243 kB | 69/338 kB | 20 kBProgress (5): 1.6/2.0 MB | 0.5/1.4 MB | 243 kB | 73/338 kB | 20 kBProgress (5): 1.6/2.0 MB | 0.5/1.4 MB | 243 kB | 77/338 kB | 20 kBProgress (5): 1.6/2.0 MB | 0.5/1.4 MB | 243 kB | 81/338 kB | 20 kBProgress (5): 1.6/2.0 MB | 0.5/1.4 MB | 243 kB | 85/338 kB | 20 kBProgress (5): 1.6/2.0 MB | 0.5/1.4 MB | 243 kB | 89/338 kB | 20 kBProgress (5): 1.6/2.0 MB | 0.5/1.4 MB | 243 kB | 93/338 kB | 20 kBProgress (5): 1.6/2.0 MB | 0.5/1.4 MB | 243 kB | 97/338 kB | 20 kBProgress (5): 1.7/2.0 MB | 0.5/1.4 MB | 243 kB | 97/338 kB | 20 kBProgress (5): 1.7/2.0 MB | 0.5/1.4 MB | 243 kB | 101/338 kB | 20 kBProgress (5): 1.7/2.0 MB | 0.5/1.4 MB | 243 kB | 106/338 kB | 20 kBProgress (5): 1.7/2.0 MB | 0.5/1.4 MB | 243 kB | 110/338 kB | 20 kBProgress (5): 1.7/2.0 MB | 0.5/1.4 MB | 243 kB | 110/338 kB | 20 kBProgress (5): 1.7/2.0 MB | 0.5/1.4 MB | 243 kB | 114/338 kB | 20 kBProgress (5): 1.7/2.0 MB | 0.5/1.4 MB | 243 kB | 114/338 kB | 20 kBProgress (5): 1.7/2.0 MB | 0.5/1.4 MB | 243 kB | 114/338 kB | 20 kBProgress (5): 1.7/2.0 MB | 0.6/1.4 MB | 243 kB | 114/338 kB | 20 kBProgress (5): 1.7/2.0 MB | 0.6/1.4 MB | 243 kB | 114/338 kB | 20 kBProgress (5): 1.7/2.0 MB | 0.6/1.4 MB | 243 kB | 118/338 kB | 20 kBProgress (5): 1.7/2.0 MB | 0.6/1.4 MB | 243 kB | 122/338 kB | 20 kBProgress (5): 1.7/2.0 MB | 0.6/1.4 MB | 243 kB | 126/338 kB | 20 kBProgress (5): 1.7/2.0 MB | 0.6/1.4 MB | 243 kB | 130/338 kB | 20 kB                                                                   Downloaded from central: https://repo.maven.apache.org/maven2/com/google/code/findbugs/jsr305/3.0.2/jsr305-3.0.2.jar (20 kB at 7.8 kB/s)
Downloading from central: https://repo.maven.apache.org/maven2/org/springframework/boot/spring-boot-loader-tools/3.5.15/spring-boot-loader-tools-3.5.15.jar
Progress (4): 1.7/2.0 MB | 0.6/1.4 MB | 243 kB | 134/338 kBProgress (4): 1.7/2.0 MB | 0.6/1.4 MB | 243 kB | 134/338 kBProgress (4): 1.7/2.0 MB | 0.6/1.4 MB | 243 kB | 138/338 kBProgress (4): 1.7/2.0 MB | 0.6/1.4 MB | 243 kB | 142/338 kBProgress (4): 1.7/2.0 MB | 0.6/1.4 MB | 243 kB | 147/338 kBProgress (4): 1.7/2.0 MB | 0.6/1.4 MB | 243 kB | 147/338 kB                                                           Downloaded from central: https://repo.maven.apache.org/maven2/org/apache/httpcomponents/core5/httpcore5-h2/5.3.6/httpcore5-h2-5.3.6.jar (243 kB at 95 kB/s)
Downloading from central: https://repo.maven.apache.org/maven2/org/apache/maven/plugins/maven-shade-plugin/3.6.0/maven-shade-plugin-3.6.0.jar
Progress (3): 1.7/2.0 MB | 0.6/1.4 MB | 151/338 kBProgress (3): 1.7/2.0 MB | 0.6/1.4 MB | 151/338 kBProgress (3): 1.7/2.0 MB | 0.6/1.4 MB | 155/338 kBProgress (3): 1.7/2.0 MB | 0.6/1.4 MB | 159/338 kBProgress (3): 1.7/2.0 MB | 0.6/1.4 MB | 163/338 kBProgress (3): 1.7/2.0 MB | 0.6/1.4 MB | 163/338 kBProgress (3): 1.7/2.0 MB | 0.6/1.4 MB | 163/338 kBProgress (3): 1.7/2.0 MB | 0.6/1.4 MB | 163/338 kBProgress (3): 1.7/2.0 MB | 0.6/1.4 MB | 167/338 kBProgress (3): 1.7/2.0 MB | 0.6/1.4 MB | 171/338 kBProgress (3): 1.7/2.0 MB | 0.6/1.4 MB | 175/338 kBProgress (3): 1.7/2.0 MB | 0.6/1.4 MB | 179/338 kBProgress (3): 1.7/2.0 MB | 0.6/1.4 MB | 179/338 kBProgress (3): 1.7/2.0 MB | 0.6/1.4 MB | 179/338 kBProgress (3): 1.7/2.0 MB | 0.6/1.4 MB | 183/338 kBProgress (3): 1.7/2.0 MB | 0.6/1.4 MB | 187/338 kBProgress (3): 1.7/2.0 MB | 0.6/1.4 MB | 192/338 kBProgress (3): 1.7/2.0 MB | 0.6/1.4 MB | 196/338 kBProgress (3): 1.7/2.0 MB | 0.6/1.4 MB | 196/338 kBProgress (3): 1.7/2.0 MB | 0.6/1.4 MB | 196/338 kBProgress (3): 1.7/2.0 MB | 0.6/1.4 MB | 200/338 kBProgress (3): 1.7/2.0 MB | 0.6/1.4 MB | 204/338 kBProgress (3): 1.7/2.0 MB | 0.6/1.4 MB | 208/338 kBProgress (3): 1.7/2.0 MB | 0.6/1.4 MB | 212/338 kBProgress (3): 1.7/2.0 MB | 0.6/1.4 MB | 216/338 kBProgress (3): 1.7/2.0 MB | 0.6/1.4 MB | 220/338 kBProgress (3): 1.7/2.0 MB | 0.6/1.4 MB | 224/338 kBProgress (3): 1.7/2.0 MB | 0.6/1.4 MB | 228/338 kBProgress (3): 1.8/2.0 MB | 0.6/1.4 MB | 228/338 kBProgress (3): 1.8/2.0 MB | 0.6/1.4 MB | 228/338 kBProgress (4): 1.8/2.0 MB | 0.6/1.4 MB | 228/338 kB | 4.1/468 kBProgress (4): 1.8/2.0 MB | 0.6/1.4 MB | 228/338 kB | 7.7/468 kBProgress (4): 1.8/2.0 MB | 0.6/1.4 MB | 228/338 kB | 11/468 kB Progress (4): 1.8/2.0 MB | 0.6/1.4 MB | 228/338 kB | 11/468 kBProgress (5): 1.8/2.0 MB | 0.6/1.4 MB | 228/338 kB | 11/468 kB | 4.1/150 kBProgress (5): 1.8/2.0 MB | 0.6/1.4 MB | 228/338 kB | 11/468 kB | 4.1/150 kBProgress (5): 1.8/2.0 MB | 0.6/1.4 MB | 228/338 kB | 11/468 kB | 7.7/150 kBProgress (5): 1.8/2.0 MB | 0.6/1.4 MB | 233/338 kB | 11/468 kB | 7.7/150 kBProgress (5): 1.8/2.0 MB | 0.6/1.4 MB | 237/338 kB | 11/468 kB | 7.7/150 kBProgress (5): 1.8/2.0 MB | 0.6/1.4 MB | 241/338 kB | 11/468 kB | 7.7/150 kBProgress (5): 1.8/2.0 MB | 0.6/1.4 MB | 245/338 kB | 11/468 kB | 7.7/150 kBProgress (5): 1.8/2.0 MB | 0.6/1.4 MB | 245/338 kB | 11/468 kB | 7.7/150 kBProgress (5): 1.8/2.0 MB | 0.6/1.4 MB | 245/338 kB | 11/468 kB | 7.7/150 kBProgress (5): 1.8/2.0 MB | 0.6/1.4 MB | 245/338 kB | 15/468 kB | 7.7/150 kBProgress (5): 1.8/2.0 MB | 0.6/1.4 MB | 245/338 kB | 20/468 kB | 7.7/150 kBProgress (5): 1.8/2.0 MB | 0.6/1.4 MB | 245/338 kB | 24/468 kB | 7.7/150 kBProgress (5): 1.8/2.0 MB | 0.6/1.4 MB | 245/338 kB | 28/468 kB | 7.7/150 kBProgress (5): 1.8/2.0 MB | 0.6/1.4 MB | 249/338 kB | 28/468 kB | 7.7/150 kBProgress (5): 1.8/2.0 MB | 0.6/1.4 MB | 253/338 kB | 28/468 kB | 7.7/150 kBProgress (5): 1.8/2.0 MB | 0.6/1.4 MB | 257/338 kB | 28/468 kB | 7.7/150 kBProgress (5): 1.8/2.0 MB | 0.6/1.4 MB | 261/338 kB | 28/468 kB | 7.7/150 kBProgress (5): 1.8/2.0 MB | 0.6/1.4 MB | 261/338 kB | 28/468 kB | 12/150 kB Progress (5): 1.8/2.0 MB | 0.6/1.4 MB | 261/338 kB | 28/468 kB | 12/150 kBProgress (5): 1.8/2.0 MB | 0.6/1.4 MB | 261/338 kB | 32/468 kB | 12/150 kBProgress (5): 1.8/2.0 MB | 0.6/1.4 MB | 261/338 kB | 32/468 kB | 12/150 kBProgress (5): 1.8/2.0 MB | 0.6/1.4 MB | 261/338 kB | 32/468 kB | 16/150 kBProgress (5): 1.8/2.0 MB | 0.6/1.4 MB | 261/338 kB | 32/468 kB | 20/150 kBProgress (5): 1.8/2.0 MB | 0.6/1.4 MB | 261/338 kB | 32/468 kB | 24/150 kBProgress (5): 1.8/2.0 MB | 0.6/1.4 MB | 261/338 kB | 36/468 kB | 24/150 kBProgress (5): 1.8/2.0 MB | 0.6/1.4 MB | 261/338 kB | 40/468 kB | 24/150 kBProgress (5): 1.8/2.0 MB | 0.6/1.4 MB | 261/338 kB | 44/468 kB | 24/150 kBProgress (5): 1.8/2.0 MB | 0.6/1.4 MB | 265/338 kB | 44/468 kB | 24/150 kBProgress (5): 1.8/2.0 MB | 0.6/1.4 MB | 269/338 kB | 44/468 kB | 24/150 kBProgress (5): 1.8/2.0 MB | 0.6/1.4 MB | 273/338 kB | 44/468 kB | 24/150 kBProgress (5): 1.8/2.0 MB | 0.6/1.4 MB | 278/338 kB | 44/468 kB | 24/150 kBProgress (5): 1.8/2.0 MB | 0.6/1.4 MB | 278/338 kB | 44/468 kB | 28/150 kBProgress (5): 1.8/2.0 MB | 0.6/1.4 MB | 278/338 kB | 44/468 kB | 28/150 kBProgress (5): 1.8/2.0 MB | 0.6/1.4 MB | 278/338 kB | 44/468 kB | 32/150 kBProgress (5): 1.8/2.0 MB | 0.6/1.4 MB | 278/338 kB | 44/468 kB | 32/150 kBProgress (5): 1.8/2.0 MB | 0.6/1.4 MB | 278/338 kB | 44/468 kB | 36/150 kBProgress (5): 1.8/2.0 MB | 0.6/1.4 MB | 278/338 kB | 44/468 kB | 40/150 kBProgress (5): 1.8/2.0 MB | 0.6/1.4 MB | 278/338 kB | 48/468 kB | 40/150 kBProgress (5): 1.8/2.0 MB | 0.6/1.4 MB | 278/338 kB | 48/468 kB | 40/150 kBProgress (5): 1.8/2.0 MB | 0.6/1.4 MB | 278/338 kB | 52/468 kB | 40/150 kBProgress (5): 1.8/2.0 MB | 0.6/1.4 MB | 278/338 kB | 52/468 kB | 40/150 kBProgress (5): 1.8/2.0 MB | 0.6/1.4 MB | 278/338 kB | 56/468 kB | 40/150 kBProgress (5): 1.8/2.0 MB | 0.6/1.4 MB | 278/338 kB | 61/468 kB | 40/150 kBProgress (5): 1.8/2.0 MB | 0.6/1.4 MB | 282/338 kB | 61/468 kB | 40/150 kBProgress (5): 1.8/2.0 MB | 0.6/1.4 MB | 286/338 kB | 61/468 kB | 40/150 kBProgress (5): 1.8/2.0 MB | 0.6/1.4 MB | 290/338 kB | 61/468 kB | 40/150 kBProgress (5): 1.8/2.0 MB | 0.6/1.4 MB | 294/338 kB | 61/468 kB | 40/150 kBProgress (5): 1.8/2.0 MB | 0.6/1.4 MB | 294/338 kB | 65/468 kB | 40/150 kBProgress (5): 1.8/2.0 MB | 0.6/1.4 MB | 298/338 kB | 65/468 kB | 40/150 kBProgress (5): 1.8/2.0 MB | 0.6/1.4 MB | 302/338 kB | 65/468 kB | 40/150 kBProgress (5): 1.8/2.0 MB | 0.6/1.4 MB | 306/338 kB | 65/468 kB | 40/150 kBProgress (5): 1.8/2.0 MB | 0.6/1.4 MB | 306/338 kB | 69/468 kB | 40/150 kBProgress (5): 1.8/2.0 MB | 0.6/1.4 MB | 306/338 kB | 73/468 kB | 40/150 kBProgress (5): 1.8/2.0 MB | 0.6/1.4 MB | 310/338 kB | 73/468 kB | 40/150 kBProgress (5): 1.8/2.0 MB | 0.6/1.4 MB | 310/338 kB | 77/468 kB | 40/150 kBProgress (5): 1.8/2.0 MB | 0.6/1.4 MB | 310/338 kB | 77/468 kB | 40/150 kBProgress (5): 1.8/2.0 MB | 0.6/1.4 MB | 310/338 kB | 77/468 kB | 40/150 kBProgress (5): 1.8/2.0 MB | 0.6/1.4 MB | 310/338 kB | 77/468 kB | 45/150 kBProgress (5): 1.8/2.0 MB | 0.6/1.4 MB | 310/338 kB | 77/468 kB | 49/150 kBProgress (5): 1.8/2.0 MB | 0.6/1.4 MB | 310/338 kB | 77/468 kB | 53/150 kBProgress (5): 1.8/2.0 MB | 0.6/1.4 MB | 310/338 kB | 77/468 kB | 57/150 kBProgress (5): 1.8/2.0 MB | 0.6/1.4 MB | 314/338 kB | 77/468 kB | 57/150 kBProgress (5): 1.8/2.0 MB | 0.6/1.4 MB | 319/338 kB | 77/468 kB | 57/150 kBProgress (5): 1.8/2.0 MB | 0.6/1.4 MB | 323/338 kB | 77/468 kB | 57/150 kBProgress (5): 1.8/2.0 MB | 0.6/1.4 MB | 327/338 kB | 77/468 kB | 57/150 kBProgress (5): 1.8/2.0 MB | 0.6/1.4 MB | 327/338 kB | 77/468 kB | 57/150 kBProgress (5): 1.8/2.0 MB | 0.6/1.4 MB | 327/338 kB | 81/468 kB | 57/150 kBProgress (5): 1.8/2.0 MB | 0.6/1.4 MB | 327/338 kB | 81/468 kB | 57/150 kBProgress (5): 1.8/2.0 MB | 0.6/1.4 MB | 327/338 kB | 85/468 kB | 57/150 kBProgress (5): 1.8/2.0 MB | 0.6/1.4 MB | 327/338 kB | 89/468 kB | 57/150 kBProgress (5): 1.8/2.0 MB | 0.6/1.4 MB | 327/338 kB | 93/468 kB | 57/150 kBProgress (5): 1.8/2.0 MB | 0.6/1.4 MB | 331/338 kB | 93/468 kB | 57/150 kBProgress (5): 1.8/2.0 MB | 0.6/1.4 MB | 335/338 kB | 93/468 kB | 57/150 kBProgress (5): 1.8/2.0 MB | 0.6/1.4 MB | 338 kB | 93/468 kB | 57/150 kB    Progress (5): 1.8/2.0 MB | 0.6/1.4 MB | 338 kB | 93/468 kB | 57/150 kBProgress (5): 1.8/2.0 MB | 0.6/1.4 MB | 338 kB | 93/468 kB | 57/150 kBProgress (5): 1.8/2.0 MB | 0.6/1.4 MB | 338 kB | 93/468 kB | 61/150 kBProgress (5): 1.8/2.0 MB | 0.6/1.4 MB | 338 kB | 93/468 kB | 65/150 kBProgress (5): 1.8/2.0 MB | 0.6/1.4 MB | 338 kB | 93/468 kB | 69/150 kBProgress (5): 1.8/2.0 MB | 0.6/1.4 MB | 338 kB | 93/468 kB | 73/150 kBProgress (5): 1.8/2.0 MB | 0.6/1.4 MB | 338 kB | 97/468 kB | 73/150 kBProgress (5): 1.8/2.0 MB | 0.6/1.4 MB | 338 kB | 101/468 kB | 73/150 kBProgress (5): 1.8/2.0 MB | 0.6/1.4 MB | 338 kB | 106/468 kB | 73/150 kBProgress (5): 1.8/2.0 MB | 0.6/1.4 MB | 338 kB | 110/468 kB | 73/150 kBProgress (5): 1.8/2.0 MB | 0.6/1.4 MB | 338 kB | 114/468 kB | 73/150 kBProgress (5): 1.8/2.0 MB | 0.6/1.4 MB | 338 kB | 118/468 kB | 73/150 kBProgress (5): 1.8/2.0 MB | 0.6/1.4 MB | 338 kB | 122/468 kB | 73/150 kBProgress (5): 1.8/2.0 MB | 0.6/1.4 MB | 338 kB | 122/468 kB | 77/150 kBProgress (5): 1.8/2.0 MB | 0.6/1.4 MB | 338 kB | 126/468 kB | 77/150 kBProgress (5): 1.8/2.0 MB | 0.6/1.4 MB | 338 kB | 126/468 kB | 81/150 kBProgress (5): 1.8/2.0 MB | 0.6/1.4 MB | 338 kB | 126/468 kB | 86/150 kBProgress (5): 1.8/2.0 MB | 0.6/1.4 MB | 338 kB | 126/468 kB | 90/150 kBProgress (5): 1.8/2.0 MB | 0.6/1.4 MB | 338 kB | 130/468 kB | 90/150 kBProgress (5): 1.8/2.0 MB | 0.6/1.4 MB | 338 kB | 134/468 kB | 90/150 kBProgress (5): 1.8/2.0 MB | 0.6/1.4 MB | 338 kB | 138/468 kB | 90/150 kBProgress (5): 1.8/2.0 MB | 0.6/1.4 MB | 338 kB | 138/468 kB | 90/150 kBProgress (5): 1.8/2.0 MB | 0.6/1.4 MB | 338 kB | 142/468 kB | 90/150 kBProgress (5): 1.8/2.0 MB | 0.6/1.4 MB | 338 kB | 142/468 kB | 90/150 kBProgress (5): 1.8/2.0 MB | 0.6/1.4 MB | 338 kB | 147/468 kB | 90/150 kBProgress (5): 1.8/2.0 MB | 0.6/1.4 MB | 338 kB | 151/468 kB | 90/150 kBProgress (5): 1.8/2.0 MB | 0.6/1.4 MB | 338 kB | 155/468 kB | 90/150 kBProgress (5): 1.8/2.0 MB | 0.6/1.4 MB | 338 kB | 159/468 kB | 90/150 kBProgress (5): 1.9/2.0 MB | 0.6/1.4 MB | 338 kB | 159/468 kB | 90/150 kBProgress (5): 1.9/2.0 MB | 0.6/1.4 MB | 338 kB | 159/468 kB | 90/150 kBProgress (5): 1.9/2.0 MB | 0.6/1.4 MB | 338 kB | 163/468 kB | 90/150 kBProgress (5): 1.9/2.0 MB | 0.6/1.4 MB | 338 kB | 167/468 kB | 90/150 kBProgress (5): 1.9/2.0 MB | 0.6/1.4 MB | 338 kB | 171/468 kB | 90/150 kBProgress (5): 1.9/2.0 MB | 0.6/1.4 MB | 338 kB | 175/468 kB | 90/150 kBProgress (5): 1.9/2.0 MB | 0.6/1.4 MB | 338 kB | 175/468 kB | 94/150 kBProgress (5): 1.9/2.0 MB | 0.6/1.4 MB | 338 kB | 175/468 kB | 94/150 kBProgress (5): 1.9/2.0 MB | 0.6/1.4 MB | 338 kB | 175/468 kB | 98/150 kBProgress (5): 1.9/2.0 MB | 0.7/1.4 MB | 338 kB | 175/468 kB | 98/150 kBProgress (5): 1.9/2.0 MB | 0.7/1.4 MB | 338 kB | 175/468 kB | 102/150 kBProgress (5): 1.9/2.0 MB | 0.7/1.4 MB | 338 kB | 175/468 kB | 106/150 kB                                                                        Downloaded from central: https://repo.maven.apache.org/maven2/org/antlr/antlr4-runtime/4.7.2/antlr4-runtime-4.7.2.jar (338 kB at 122 kB/s)
Downloading from central: https://repo.maven.apache.org/maven2/org/ow2/asm/asm/9.7/asm-9.7.jar
Progress (4): 1.9/2.0 MB | 0.7/1.4 MB | 175/468 kB | 106/150 kBProgress (4): 1.9/2.0 MB | 0.7/1.4 MB | 175/468 kB | 106/150 kBProgress (4): 1.9/2.0 MB | 0.7/1.4 MB | 179/468 kB | 106/150 kBProgress (4): 1.9/2.0 MB | 0.7/1.4 MB | 183/468 kB | 106/150 kBProgress (4): 1.9/2.0 MB | 0.7/1.4 MB | 187/468 kB | 106/150 kBProgress (4): 1.9/2.0 MB | 0.7/1.4 MB | 192/468 kB | 106/150 kBProgress (4): 1.9/2.0 MB | 0.7/1.4 MB | 192/468 kB | 110/150 kBProgress (4): 1.9/2.0 MB | 0.7/1.4 MB | 192/468 kB | 110/150 kBProgress (4): 1.9/2.0 MB | 0.7/1.4 MB | 196/468 kB | 110/150 kBProgress (4): 1.9/2.0 MB | 0.7/1.4 MB | 196/468 kB | 110/150 kBProgress (4): 1.9/2.0 MB | 0.7/1.4 MB | 196/468 kB | 114/150 kBProgress (4): 1.9/2.0 MB | 0.7/1.4 MB | 196/468 kB | 118/150 kBProgress (4): 1.9/2.0 MB | 0.7/1.4 MB | 196/468 kB | 122/150 kBProgress (4): 1.9/2.0 MB | 0.7/1.4 MB | 196/468 kB | 126/150 kBProgress (4): 1.9/2.0 MB | 0.7/1.4 MB | 196/468 kB | 131/150 kBProgress (4): 1.9/2.0 MB | 0.7/1.4 MB | 196/468 kB | 131/150 kBProgress (4): 1.9/2.0 MB | 0.7/1.4 MB | 196/468 kB | 131/150 kBProgress (4): 1.9/2.0 MB | 0.7/1.4 MB | 196/468 kB | 131/150 kBProgress (4): 1.9/2.0 MB | 0.7/1.4 MB | 200/468 kB | 131/150 kBProgress (4): 1.9/2.0 MB | 0.7/1.4 MB | 204/468 kB | 131/150 kBProgress (4): 1.9/2.0 MB | 0.7/1.4 MB | 204/468 kB | 131/150 kBProgress (4): 1.9/2.0 MB | 0.7/1.4 MB | 208/468 kB | 131/150 kBProgress (4): 1.9/2.0 MB | 0.7/1.4 MB | 212/468 kB | 131/150 kBProgress (4): 1.9/2.0 MB | 0.7/1.4 MB | 212/468 kB | 135/150 kBProgress (4): 1.9/2.0 MB | 0.7/1.4 MB | 212/468 kB | 139/150 kBProgress (4): 1.9/2.0 MB | 0.7/1.4 MB | 212/468 kB | 143/150 kBProgress (4): 1.9/2.0 MB | 0.7/1.4 MB | 212/468 kB | 147/150 kBProgress (4): 1.9/2.0 MB | 0.7/1.4 MB | 212/468 kB | 150 kB    Progress (4): 1.9/2.0 MB | 0.7/1.4 MB | 212/468 kB | 150 kBProgress (4): 1.9/2.0 MB | 0.7/1.4 MB | 212/468 kB | 150 kBProgress (4): 1.9/2.0 MB | 0.7/1.4 MB | 216/468 kB | 150 kBProgress (4): 1.9/2.0 MB | 0.7/1.4 MB | 220/468 kB | 150 kBProgress (4): 1.9/2.0 MB | 0.7/1.4 MB | 224/468 kB | 150 kBProgress (4): 1.9/2.0 MB | 0.7/1.4 MB | 228/468 kB | 150 kBProgress (4): 1.9/2.0 MB | 0.7/1.4 MB | 228/468 kB | 150 kBProgress (4): 1.9/2.0 MB | 0.7/1.4 MB | 228/468 kB | 150 kBProgress (4): 1.9/2.0 MB | 0.7/1.4 MB | 228/468 kB | 150 kBProgress (4): 1.9/2.0 MB | 0.7/1.4 MB | 228/468 kB | 150 kBProgress (4): 1.9/2.0 MB | 0.7/1.4 MB | 233/468 kB | 150 kBProgress (4): 1.9/2.0 MB | 0.7/1.4 MB | 237/468 kB | 150 kBProgress (4): 2.0/2.0 MB | 0.7/1.4 MB | 237/468 kB | 150 kBProgress (4): 2.0/2.0 MB | 0.7/1.4 MB | 241/468 kB | 150 kBProgress (4): 2.0/2.0 MB | 0.7/1.4 MB | 245/468 kB | 150 kBProgress (4): 2.0/2.0 MB | 0.7/1.4 MB | 245/468 kB | 150 kBProgress (5): 2.0/2.0 MB | 0.7/1.4 MB | 245/468 kB | 150 kB | 4.1/125 kBProgress (5): 2.0/2.0 MB | 0.7/1.4 MB | 245/468 kB | 150 kB | 7.7/125 kBProgress (5): 2.0/2.0 MB | 0.7/1.4 MB | 249/468 kB | 150 kB | 7.7/125 kBProgress (5): 2.0/2.0 MB | 0.7/1.4 MB | 253/468 kB | 150 kB | 7.7/125 kBProgress (5): 2.0/2.0 MB | 0.7/1.4 MB | 257/468 kB | 150 kB | 7.7/125 kBProgress (5): 2.0/2.0 MB | 0.7/1.4 MB | 261/468 kB | 150 kB | 7.7/125 kBProgress (5): 2.0/2.0 MB | 0.7/1.4 MB | 261/468 kB | 150 kB | 7.7/125 kBProgress (5): 2.0/2.0 MB | 0.7/1.4 MB | 261/468 kB | 150 kB | 7.7/125 kBProgress (5): 2.0/2.0 MB | 0.7/1.4 MB | 261/468 kB | 150 kB | 12/125 kB Progress (5): 2.0/2.0 MB | 0.7/1.4 MB | 261/468 kB | 150 kB | 16/125 kBProgress (5): 2.0/2.0 MB | 0.7/1.4 MB | 261/468 kB | 150 kB | 16/125 kBProgress (5): 2.0/2.0 MB | 0.7/1.4 MB | 261/468 kB | 150 kB | 20/125 kBProgress (5): 2.0/2.0 MB | 0.7/1.4 MB | 261/468 kB | 150 kB | 20/125 kBProgress (5): 2.0/2.0 MB | 0.7/1.4 MB | 261/468 kB | 150 kB | 24/125 kBProgress (5): 2.0/2.0 MB | 0.7/1.4 MB | 265/468 kB | 150 kB | 24/125 kBProgress (5): 2.0/2.0 MB | 0.7/1.4 MB | 269/468 kB | 150 kB | 24/125 kBProgress (5): 2.0/2.0 MB | 0.7/1.4 MB | 274/468 kB | 150 kB | 24/125 kBProgress (5): 2.0/2.0 MB | 0.7/1.4 MB | 278/468 kB | 150 kB | 24/125 kBProgress (5): 2.0/2.0 MB | 0.7/1.4 MB | 278/468 kB | 150 kB | 28/125 kBProgress (5): 2.0/2.0 MB | 0.7/1.4 MB | 278/468 kB | 150 kB | 28/125 kBProgress (5): 2.0/2.0 MB | 0.7/1.4 MB | 278/468 kB | 150 kB | 32/125 kBProgress (5): 2.0/2.0 MB | 0.7/1.4 MB | 278/468 kB | 150 kB | 36/125 kBProgress (5): 2.0/2.0 MB | 0.7/1.4 MB | 278/468 kB | 150 kB | 40/125 kBProgress (5): 2.0/2.0 MB | 0.7/1.4 MB | 278/468 kB | 150 kB | 40/125 kB                                                                       Downloaded from central: https://repo.maven.apache.org/maven2/org/apache/maven/plugins/maven-shade-plugin/3.6.0/maven-shade-plugin-3.6.0.jar (150 kB at 52 kB/s)
Progress (4): 2.0/2.0 MB | 0.7/1.4 MB | 278/468 kB | 40/125 kB                                                              Downloading from central: https://repo.maven.apache.org/maven2/org/ow2/asm/asm-commons/9.7/asm-commons-9.7.jar
Progress (4): 2.0 MB | 0.7/1.4 MB | 278/468 kB | 40/125 kBProgress (4): 2.0 MB | 0.7/1.4 MB | 282/468 kB | 40/125 kBProgress (4): 2.0 MB | 0.7/1.4 MB | 286/468 kB | 40/125 kBProgress (4): 2.0 MB | 0.7/1.4 MB | 290/468 kB | 40/125 kBProgress (4): 2.0 MB | 0.7/1.4 MB | 294/468 kB | 40/125 kBProgress (4): 2.0 MB | 0.7/1.4 MB | 294/468 kB | 45/125 kBProgress (4): 2.0 MB | 0.7/1.4 MB | 294/468 kB | 49/125 kBProgress (4): 2.0 MB | 0.7/1.4 MB | 294/468 kB | 53/125 kBProgress (4): 2.0 MB | 0.7/1.4 MB | 294/468 kB | 57/125 kBProgress (4): 2.0 MB | 0.7/1.4 MB | 298/468 kB | 57/125 kBProgress (4): 2.0 MB | 0.7/1.4 MB | 298/468 kB | 61/125 kBProgress (4): 2.0 MB | 0.7/1.4 MB | 298/468 kB | 65/125 kBProgress (4): 2.0 MB | 0.7/1.4 MB | 298/468 kB | 65/125 kBProgress (4): 2.0 MB | 0.7/1.4 MB | 302/468 kB | 65/125 kBProgress (4): 2.0 MB | 0.7/1.4 MB | 302/468 kB | 69/125 kBProgress (4): 2.0 MB | 0.7/1.4 MB | 302/468 kB | 73/125 kBProgress (4): 2.0 MB | 0.7/1.4 MB | 302/468 kB | 73/125 kBProgress (4): 2.0 MB | 0.7/1.4 MB | 306/468 kB | 73/125 kBProgress (4): 2.0 MB | 0.7/1.4 MB | 310/468 kB | 73/125 kBProgress (4): 2.0 MB | 0.7/1.4 MB | 314/468 kB | 73/125 kBProgress (4): 2.0 MB | 0.7/1.4 MB | 314/468 kB | 77/125 kBProgress (4): 2.0 MB | 0.7/1.4 MB | 319/468 kB | 77/125 kBProgress (4): 2.0 MB | 0.7/1.4 MB | 323/468 kB | 77/125 kBProgress (4): 2.0 MB | 0.7/1.4 MB | 327/468 kB | 77/125 kBProgress (4): 2.0 MB | 0.7/1.4 MB | 327/468 kB | 81/125 kBProgress (4): 2.0 MB | 0.7/1.4 MB | 327/468 kB | 86/125 kBProgress (4): 2.0 MB | 0.7/1.4 MB | 327/468 kB | 90/125 kBProgress (4): 2.0 MB | 0.7/1.4 MB | 331/468 kB | 90/125 kBProgress (4): 2.0 MB | 0.7/1.4 MB | 331/468 kB | 94/125 kBProgress (4): 2.0 MB | 0.7/1.4 MB | 331/468 kB | 98/125 kBProgress (4): 2.0 MB | 0.7/1.4 MB | 331/468 kB | 102/125 kBProgress (4): 2.0 MB | 0.7/1.4 MB | 331/468 kB | 106/125 kBProgress (4): 2.0 MB | 0.7/1.4 MB | 335/468 kB | 106/125 kBProgress (4): 2.0 MB | 0.7/1.4 MB | 339/468 kB | 106/125 kBProgress (4): 2.0 MB | 0.7/1.4 MB | 343/468 kB | 106/125 kBProgress (4): 2.0 MB | 0.7/1.4 MB | 343/468 kB | 110/125 kBProgress (4): 2.0 MB | 0.7/1.4 MB | 343/468 kB | 114/125 kBProgress (4): 2.0 MB | 0.7/1.4 MB | 343/468 kB | 118/125 kBProgress (4): 2.0 MB | 0.7/1.4 MB | 343/468 kB | 122/125 kBProgress (4): 2.0 MB | 0.7/1.4 MB | 343/468 kB | 125 kB    Progress (4): 2.0 MB | 0.7/1.4 MB | 343/468 kB | 125 kBProgress (5): 2.0 MB | 0.7/1.4 MB | 343/468 kB | 125 kB | 4.1/73 kBProgress (5): 2.0 MB | 0.7/1.4 MB | 347/468 kB | 125 kB | 4.1/73 kBProgress (5): 2.0 MB | 0.7/1.4 MB | 347/468 kB | 125 kB | 7.7/73 kBProgress (5): 2.0 MB | 0.7/1.4 MB | 347/468 kB | 125 kB | 7.7/73 kBProgress (5): 2.0 MB | 0.7/1.4 MB | 351/468 kB | 125 kB | 7.7/73 kB                                                                   Downloaded from central: https://repo.maven.apache.org/maven2/net/java/dev/jna/jna/5.17.0/jna-5.17.0.jar (2.0 MB at 678 kB/s)
Progress (4): 0.7/1.4 MB | 351/468 kB | 125 kB | 12/73 kBProgress (4): 0.7/1.4 MB | 355/468 kB | 125 kB | 12/73 kB                                                         Downloading from central: https://repo.maven.apache.org/maven2/org/ow2/asm/asm-tree/9.7/asm-tree-9.7.jar
Progress (4): 0.7/1.4 MB | 360/468 kB | 125 kB | 12/73 kBProgress (4): 0.7/1.4 MB | 364/468 kB | 125 kB | 12/73 kBProgress (4): 0.7/1.4 MB | 368/468 kB | 125 kB | 12/73 kBProgress (4): 0.7/1.4 MB | 372/468 kB | 125 kB | 12/73 kBProgress (4): 0.7/1.4 MB | 376/468 kB | 125 kB | 12/73 kBProgress (4): 0.7/1.4 MB | 376/468 kB | 125 kB | 16/73 kBProgress (4): 0.7/1.4 MB | 376/468 kB | 125 kB | 20/73 kBProgress (4): 0.7/1.4 MB | 376/468 kB | 125 kB | 24/73 kBProgress (4): 0.7/1.4 MB | 376/468 kB | 125 kB | 28/73 kBProgress (4): 0.7/1.4 MB | 380/468 kB | 125 kB | 28/73 kBProgress (4): 0.7/1.4 MB | 384/468 kB | 125 kB | 28/73 kBProgress (4): 0.7/1.4 MB | 388/468 kB | 125 kB | 28/73 kBProgress (4): 0.7/1.4 MB | 392/468 kB | 125 kB | 28/73 kBProgress (4): 0.7/1.4 MB | 392/468 kB | 125 kB | 32/73 kBProgress (4): 0.7/1.4 MB | 392/468 kB | 125 kB | 36/73 kBProgress (4): 0.7/1.4 MB | 392/468 kB | 125 kB | 40/73 kBProgress (4): 0.7/1.4 MB | 392/468 kB | 125 kB | 45/73 kBProgress (4): 0.7/1.4 MB | 392/468 kB | 125 kB | 45/73 kBProgress (4): 0.7/1.4 MB | 392/468 kB | 125 kB | 45/73 kBProgress (4): 0.7/1.4 MB | 396/468 kB | 125 kB | 45/73 kBProgress (4): 0.7/1.4 MB | 400/468 kB | 125 kB | 45/73 kBProgress (4): 0.7/1.4 MB | 405/468 kB | 125 kB | 45/73 kBProgress (4): 0.7/1.4 MB | 409/468 kB | 125 kB | 45/73 kBProgress (4): 0.7/1.4 MB | 409/468 kB | 125 kB | 49/73 kBProgress (4): 0.7/1.4 MB | 409/468 kB | 125 kB | 53/73 kBProgress (4): 0.7/1.4 MB | 409/468 kB | 125 kB | 57/73 kBProgress (4): 0.7/1.4 MB | 409/468 kB | 125 kB | 61/73 kBProgress (4): 0.7/1.4 MB | 413/468 kB | 125 kB | 61/73 kBProgress (4): 0.7/1.4 MB | 417/468 kB | 125 kB | 61/73 kBProgress (4): 0.7/1.4 MB | 421/468 kB | 125 kB | 61/73 kBProgress (4): 0.7/1.4 MB | 425/468 kB | 125 kB | 61/73 kBProgress (4): 0.7/1.4 MB | 425/468 kB | 125 kB | 65/73 kBProgress (4): 0.7/1.4 MB | 425/468 kB | 125 kB | 69/73 kBProgress (4): 0.7/1.4 MB | 425/468 kB | 125 kB | 73/73 kBProgress (4): 0.7/1.4 MB | 425/468 kB | 125 kB | 73 kB   Progress (4): 0.7/1.4 MB | 429/468 kB | 125 kB | 73 kBProgress (4): 0.7/1.4 MB | 433/468 kB | 125 kB | 73 kBProgress (4): 0.7/1.4 MB | 437/468 kB | 125 kB | 73 kBProgress (4): 0.7/1.4 MB | 441/468 kB | 125 kB | 73 kBProgress (4): 0.8/1.4 MB | 441/468 kB | 125 kB | 73 kBProgress (4): 0.8/1.4 MB | 441/468 kB | 125 kB | 73 kBProgress (4): 0.8/1.4 MB | 446/468 kB | 125 kB | 73 kBProgress (4): 0.8/1.4 MB | 450/468 kB | 125 kB | 73 kBProgress (4): 0.8/1.4 MB | 454/468 kB | 125 kB | 73 kBProgress (4): 0.8/1.4 MB | 458/468 kB | 125 kB | 73 kBProgress (4): 0.8/1.4 MB | 462/468 kB | 125 kB | 73 kBProgress (4): 0.8/1.4 MB | 466/468 kB | 125 kB | 73 kBProgress (4): 0.8/1.4 MB | 468 kB | 125 kB | 73 kB    Progress (4): 0.8/1.4 MB | 468 kB | 125 kB | 73 kBProgress (4): 0.8/1.4 MB | 468 kB | 125 kB | 73 kB                                                  Downloaded from central: https://repo.maven.apache.org/maven2/org/ow2/asm/asm-commons/9.7/asm-commons-9.7.jar (73 kB at 24 kB/s)
Downloading from central: https://repo.maven.apache.org/maven2/org/jdom/jdom2/2.0.6.1/jdom2-2.0.6.1.jar
Progress (4): 0.8/1.4 MB | 468 kB | 125 kB | 4.1/52 kBProgress (4): 0.8/1.4 MB | 468 kB | 125 kB | 7.7/52 kB                                                      Downloaded from central: https://repo.maven.apache.org/maven2/org/ow2/asm/asm/9.7/asm-9.7.jar (125 kB at 41 kB/s)
Downloading from central: https://repo.maven.apache.org/maven2/org/vafer/jdependency/2.10/jdependency-2.10.jar
Progress (3): 0.8/1.4 MB | 468 kB | 7.7/52 kBProgress (3): 0.8/1.4 MB | 468 kB | 7.7/52 kB                                             Downloaded from central: https://repo.maven.apache.org/maven2/org/springframework/boot/spring-boot-loader-tools/3.5.15/spring-boot-loader-tools-3.5.15.jar (468 kB at 151 kB/s)
Progress (2): 0.8/1.4 MB | 12/52 kBProgress (2): 0.8/1.4 MB | 16/52 kBProgress (2): 0.8/1.4 MB | 20/52 kBProgress (2): 0.8/1.4 MB | 24/52 kBProgress (2): 0.8/1.4 MB | 28/52 kBProgress (2): 0.8/1.4 MB | 32/52 kBProgress (2): 0.8/1.4 MB | 36/52 kBProgress (2): 0.8/1.4 MB | 40/52 kBProgress (2): 0.8/1.4 MB | 40/52 kBProgress (2): 0.8/1.4 MB | 40/52 kBProgress (2): 0.8/1.4 MB | 45/52 kBProgress (2): 0.8/1.4 MB | 49/52 kBProgress (2): 0.8/1.4 MB | 52 kB   Progress (2): 0.8/1.4 MB | 52 kBProgress (2): 0.8/1.4 MB | 52 kB                                Downloaded from central: https://repo.maven.apache.org/maven2/org/ow2/asm/asm-tree/9.7/asm-tree-9.7.jar (52 kB at 16 kB/s)
Progress (1): 0.8/1.4 MBProgress (2): 0.8/1.4 MB | 4.1/328 kBProgress (2): 0.8/1.4 MB | 4.1/328 kBProgress (2): 0.8/1.4 MB | 7.7/328 kBProgress (2): 0.8/1.4 MB | 12/328 kB Progress (2): 0.8/1.4 MB | 16/328 kBProgress (3): 0.8/1.4 MB | 16/328 kB | 4.1/416 kBProgress (3): 0.8/1.4 MB | 16/328 kB | 7.7/416 kBProgress (3): 0.8/1.4 MB | 16/328 kB | 11/416 kB Progress (3): 0.8/1.4 MB | 20/328 kB | 11/416 kBProgress (3): 0.8/1.4 MB | 24/328 kB | 11/416 kBProgress (3): 0.8/1.4 MB | 28/328 kB | 11/416 kBProgress (3): 0.8/1.4 MB | 32/328 kB | 11/416 kBProgress (3): 0.8/1.4 MB | 32/328 kB | 15/416 kBProgress (3): 0.8/1.4 MB | 32/328 kB | 20/416 kBProgress (3): 0.8/1.4 MB | 32/328 kB | 24/416 kBProgress (3): 0.8/1.4 MB | 32/328 kB | 28/416 kBProgress (3): 0.8/1.4 MB | 36/328 kB | 28/416 kBProgress (3): 0.8/1.4 MB | 40/328 kB | 28/416 kBProgress (3): 0.9/1.4 MB | 40/328 kB | 28/416 kBProgress (3): 0.9/1.4 MB | 40/328 kB | 28/416 kBProgress (3): 0.9/1.4 MB | 45/328 kB | 28/416 kBProgress (3): 0.9/1.4 MB | 49/328 kB | 28/416 kBProgress (3): 0.9/1.4 MB | 53/328 kB | 28/416 kBProgress (3): 0.9/1.4 MB | 57/328 kB | 28/416 kBProgress (3): 0.9/1.4 MB | 57/328 kB | 32/416 kBProgress (3): 0.9/1.4 MB | 57/328 kB | 36/416 kBProgress (3): 0.9/1.4 MB | 57/328 kB | 40/416 kBProgress (3): 0.9/1.4 MB | 57/328 kB | 44/416 kBProgress (3): 0.9/1.4 MB | 61/328 kB | 44/416 kBProgress (3): 0.9/1.4 MB | 65/328 kB | 44/416 kBProgress (3): 0.9/1.4 MB | 69/328 kB | 44/416 kBProgress (3): 0.9/1.4 MB | 73/328 kB | 44/416 kBProgress (3): 0.9/1.4 MB | 73/328 kB | 48/416 kBProgress (3): 0.9/1.4 MB | 73/328 kB | 52/416 kBProgress (3): 0.9/1.4 MB | 73/328 kB | 56/416 kBProgress (3): 0.9/1.4 MB | 73/328 kB | 61/416 kBProgress (3): 0.9/1.4 MB | 73/328 kB | 61/416 kBProgress (3): 0.9/1.4 MB | 73/328 kB | 61/416 kBProgress (3): 0.9/1.4 MB | 77/328 kB | 61/416 kBProgress (3): 0.9/1.4 MB | 81/328 kB | 61/416 kBProgress (3): 0.9/1.4 MB | 86/328 kB | 61/416 kBProgress (3): 0.9/1.4 MB | 90/328 kB | 61/416 kBProgress (3): 0.9/1.4 MB | 94/328 kB | 61/416 kBProgress (3): 0.9/1.4 MB | 98/328 kB | 61/416 kBProgress (3): 0.9/1.4 MB | 102/328 kB | 61/416 kBProgress (3): 0.9/1.4 MB | 106/328 kB | 61/416 kBProgress (3): 0.9/1.4 MB | 106/328 kB | 65/416 kBProgress (3): 0.9/1.4 MB | 106/328 kB | 69/416 kBProgress (3): 0.9/1.4 MB | 106/328 kB | 73/416 kBProgress (3): 0.9/1.4 MB | 106/328 kB | 77/416 kBProgress (3): 0.9/1.4 MB | 110/328 kB | 77/416 kBProgress (3): 0.9/1.4 MB | 114/328 kB | 77/416 kBProgress (3): 0.9/1.4 MB | 118/328 kB | 77/416 kBProgress (3): 0.9/1.4 MB | 122/328 kB | 77/416 kBProgress (3): 0.9/1.4 MB | 122/328 kB | 77/416 kBProgress (3): 0.9/1.4 MB | 122/328 kB | 77/416 kBProgress (3): 0.9/1.4 MB | 126/328 kB | 77/416 kBProgress (3): 0.9/1.4 MB | 131/328 kB | 77/416 kBProgress (3): 0.9/1.4 MB | 135/328 kB | 77/416 kBProgress (3): 0.9/1.4 MB | 139/328 kB | 77/416 kBProgress (3): 0.9/1.4 MB | 139/328 kB | 81/416 kBProgress (3): 0.9/1.4 MB | 139/328 kB | 85/416 kBProgress (3): 0.9/1.4 MB | 139/328 kB | 89/416 kBProgress (3): 0.9/1.4 MB | 139/328 kB | 93/416 kBProgress (3): 0.9/1.4 MB | 143/328 kB | 93/416 kBProgress (3): 0.9/1.4 MB | 147/328 kB | 93/416 kBProgress (3): 0.9/1.4 MB | 151/328 kB | 93/416 kBProgress (3): 0.9/1.4 MB | 155/328 kB | 93/416 kBProgress (3): 0.9/1.4 MB | 155/328 kB | 93/416 kBProgress (3): 0.9/1.4 MB | 155/328 kB | 93/416 kBProgress (3): 0.9/1.4 MB | 155/328 kB | 97/416 kBProgress (3): 0.9/1.4 MB | 155/328 kB | 101/416 kBProgress (3): 0.9/1.4 MB | 155/328 kB | 106/416 kBProgress (3): 0.9/1.4 MB | 155/328 kB | 110/416 kBProgress (3): 0.9/1.4 MB | 159/328 kB | 110/416 kBProgress (3): 0.9/1.4 MB | 163/328 kB | 110/416 kBProgress (3): 0.9/1.4 MB | 167/328 kB | 110/416 kBProgress (3): 0.9/1.4 MB | 172/328 kB | 110/416 kBProgress (3): 0.9/1.4 MB | 176/328 kB | 110/416 kBProgress (3): 0.9/1.4 MB | 180/328 kB | 110/416 kBProgress (3): 0.9/1.4 MB | 184/328 kB | 110/416 kBProgress (3): 0.9/1.4 MB | 188/328 kB | 110/416 kBProgress (3): 0.9/1.4 MB | 188/328 kB | 114/416 kBProgress (3): 0.9/1.4 MB | 188/328 kB | 118/416 kBProgress (3): 0.9/1.4 MB | 188/328 kB | 122/416 kBProgress (3): 0.9/1.4 MB | 188/328 kB | 126/416 kBProgress (3): 0.9/1.4 MB | 188/328 kB | 130/416 kBProgress (3): 0.9/1.4 MB | 188/328 kB | 134/416 kBProgress (3): 0.9/1.4 MB | 188/328 kB | 134/416 kBProgress (3): 0.9/1.4 MB | 188/328 kB | 134/416 kBProgress (3): 0.9/1.4 MB | 192/328 kB | 134/416 kBProgress (3): 0.9/1.4 MB | 196/328 kB | 134/416 kBProgress (3): 0.9/1.4 MB | 200/328 kB | 134/416 kBProgress (3): 0.9/1.4 MB | 204/328 kB | 134/416 kBProgress (3): 0.9/1.4 MB | 204/328 kB | 138/416 kBProgress (3): 0.9/1.4 MB | 204/328 kB | 142/416 kBProgress (3): 0.9/1.4 MB | 204/328 kB | 147/416 kBProgress (3): 0.9/1.4 MB | 208/328 kB | 147/416 kBProgress (3): 0.9/1.4 MB | 208/328 kB | 151/416 kBProgress (3): 0.9/1.4 MB | 213/328 kB | 151/416 kBProgress (3): 0.9/1.4 MB | 217/328 kB | 151/416 kBProgress (3): 0.9/1.4 MB | 221/328 kB | 151/416 kBProgress (3): 0.9/1.4 MB | 221/328 kB | 155/416 kBProgress (3): 0.9/1.4 MB | 225/328 kB | 155/416 kBProgress (3): 0.9/1.4 MB | 229/328 kB | 155/416 kBProgress (3): 0.9/1.4 MB | 233/328 kB | 155/416 kBProgress (3): 0.9/1.4 MB | 237/328 kB | 155/416 kBProgress (3): 0.9/1.4 MB | 237/328 kB | 159/416 kBProgress (3): 0.9/1.4 MB | 237/328 kB | 163/416 kBProgress (3): 0.9/1.4 MB | 237/328 kB | 167/416 kBProgress (3): 0.9/1.4 MB | 237/328 kB | 167/416 kBProgress (3): 0.9/1.4 MB | 237/328 kB | 167/416 kBProgress (3): 0.9/1.4 MB | 241/328 kB | 167/416 kBProgress (3): 0.9/1.4 MB | 245/328 kB | 167/416 kBProgress (3): 0.9/1.4 MB | 249/328 kB | 167/416 kBProgress (3): 0.9/1.4 MB | 253/328 kB | 167/416 kBProgress (3): 0.9/1.4 MB | 253/328 kB | 171/416 kBProgress (3): 0.9/1.4 MB | 253/328 kB | 175/416 kBProgress (3): 0.9/1.4 MB | 253/328 kB | 179/416 kBProgress (3): 0.9/1.4 MB | 253/328 kB | 183/416 kBProgress (3): 0.9/1.4 MB | 258/328 kB | 183/416 kBProgress (3): 0.9/1.4 MB | 262/328 kB | 183/416 kBProgress (3): 0.9/1.4 MB | 266/328 kB | 183/416 kBProgress (3): 0.9/1.4 MB | 270/328 kB | 183/416 kBProgress (3): 1.0/1.4 MB | 270/328 kB | 183/416 kBProgress (3): 1.0/1.4 MB | 274/328 kB | 183/416 kBProgress (3): 1.0/1.4 MB | 278/328 kB | 183/416 kBProgress (3): 1.0/1.4 MB | 278/328 kB | 183/416 kBProgress (3): 1.0/1.4 MB | 282/328 kB | 183/416 kBProgress (3): 1.0/1.4 MB | 286/328 kB | 183/416 kBProgress (3): 1.0/1.4 MB | 286/328 kB | 187/416 kBProgress (3): 1.0/1.4 MB | 286/328 kB | 192/416 kBProgress (3): 1.0/1.4 MB | 286/328 kB | 196/416 kBProgress (3): 1.0/1.4 MB | 286/328 kB | 200/416 kBProgress (3): 1.0/1.4 MB | 290/328 kB | 200/416 kBProgress (3): 1.0/1.4 MB | 294/328 kB | 200/416 kBProgress (3): 1.0/1.4 MB | 299/328 kB | 200/416 kBProgress (3): 1.0/1.4 MB | 303/328 kB | 200/416 kBProgress (3): 1.0/1.4 MB | 303/328 kB | 204/416 kBProgress (3): 1.0/1.4 MB | 303/328 kB | 208/416 kBProgress (3): 1.0/1.4 MB | 303/328 kB | 212/416 kBProgress (3): 1.0/1.4 MB | 303/328 kB | 216/416 kBProgress (3): 1.0/1.4 MB | 307/328 kB | 216/416 kBProgress (3): 1.0/1.4 MB | 311/328 kB | 216/416 kBProgress (3): 1.0/1.4 MB | 315/328 kB | 216/416 kBProgress (3): 1.0/1.4 MB | 319/328 kB | 216/416 kBProgress (3): 1.0/1.4 MB | 319/328 kB | 216/416 kBProgress (3): 1.0/1.4 MB | 319/328 kB | 216/416 kBProgress (3): 1.0/1.4 MB | 323/328 kB | 216/416 kBProgress (3): 1.0/1.4 MB | 327/328 kB | 216/416 kBProgress (3): 1.0/1.4 MB | 328 kB | 216/416 kB    Progress (3): 1.0/1.4 MB | 328 kB | 220/416 kBProgress (3): 1.0/1.4 MB | 328 kB | 224/416 kBProgress (3): 1.0/1.4 MB | 328 kB | 228/416 kBProgress (3): 1.0/1.4 MB | 328 kB | 233/416 kBProgress (3): 1.0/1.4 MB | 328 kB | 233/416 kBProgress (3): 1.0/1.4 MB | 328 kB | 233/416 kBProgress (3): 1.0/1.4 MB | 328 kB | 237/416 kBProgress (3): 1.0/1.4 MB | 328 kB | 241/416 kBProgress (3): 1.0/1.4 MB | 328 kB | 245/416 kBProgress (3): 1.0/1.4 MB | 328 kB | 249/416 kBProgress (3): 1.0/1.4 MB | 328 kB | 253/416 kBProgress (3): 1.0/1.4 MB | 328 kB | 257/416 kBProgress (3): 1.0/1.4 MB | 328 kB | 261/416 kBProgress (3): 1.0/1.4 MB | 328 kB | 265/416 kBProgress (3): 1.0/1.4 MB | 328 kB | 269/416 kBProgress (3): 1.0/1.4 MB | 328 kB | 274/416 kBProgress (3): 1.0/1.4 MB | 328 kB | 274/416 kBProgress (3): 1.0/1.4 MB | 328 kB | 274/416 kBProgress (3): 1.0/1.4 MB | 328 kB | 278/416 kBProgress (3): 1.0/1.4 MB | 328 kB | 282/416 kBProgress (3): 1.0/1.4 MB | 328 kB | 286/416 kBProgress (3): 1.0/1.4 MB | 328 kB | 290/416 kBProgress (3): 1.0/1.4 MB | 328 kB | 294/416 kBProgress (3): 1.0/1.4 MB | 328 kB | 298/416 kBProgress (3): 1.0/1.4 MB | 328 kB | 298/416 kBProgress (3): 1.0/1.4 MB | 328 kB | 298/416 kB                                              Downloaded from central: https://repo.maven.apache.org/maven2/org/jdom/jdom2/2.0.6.1/jdom2-2.0.6.1.jar (328 kB at 93 kB/s)
Progress (2): 1.0/1.4 MB | 302/416 kBProgress (2): 1.0/1.4 MB | 306/416 kBProgress (2): 1.0/1.4 MB | 310/416 kBProgress (2): 1.0/1.4 MB | 314/416 kBProgress (2): 1.0/1.4 MB | 314/416 kBProgress (2): 1.0/1.4 MB | 314/416 kBProgress (2): 1.0/1.4 MB | 319/416 kBProgress (2): 1.0/1.4 MB | 323/416 kBProgress (2): 1.0/1.4 MB | 327/416 kBProgress (2): 1.0/1.4 MB | 331/416 kBProgress (2): 1.1/1.4 MB | 331/416 kBProgress (2): 1.1/1.4 MB | 331/416 kBProgress (2): 1.1/1.4 MB | 335/416 kBProgress (2): 1.1/1.4 MB | 339/416 kBProgress (2): 1.1/1.4 MB | 343/416 kBProgress (2): 1.1/1.4 MB | 347/416 kBProgress (2): 1.1/1.4 MB | 351/416 kBProgress (2): 1.1/1.4 MB | 355/416 kBProgress (2): 1.1/1.4 MB | 360/416 kBProgress (2): 1.1/1.4 MB | 364/416 kBProgress (2): 1.1/1.4 MB | 364/416 kBProgress (2): 1.1/1.4 MB | 364/416 kBProgress (2): 1.1/1.4 MB | 368/416 kBProgress (2): 1.1/1.4 MB | 372/416 kBProgress (2): 1.1/1.4 MB | 376/416 kBProgress (2): 1.1/1.4 MB | 380/416 kBProgress (2): 1.1/1.4 MB | 380/416 kBProgress (2): 1.1/1.4 MB | 380/416 kBProgress (2): 1.1/1.4 MB | 384/416 kBProgress (2): 1.1/1.4 MB | 388/416 kBProgress (2): 1.1/1.4 MB | 392/416 kBProgress (2): 1.1/1.4 MB | 396/416 kBProgress (2): 1.1/1.4 MB | 400/416 kBProgress (2): 1.1/1.4 MB | 405/416 kBProgress (2): 1.1/1.4 MB | 409/416 kBProgress (2): 1.1/1.4 MB | 413/416 kBProgress (2): 1.1/1.4 MB | 416 kB    Progress (2): 1.1/1.4 MB | 416 kBProgress (2): 1.1/1.4 MB | 416 kBProgress (2): 1.1/1.4 MB | 416 kBProgress (2): 1.1/1.4 MB | 416 kBProgress (2): 1.1/1.4 MB | 416 kBProgress (2): 1.1/1.4 MB | 416 kBProgress (2): 1.2/1.4 MB | 416 kBProgress (2): 1.2/1.4 MB | 416 kB                                 Downloaded from central: https://repo.maven.apache.org/maven2/org/vafer/jdependency/2.10/jdependency-2.10.jar (416 kB at 111 kB/s)
Progress (1): 1.2/1.4 MBProgress (1): 1.2/1.4 MBProgress (1): 1.2/1.4 MBProgress (1): 1.2/1.4 MBProgress (1): 1.2/1.4 MBProgress (1): 1.2/1.4 MBProgress (1): 1.2/1.4 MBProgress (1): 1.2/1.4 MBProgress (1): 1.2/1.4 MBProgress (1): 1.2/1.4 MBProgress (1): 1.2/1.4 MBProgress (1): 1.3/1.4 MBProgress (1): 1.3/1.4 MBProgress (1): 1.3/1.4 MBProgress (1): 1.3/1.4 MBProgress (1): 1.3/1.4 MBProgress (1): 1.3/1.4 MBProgress (1): 1.3/1.4 MBProgress (1): 1.3/1.4 MBProgress (1): 1.3/1.4 MBProgress (1): 1.3/1.4 MBProgress (1): 1.3/1.4 MBProgress (1): 1.3/1.4 MBProgress (1): 1.4/1.4 MBProgress (1): 1.4/1.4 MBProgress (1): 1.4/1.4 MBProgress (1): 1.4 MB                        Downloaded from central: https://repo.maven.apache.org/maven2/net/java/dev/jna/jna-platform/5.17.0/jna-platform-5.17.0.jar (1.4 MB at 338 kB/s)
[[1;34mINFO[m] Replacing main artifact /var/lib/jenkins/workspace/id-card-manager-pipeline/target/id-card-manager-0.0.1-SNAPSHOT.jar with repackaged archive, adding nested dependencies in BOOT-INF/.
[[1;34mINFO[m] The original artifact has been renamed to /var/lib/jenkins/workspace/id-card-manager-pipeline/target/id-card-manager-0.0.1-SNAPSHOT.jar.original
[[1;34mINFO[m] [1m------------------------------------------------------------------------[m
[[1;34mINFO[m] [1;32mBUILD SUCCESS[m
[[1;34mINFO[m] [1m------------------------------------------------------------------------[m
[[1;34mINFO[m] Total time:  01:37 min
[[1;34mINFO[m] Finished at: 2026-06-18T08:14:50+07:00
[[1;34mINFO[m] [1m------------------------------------------------------------------------[m
